###############################################################################
#
# IAR ELF Linker V8.32.1.169/W32 for ARM                  05/Jun/2024  15:04:14
# Copyright 2007-2018 IAR Systems AB.
#
#    Output file  =  
#        D:\2_Projects\Exam\CubeMx\Ethernet\Ethernet_IAP\EWARM\Ethernet_IAP\Exe\Ethernet_IAP.out
#    Map file     =  
#        D:\2_Projects\Exam\CubeMx\Ethernet\Ethernet_IAP\EWARM\Ethernet_IAP\List\Ethernet_IAP.map
#    Command line =  
#        -f C:\Users\JASAN1~1\AppData\Local\Temp\EW715E.tmp
#        (D:\2_Projects\Exam\CubeMx\Ethernet\Ethernet_IAP\EWARM\Ethernet_IAP\Obj\altcp.o
#        D:\2_Projects\Exam\CubeMx\Ethernet\Ethernet_IAP\EWARM\Ethernet_IAP\Obj\altcp_alloc.o
#        D:\2_Projects\Exam\CubeMx\Ethernet\Ethernet_IAP\EWARM\Ethernet_IAP\Obj\altcp_tcp.o
#        D:\2_Projects\Exam\CubeMx\Ethernet\Ethernet_IAP\EWARM\Ethernet_IAP\Obj\api_lib.o
#        D:\2_Projects\Exam\CubeMx\Ethernet\Ethernet_IAP\EWARM\Ethernet_IAP\Obj\api_msg.o
#        D:\2_Projects\Exam\CubeMx\Ethernet\Ethernet_IAP\EWARM\Ethernet_IAP\Obj\auth.o
#        D:\2_Projects\Exam\CubeMx\Ethernet\Ethernet_IAP\EWARM\Ethernet_IAP\Obj\autoip.o
#        D:\2_Projects\Exam\CubeMx\Ethernet\Ethernet_IAP\EWARM\Ethernet_IAP\Obj\bridgeif.o
#        D:\2_Projects\Exam\CubeMx\Ethernet\Ethernet_IAP\EWARM\Ethernet_IAP\Obj\bridgeif_fdb.o
#        D:\2_Projects\Exam\CubeMx\Ethernet\Ethernet_IAP\EWARM\Ethernet_IAP\Obj\ccp.o
#        D:\2_Projects\Exam\CubeMx\Ethernet\Ethernet_IAP\EWARM\Ethernet_IAP\Obj\chap-md5.o
#        D:\2_Projects\Exam\CubeMx\Ethernet\Ethernet_IAP\EWARM\Ethernet_IAP\Obj\chap-new.o
#        D:\2_Projects\Exam\CubeMx\Ethernet\Ethernet_IAP\EWARM\Ethernet_IAP\Obj\chap_ms.o
#        D:\2_Projects\Exam\CubeMx\Ethernet\Ethernet_IAP\EWARM\Ethernet_IAP\Obj\def.o
#        D:\2_Projects\Exam\CubeMx\Ethernet\Ethernet_IAP\EWARM\Ethernet_IAP\Obj\demand.o
#        D:\2_Projects\Exam\CubeMx\Ethernet\Ethernet_IAP\EWARM\Ethernet_IAP\Obj\dhcp.o
#        D:\2_Projects\Exam\CubeMx\Ethernet\Ethernet_IAP\EWARM\Ethernet_IAP\Obj\dhcp6.o
#        D:\2_Projects\Exam\CubeMx\Ethernet\Ethernet_IAP\EWARM\Ethernet_IAP\Obj\dns.o
#        D:\2_Projects\Exam\CubeMx\Ethernet\Ethernet_IAP\EWARM\Ethernet_IAP\Obj\eap.o
#        D:\2_Projects\Exam\CubeMx\Ethernet\Ethernet_IAP\EWARM\Ethernet_IAP\Obj\ecp.o
#        D:\2_Projects\Exam\CubeMx\Ethernet\Ethernet_IAP\EWARM\Ethernet_IAP\Obj\err.o
#        D:\2_Projects\Exam\CubeMx\Ethernet\Ethernet_IAP\EWARM\Ethernet_IAP\Obj\etharp.o
#        D:\2_Projects\Exam\CubeMx\Ethernet\Ethernet_IAP\EWARM\Ethernet_IAP\Obj\ethernet.o
#        D:\2_Projects\Exam\CubeMx\Ethernet\Ethernet_IAP\EWARM\Ethernet_IAP\Obj\ethernetif.o
#        D:\2_Projects\Exam\CubeMx\Ethernet\Ethernet_IAP\EWARM\Ethernet_IAP\Obj\ethip6.o
#        D:\2_Projects\Exam\CubeMx\Ethernet\Ethernet_IAP\EWARM\Ethernet_IAP\Obj\eui64.o
#        D:\2_Projects\Exam\CubeMx\Ethernet\Ethernet_IAP\EWARM\Ethernet_IAP\Obj\fsm.o
#        D:\2_Projects\Exam\CubeMx\Ethernet\Ethernet_IAP\EWARM\Ethernet_IAP\Obj\icmp.o
#        D:\2_Projects\Exam\CubeMx\Ethernet\Ethernet_IAP\EWARM\Ethernet_IAP\Obj\icmp6.o
#        D:\2_Projects\Exam\CubeMx\Ethernet\Ethernet_IAP\EWARM\Ethernet_IAP\Obj\if_api.o
#        D:\2_Projects\Exam\CubeMx\Ethernet\Ethernet_IAP\EWARM\Ethernet_IAP\Obj\igmp.o
#        D:\2_Projects\Exam\CubeMx\Ethernet\Ethernet_IAP\EWARM\Ethernet_IAP\Obj\inet6.o
#        D:\2_Projects\Exam\CubeMx\Ethernet\Ethernet_IAP\EWARM\Ethernet_IAP\Obj\inet_chksum.o
#        D:\2_Projects\Exam\CubeMx\Ethernet\Ethernet_IAP\EWARM\Ethernet_IAP\Obj\init.o
#        D:\2_Projects\Exam\CubeMx\Ethernet\Ethernet_IAP\EWARM\Ethernet_IAP\Obj\ip.o
#        D:\2_Projects\Exam\CubeMx\Ethernet\Ethernet_IAP\EWARM\Ethernet_IAP\Obj\ip4.o
#        D:\2_Projects\Exam\CubeMx\Ethernet\Ethernet_IAP\EWARM\Ethernet_IAP\Obj\ip4_addr.o
#        D:\2_Projects\Exam\CubeMx\Ethernet\Ethernet_IAP\EWARM\Ethernet_IAP\Obj\ip4_frag.o
#        D:\2_Projects\Exam\CubeMx\Ethernet\Ethernet_IAP\EWARM\Ethernet_IAP\Obj\ip6.o
#        D:\2_Projects\Exam\CubeMx\Ethernet\Ethernet_IAP\EWARM\Ethernet_IAP\Obj\ip6_addr.o
#        D:\2_Projects\Exam\CubeMx\Ethernet\Ethernet_IAP\EWARM\Ethernet_IAP\Obj\ip6_frag.o
#        D:\2_Projects\Exam\CubeMx\Ethernet\Ethernet_IAP\EWARM\Ethernet_IAP\Obj\ipcp.o
#        D:\2_Projects\Exam\CubeMx\Ethernet\Ethernet_IAP\EWARM\Ethernet_IAP\Obj\ipv6cp.o
#        D:\2_Projects\Exam\CubeMx\Ethernet\Ethernet_IAP\EWARM\Ethernet_IAP\Obj\lan8742.o
#        D:\2_Projects\Exam\CubeMx\Ethernet\Ethernet_IAP\EWARM\Ethernet_IAP\Obj\lcp.o
#        D:\2_Projects\Exam\CubeMx\Ethernet\Ethernet_IAP\EWARM\Ethernet_IAP\Obj\lowpan6.o
#        D:\2_Projects\Exam\CubeMx\Ethernet\Ethernet_IAP\EWARM\Ethernet_IAP\Obj\lowpan6_ble.o
#        D:\2_Projects\Exam\CubeMx\Ethernet\Ethernet_IAP\EWARM\Ethernet_IAP\Obj\lowpan6_common.o
#        D:\2_Projects\Exam\CubeMx\Ethernet\Ethernet_IAP\EWARM\Ethernet_IAP\Obj\lwip.o
#        D:\2_Projects\Exam\CubeMx\Ethernet\Ethernet_IAP\EWARM\Ethernet_IAP\Obj\magic.o
#        D:\2_Projects\Exam\CubeMx\Ethernet\Ethernet_IAP\EWARM\Ethernet_IAP\Obj\main.o
#        D:\2_Projects\Exam\CubeMx\Ethernet\Ethernet_IAP\EWARM\Ethernet_IAP\Obj\mem.o
#        D:\2_Projects\Exam\CubeMx\Ethernet\Ethernet_IAP\EWARM\Ethernet_IAP\Obj\memp.o
#        D:\2_Projects\Exam\CubeMx\Ethernet\Ethernet_IAP\EWARM\Ethernet_IAP\Obj\mld6.o
#        D:\2_Projects\Exam\CubeMx\Ethernet\Ethernet_IAP\EWARM\Ethernet_IAP\Obj\mppe.o
#        D:\2_Projects\Exam\CubeMx\Ethernet\Ethernet_IAP\EWARM\Ethernet_IAP\Obj\mqtt.o
#        D:\2_Projects\Exam\CubeMx\Ethernet\Ethernet_IAP\EWARM\Ethernet_IAP\Obj\multilink.o
#        D:\2_Projects\Exam\CubeMx\Ethernet\Ethernet_IAP\EWARM\Ethernet_IAP\Obj\nd6.o
#        D:\2_Projects\Exam\CubeMx\Ethernet\Ethernet_IAP\EWARM\Ethernet_IAP\Obj\netbuf.o
#        D:\2_Projects\Exam\CubeMx\Ethernet\Ethernet_IAP\EWARM\Ethernet_IAP\Obj\netdb.o
#        D:\2_Projects\Exam\CubeMx\Ethernet\Ethernet_IAP\EWARM\Ethernet_IAP\Obj\netif.o
#        D:\2_Projects\Exam\CubeMx\Ethernet\Ethernet_IAP\EWARM\Ethernet_IAP\Obj\netifapi.o
#        D:\2_Projects\Exam\CubeMx\Ethernet\Ethernet_IAP\EWARM\Ethernet_IAP\Obj\pbuf.o
#        D:\2_Projects\Exam\CubeMx\Ethernet\Ethernet_IAP\EWARM\Ethernet_IAP\Obj\ppp.o
#        D:\2_Projects\Exam\CubeMx\Ethernet\Ethernet_IAP\EWARM\Ethernet_IAP\Obj\pppapi.o
#        D:\2_Projects\Exam\CubeMx\Ethernet\Ethernet_IAP\EWARM\Ethernet_IAP\Obj\pppcrypt.o
#        D:\2_Projects\Exam\CubeMx\Ethernet\Ethernet_IAP\EWARM\Ethernet_IAP\Obj\pppoe.o
#        D:\2_Projects\Exam\CubeMx\Ethernet\Ethernet_IAP\EWARM\Ethernet_IAP\Obj\pppol2tp.o
#        D:\2_Projects\Exam\CubeMx\Ethernet\Ethernet_IAP\EWARM\Ethernet_IAP\Obj\pppos.o
#        D:\2_Projects\Exam\CubeMx\Ethernet\Ethernet_IAP\EWARM\Ethernet_IAP\Obj\raw.o
#        D:\2_Projects\Exam\CubeMx\Ethernet\Ethernet_IAP\EWARM\Ethernet_IAP\Obj\slipif.o
#        D:\2_Projects\Exam\CubeMx\Ethernet\Ethernet_IAP\EWARM\Ethernet_IAP\Obj\sockets.o
#        D:\2_Projects\Exam\CubeMx\Ethernet\Ethernet_IAP\EWARM\Ethernet_IAP\Obj\startup_stm32f407xx.o
#        D:\2_Projects\Exam\CubeMx\Ethernet\Ethernet_IAP\EWARM\Ethernet_IAP\Obj\stats.o
#        D:\2_Projects\Exam\CubeMx\Ethernet\Ethernet_IAP\EWARM\Ethernet_IAP\Obj\stm32f4xx_hal.o
#        D:\2_Projects\Exam\CubeMx\Ethernet\Ethernet_IAP\EWARM\Ethernet_IAP\Obj\stm32f4xx_hal_cortex.o
#        D:\2_Projects\Exam\CubeMx\Ethernet\Ethernet_IAP\EWARM\Ethernet_IAP\Obj\stm32f4xx_hal_dma.o
#        D:\2_Projects\Exam\CubeMx\Ethernet\Ethernet_IAP\EWARM\Ethernet_IAP\Obj\stm32f4xx_hal_dma_ex.o
#        D:\2_Projects\Exam\CubeMx\Ethernet\Ethernet_IAP\EWARM\Ethernet_IAP\Obj\stm32f4xx_hal_eth.o
#        D:\2_Projects\Exam\CubeMx\Ethernet\Ethernet_IAP\EWARM\Ethernet_IAP\Obj\stm32f4xx_hal_exti.o
#        D:\2_Projects\Exam\CubeMx\Ethernet\Ethernet_IAP\EWARM\Ethernet_IAP\Obj\stm32f4xx_hal_flash.o
#        D:\2_Projects\Exam\CubeMx\Ethernet\Ethernet_IAP\EWARM\Ethernet_IAP\Obj\stm32f4xx_hal_flash_ex.o
#        D:\2_Projects\Exam\CubeMx\Ethernet\Ethernet_IAP\EWARM\Ethernet_IAP\Obj\stm32f4xx_hal_flash_ramfunc.o
#        D:\2_Projects\Exam\CubeMx\Ethernet\Ethernet_IAP\EWARM\Ethernet_IAP\Obj\stm32f4xx_hal_gpio.o
#        D:\2_Projects\Exam\CubeMx\Ethernet\Ethernet_IAP\EWARM\Ethernet_IAP\Obj\stm32f4xx_hal_msp.o
#        D:\2_Projects\Exam\CubeMx\Ethernet\Ethernet_IAP\EWARM\Ethernet_IAP\Obj\stm32f4xx_hal_pwr.o
#        D:\2_Projects\Exam\CubeMx\Ethernet\Ethernet_IAP\EWARM\Ethernet_IAP\Obj\stm32f4xx_hal_pwr_ex.o
#        D:\2_Projects\Exam\CubeMx\Ethernet\Ethernet_IAP\EWARM\Ethernet_IAP\Obj\stm32f4xx_hal_rcc.o
#        D:\2_Projects\Exam\CubeMx\Ethernet\Ethernet_IAP\EWARM\Ethernet_IAP\Obj\stm32f4xx_hal_rcc_ex.o
#        D:\2_Projects\Exam\CubeMx\Ethernet\Ethernet_IAP\EWARM\Ethernet_IAP\Obj\stm32f4xx_hal_tim.o
#        D:\2_Projects\Exam\CubeMx\Ethernet\Ethernet_IAP\EWARM\Ethernet_IAP\Obj\stm32f4xx_hal_tim_ex.o
#        D:\2_Projects\Exam\CubeMx\Ethernet\Ethernet_IAP\EWARM\Ethernet_IAP\Obj\stm32f4xx_hal_uart.o
#        D:\2_Projects\Exam\CubeMx\Ethernet\Ethernet_IAP\EWARM\Ethernet_IAP\Obj\stm32f4xx_it.o
#        D:\2_Projects\Exam\CubeMx\Ethernet\Ethernet_IAP\EWARM\Ethernet_IAP\Obj\sys.o
#        D:\2_Projects\Exam\CubeMx\Ethernet\Ethernet_IAP\EWARM\Ethernet_IAP\Obj\system_stm32f4xx.o
#        D:\2_Projects\Exam\CubeMx\Ethernet\Ethernet_IAP\EWARM\Ethernet_IAP\Obj\tcp.o
#        D:\2_Projects\Exam\CubeMx\Ethernet\Ethernet_IAP\EWARM\Ethernet_IAP\Obj\tcp_echoserver.o
#        D:\2_Projects\Exam\CubeMx\Ethernet\Ethernet_IAP\EWARM\Ethernet_IAP\Obj\tcp_in.o
#        D:\2_Projects\Exam\CubeMx\Ethernet\Ethernet_IAP\EWARM\Ethernet_IAP\Obj\tcp_out.o
#        D:\2_Projects\Exam\CubeMx\Ethernet\Ethernet_IAP\EWARM\Ethernet_IAP\Obj\tcpip.o
#        D:\2_Projects\Exam\CubeMx\Ethernet\Ethernet_IAP\EWARM\Ethernet_IAP\Obj\timeouts.o
#        D:\2_Projects\Exam\CubeMx\Ethernet\Ethernet_IAP\EWARM\Ethernet_IAP\Obj\udp.o
#        D:\2_Projects\Exam\CubeMx\Ethernet\Ethernet_IAP\EWARM\Ethernet_IAP\Obj\upap.o
#        D:\2_Projects\Exam\CubeMx\Ethernet\Ethernet_IAP\EWARM\Ethernet_IAP\Obj\utils.o
#        D:\2_Projects\Exam\CubeMx\Ethernet\Ethernet_IAP\EWARM\Ethernet_IAP\Obj\vj.o
#        D:\2_Projects\Exam\CubeMx\Ethernet\Ethernet_IAP\EWARM\Ethernet_IAP\Obj\zepif.o
#        --redirect _Printf=_PrintfFullNoMb --redirect _Scanf=_ScanfFullNoMb
#        --no_out_extension -o
#        D:\2_Projects\Exam\CubeMx\Ethernet\Ethernet_IAP\EWARM\Ethernet_IAP\Exe\Ethernet_IAP.out
#        --map
#        D:\2_Projects\Exam\CubeMx\Ethernet\Ethernet_IAP\EWARM\Ethernet_IAP\List\Ethernet_IAP.map
#        --config "C:\Program Files (x86)\IAR Systems\Embedded Workbench
#        8.2\arm\config\linker\ST\stm32f407xG.icf" --semihosting --entry
#        __iar_program_start --vfe --text_out locale)
#
###############################################################################

*******************************************************************************
*** RUNTIME MODEL ATTRIBUTES
***

CppFlavor       = *
__SystemLibrary = DLib
__dlib_version  = 6


*******************************************************************************
*** HEAP SELECTION
***

The basic heap was selected because no calls to memory allocation
functions were found in the application outside of system library
functions, and there are calls to deallocation functions in the
application.


*******************************************************************************
*** PLACEMENT SUMMARY
***

"A0":  place at 0x800'0000 { ro section .intvec };
"P1":  place in [from 0x800'0000 to 0x80f'ffff] { ro };
define block CSTACK with size = 8K, alignment = 8 { };
"P3":  place in [from 0x1000'0000 to 0x1000'ffff] {
          block CSTACK, section .ccram };
define block HEAP with size = 8K, alignment = 8 { };
"P4":  place in [from 0x2000'0000 to 0x2001'bfff] |
                [from 0x2001'c000 to 0x2001'ffff] { rw, block HEAP };
initialize by copy { rw };

No sections matched the following patterns:

  ro section application_specific_ro  in "P2"
  section .backup_sram                in "P5"
  section .ccram                      in "P3"


  Section            Kind         Address    Size  Object
  -------            ----         -------    ----  ------
"A0":                                       0x188
  .intvec            ro code   0x800'0000   0x188  startup_stm32f407xx.o [1]
                             - 0x800'0188   0x188

"P1":                                      0xf0f8
  .text              ro code   0x800'0188  0x1a90  tcp_in.o [1]
  .text              ro code   0x800'1c18    0x28  printf.o [2]
  .text              ro code   0x800'1c40   0x8bc  pbuf.o [1]
  .text              ro code   0x800'24fc    0x4c  ip4_addr.o [1]
  .text              ro code   0x800'2548    0x2c  def.o [1]
  .text              ro code   0x800'2574  0x144a  tcp.o [1]
  .text              ro code   0x800'39be    0x3a  zero_init3.o [4]
  .text              ro code   0x800'39f8  0x18b4  tcp_out.o [1]
  .text              ro code   0x800'52ac   0x180  timeouts.o [1]
  .text              ro code   0x800'542c   0x3bc  ip4.o [1]
  .text              ro code   0x800'57e8   0xdf2  xprintffull_nomb.o [2]
  .text              ro code   0x800'65dc   0x168  memp.o [1]
  .text              ro code   0x800'6744   0x5a8  mem.o [1]
  .text              ro code   0x800'6cec    0xa6  ABImemcpy.o [4]
  .text              ro code   0x800'6d94    0xa4  rand.o [2]
  .text              ro code   0x800'6e38    0x66  ABImemset.o [4]
  .text              ro code   0x800'6ea0   0x3fc  netif.o [1]
  .text              ro code   0x800'729c   0x454  ethernetif.o [1]
  .text              ro code   0x800'76f0   0x964  ip4_frag.o [1]
  .text              ro code   0x800'8054   0x2c4  udp.o [1]
  .text              ro code   0x800'8318   0x26c  icmp.o [1]
  .text              ro code   0x800'8584    0x16  strchr.o [4]
  .text              ro code   0x800'859c    0x40  xfail_s.o [2]
  .text              ro code   0x800'85dc    0x36  strlen.o [4]
  .text              ro code   0x800'8614    0x58  memchr.o [4]
  .text              ro code   0x800'866c   0x230  I64DivMod.o [4]
  .text              ro code   0x800'889c   0x1a2  DblMul.o [3]
  .text              ro code   0x800'8a40    0x70  frexp.o [3]
  .text              ro code   0x800'8ab0    0x2e  DblCmpLe.o [3]
  .text              ro code   0x800'8ae0    0x2e  DblCmpGe.o [3]
  .text              ro code   0x800'8b10   0x13a  ldexp.o [3]
  .text              ro code   0x800'8c4c    0x3a  DblToS32.o [3]
  .text              ro code   0x800'8c88    0x22  S32ToDbl.o [3]
  .text              ro code   0x800'8cac    0xe2  DblSub.o [3]
  .text              ro code   0x800'8d90   0x246  DblDiv.o [3]
  .text              ro code   0x800'8fd8    0x28  DblToU32.o [3]
  .text              ro code   0x800'9000    0x1a  U32ToDbl.o [3]
  .text              ro code   0x800'901c     0x8  xlocale_c.o [2]
  .text              ro code   0x800'9024   0xa88  etharp.o [1]
  .text              ro code   0x800'9aac   0xad6  stm32f4xx_hal_eth.o [1]
  .text              ro code   0x800'a582   0x1d2  lan8742.o [1]
  .text              ro code   0x800'a754   0x2e0  main.o [1]
  .text              ro code   0x800'aa34     0x6  ABImemclr4.o [4]
  .text              ro code   0x800'aa3c     0xc  stm32f4xx_hal.o [1]
  .text              ro code   0x800'aa48   0x238  stm32f4xx_hal_gpio.o [1]
  .text              ro code   0x800'ac80     0x6  abort.o [2]
  .text              ro code   0x800'ac88     0x2  I64DivZer.o [4]
  .text              ro code   0x800'ac8c   0x16a  DblAdd.o [3]
  .text              ro code   0x800'adf8   0x12c  ethernet.o [1]
  .text              ro code   0x800'af24    0x28  stm32f4xx_hal.o [1]
  .text              ro code   0x800'af4c   0x208  stm32f4xx_hal_rcc.o [1]
  .text              ro code   0x800'b154   0x514  stm32f4xx_hal_uart.o [1]
  .text              ro code   0x800'b668    0x34  stm32f4xx_hal.o [1]
  .text              ro code   0x800'b69c    0xd2  lwip.o [1]
  .text              ro code   0x800'b770   0x35c  stm32f4xx_hal_tim.o [1]
  .text              ro code   0x800'bacc   0x2d4  tcp_echoserver.o [1]
  .text              ro code   0x800'bda0   0x3c4  stm32f4xx_hal_rcc.o [1]
  .text              ro code   0x800'c164    0xa8  stm32f4xx_hal_tim_ex.o [1]
  .text              ro code   0x800'c20c    0x32  ABImemset48.o [4]
  .text              ro code   0x800'c240    0x14  exit.o [5]
  .text              ro code   0x800'c254    0x68  memcmp.o [4]
  .text              ro code   0x800'c2bc    0x4c  stm32f4xx_hal.o [1]
  .text              ro code   0x800'c308    0xec  stm32f4xx_hal_msp.o [1]
  .text              ro code   0x800'c3f4   0x12c  stm32f4xx_hal_cortex.o [1]
  .text              ro code   0x800'c520    0x44  init.o [1]
  .text              ro code   0x800'c564     0x2  stm32f4xx_hal_tim.o [1]
  .text              ro code   0x800'c566     0x2  stm32f4xx_hal_tim.o [1]
  .text              ro code   0x800'c568     0x2  stm32f4xx_hal_tim.o [1]
  .text              ro code   0x800'c56a     0x2  stm32f4xx_hal_tim_ex.o [1]
  .text              ro code   0x800'c56c     0x2  stm32f4xx_hal_tim.o [1]
  .text              ro code   0x800'c56e     0x2  stm32f4xx_hal_tim_ex.o [1]
  .rodata            const     0x800'c570    0x68  ip4_frag.o [1]
  .rodata            const     0x800'c5d8    0x64  etharp.o [1]
  .rodata            const     0x800'c63c    0x64  ethernet.o [1]
  .rodata            const     0x800'c6a0    0x64  icmp.o [1]
  .rodata            const     0x800'c704    0x64  ip4.o [1]
  .rodata            const     0x800'c768    0x64  timeouts.o [1]
  .rodata            const     0x800'c7cc    0x60  init.o [1]
  .rodata            const     0x800'c82c    0x60  memp.o [1]
  .rodata            const     0x800'c88c    0x60  netif.o [1]
  .rodata            const     0x800'c8ec    0x60  pbuf.o [1]
  .rodata            const     0x800'c94c    0x60  tcp_in.o [1]
  .rodata            const     0x800'c9ac    0x60  tcp_out.o [1]
  .rodata            const     0x800'ca0c    0x5c  mem.o [1]
  .rodata            const     0x800'ca68    0x5c  tcp.o [1]
  .rodata            const     0x800'cac4    0x5c  udp.o [1]
  .rodata            const     0x800'cb20    0x58  tcp_out.o [1]
  .rodata            const     0x800'cb78    0x4c  ethernetif.o [1]
  .rodata            const     0x800'cbc4    0x4c  tcp_echoserver.o [1]
  .rodata            const     0x800'cc10    0x44  etharp.o [1]
  .rodata            const     0x800'cc54    0x44  init.o [1]
  .rodata            const     0x800'cc98    0x40  etharp.o [1]
  .rodata            const     0x800'ccd8    0x40  tcp_out.o [1]
  .rodata            const     0x800'cd18    0x40  timeouts.o [1]
  .rodata            const     0x800'cd58    0x3c  tcp_in.o [1]
  .rodata            const     0x800'cd94    0x3c  tcp_out.o [1]
  .rodata            const     0x800'cdd0    0x3c  tcp_out.o [1]
  .rodata            const     0x800'ce0c    0x38  icmp.o [1]
  .rodata            const     0x800'ce44    0x38  ip4_frag.o [1]
  .rodata            const     0x800'ce7c    0x38  pbuf.o [1]
  .rodata            const     0x800'ceb4    0x38  tcp.o [1]
  .rodata            const     0x800'ceec    0x38  tcp.o [1]
  .rodata            const     0x800'cf24    0x38  tcp_in.o [1]
  .rodata            const     0x800'cf5c    0x38  tcp_out.o [1]
  .rodata            const     0x800'cf94    0x38  tcp_out.o [1]
  .rodata            const     0x800'cfcc    0x38  timeouts.o [1]
  .rodata            const     0x800'd004    0x34  etharp.o [1]
  .rodata            const     0x800'd038    0x34  ethernet.o [1]
  .rodata            const     0x800'd06c    0x34  icmp.o [1]
  .rodata            const     0x800'd0a0    0x34  mem.o [1]
  .rodata            const     0x800'd0d4    0x34  pbuf.o [1]
  .rodata            const     0x800'd108    0x34  tcp.o [1]
  .rodata            const     0x800'd13c    0x34  tcp.o [1]
  .rodata            const     0x800'd170    0x34  tcp.o [1]
  .rodata            const     0x800'd1a4    0x34  tcp_out.o [1]
  .rodata            const     0x800'd1d8    0x34  tcp_out.o [1]
  .rodata            const     0x800'd20c    0x30  etharp.o [1]
  .rodata            const     0x800'd23c    0x30  ip4.o [1]
  .rodata            const     0x800'd26c    0x30  mem.o [1]
  .rodata            const     0x800'd29c    0x30  mem.o [1]
  .rodata            const     0x800'd2cc    0x30  netif.o [1]
  .rodata            const     0x800'd2fc    0x30  pbuf.o [1]
  .rodata            const     0x800'd32c    0x30  pbuf.o [1]
  .rodata            const     0x800'd35c    0x30  pbuf.o [1]
  .rodata            const     0x800'd38c    0x30  tcp.o [1]
  .rodata            const     0x800'd3bc    0x30  tcp.o [1]
  .rodata            const     0x800'd3ec    0x30  tcp.o [1]
  .rodata            const     0x800'd41c    0x30  tcp_in.o [1]
  .rodata            const     0x800'd44c    0x30  tcp_out.o [1]
  .rodata            const     0x800'd47c    0x30  tcp_out.o [1]
  .rodata            const     0x800'd4ac    0x2c  etharp.o [1]
  .rodata            const     0x800'd4d8    0x2c  icmp.o [1]
  .rodata            const     0x800'd504    0x2c  mem.o [1]
  .rodata            const     0x800'd530    0x2c  pbuf.o [1]
  .rodata            const     0x800'd55c    0x2c  pbuf.o [1]
  .rodata            const     0x800'd588    0x2c  tcp.o [1]
  .rodata            const     0x800'd5b4    0x2c  tcp.o [1]
  .rodata            const     0x800'd5e0    0x2c  tcp.o [1]
  .rodata            const     0x800'd60c    0x2c  tcp.o [1]
  .rodata            const     0x800'd638    0x2c  tcp_in.o [1]
  .rodata            const     0x800'd664    0x2c  tcp_in.o [1]
  .rodata            const     0x800'd690    0x2c  tcp_in.o [1]
  .rodata            const     0x800'd6bc    0x2c  tcp_out.o [1]
  .rodata            const     0x800'd6e8    0x2c  tcp_out.o [1]
  .rodata            const     0x800'd714    0x2c  tcp_out.o [1]
  .text              ro code   0x800'd740    0x2c  copy_init3.o [4]
  .rodata            const     0x800'd76c    0x28  etharp.o [1]
  .rodata            const     0x800'd794    0x28  etharp.o [1]
  .rodata            const     0x800'd7bc    0x28  ethernet.o [1]
  .rodata            const     0x800'd7e4    0x28  ethernetif.o [1]
  .rodata            const     0x800'd80c    0x28  icmp.o [1]
  .rodata            const     0x800'd834    0x28  init.o [1]
  .rodata            const     0x800'd85c    0x28  ip4.o [1]
  .rodata            const     0x800'd884    0x28  ip4_frag.o [1]
  .rodata            const     0x800'd8ac    0x28  mem.o [1]
  .rodata            const     0x800'd8d4    0x28  mem.o [1]
  .rodata            const     0x800'd8fc    0x28  memp.o [1]
  .rodata            const     0x800'd924    0x28  netif.o [1]
  .rodata            const     0x800'd94c    0x28  pbuf.o [1]
  .rodata            const     0x800'd974    0x28  tcp.o [1]
  .rodata            const     0x800'd99c    0x28  tcp.o [1]
  .rodata            const     0x800'd9c4    0x28  tcp.o [1]
  .rodata            const     0x800'd9ec    0x28  tcp.o [1]
  .rodata            const     0x800'da14    0x28  tcp.o [1]
  .rodata            const     0x800'da3c    0x28  tcp.o [1]
  .rodata            const     0x800'da64    0x28  tcp.o [1]
  .rodata            const     0x800'da8c    0x28  tcp.o [1]
  .rodata            const     0x800'dab4    0x28  tcp.o [1]
  .rodata            const     0x800'dadc    0x28  tcp.o [1]
  .rodata            const     0x800'db04    0x28  tcp.o [1]
  .rodata            const     0x800'db2c    0x28  tcp_echoserver.o [1]
  .rodata            const     0x800'db54    0x28  tcp_in.o [1]
  .rodata            const     0x800'db7c    0x28  tcp_in.o [1]
  .rodata            const     0x800'dba4    0x28  tcp_in.o [1]
  .rodata            const     0x800'dbcc    0x28  tcp_in.o [1]
  .rodata            const     0x800'dbf4    0x28  tcp_in.o [1]
  .rodata            const     0x800'dc1c    0x28  tcp_in.o [1]
  .rodata            const     0x800'dc44    0x28  tcp_in.o [1]
  .rodata            const     0x800'dc6c    0x28  tcp_out.o [1]
  .rodata            const     0x800'dc94    0x28  tcp_out.o [1]
  .rodata            const     0x800'dcbc    0x28  tcp_out.o [1]
  .rodata            const     0x800'dce4    0x28  tcp_out.o [1]
  .rodata            const     0x800'dd0c    0x28  tcp_out.o [1]
  .rodata            const     0x800'dd34    0x28  tcp_out.o [1]
  .rodata            const     0x800'dd5c    0x28  timeouts.o [1]
  .rodata            const     0x800'dd84    0x28  udp.o [1]
  .rodata            const     0x800'ddac    0x28  udp.o [1]
  .text              ro code   0x800'ddd4    0x28  stm32f4xx_it.o [1]
  .text              ro code   0x800'ddfc    0x18  stm32f4xx_hal.o [1]
  .text              ro code   0x800'de14    0x28  data_init.o [4]
  .rodata            const     0x800'de3c    0x24  etharp.o [1]
  .rodata            const     0x800'de60    0x24  ip4_frag.o [1]
  .rodata            const     0x800'de84    0x24  ip4_frag.o [1]
  .rodata            const     0x800'dea8    0x24  main.o [1]
  .rodata            const     0x800'decc    0x24  mem.o [1]
  .rodata            const     0x800'def0    0x24  mem.o [1]
  .rodata            const     0x800'df14    0x24  memp.o [1]
  .rodata            const     0x800'df38    0x24  memp.o [1]
  .rodata            const     0x800'df5c    0x24  netif.o [1]
  .rodata            const     0x800'df80    0x24  netif.o [1]
  .rodata            const     0x800'dfa4    0x24  netif.o [1]
  .rodata            const     0x800'dfc8    0x24  netif.o [1]
  .rodata            const     0x800'dfec    0x24  pbuf.o [1]
  .rodata            const     0x800'e010    0x24  pbuf.o [1]
  .rodata            const     0x800'e034    0x24  tcp.o [1]
  .rodata            const     0x800'e058    0x24  tcp_out.o [1]
  .rodata            const     0x800'e07c    0x24  tcp_out.o [1]
  .rodata            const     0x800'e0a0    0x24  tcp_out.o [1]
  .rodata            const     0x800'e0c4    0x24  tcp_out.o [1]
  .rodata            const     0x800'e0e8    0x24  tcp_out.o [1]
  .rodata            const     0x800'e10c    0x24  tcp_out.o [1]
  .rodata            const     0x800'e130    0x24  tcp_out.o [1]
  .rodata            const     0x800'e154    0x24  tcp_out.o [1]
  .rodata            const     0x800'e178    0x24  udp.o [1]
  .text              ro code   0x800'e19c    0x22  fpinit_M.o [3]
  .iar.init_table    const     0x800'e1c0    0x24  - Linker created -
  .rodata            const     0x800'e1e4    0x20  ip4_frag.o [1]
  .rodata            const     0x800'e204    0x20  ip4_frag.o [1]
  .rodata            const     0x800'e224    0x20  ip4_frag.o [1]
  .rodata            const     0x800'e244    0x20  ip4_frag.o [1]
  .rodata            const     0x800'e264    0x20  mem.o [1]
  .rodata            const     0x800'e284    0x20  memp.o [1]
  .rodata            const     0x800'e2a4    0x20  memp.o [1]
  .rodata            const     0x800'e2c4    0x20  netif.o [1]
  .rodata            const     0x800'e2e4    0x20  pbuf.o [1]
  .rodata            const     0x800'e304    0x20  pbuf.o [1]
  .rodata            const     0x800'e324    0x20  tcp.o [1]
  .rodata            const     0x800'e344    0x20  tcp.o [1]
  .rodata            const     0x800'e364    0x20  tcp.o [1]
  .rodata            const     0x800'e384    0x20  tcp.o [1]
  .rodata            const     0x800'e3a4    0x20  tcp_in.o [1]
  .rodata            const     0x800'e3c4    0x20  tcp_in.o [1]
  .rodata            const     0x800'e3e4    0x20  tcp_in.o [1]
  .rodata            const     0x800'e404    0x20  tcp_in.o [1]
  .rodata            const     0x800'e424    0x20  tcp_in.o [1]
  .rodata            const     0x800'e444    0x20  tcp_in.o [1]
  .rodata            const     0x800'e464    0x20  tcp_in.o [1]
  .rodata            const     0x800'e484    0x20  tcp_out.o [1]
  .rodata            const     0x800'e4a4    0x20  tcp_out.o [1]
  .rodata            const     0x800'e4c4    0x20  tcp_out.o [1]
  .rodata            const     0x800'e4e4    0x20  tcp_out.o [1]
  .rodata            const     0x800'e504    0x20  tcp_out.o [1]
  .rodata            const     0x800'e524    0x20  tcp_out.o [1]
  .rodata            const     0x800'e544    0x20  tcp_out.o [1]
  .rodata            const     0x800'e564    0x20  tcp_out.o [1]
  .rodata            const     0x800'e584    0x20  tcp_out.o [1]
  .rodata            const     0x800'e5a4    0x20  tcp_out.o [1]
  .rodata            const     0x800'e5c4    0x20  tcp_out.o [1]
  .text              ro code   0x800'e5e4    0x1e  cmain.o [4]
  .text              ro code   0x800'e602     0x4  low_level_init.o [2]
  .text              ro code   0x800'e606     0x4  exit.o [2]
  .text              ro code   0x800'e60c     0xa  cexit.o [4]
  .rodata            const     0x800'e618    0x1c  etharp.o [1]
  .rodata            const     0x800'e634    0x1c  ip4_frag.o [1]
  .rodata            const     0x800'e650    0x1c  ip4_frag.o [1]
  .rodata            const     0x800'e66c    0x1c  ip4_frag.o [1]
  .rodata            const     0x800'e688    0x1c  mem.o [1]
  .rodata            const     0x800'e6a4    0x1c  mem.o [1]
  .rodata            const     0x800'e6c0    0x1c  mem.o [1]
  .rodata            const     0x800'e6dc    0x1c  mem.o [1]
  .rodata            const     0x800'e6f8    0x1c  memp.o [1]
  .rodata            const     0x800'e714    0x1c  netif.o [1]
  .rodata            const     0x800'e730    0x1c  netif.o [1]
  .rodata            const     0x800'e74c    0x1c  pbuf.o [1]
  .rodata            const     0x800'e768    0x1c  pbuf.o [1]
  .rodata            const     0x800'e784    0x1c  pbuf.o [1]
  .rodata            const     0x800'e7a0    0x1c  tcp.o [1]
  .rodata            const     0x800'e7bc    0x1c  tcp.o [1]
  .rodata            const     0x800'e7d8    0x1c  tcp.o [1]
  .rodata            const     0x800'e7f4    0x1c  tcp.o [1]
  .rodata            const     0x800'e810    0x1c  tcp.o [1]
  .rodata            const     0x800'e82c    0x1c  tcp.o [1]
  .rodata            const     0x800'e848    0x1c  tcp.o [1]
  .rodata            const     0x800'e864    0x1c  tcp.o [1]
  .rodata            const     0x800'e880    0x1c  tcp.o [1]
  .rodata            const     0x800'e89c    0x1c  tcp.o [1]
  .rodata            const     0x800'e8b8    0x1c  tcp.o [1]
  .rodata            const     0x800'e8d4    0x1c  tcp_in.o [1]
  .rodata            const     0x800'e8f0    0x1c  tcp_in.o [1]
  .rodata            const     0x800'e90c    0x1c  tcp_in.o [1]
  .rodata            const     0x800'e928    0x1c  tcp_in.o [1]
  .rodata            const     0x800'e944    0x1c  tcp_in.o [1]
  .rodata            const     0x800'e960    0x1c  tcp_out.o [1]
  .rodata            const     0x800'e97c    0x1c  tcp_out.o [1]
  .rodata            const     0x800'e998    0x1c  tcp_out.o [1]
  .rodata            const     0x800'e9b4    0x1c  tcp_out.o [1]
  .rodata            const     0x800'e9d0    0x1c  tcp_out.o [1]
  .rodata            const     0x800'e9ec    0x1c  udp.o [1]
  .rodata            const     0x800'ea08    0x1c  udp.o [1]
  .rodata            const     0x800'ea24    0x18  etharp.o [1]
  .rodata            const     0x800'ea3c    0x18  mem.o [1]
  .rodata            const     0x800'ea54    0x18  mem.o [1]
  .rodata            const     0x800'ea6c    0x18  pbuf.o [1]
  .rodata            const     0x800'ea84    0x18  pbuf.o [1]
  .rodata            const     0x800'ea9c    0x18  pbuf.o [1]
  .rodata            const     0x800'eab4    0x18  pbuf.o [1]
  .rodata            const     0x800'eacc    0x18  tcp.o [1]
  .rodata            const     0x800'eae4    0x18  tcp.o [1]
  .rodata            const     0x800'eafc    0x18  tcp.o [1]
  .rodata            const     0x800'eb14    0x18  tcp.o [1]
  .rodata            const     0x800'eb2c    0x18  tcp.o [1]
  .rodata            const     0x800'eb44    0x18  tcp.o [1]
  .rodata            const     0x800'eb5c    0x18  tcp.o [1]
  .rodata            const     0x800'eb74    0x18  tcp_in.o [1]
  .rodata            const     0x800'eb8c    0x18  tcp_in.o [1]
  .rodata            const     0x800'eba4    0x18  tcp_out.o [1]
  .rodata            const     0x800'ebbc    0x18  tcp_out.o [1]
  .rodata            const     0x800'ebd4    0x18  tcp_out.o [1]
  .rodata            const     0x800'ebec    0x18  tcp_out.o [1]
  .rodata            const     0x800'ec04    0x18  tcp_out.o [1]
  .rodata            const     0x800'ec1c    0x18  tcp_out.o [1]
  .rodata            const     0x800'ec34    0x18  tcp_out.o [1]
  .rodata            const     0x800'ec4c    0x18  timeouts.o [1]
  .rodata            const     0x800'ec64    0x18  udp.o [1]
  .text              ro code   0x800'ec7c    0x16  xprout.o [2]
  .text              ro code   0x800'ec94     0xc  putchar.o [2]
  .rodata            const     0x800'eca0    0x14  etharp.o [1]
  .rodata            const     0x800'ecb4    0x14  ip4_frag.o [1]
  .rodata            const     0x800'ecc8    0x14  main.o [1]
  .rodata            const     0x800'ecdc    0x14  mem.o [1]
  .rodata            const     0x800'ecf0    0x14  memp.o [1]
  .rodata            const     0x800'ed04    0x14  netif.o [1]
  .rodata            const     0x800'ed18    0x14  pbuf.o [1]
  .rodata            const     0x800'ed2c    0x14  pbuf.o [1]
  .rodata            const     0x800'ed40    0x14  pbuf.o [1]
  .rodata            const     0x800'ed54    0x14  pbuf.o [1]
  .rodata            const     0x800'ed68    0x14  tcp.o [1]
  .rodata            const     0x800'ed7c    0x14  tcp_in.o [1]
  .rodata            const     0x800'ed90    0x14  tcp_out.o [1]
  .rodata            const     0x800'eda4    0x14  tcp_out.o [1]
  .rodata            const     0x800'edb8    0x14  tcp_out.o [1]
  .rodata            const     0x800'edcc    0x10  etharp.o [1]
  .rodata            const     0x800'eddc    0x10  etharp.o [1]
  .rodata            const     0x800'edec    0x10  etharp.o [1]
  .rodata            const     0x800'edfc    0x10  ethernetif.o [1]
  .rodata            const     0x800'ee0c    0x10  ip4_frag.o [1]
  .rodata            const     0x800'ee1c    0x10  ip4_frag.o [1]
  .rodata            const     0x800'ee2c    0x10  main.o [1]
  .rodata            const     0x800'ee3c    0x10  netif.o [1]
  .rodata            const     0x800'ee4c    0x10  pbuf.o [1]
  .rodata            const     0x800'ee5c    0x10  pbuf.o [1]
  .rodata            const     0x800'ee6c    0x10  system_stm32f4xx.o [1]
  .rodata            const     0x800'ee7c    0x10  tcp.o [1]
  .rodata            const     0x800'ee8c    0x10  tcp.o [1]
  .rodata            const     0x800'ee9c    0x10  tcp.o [1]
  .rodata            const     0x800'eeac    0x10  tcp_in.o [1]
  .rodata            const     0x800'eebc    0x10  tcp_in.o [1]
  .rodata            const     0x800'eecc    0x10  tcp_in.o [1]
  .rodata            const     0x800'eedc    0x10  tcp_in.o [1]
  .rodata            const     0x800'eeec    0x10  tcp_out.o [1]
  .rodata            const     0x800'eefc    0x10  tcp_out.o [1]
  .rodata            const     0x800'ef0c    0x10  tcp_out.o [1]
  .text              ro code   0x800'ef1c    0x10  startup_stm32f407xx.o [1]
  .text              ro code   0x800'ef2c    0x10  system_stm32f4xx.o [1]
  .rodata            const     0x800'ef3c     0xc  etharp.o [1]
  .rodata            const     0x800'ef48     0xc  ethernetif.o [1]
  .rodata            const     0x800'ef54     0xc  ip4.o [1]
  .rodata            const     0x800'ef60     0xc  ip4_frag.o [1]
  .rodata            const     0x800'ef6c     0xc  ip4_frag.o [1]
  .rodata            const     0x800'ef78     0xc  ip4_frag.o [1]
  .rodata            const     0x800'ef84     0xc  ip4_frag.o [1]
  .rodata            const     0x800'ef90     0xc  ip4_frag.o [1]
  .rodata            const     0x800'ef9c     0xc  memp.o [1]
  .rodata            const     0x800'efa8     0xc  memp.o [1]
  .rodata            const     0x800'efb4     0xc  memp.o [1]
  .rodata            const     0x800'efc0     0xc  memp.o [1]
  .rodata            const     0x800'efcc     0xc  memp.o [1]
  .rodata            const     0x800'efd8     0xc  memp.o [1]
  .rodata            const     0x800'efe4     0xc  memp.o [1]
  .rodata            const     0x800'eff0     0xc  memp.o [1]
  .rodata            const     0x800'effc     0xc  memp.o [1]
  .rodata            const     0x800'f008     0xc  pbuf.o [1]
  .rodata            const     0x800'f014     0xc  tcp.o [1]
  .rodata            const     0x800'f020     0xc  tcp_echoserver.o [1]
  .rodata            const     0x800'f02c     0xc  tcp_in.o [1]
  .rodata            const     0x800'f038     0xc  tcp_out.o [1]
  .text              ro code   0x800'f044     0xc  cstartup_M.o [4]
  .rodata            const     0x800'f050     0x8  ethernet.o [1]
  .rodata            const     0x800'f058     0x8  ethernet.o [1]
  .rodata            const     0x800'f060     0x8  main.o [1]
  .rodata            const     0x800'f068     0x8  system_stm32f4xx.o [1]
  .rodata            const     0x800'f070     0x8  tcp.o [1]
  .rodata            const     0x800'f078     0x8  tcp_in.o [1]
  .rodata            const     0x800'f080     0x8  tcp_in.o [1]
  .rodata            const     0x800'f088     0x4  ip4_addr.o [1]
  .rodata            const     0x800'f08c     0x4  xlocale_c.o [2]
  .text              ro code   0x800'f090     0x4  startup_stm32f407xx.o [1]
  .text              ro code   0x800'f094     0x4  startup_stm32f407xx.o [1]
  .text              ro code   0x800'f098     0x4  startup_stm32f407xx.o [1]
  .text              ro code   0x800'f09c     0x4  startup_stm32f407xx.o [1]
  .text              ro code   0x800'f0a0     0x4  startup_stm32f407xx.o [1]
  .text              ro code   0x800'f0a4     0x4  startup_stm32f407xx.o [1]
  .text              ro code   0x800'f0a8     0x4  startup_stm32f407xx.o [1]
  .text              ro code   0x800'f0ac     0x4  startup_stm32f407xx.o [1]
  .text              ro code   0x800'f0b0     0x4  startup_stm32f407xx.o [1]
  .text              ro code   0x800'f0b4     0x4  startup_stm32f407xx.o [1]
  .text              ro code   0x800'f0b8     0x4  startup_stm32f407xx.o [1]
  .text              ro code   0x800'f0bc     0x4  startup_stm32f407xx.o [1]
  .text              ro code   0x800'f0c0     0x4  startup_stm32f407xx.o [1]
  .text              ro code   0x800'f0c4     0x4  startup_stm32f407xx.o [1]
  .text              ro code   0x800'f0c8     0x4  startup_stm32f407xx.o [1]
  .text              ro code   0x800'f0cc     0x4  startup_stm32f407xx.o [1]
  .text              ro code   0x800'f0d0     0x4  startup_stm32f407xx.o [1]
  .text              ro code   0x800'f0d4     0x4  startup_stm32f407xx.o [1]
  .text              ro code   0x800'f0d8     0x4  startup_stm32f407xx.o [1]
  .text              ro code   0x800'f0dc     0x4  startup_stm32f407xx.o [1]
  .text              ro code   0x800'f0e0     0x4  startup_stm32f407xx.o [1]
  .text              ro code   0x800'f0e4     0x4  startup_stm32f407xx.o [1]
  .text              ro code   0x800'f0e8     0x4  startup_stm32f407xx.o [1]
  .text              ro code   0x800'f0ec     0x4  startup_stm32f407xx.o [1]
  .text              ro code   0x800'f0f0     0x4  startup_stm32f407xx.o [1]
  .text              ro code   0x800'f0f4     0x4  startup_stm32f407xx.o [1]
  .text              ro code   0x800'f0f8     0x4  startup_stm32f407xx.o [1]
  .text              ro code   0x800'f0fc     0x4  startup_stm32f407xx.o [1]
  .text              ro code   0x800'f100     0x4  startup_stm32f407xx.o [1]
  .text              ro code   0x800'f104     0x4  startup_stm32f407xx.o [1]
  .text              ro code   0x800'f108     0x4  startup_stm32f407xx.o [1]
  .text              ro code   0x800'f10c     0x4  startup_stm32f407xx.o [1]
  .text              ro code   0x800'f110     0x4  startup_stm32f407xx.o [1]
  .text              ro code   0x800'f114     0x4  startup_stm32f407xx.o [1]
  .text              ro code   0x800'f118     0x4  startup_stm32f407xx.o [1]
  .text              ro code   0x800'f11c     0x4  startup_stm32f407xx.o [1]
  .text              ro code   0x800'f120     0x4  startup_stm32f407xx.o [1]
  .text              ro code   0x800'f124     0x4  startup_stm32f407xx.o [1]
  .text              ro code   0x800'f128     0x4  startup_stm32f407xx.o [1]
  .text              ro code   0x800'f12c     0x4  startup_stm32f407xx.o [1]
  .text              ro code   0x800'f130     0x4  startup_stm32f407xx.o [1]
  .text              ro code   0x800'f134     0x4  startup_stm32f407xx.o [1]
  .text              ro code   0x800'f138     0x4  startup_stm32f407xx.o [1]
  .text              ro code   0x800'f13c     0x4  startup_stm32f407xx.o [1]
  .text              ro code   0x800'f140     0x4  startup_stm32f407xx.o [1]
  .text              ro code   0x800'f144     0x4  startup_stm32f407xx.o [1]
  .text              ro code   0x800'f148     0x4  startup_stm32f407xx.o [1]
  .text              ro code   0x800'f14c     0x4  startup_stm32f407xx.o [1]
  .text              ro code   0x800'f150     0x4  startup_stm32f407xx.o [1]
  .text              ro code   0x800'f154     0x4  startup_stm32f407xx.o [1]
  .text              ro code   0x800'f158     0x4  startup_stm32f407xx.o [1]
  .text              ro code   0x800'f15c     0x4  startup_stm32f407xx.o [1]
  .text              ro code   0x800'f160     0x4  startup_stm32f407xx.o [1]
  .text              ro code   0x800'f164     0x4  startup_stm32f407xx.o [1]
  .text              ro code   0x800'f168     0x4  startup_stm32f407xx.o [1]
  .text              ro code   0x800'f16c     0x4  startup_stm32f407xx.o [1]
  .text              ro code   0x800'f170     0x4  startup_stm32f407xx.o [1]
  .text              ro code   0x800'f174     0x4  startup_stm32f407xx.o [1]
  .text              ro code   0x800'f178     0x4  startup_stm32f407xx.o [1]
  .text              ro code   0x800'f17c     0x4  startup_stm32f407xx.o [1]
  .text              ro code   0x800'f180     0x4  startup_stm32f407xx.o [1]
  .text              ro code   0x800'f184     0x4  startup_stm32f407xx.o [1]
  .text              ro code   0x800'f188     0x4  startup_stm32f407xx.o [1]
  .text              ro code   0x800'f18c     0x4  startup_stm32f407xx.o [1]
  .text              ro code   0x800'f190     0x4  startup_stm32f407xx.o [1]
  .text              ro code   0x800'f194     0x4  startup_stm32f407xx.o [1]
  .text              ro code   0x800'f198     0x4  startup_stm32f407xx.o [1]
  .text              ro code   0x800'f19c     0x4  startup_stm32f407xx.o [1]
  .text              ro code   0x800'f1a0     0x4  startup_stm32f407xx.o [1]
  .text              ro code   0x800'f1a4     0x4  startup_stm32f407xx.o [1]
  .text              ro code   0x800'f1a8     0x4  startup_stm32f407xx.o [1]
  .text              ro code   0x800'f1ac     0x4  startup_stm32f407xx.o [1]
  .text              ro code   0x800'f1b0     0x4  startup_stm32f407xx.o [1]
  .text              ro code   0x800'f1b4     0x4  startup_stm32f407xx.o [1]
  .text              ro code   0x800'f1b8     0x4  startup_stm32f407xx.o [1]
  .text              ro code   0x800'f1bc     0x4  startup_stm32f407xx.o [1]
  .text              ro code   0x800'f1c0     0x4  startup_stm32f407xx.o [1]
  .text              ro code   0x800'f1c4     0x4  startup_stm32f407xx.o [1]
  .text              ro code   0x800'f1c8     0x4  startup_stm32f407xx.o [1]
  .text              ro code   0x800'f1cc     0x4  startup_stm32f407xx.o [1]
  .rodata            const     0x800'f1d0     0x0  zero_init3.o [4]
  .rodata            const     0x800'f1d0     0x0  copy_init3.o [4]
  Initializer bytes  const     0x800'f1d0    0xb0  <for P4 s0>
                             - 0x800'f280  0xf0f8

"P3":                                      0x2000
  CSTACK                      0x1000'0000  0x2000  <Block>
    CSTACK           uninit   0x1000'0000  0x2000  <Block tail>
                            - 0x1000'2000  0x2000

"P4", part 1 of 2:                           0xb0
  P4 s0                       0x2000'0000    0xb0  <Init block>
    .data            inited   0x2000'0000    0x48  xfiles.o [2]
    .data            inited   0x2000'0048    0x38  xlocale_c.o [2]
    .data            inited   0x2000'0080    0x14  ethernetif.o [1]
    .data            inited   0x2000'0094     0x8  rand.o [2]
    .data            inited   0x2000'009c     0x4  stm32f4xx_hal.o [1]
    .data            inited   0x2000'00a0     0x4  system_stm32f4xx.o [1]
    .data            inited   0x2000'00a4     0x4  tcp.o [1]
    .data            inited   0x2000'00a8     0x2  tcp.o [1]
    .data            inited   0x2000'00aa     0x2  udp.o [1]
    .data            inited   0x2000'00ac     0x1  stm32f4xx_hal.o [1]
                            - 0x2000'00b0    0xb0

"P4", part 2 of 2:                         0x8454
  .bss               zero     0x2000'00b0  0x4984  ethernetif.o [1]
  .bss               zero     0x2000'4a34  0x2604  memp.o [1]
  .bss               zero     0x2000'7038   0x654  mem.o [1]
  .bss               zero     0x2000'768c   0x310  memp.o [1]
  .bss               zero     0x2000'799c   0x16c  memp.o [1]
  .bss               zero     0x2000'7b08   0x104  memp.o [1]
  .bss               zero     0x2000'7c0c   0x104  memp.o [1]
  .bss               zero     0x2000'7d10    0xf0  etharp.o [1]
  .bss               zero     0x2000'7e00    0xe4  memp.o [1]
  .bss               zero     0x2000'7ee4    0xb0  ethernetif.o [1]
  .bss               zero     0x2000'7f94    0xa4  memp.o [1]
  .bss               zero     0x2000'8038    0xa0  ethernetif.o [1]
  .bss               zero     0x2000'80d8    0xa0  ethernetif.o [1]
  .bss               zero     0x2000'8178    0x84  memp.o [1]
  .bss               zero     0x2000'81fc    0x84  rand.o [2]
  .bss               zero     0x2000'8280    0x50  xfiles.o [2]
  .bss               zero     0x2000'82d0    0x48  main.o [1]
  .bss               zero     0x2000'8318    0x48  main.o [1]
  .bss               zero     0x2000'8360    0x38  ethernetif.o [1]
  .bss               zero     0x2000'8398    0x34  lwip.o [1]
  .bss               zero     0x2000'83cc    0x34  memp.o [1]
  .bss               zero     0x2000'8400    0x20  ethernetif.o [1]
  .bss               zero     0x2000'8420    0x18  ip.o [1]
  .bss               zero     0x2000'8438    0x10  tcp_in.o [1]
  .bss               zero     0x2000'8448     0x4  ethernetif.o [1]
  .bss               zero     0x2000'844c     0x4  ip4_frag.o [1]
  .bss               zero     0x2000'8450     0x4  lwip.o [1]
  .bss               zero     0x2000'8454     0x4  lwip.o [1]
  .bss               zero     0x2000'8458     0x4  lwip.o [1]
  .bss               zero     0x2000'845c     0x4  lwip.o [1]
  .bss               zero     0x2000'8460     0x4  lwip.o [1]
  .bss               zero     0x2000'8464     0x4  lwip.o [1]
  .bss               zero     0x2000'8468     0x4  mem.o [1]
  .bss               zero     0x2000'846c     0x4  mem.o [1]
  .bss               zero     0x2000'8470     0x4  mem.o [1]
  .bss               zero     0x2000'8474     0x4  memp.o [1]
  .bss               zero     0x2000'8478     0x4  memp.o [1]
  .bss               zero     0x2000'847c     0x4  memp.o [1]
  .bss               zero     0x2000'8480     0x4  memp.o [1]
  .bss               zero     0x2000'8484     0x4  memp.o [1]
  .bss               zero     0x2000'8488     0x4  memp.o [1]
  .bss               zero     0x2000'848c     0x4  memp.o [1]
  .bss               zero     0x2000'8490     0x4  memp.o [1]
  .bss               zero     0x2000'8494     0x4  memp.o [1]
  .bss               zero     0x2000'8498     0x4  netif.o [1]
  .bss               zero     0x2000'849c     0x4  netif.o [1]
  .bss               zero     0x2000'84a0     0x4  stm32f4xx_hal.o [1]
  .bss               zero     0x2000'84a4     0x4  tcp.o [1]
  .bss               zero     0x2000'84a8     0x4  tcp.o [1]
  .bss               zero     0x2000'84ac     0x4  tcp.o [1]
  .bss               zero     0x2000'84b0     0x4  tcp.o [1]
  .bss               zero     0x2000'84b4     0x4  tcp.o [1]
  .bss               zero     0x2000'84b8     0x4  tcp_echoserver.o [1]
  .bss               zero     0x2000'84bc     0x4  tcp_in.o [1]
  .bss               zero     0x2000'84c0     0x4  tcp_in.o [1]
  .bss               zero     0x2000'84c4     0x4  tcp_in.o [1]
  .bss               zero     0x2000'84c8     0x4  tcp_in.o [1]
  .bss               zero     0x2000'84cc     0x4  tcp_in.o [1]
  .bss               zero     0x2000'84d0     0x4  tcp_in.o [1]
  .bss               zero     0x2000'84d4     0x4  timeouts.o [1]
  .bss               zero     0x2000'84d8     0x4  timeouts.o [1]
  .bss               zero     0x2000'84dc     0x4  timeouts.o [1]
  .bss               zero     0x2000'84e0     0x4  udp.o [1]
  .bss               zero     0x2000'84e4     0x4  xfail_s.o [2]
  .bss               zero     0x2000'84e8     0x2  ip4.o [1]
  .bss               zero     0x2000'84ea     0x2  ip4_frag.o [1]
  .bss               zero     0x2000'84ec     0x2  tcp_in.o [1]
  .bss               zero     0x2000'84ee     0x2  tcp_in.o [1]
  .bss               zero     0x2000'84f0     0x2  tcp_in.o [1]
  .bss               zero     0x2000'84f2     0x2  tcp_in.o [1]
  .bss               zero     0x2000'84f4     0x2  tcp_in.o [1]
  .bss               zero     0x2000'84f6     0x1  etharp.o [1]
  .bss               zero     0x2000'84f7     0x1  ethernetif.o [1]
  .bss               zero     0x2000'84f8     0x1  main.o [1]
  .bss               zero     0x2000'84f9     0x1  main.o [1]
  .bss               zero     0x2000'84fa     0x1  main.o [1]
  .bss               zero     0x2000'84fb     0x1  netif.o [1]
  .bss               zero     0x2000'84fc     0x1  pbuf.o [1]
  .bss               zero     0x2000'84fd     0x1  tcp.o [1]
  .bss               zero     0x2000'84fe     0x1  tcp.o [1]
  .bss               zero     0x2000'84ff     0x1  tcp.o [1]
  .bss               zero     0x2000'8500     0x1  tcp_in.o [1]
  .bss               zero     0x2000'8501     0x1  tcp_in.o [1]
                            - 0x2000'8502  0x8452

Unused ranges:

         From           To      Size
         ----           --      ----
   0x800'f280   0x80f'ffff  0xf'0d80
  0x1000'2000  0x1000'ffff    0xe000
  0x2000'8504  0x2001'bfff  0x1'3afc
  0x2001'c000  0x2001'ffff    0x4000


*******************************************************************************
*** INIT TABLE
***

          Address      Size
          -------      ----
Zero (__iar_zero_init3)
    1 destination range, total size 0x8452:
          0x2000'00b0  0x8452

Copy (__iar_copy_init3)
    1 source range, total size 0xb0 (101% of destination):
           0x800'f1d0    0xb0
    1 destination range, total size 0xad:
          0x2000'0000    0xad



*******************************************************************************
*** MODULE SUMMARY
***

    Module                  ro code  ro data  rw data
    ------                  -------  -------  -------
command line/config:
    -------------------------------------------------
    Total:

D:\2_Projects\Exam\CubeMx\Ethernet\Ethernet_IAP\EWARM\Ethernet_IAP\Obj: [1]
    def.o                        44
    etharp.o                  2 696      624      241
    ethernet.o                  300      208
    ethernetif.o              1 108      164   19 429
    icmp.o                      620      292
    init.o                       68      204
    ip.o                                           24
    ip4.o                       956      200        2
    ip4_addr.o                   76        4
    ip4_frag.o                2 404      596        6
    lan8742.o                   466
    lwip.o                      210                76
    main.o                      736       80      147
    mem.o                     1 448      648    1 632
    memp.o                      360      428   12 012
    netif.o                   1 020      452        9
    pbuf.o                    2 236      916        1
    startup_stm32f407xx.o       728
    stm32f4xx_hal.o             204        5        9
    stm32f4xx_hal_cortex.o      300
    stm32f4xx_hal_eth.o       2 774
    stm32f4xx_hal_gpio.o        568
    stm32f4xx_hal_msp.o         236
    stm32f4xx_hal_rcc.o       1 484
    stm32f4xx_hal_tim.o         868
    stm32f4xx_hal_tim_ex.o      172
    stm32f4xx_hal_uart.o      1 300
    stm32f4xx_it.o               40
    system_stm32f4xx.o           16       28        4
    tcp.o                     5 194    1 854       29
    tcp_echoserver.o            724      128        4
    tcp_in.o                  6 800    1 196       52
    tcp_out.o                 6 324    2 120
    timeouts.o                  384      284       12
    udp.o                       708      290        6
    -------------------------------------------------
    Total:                   43 572   10 721   33 695

dl7M_tlf.a: [2]
    abort.o                       6
    exit.o                        4
    low_level_init.o              4
    printf.o                     40
    putchar.o                    12
    rand.o                      164        8      140
    xfail_s.o                    64                 4
    xfiles.o                              72      152
    xlocale_c.o                   8       60       56
    xprintffull_nomb.o        3 570
    xprout.o                     22
    -------------------------------------------------
    Total:                    3 894      140      352

m7M_tls.a: [3]
    DblAdd.o                    362
    DblCmpGe.o                   46
    DblCmpLe.o                   46
    DblDiv.o                    582
    DblMul.o                    418
    DblSub.o                    226
    DblToS32.o                   58
    DblToU32.o                   40
    S32ToDbl.o                   34
    U32ToDbl.o                   26
    fpinit_M.o                   34
    frexp.o                     112
    ldexp.o                     314
    -------------------------------------------------
    Total:                    2 298

rt7M_tl.a: [4]
    ABImemclr4.o                  6
    ABImemcpy.o                 166
    ABImemset.o                 102
    ABImemset48.o                50
    I64DivMod.o                 560
    I64DivZer.o                   2
    cexit.o                      10
    cmain.o                      30
    copy_init3.o                 44
    cstartup_M.o                 12
    data_init.o                  40
    memchr.o                     88
    memcmp.o                    104
    strchr.o                     22
    strlen.o                     54
    zero_init3.o                 58
    -------------------------------------------------
    Total:                    1 348

shb_l.a: [5]
    exit.o                       20
    -------------------------------------------------
    Total:                       20

    Gaps                         44        4
    Linker created                        39    8 192
-----------------------------------------------------
    Grand Total:             51 176   10 904   42 239


*******************************************************************************
*** ENTRY LIST
***

Entry                       Address    Size  Type      Object
-----                       -------    ----  ----      ------
.iar.init_table$$Base    0x800'e1c0           --   Gb  - Linker created -
.iar.init_table$$Limit   0x800'e1e4           --   Gb  - Linker created -
?main                    0x800'e5e5          Code  Gb  cmain.o [4]
AHBPrescTable            0x800'ee6c    0x10  Data  Gb  system_stm32f4xx.o [1]
APBPrescTable            0x800'f068     0x8  Data  Gb  system_stm32f4xx.o [1]
BusFault_Handler         0x800'dddb     0x2  Code  Gb  stm32f4xx_it.o [1]
CSTACK$$Base            0x1000'0000           --   Gb  - Linker created -
CSTACK$$Limit           0x1000'2000           --   Gb  - Linker created -
DMARxDscrTab            0x2000'8038    0xa0  Data  Gb  ethernetif.o [1]
DMATxDscrTab            0x2000'80d8    0xa0  Data  Gb  ethernetif.o [1]
DebugMon_Handler         0x800'dde1     0x2  Code  Gb  stm32f4xx_it.o [1]
ETH_DMARxDescListInit    0x800'a38d    0x80  Code  Lc  stm32f4xx_hal_eth.o [1]
ETH_DMATxDescListInit    0x800'a329    0x64  Code  Lc  stm32f4xx_hal_eth.o [1]
ETH_FlushTransmitFIFO    0x800'a015    0x2c  Code  Lc  stm32f4xx_hal_eth.o [1]
ETH_MACAddressConfig     0x800'a2c9    0x2a  Code  Lc  stm32f4xx_hal_eth.o [1]
ETH_MACDMAConfig         0x800'a1ed    0xdc  Code  Lc  stm32f4xx_hal_eth.o [1]
ETH_PHY_IO_DeInit        0x800'7571     0x4  Code  Gb  ethernetif.o [1]
ETH_PHY_IO_GetTick       0x800'75ad     0x8  Code  Gb  ethernetif.o [1]
ETH_PHY_IO_Init          0x800'7565     0xc  Code  Gb  ethernetif.o [1]
ETH_PHY_IO_ReadReg       0x800'7575    0x1c  Code  Gb  ethernetif.o [1]
ETH_PHY_IO_WriteReg      0x800'7591    0x1c  Code  Gb  ethernetif.o [1]
ETH_Prepare_Tx_Descriptors
                         0x800'a40d   0x176  Code  Lc  stm32f4xx_hal_eth.o [1]
ETH_SetDMAConfig         0x800'a143    0xaa  Code  Lc  stm32f4xx_hal_eth.o [1]
ETH_SetMACConfig         0x800'a041   0x102  Code  Lc  stm32f4xx_hal_eth.o [1]
ETH_UpdateDescriptor     0x800'9d29    0xb2  Code  Lc  stm32f4xx_hal_eth.o [1]
Error_Handler            0x800'aa31     0x4  Code  Gb  main.o [1]
GATEWAY_ADDRESS         0x2000'8464     0x4  Data  Gb  lwip.o [1]
HAL_Delay                0x800'af25    0x28  Code  Wk  stm32f4xx_hal.o [1]
HAL_ETH_GetMACConfig     0x800'9e87   0x102  Code  Gb  stm32f4xx_hal_eth.o [1]
HAL_ETH_Init             0x800'9aad    0xb8  Code  Gb  stm32f4xx_hal_eth.o [1]
HAL_ETH_MspInit          0x800'746f    0xf6  Code  Gb  ethernetif.o [1]
HAL_ETH_ReadPHYRegister
                         0x800'9ddb    0x58  Code  Gb  stm32f4xx_hal_eth.o [1]
HAL_ETH_RxAllocateCallback
                         0x800'7667    0x3c  Code  Gb  ethernetif.o [1]
HAL_ETH_SetMACConfig     0x800'9f89    0x1e  Code  Gb  stm32f4xx_hal_eth.o [1]
HAL_ETH_SetMDIOClockRange
                         0x800'9fa7    0x64  Code  Gb  stm32f4xx_hal_eth.o [1]
HAL_ETH_Start            0x800'9b65    0x80  Code  Gb  stm32f4xx_hal_eth.o [1]
HAL_ETH_Stop             0x800'9be5    0x76  Code  Gb  stm32f4xx_hal_eth.o [1]
HAL_ETH_Transmit         0x800'9c5b    0xce  Code  Gb  stm32f4xx_hal_eth.o [1]
HAL_ETH_WritePHYRegister
                         0x800'9e33    0x54  Code  Gb  stm32f4xx_hal_eth.o [1]
HAL_GPIO_Init            0x800'aa49   0x1d6  Code  Gb  stm32f4xx_hal_gpio.o [1]
HAL_GPIO_TogglePin       0x800'ac33    0x14  Code  Gb  stm32f4xx_hal_gpio.o [1]
HAL_GPIO_WritePin        0x800'ac1f    0x14  Code  Gb  stm32f4xx_hal_gpio.o [1]
HAL_GetTick              0x800'aa3d     0xc  Code  Wk  stm32f4xx_hal.o [1]
HAL_IncTick              0x800'ddfd    0x18  Code  Wk  stm32f4xx_hal.o [1]
HAL_Init                 0x800'b669    0x30  Code  Gb  stm32f4xx_hal.o [1]
HAL_InitTick             0x800'c2bd    0x4c  Code  Wk  stm32f4xx_hal.o [1]
HAL_MspInit              0x800'c309    0x36  Code  Gb  stm32f4xx_hal_msp.o [1]
HAL_NVIC_EnableIRQ       0x800'c4ed     0xa  Code  Gb  stm32f4xx_hal_cortex.o [1]
HAL_NVIC_SetPriority     0x800'c4cb    0x22  Code  Gb  stm32f4xx_hal_cortex.o [1]
HAL_NVIC_SetPriorityGrouping
                         0x800'c4c3     0x8  Code  Gb  stm32f4xx_hal_cortex.o [1]
HAL_RCC_ClockConfig      0x800'af4d   0x13a  Code  Gb  stm32f4xx_hal_rcc.o [1]
HAL_RCC_GetHCLKFreq      0x800'b087     0x6  Code  Gb  stm32f4xx_hal_rcc.o [1]
HAL_RCC_GetPCLK1Freq     0x800'b08d    0x16  Code  Gb  stm32f4xx_hal_rcc.o [1]
HAL_RCC_GetPCLK2Freq     0x800'b0a3    0x16  Code  Gb  stm32f4xx_hal_rcc.o [1]
HAL_RCC_OscConfig        0x800'bda1   0x3c4  Code  Wk  stm32f4xx_hal_rcc.o [1]
HAL_SYSTICK_Config       0x800'c4f7     0x8  Code  Gb  stm32f4xx_hal_cortex.o [1]
HAL_TIMEx_BreakCallback
                         0x800'c56b     0x2  Code  Wk  stm32f4xx_hal_tim_ex.o [1]
HAL_TIMEx_CommutCallback
                         0x800'c56f     0x2  Code  Wk  stm32f4xx_hal_tim_ex.o [1]
HAL_TIMEx_MasterConfigSynchronization
                         0x800'c165    0x8c  Code  Gb  stm32f4xx_hal_tim_ex.o [1]
HAL_TIM_Base_Init        0x800'b771    0x6e  Code  Gb  stm32f4xx_hal_tim.o [1]
HAL_TIM_Base_MspInit     0x800'c33f    0x34  Code  Gb  stm32f4xx_hal_msp.o [1]
HAL_TIM_Base_Start_IT    0x800'b7df    0x96  Code  Gb  stm32f4xx_hal_tim.o [1]
HAL_TIM_IRQHandler       0x800'b891   0x13e  Code  Gb  stm32f4xx_hal_tim.o [1]
HAL_TIM_PeriodElapsedCallback
                         0x800'a785    0x46  Code  Gb  main.o [1]
HAL_UART_Init            0x800'b155    0x7a  Code  Gb  stm32f4xx_hal_uart.o [1]
HAL_UART_MspInit         0x800'c373    0x68  Code  Gb  stm32f4xx_hal_msp.o [1]
HAL_UART_Transmit        0x800'b1cf    0xc0  Code  Gb  stm32f4xx_hal_uart.o [1]
HardFault_Handler        0x800'ddd7     0x2  Code  Gb  stm32f4xx_it.o [1]
IP_ADDRESS              0x2000'845c     0x4  Data  Gb  lwip.o [1]
LAN8742                 0x2000'8400    0x20  Data  Gb  ethernetif.o [1]
LAN8742_GetLinkState     0x800'a68d    0xc8  Code  Gb  lan8742.o [1]
LAN8742_IOCtx           0x2000'0080    0x14  Data  Gb  ethernetif.o [1]
LAN8742_Init             0x800'a5b7    0xd6  Code  Gb  lan8742.o [1]
LAN8742_RegisterBusIO    0x800'a583    0x34  Code  Gb  lan8742.o [1]
LoadInt                  0x800'5997    0x7a  Code  Lc  xprintffull_nomb.o [2]
MX_GPIO_Init             0x800'a94d    0xa8  Code  Lc  main.o [1]
MX_LWIP_Init             0x800'b69d    0xac  Code  Gb  lwip.o [1]
MX_TIM6_Init             0x800'a8cb    0x4e  Code  Lc  main.o [1]
MX_USART1_UART_Init      0x800'a919    0x34  Code  Lc  main.o [1]
MemManage_Handler        0x800'ddd9     0x2  Code  Gb  stm32f4xx_it.o [1]
NETMASK_ADDRESS         0x2000'8460     0x4  Data  Gb  lwip.o [1]
NMI_Handler              0x800'ddd5     0x2  Code  Gb  stm32f4xx_it.o [1]
NVIC_EncodePriority      0x800'c459    0x3c  Code  Lc  stm32f4xx_hal_cortex.o [1]
PendSV_Handler           0x800'dde3     0x2  Code  Gb  stm32f4xx_it.o [1]
Region$$Table$$Base      0x800'e1c0           --   Gb  - Linker created -
Region$$Table$$Limit     0x800'e1e4           --   Gb  - Linker created -
RxAllocStatus           0x2000'84f7     0x1  Data  Lc  ethernetif.o [1]
SVC_Handler              0x800'dddf     0x2  Code  Gb  stm32f4xx_it.o [1]
SysTick_Config           0x800'c495    0x2e  Code  Lc  stm32f4xx_hal_cortex.o [1]
SysTick_Handler          0x800'dde5     0x8  Code  Gb  stm32f4xx_it.o [1]
SystemClock_Config       0x800'a827    0xa4  Code  Gb  main.o [1]
SystemCoreClock         0x2000'00a0     0x4  Data  Gb  system_stm32f4xx.o [1]
SystemInit               0x800'ef2d     0xc  Code  Gb  system_stm32f4xx.o [1]
TIM6_DAC_IRQHandler      0x800'dded     0xa  Code  Gb  stm32f4xx_it.o [1]
TIM_Base_SetConfig       0x800'b9cf    0xd0  Code  Gb  stm32f4xx_hal_tim.o [1]
TxConfig                0x2000'8360    0x38  Data  Gb  ethernetif.o [1]
UART_EndRxTransfer       0x800'b311    0x60  Code  Lc  stm32f4xx_hal_uart.o [1]
UART_SetConfig           0x800'b373   0x2e6  Code  Lc  stm32f4xx_hal_uart.o [1]
UART_WaitOnFlagUntilTimeout
                         0x800'b28f    0x82  Code  Lc  stm32f4xx_hal_uart.o [1]
UsageFault_Handler       0x800'dddd     0x2  Code  Gb  stm32f4xx_it.o [1]
_GenldFullNoMb           0x800'62d9   0x274  Code  Lc  xprintffull_nomb.o [2]
_LdtobFullNoMb           0x800'5ed5   0x3d6  Code  Lc  xprintffull_nomb.o [2]
_LitobFullNoMb           0x800'5d85   0x10a  Code  Lc  xprintffull_nomb.o [2]
_Locale_lconv           0x2000'0048    0x38  Data  Lc  xlocale_c.o [2]
_PrintfFullNoMb          0x800'57e9   0x19e  Code  Gb  xprintffull_nomb.o [2]
_Prout                   0x800'ec7d    0x16  Code  Gb  xprout.o [2]
_PutcharsFullNoMb        0x800'654d    0x2e  Code  Lc  xprintffull_nomb.o [2]
_PutfldFullNoMb          0x800'5a11   0x268  Code  Lc  xprintffull_nomb.o [2]
_PuttxtFullNoMb          0x800'5c79   0x10c  Code  Lc  xprintffull_nomb.o [2]
_Rand_idx               0x2000'827c     0x4  Data  Lc  rand.o [2]
_Rand_rv                0x2000'81fc    0x80  Data  Lc  rand.o [2]
_Randinit               0x2000'0094     0x1  Data  Gb  rand.o [2]
_Randseed               0x2000'0098     0x4  Data  Gb  rand.o [2]
__NVIC_EnableIRQ         0x800'c419    0x1c  Code  Lc  stm32f4xx_hal_cortex.o [1]
__NVIC_GetPriorityGrouping
                         0x800'c40f     0xa  Code  Lc  stm32f4xx_hal_cortex.o [1]
__NVIC_SetPriority       0x800'c435    0x24  Code  Lc  stm32f4xx_hal_cortex.o [1]
__NVIC_SetPriorityGrouping
                         0x800'c3f5    0x1a  Code  Lc  stm32f4xx_hal_cortex.o [1]
__aeabi_cdcmple          0x800'8ab1          Code  Gb  DblCmpLe.o [3]
__aeabi_cdrcmple         0x800'8ae1          Code  Gb  DblCmpGe.o [3]
__aeabi_d2iz             0x800'8c4d          Code  Gb  DblToS32.o [3]
__aeabi_d2uiz            0x800'8fd9          Code  Gb  DblToU32.o [3]
__aeabi_ddiv             0x800'8d91          Code  Gb  DblDiv.o [3]
__aeabi_dmul             0x800'889d          Code  Gb  DblMul.o [3]
__aeabi_dsub             0x800'8cad          Code  Gb  DblSub.o [3]
__aeabi_i2d              0x800'8c89          Code  Gb  S32ToDbl.o [3]
__aeabi_ldiv0            0x800'ac89          Code  Gb  I64DivZer.o [4]
__aeabi_memclr4          0x800'aa35          Code  Gb  ABImemclr4.o [4]
__aeabi_memcpy           0x800'6ced          Code  Gb  ABImemcpy.o [4]
__aeabi_memcpy4          0x800'6d0d          Code  Gb  ABImemcpy.o [4]
__aeabi_memcpy8          0x800'6d0d          Code  Gb  ABImemcpy.o [4]
__aeabi_memset           0x800'6e39          Code  Gb  ABImemset.o [4]
__aeabi_ui2d             0x800'9001          Code  Gb  U32ToDbl.o [3]
__aeabi_uldivmod         0x800'866d          Code  Gb  I64DivMod.o [4]
__cmain                  0x800'e5e5          Code  Gb  cmain.o [4]
__exit                   0x800'c241    0x14  Code  Gb  exit.o [5]
__iar_Fail_s             0x800'859d    0x1c  Code  Gb  xfail_s.o [2]
__iar_Memchr             0x800'8615          Code  Gb  memchr.o [4]
__iar_Memset             0x800'6e39          Code  Gb  ABImemset.o [4]
__iar_Memset4_word       0x800'c20d          Code  Gb  ABImemset48.o [4]
__iar_Memset8_word       0x800'c20d          Code  Gb  ABImemset48.o [4]
__iar_Memset_word        0x800'6e41          Code  Gb  ABImemset.o [4]
__iar_Stdout            0x2000'0000    0x48  Data  Gb  xfiles.o [2]
__iar_Strchr             0x800'8585          Code  Gb  strchr.o [4]
__iar_copy_init3         0x800'd741    0x2c  Code  Gb  copy_init3.o [4]
__iar_dadd               0x800'8cbd          Code  Gb  DblSub.o [3]
__iar_data_init3         0x800'de15    0x28  Code  Gb  data_init.o [4]
__iar_dsub               0x800'ac8d          Code  Gb  DblAdd.o [3]
__iar_dsubStart          0x800'ac9f          Code  Gb  DblAdd.o [3]
__iar_frexp              0x800'8a4d          Code  Gb  frexp.o [3]
__iar_frexpl             0x800'8a4d          Code  Gb  frexp.o [3]
__iar_init_vfp           0x800'e19d          Code  Gb  fpinit_M.o [3]
__iar_ldexp64            0x800'8b11          Code  Gb  ldexp.o [3]
__iar_program_start      0x800'f045          Code  Gb  cstartup_M.o [4]
__iar_scalbln64          0x800'8b11          Code  Gb  ldexp.o [3]
__iar_scalbn64           0x800'8b11          Code  Gb  ldexp.o [3]
__iar_softfp___iar_frexp64
                         0x800'8a41          Code  Gb  frexp.o [3]
__iar_softfp_frexp       0x800'8a41          Code  Gb  frexp.o [3]
__iar_softfp_frexpl      0x800'8a41          Code  Gb  frexp.o [3]
__iar_zero_init3         0x800'39bf    0x3a  Code  Gb  zero_init3.o [4]
__low_level_init         0x800'e603     0x4  Code  Gb  low_level_init.o [2]
__vector_table           0x800'0000          Data  Gb  startup_stm32f407xx.o [1]
_call_main               0x800'e5f1          Code  Gb  cmain.o [4]
_exit                    0x800'e60d          Code  Gb  cexit.o [4]
_main                    0x800'e5ff          Code  Gb  cmain.o [4]
abort                    0x800'ac81     0x6  Code  Gb  abort.o [2]
ackno                   0x2000'84c8     0x4  Data  Lc  tcp_in.o [1]
arp_table               0x2000'7d10    0xf0  Data  Lc  etharp.o [1]
current_timeout_due_time
                        0x2000'84d8     0x4  Data  Lc  timeouts.o [1]
do_memp_free_pool        0x800'66a5    0x28  Code  Lc  memp.o [1]
do_memp_malloc_pool      0x800'6627    0x2e  Code  Lc  memp.o [1]
etharp_cached_entry     0x2000'84f6     0x1  Data  Lc  etharp.o [1]
etharp_cleanup_netif     0x800'9421    0x38  Code  Gb  etharp.o [1]
etharp_find_entry        0x800'910f   0x234  Code  Lc  etharp.o [1]
etharp_free_entry        0x800'9025    0x32  Code  Lc  etharp.o [1]
etharp_input             0x800'9459    0xe0  Code  Gb  etharp.o [1]
etharp_output            0x800'960b   0x16e  Code  Gb  etharp.o [1]
etharp_output_to_arp_index
                         0x800'9539    0xd2  Code  Lc  etharp.o [1]
etharp_query             0x800'9779   0x1ce  Code  Gb  etharp.o [1]
etharp_raw               0x800'9947    0xea  Code  Lc  etharp.o [1]
etharp_request           0x800'9a51     0xa  Code  Gb  etharp.o [1]
etharp_request_dst       0x800'9a31    0x20  Code  Lc  etharp.o [1]
etharp_tmr               0x800'9057    0xb8  Code  Gb  etharp.o [1]
etharp_update_arp_entry
                         0x800'9343    0xde  Code  Lc  etharp.o [1]
ethbroadcast             0x800'f050     0x8  Data  Gb  ethernet.o [1]
ethernet_input           0x800'adf9    0xb4  Code  Gb  ethernet.o [1]
ethernet_link_check_state
                         0x800'75b5    0xb2  Code  Gb  ethernetif.o [1]
ethernet_link_status_updated
                         0x800'b76d     0x2  Code  Lc  lwip.o [1]
ethernet_output          0x800'aead    0x68  Code  Gb  ethernet.o [1]
ethernetif_init          0x800'741b    0x34  Code  Gb  ethernetif.o [1]
ethzero                  0x800'f058     0x8  Data  Gb  ethernet.o [1]
exit                     0x800'e607     0x4  Code  Gb  exit.o [2]
flags                   0x2000'8500     0x1  Data  Lc  tcp_in.o [1]
fputc                    0x800'a755    0x30  Code  Gb  main.o [1]
g1secCnt                0x2000'84f9     0x1  Data  Gb  main.o [1]
gSec                    0x2000'84fa     0x1  Data  Gb  main.o [1]
gToggle                 0x2000'84f8     0x1  Data  Gb  main.o [1]
gnetif                  0x2000'8398    0x34  Data  Gb  lwip.o [1]
gw                      0x2000'8458     0x4  Data  Gb  lwip.o [1]
heth                    0x2000'7ee4    0xb0  Data  Gb  ethernetif.o [1]
htim6                   0x2000'82d0    0x48  Data  Gb  main.o [1]
huart1                  0x2000'8318    0x48  Data  Gb  main.o [1]
icmp_dest_unreach        0x800'84c7     0xe  Code  Gb  icmp.o [1]
icmp_input               0x800'8319   0x1ae  Code  Gb  icmp.o [1]
icmp_send_response       0x800'84e3    0x8a  Code  Lc  icmp.o [1]
icmp_time_exceeded       0x800'84d5     0xe  Code  Gb  icmp.o [1]
inseg                   0x2000'8438    0x10  Data  Lc  tcp_in.o [1]
ip4_addr_isbroadcast_u32
                         0x800'24fd    0x4c  Code  Gb  ip4_addr.o [1]
ip4_frag                 0x800'7dd3   0x226  Code  Gb  ip4_frag.o [1]
ip4_input                0x800'54db   0x1d0  Code  Gb  ip4.o [1]
ip4_input_accept         0x800'54ab    0x30  Code  Lc  ip4.o [1]
ip4_output_if            0x800'56ab    0x30  Code  Gb  ip4.o [1]
ip4_output_if_src        0x800'56db    0xe8  Code  Gb  ip4.o [1]
ip4_reass                0x800'7b23   0x248  Code  Gb  ip4_frag.o [1]
ip4_route                0x800'542d    0x7e  Code  Gb  ip4.o [1]
ip_addr_any              0x800'f088     0x4  Data  Gb  ip4_addr.o [1]
ip_data                 0x2000'8420    0x18  Data  Gb  ip.o [1]
ip_frag_alloc_pbuf_custom_ref
                         0x800'7d6b     0xa  Code  Lc  ip4_frag.o [1]
ip_frag_free_pbuf_custom_ref
                         0x800'7d75    0x20  Code  Lc  ip4_frag.o [1]
ip_id                   0x2000'84e8     0x2  Data  Lc  ip4.o [1]
ip_reass_chain_frag_into_datagram_and_validate
                         0x800'7943   0x1e0  Code  Lc  ip4_frag.o [1]
ip_reass_dequeue_datagram
                         0x800'7907    0x3c  Code  Lc  ip4_frag.o [1]
ip_reass_enqueue_new_datagram
                         0x800'78ad    0x5a  Code  Lc  ip4_frag.o [1]
ip_reass_free_complete_datagram
                         0x800'771f   0x10c  Code  Lc  ip4_frag.o [1]
ip_reass_pbufcount      0x2000'84ea     0x2  Data  Lc  ip4_frag.o [1]
ip_reass_remove_oldest_datagram
                         0x800'782b    0x82  Code  Lc  ip4_frag.o [1]
ip_reass_tmr             0x800'76f1    0x2e  Code  Gb  ip4_frag.o [1]
ipaddr                  0x2000'8450     0x4  Data  Gb  lwip.o [1]
ipfrag_free_pbuf_custom
                         0x800'7d95    0x3e  Code  Lc  ip4_frag.o [1]
ldexp                    0x800'8b11          Code  Gb  ldexp.o [3]
ldexpl                   0x800'8b11          Code  Gb  ldexp.o [3]
lfree                   0x2000'8470     0x4  Data  Lc  mem.o [1]
localeconv               0x800'901d     0x4  Code  Gb  xlocale_c.o [2]
low_level_init           0x800'729d    0xea  Code  Lc  ethernetif.o [1]
low_level_output         0x800'7387    0x94  Code  Lc  ethernetif.o [1]
lwip_cyclic_timer        0x800'5377    0x38  Code  Lc  timeouts.o [1]
lwip_cyclic_timers       0x800'ec4c    0x18  Data  Gb  timeouts.o [1]
lwip_htonl               0x800'2559    0x1c  Code  Gb  def.o [1]
lwip_htons               0x800'2549    0x10  Code  Gb  def.o [1]
lwip_init                0x800'c521    0x44  Code  Gb  init.o [1]
main                     0x800'a7cb    0x5c  Code  Gb  main.o [1]
mem_free                 0x800'68ef    0xa8  Code  Gb  mem.o [1]
mem_init                 0x800'6851    0x46  Code  Gb  mem.o [1]
mem_link_valid           0x800'6897    0x58  Code  Lc  mem.o [1]
mem_malloc               0x800'6b13   0x186  Code  Gb  mem.o [1]
mem_to_ptr               0x800'6751     0xc  Code  Lc  mem.o [1]
mem_trim                 0x800'6997   0x17c  Code  Gb  mem.o [1]
memchr                   0x800'8615          Code  Gb  memchr.o [4]
memcmp                   0x800'c255          Code  Gb  memcmp.o [4]
memp_FRAG_PBUF           0x800'efd8     0xc  Data  Gb  memp.o [1]
memp_PBUF                0x800'eff0     0xc  Data  Gb  memp.o [1]
memp_PBUF_POOL           0x800'effc     0xc  Data  Gb  memp.o [1]
memp_REASSDATA           0x800'efcc     0xc  Data  Gb  memp.o [1]
memp_RX_POOL             0x800'ef48     0xc  Data  Gb  ethernetif.o [1]
memp_SYS_TIMEOUT         0x800'efe4     0xc  Data  Gb  memp.o [1]
memp_TCP_PCB             0x800'efa8     0xc  Data  Gb  memp.o [1]
memp_TCP_PCB_LISTEN      0x800'efb4     0xc  Data  Gb  memp.o [1]
memp_TCP_SEG             0x800'efc0     0xc  Data  Gb  memp.o [1]
memp_UDP_PCB             0x800'ef9c     0xc  Data  Gb  memp.o [1]
memp_free                0x800'66f9    0x2c  Code  Gb  memp.o [1]
memp_free_pool           0x800'66cd    0x2c  Code  Gb  memp.o [1]
memp_init                0x800'6607    0x20  Code  Gb  memp.o [1]
memp_init_pool           0x800'65dd    0x2a  Code  Gb  memp.o [1]
memp_malloc              0x800'667b    0x2a  Code  Gb  memp.o [1]
memp_malloc_pool         0x800'6655    0x26  Code  Gb  memp.o [1]
memp_memory_FRAG_PBUF_base
                        0x2000'799c   0x16c  Data  Gb  memp.o [1]
memp_memory_PBUF_POOL_base
                        0x2000'4a34  0x2604  Data  Gb  memp.o [1]
memp_memory_PBUF_base   0x2000'7c0c   0x104  Data  Gb  memp.o [1]
memp_memory_REASSDATA_base
                        0x2000'7f94    0xa4  Data  Gb  memp.o [1]
memp_memory_RX_POOL_base
                        0x2000'00b0  0x4984  Data  Gb  ethernetif.o [1]
memp_memory_SYS_TIMEOUT_base
                        0x2000'83cc    0x34  Data  Gb  memp.o [1]
memp_memory_TCP_PCB_LISTEN_base
                        0x2000'7e00    0xe4  Data  Gb  memp.o [1]
memp_memory_TCP_PCB_base
                        0x2000'768c   0x310  Data  Gb  memp.o [1]
memp_memory_TCP_SEG_base
                        0x2000'7b08   0x104  Data  Gb  memp.o [1]
memp_memory_UDP_PCB_base
                        0x2000'8178    0x84  Data  Gb  memp.o [1]
memp_pools               0x800'df38    0x24  Data  Gb  memp.o [1]
memp_tab_FRAG_PBUF      0x2000'8488     0x4  Data  Lc  memp.o [1]
memp_tab_PBUF           0x2000'8490     0x4  Data  Lc  memp.o [1]
memp_tab_PBUF_POOL      0x2000'8494     0x4  Data  Lc  memp.o [1]
memp_tab_REASSDATA      0x2000'8484     0x4  Data  Lc  memp.o [1]
memp_tab_RX_POOL        0x2000'8448     0x4  Data  Lc  ethernetif.o [1]
memp_tab_SYS_TIMEOUT    0x2000'848c     0x4  Data  Lc  memp.o [1]
memp_tab_TCP_PCB        0x2000'8478     0x4  Data  Lc  memp.o [1]
memp_tab_TCP_PCB_LISTEN
                        0x2000'847c     0x4  Data  Lc  memp.o [1]
memp_tab_TCP_SEG        0x2000'8480     0x4  Data  Lc  memp.o [1]
memp_tab_UDP_PCB        0x2000'8474     0x4  Data  Lc  memp.o [1]
netif_add                0x800'6ea3   0x130  Code  Gb  netif.o [1]
netif_default           0x2000'849c     0x4  Data  Gb  netif.o [1]
netif_do_ip_addr_changed
                         0x800'6fd3    0x18  Code  Lc  netif.o [1]
netif_do_set_gw          0x800'7073    0x1c  Code  Lc  netif.o [1]
netif_do_set_ipaddr      0x800'6feb    0x6c  Code  Lc  netif.o [1]
netif_do_set_netmask     0x800'7057    0x1c  Code  Lc  netif.o [1]
netif_get_by_index       0x800'722f    0x2c  Code  Gb  netif.o [1]
netif_init               0x800'6ea1     0x2  Code  Gb  netif.o [1]
netif_issue_reports      0x800'7131    0x40  Code  Lc  netif.o [1]
netif_list              0x2000'8498     0x4  Data  Gb  netif.o [1]
netif_null_output_ip4    0x800'7229     0x6  Code  Lc  netif.o [1]
netif_num               0x2000'84fb     0x1  Data  Lc  netif.o [1]
netif_set_addr           0x800'708f    0x6a  Code  Gb  netif.o [1]
netif_set_default        0x800'70f9     0x6  Code  Gb  netif.o [1]
netif_set_down           0x800'7171    0x38  Code  Gb  netif.o [1]
netif_set_link_callback
                         0x800'7221     0x8  Code  Gb  netif.o [1]
netif_set_link_down      0x800'71eb    0x36  Code  Gb  netif.o [1]
netif_set_link_up        0x800'71a9    0x42  Code  Gb  netif.o [1]
netif_set_up             0x800'70ff    0x32  Code  Gb  netif.o [1]
netmask                 0x2000'8454     0x4  Data  Gb  lwip.o [1]
next_timeout            0x2000'84d4     0x4  Data  Lc  timeouts.o [1]
obuf                    0x2000'8280    0x50  Data  Lc  xfiles.o [2]
pbuf_add_header          0x800'201d     0xa  Code  Gb  pbuf.o [1]
pbuf_add_header_impl     0x800'1f99    0x84  Code  Lc  pbuf.o [1]
pbuf_alloc               0x800'1c6d   0x1d0  Code  Gb  pbuf.o [1]
pbuf_alloc_reference     0x800'1e3d    0x58  Code  Gb  pbuf.o [1]
pbuf_alloced_custom      0x800'1e95    0x50  Code  Gb  pbuf.o [1]
pbuf_cat                 0x800'21d5    0x78  Code  Gb  pbuf.o [1]
pbuf_chain               0x800'224d    0x12  Code  Gb  pbuf.o [1]
pbuf_clen                0x800'219b    0x12  Code  Gb  pbuf.o [1]
pbuf_clone               0x800'2455    0x3a  Code  Gb  pbuf.o [1]
pbuf_copy                0x800'225f   0x13c  Code  Gb  pbuf.o [1]
pbuf_copy_partial        0x800'239b    0xb4  Code  Gb  pbuf.o [1]
pbuf_free                0x800'20c1    0xda  Code  Gb  pbuf.o [1]
pbuf_free_custom         0x800'744f    0x18  Code  Gb  ethernetif.o [1]
pbuf_free_ooseq_pending
                        0x2000'84fc     0x1  Data  Gb  pbuf.o [1]
pbuf_header_force        0x800'20b5     0xc  Code  Gb  pbuf.o [1]
pbuf_header_impl         0x800'2097    0x1e  Code  Lc  pbuf.o [1]
pbuf_init_alloced_pbuf   0x800'1c4b    0x22  Code  Lc  pbuf.o [1]
pbuf_pool_is_empty       0x800'1c41     0xa  Code  Lc  pbuf.o [1]
pbuf_realloc             0x800'1ee5    0xb4  Code  Gb  pbuf.o [1]
pbuf_ref                 0x800'21ad    0x28  Code  Gb  pbuf.o [1]
pbuf_remove_header       0x800'2027    0x70  Code  Gb  pbuf.o [1]
plug_holes               0x800'675d    0xf4  Code  Lc  mem.o [1]
printf                   0x800'1c19    0x28  Code  Gb  printf.o [2]
ptr_to_mem               0x800'6745     0xc  Code  Lc  mem.o [1]
putchar                  0x800'ec95     0xc  Code  Gb  putchar.o [2]
ram                     0x2000'8468     0x4  Data  Lc  mem.o [1]
ram_end                 0x2000'846c     0x4  Data  Lc  mem.o [1]
ram_heap                0x2000'7038   0x654  Data  Gb  mem.o [1]
rand                     0x800'6d95    0x94  Code  Gb  rand.o [2]
reassdatagrams          0x2000'844c     0x4  Data  Lc  ip4_frag.o [1]
recv_acked              0x2000'84f2     0x2  Data  Lc  tcp_in.o [1]
recv_data               0x2000'84cc     0x4  Data  Lc  tcp_in.o [1]
recv_flags              0x2000'8501     0x1  Data  Lc  tcp_in.o [1]
scalbln                  0x800'8b11          Code  Gb  ldexp.o [3]
scalblnl                 0x800'8b11          Code  Gb  ldexp.o [3]
scalbn                   0x800'8b11          Code  Gb  ldexp.o [3]
scalbnl                  0x800'8b11          Code  Gb  ldexp.o [3]
scale                    0x800'5e8f    0x46  Code  Lc  xprintffull_nomb.o [2]
sec_hand                0x2000'84e4     0x4  Data  Lc  xfail_s.o [2]
seqno                   0x2000'84c4     0x4  Data  Lc  tcp_in.o [1]
strchr                   0x800'8585          Code  Gb  strchr.o [4]
strlen                   0x800'85dd          Code  Gb  strlen.o [4]
sys_now                  0x800'7467     0x8  Code  Gb  ethernetif.o [1]
sys_timeout              0x800'53cd    0x2e  Code  Gb  timeouts.o [1]
sys_timeout_abs          0x800'5301    0x76  Code  Lc  timeouts.o [1]
sys_timeouts_init        0x800'53af    0x1e  Code  Gb  timeouts.o [1]
tcp_abandon              0x800'288b   0x10e  Code  Gb  tcp.o [1]
tcp_abort                0x800'2999     0xa  Code  Gb  tcp.o [1]
tcp_accept               0x800'367b     0xe  Code  Gb  tcp.o [1]
tcp_accept_null          0x800'2a7f    0x28  Code  Lc  tcp.o [1]
tcp_active_pcbs         0x2000'84b0     0x4  Data  Gb  tcp.o [1]
tcp_active_pcbs_changed
                        0x2000'84fd     0x1  Data  Gb  tcp.o [1]
tcp_alloc                0x800'352d    0xc0  Code  Gb  tcp.o [1]
tcp_arg                  0x800'35fb     0x8  Code  Gb  tcp.o [1]
tcp_backoff              0x800'ee8c    0x10  Data  Lc  tcp.o [1]
tcp_bind                 0x800'29a3    0xdc  Code  Gb  tcp.o [1]
tcp_bound_pcbs          0x2000'84a8     0x4  Data  Gb  tcp.o [1]
tcp_close                0x800'2855    0x36  Code  Gb  tcp.o [1]
tcp_close_shutdown       0x800'2675   0x144  Code  Lc  tcp.o [1]
tcp_close_shutdown_fin   0x800'27b9    0x9c  Code  Lc  tcp.o [1]
tcp_create_segment       0x800'3a15   0x11e  Code  Lc  tcp_out.o [1]
tcp_echoserver_accept    0x800'bb0d    0x5e  Code  Lc  tcp_echoserver.o [1]
tcp_echoserver_connection_close
                         0x800'bd5f    0x42  Code  Lc  tcp_echoserver.o [1]
tcp_echoserver_error     0x800'bc49     0xc  Code  Lc  tcp_echoserver.o [1]
tcp_echoserver_init      0x800'bacd    0x40  Code  Gb  tcp_echoserver.o [1]
tcp_echoserver_pcb      0x2000'84b8     0x4  Data  Lc  tcp_echoserver.o [1]
tcp_echoserver_poll      0x800'bc55    0x44  Code  Lc  tcp_echoserver.o [1]
tcp_echoserver_recv      0x800'bb6d    0xdc  Code  Lc  tcp_echoserver.o [1]
tcp_echoserver_send      0x800'bce5    0x7a  Code  Lc  tcp_echoserver.o [1]
tcp_echoserver_sent      0x800'bc99    0x34  Code  Lc  tcp_echoserver.o [1]
tcp_eff_send_mss_netif   0x800'3835    0x54  Code  Gb  tcp.o [1]
tcp_enqueue_flags        0x800'4589   0x186  Code  Gb  tcp_out.o [1]
tcp_err                  0x800'3653    0x26  Code  Gb  tcp.o [1]
tcp_fasttmr              0x800'31dd    0x7e  Code  Gb  tcp.o [1]
tcp_free                 0x800'258b    0x26  Code  Gb  tcp.o [1]
tcp_free_acked_segments
                         0x800'0ff9    0xae  Code  Lc  tcp_in.o [1]
tcp_free_listen          0x800'25b1    0x26  Code  Lc  tcp.o [1]
tcp_free_ooseq           0x800'39a9    0x16  Code  Gb  tcp.o [1]
tcp_get_next_optbyte     0x800'1abd    0x3a  Code  Lc  tcp_in.o [1]
tcp_handle_closepend     0x800'34f9    0x28  Code  Lc  tcp.o [1]
tcp_init                 0x800'2575    0x16  Code  Gb  tcp.o [1]
tcp_input                0x800'0189   0x5b4  Code  Gb  tcp_in.o [1]
tcp_input_delayed_close
                         0x800'073d    0x56  Code  Lc  tcp_in.o [1]
tcp_input_pcb           0x2000'84d0     0x4  Data  Gb  tcp_in.o [1]
tcp_keepalive            0x800'50e9    0x5a  Code  Gb  tcp_out.o [1]
tcp_kill_prio            0x800'33f9    0x60  Code  Lc  tcp.o [1]
tcp_kill_state           0x800'345d    0x66  Code  Lc  tcp.o [1]
tcp_kill_timewait        0x800'34c3    0x32  Code  Lc  tcp.o [1]
tcp_listen_closed        0x800'2623    0x52  Code  Lc  tcp.o [1]
tcp_listen_input         0x800'0793   0x13c  Code  Lc  tcp_in.o [1]
tcp_listen_pcbs         0x2000'84ac     0x4  Data  Gb  tcp.o [1]
tcp_listen_with_backlog
                         0x800'2aa7     0xc  Code  Gb  tcp.o [1]
tcp_listen_with_backlog_and_err
                         0x800'2ab3    0xde  Code  Gb  tcp.o [1]
tcp_netif_ip_addr_changed
                         0x800'38d1    0x48  Code  Gb  tcp.o [1]
tcp_netif_ip_addr_changed_pcblist
                         0x800'3891    0x36  Code  Lc  tcp.o [1]
tcp_new                  0x800'35f1     0xa  Code  Gb  tcp.o [1]
tcp_new_port             0x800'2c81    0x5e  Code  Lc  tcp.o [1]
tcp_next_iss             0x800'3801    0x24  Code  Gb  tcp.o [1]
tcp_next_iss::iss       0x2000'00a4     0x4  Data  Lc  tcp.o [1]
tcp_oos_insert_segment   0x800'0f49    0xa0  Code  Lc  tcp_in.o [1]
tcp_optidx              0x2000'84f0     0x2  Data  Lc  tcp_in.o [1]
tcp_output               0x800'4731   0x2b8  Code  Gb  tcp_out.o [1]
tcp_output_alloc_header
                         0x800'4e5f    0x50  Code  Lc  tcp_out.o [1]
tcp_output_alloc_header_common
                         0x800'4db1    0xae  Code  Lc  tcp_out.o [1]
tcp_output_control_segment
                         0x800'4f35    0x62  Code  Lc  tcp_out.o [1]
tcp_output_fill_options
                         0x800'4ec1    0x6e  Code  Lc  tcp_out.o [1]
tcp_output_segment       0x800'4a21   0x15c  Code  Lc  tcp_out.o [1]
tcp_output_segment_busy
                         0x800'49ed    0x2c  Code  Lc  tcp_out.o [1]
tcp_parseopt             0x800'1afd    0x9c  Code  Lc  tcp_in.o [1]
tcp_pbuf_prealloc        0x800'3b33    0xd8  Code  Lc  tcp_out.o [1]
tcp_pcb_lists            0x800'ee9c    0x10  Data  Gb  tcp.o [1]
tcp_pcb_purge            0x800'36c1    0x68  Code  Gb  tcp.o [1]
tcp_pcb_remove           0x800'3739    0xc2  Code  Gb  tcp.o [1]
tcp_persist_backoff      0x800'f070     0x8  Data  Lc  tcp.o [1]
tcp_poll                 0x800'3689    0x38  Code  Gb  tcp.o [1]
tcp_port                0x2000'00a8     0x2  Data  Lc  tcp.o [1]
tcp_process              0x800'09a1   0x58e  Code  Lc  tcp_in.o [1]
tcp_process_refused_data
                         0x800'3261    0xb0  Code  Gb  tcp.o [1]
tcp_receive              0x800'10f1   0x9cc  Code  Lc  tcp_in.o [1]
tcp_recv                 0x800'3603    0x28  Code  Gb  tcp.o [1]
tcp_recv_null            0x800'33ab    0x44  Code  Gb  tcp.o [1]
tcp_recved               0x800'2c0b    0x76  Code  Gb  tcp.o [1]
tcp_remove_listener      0x800'25f3    0x30  Code  Lc  tcp.o [1]
tcp_rexmit               0x800'4c8d    0x92  Code  Gb  tcp_out.o [1]
tcp_rexmit_fast          0x800'4d25    0x86  Code  Gb  tcp_out.o [1]
tcp_rexmit_rto           0x800'4c55    0x2e  Code  Gb  tcp_out.o [1]
tcp_rexmit_rto_commit    0x800'4c1f    0x36  Code  Gb  tcp_out.o [1]
tcp_rexmit_rto_prepare   0x800'4b89    0x96  Code  Gb  tcp_out.o [1]
tcp_route                0x800'39f9    0x1c  Code  Lc  tcp_out.o [1]
tcp_rst                  0x800'4f97    0x90  Code  Gb  tcp_out.o [1]
tcp_seg_copy             0x800'3369    0x42  Code  Gb  tcp.o [1]
tcp_seg_free             0x800'332b    0x1e  Code  Gb  tcp.o [1]
tcp_segs_free            0x800'3319    0x12  Code  Gb  tcp.o [1]
tcp_send_empty_ack       0x800'502d    0xae  Code  Gb  tcp_out.o [1]
tcp_send_fin             0x800'4513    0x5e  Code  Gb  tcp_out.o [1]
tcp_sent                 0x800'362b    0x28  Code  Gb  tcp.o [1]
tcp_setprio              0x800'3349    0x20  Code  Gb  tcp.o [1]
tcp_slowtmr              0x800'2d29   0x4a2  Code  Gb  tcp.o [1]
tcp_split_unsent_seg     0x800'430f   0x204  Code  Gb  tcp_out.o [1]
tcp_ticks               0x2000'84a4     0x4  Data  Gb  tcp.o [1]
tcp_timer               0x2000'84fe     0x1  Data  Lc  tcp.o [1]
tcp_timer_ctr           0x2000'84ff     0x1  Data  Lc  tcp.o [1]
tcp_timer_needed         0x800'52d7    0x2a  Code  Gb  timeouts.o [1]
tcp_timewait_input       0x800'08cf    0xa0  Code  Lc  tcp_in.o [1]
tcp_tmr                  0x800'25d7    0x1c  Code  Gb  tcp.o [1]
tcp_trigger_input_pcb_close
                         0x800'1b99     0xc  Code  Gb  tcp_in.o [1]
tcp_tw_pcbs             0x2000'84b4     0x4  Data  Gb  tcp.o [1]
tcp_update_rcv_ann_wnd   0x800'2b91    0x7a  Code  Gb  tcp.o [1]
tcp_write                0x800'3ccf   0x640  Code  Gb  tcp_out.o [1]
tcp_write_checks         0x800'3c0b    0xc4  Code  Lc  tcp_out.o [1]
tcp_zero_window_probe    0x800'5155    0xea  Code  Gb  tcp_out.o [1]
tcphdr                  0x2000'84bc     0x4  Data  Lc  tcp_in.o [1]
tcphdr_opt1len          0x2000'84ee     0x2  Data  Lc  tcp_in.o [1]
tcphdr_opt2             0x2000'84c0     0x4  Data  Lc  tcp_in.o [1]
tcphdr_optlen           0x2000'84ec     0x2  Data  Lc  tcp_in.o [1]
tcpip_tcp_timer          0x800'52ad    0x2a  Code  Lc  timeouts.o [1]
tcpip_tcp_timer_active  0x2000'84dc     0x4  Data  Lc  timeouts.o [1]
tcplen                  0x2000'84f4     0x2  Data  Lc  tcp_in.o [1]
udp_init                 0x800'8055    0x16  Code  Gb  udp.o [1]
udp_input                0x800'810b   0x1b4  Code  Gb  udp.o [1]
udp_input_local_match    0x800'806b    0xa0  Code  Lc  udp.o [1]
udp_netif_ip_addr_changed
                         0x800'82bf    0x32  Code  Gb  udp.o [1]
udp_pcbs                0x2000'84e0     0x4  Data  Gb  udp.o [1]
udp_port                0x2000'00aa     0x2  Data  Lc  udp.o [1]
uwTick                  0x2000'84a0     0x4  Data  Gb  stm32f4xx_hal.o [1]
uwTickFreq              0x2000'00ac     0x1  Data  Gb  stm32f4xx_hal.o [1]
uwTickPrio              0x2000'009c     0x4  Data  Gb  stm32f4xx_hal.o [1]


[1] = D:\2_Projects\Exam\CubeMx\Ethernet\Ethernet_IAP\EWARM\Ethernet_IAP\Obj
[2] = dl7M_tlf.a
[3] = m7M_tls.a
[4] = rt7M_tl.a
[5] = shb_l.a

  51 176 bytes of readonly  code memory
  10 904 bytes of readonly  data memory
  42 239 bytes of readwrite data memory

Errors: none
Warnings: none
