###############################################################################
#
# IAR ELF Linker V8.32.1.169/W32 for ARM                  20/Jun/2024  08:48:34
# Copyright 2007-2018 IAR Systems AB.
#
#    Output file  =  
#        D:\2_Projects\Exam\CubeMx\LED_blingking\LED_blinking_Uart\EWARM\LED_blinking\Exe\LED_blinking.out
#    Map file     =  
#        D:\2_Projects\Exam\CubeMx\LED_blingking\LED_blinking_Uart\EWARM\LED_blinking\List\LED_blinking.map
#    Command line =  
#        -f C:\Users\JASAN1~1\AppData\Local\Temp\EW27D2.tmp
#        (D:\2_Projects\Exam\CubeMx\LED_blingking\LED_blinking_Uart\EWARM\LED_blinking\Obj\main.o
#        D:\2_Projects\Exam\CubeMx\LED_blingking\LED_blinking_Uart\EWARM\LED_blinking\Obj\startup_stm32f407xx.o
#        D:\2_Projects\Exam\CubeMx\LED_blingking\LED_blinking_Uart\EWARM\LED_blinking\Obj\stm32f4xx_hal.o
#        D:\2_Projects\Exam\CubeMx\LED_blingking\LED_blinking_Uart\EWARM\LED_blinking\Obj\stm32f4xx_hal_cortex.o
#        D:\2_Projects\Exam\CubeMx\LED_blingking\LED_blinking_Uart\EWARM\LED_blinking\Obj\stm32f4xx_hal_dma.o
#        D:\2_Projects\Exam\CubeMx\LED_blingking\LED_blinking_Uart\EWARM\LED_blinking\Obj\stm32f4xx_hal_dma_ex.o
#        D:\2_Projects\Exam\CubeMx\LED_blingking\LED_blinking_Uart\EWARM\LED_blinking\Obj\stm32f4xx_hal_exti.o
#        D:\2_Projects\Exam\CubeMx\LED_blingking\LED_blinking_Uart\EWARM\LED_blinking\Obj\stm32f4xx_hal_flash.o
#        D:\2_Projects\Exam\CubeMx\LED_blingking\LED_blinking_Uart\EWARM\LED_blinking\Obj\stm32f4xx_hal_flash_ex.o
#        D:\2_Projects\Exam\CubeMx\LED_blingking\LED_blinking_Uart\EWARM\LED_blinking\Obj\stm32f4xx_hal_flash_ramfunc.o
#        D:\2_Projects\Exam\CubeMx\LED_blingking\LED_blinking_Uart\EWARM\LED_blinking\Obj\stm32f4xx_hal_gpio.o
#        D:\2_Projects\Exam\CubeMx\LED_blingking\LED_blinking_Uart\EWARM\LED_blinking\Obj\stm32f4xx_hal_msp.o
#        D:\2_Projects\Exam\CubeMx\LED_blingking\LED_blinking_Uart\EWARM\LED_blinking\Obj\stm32f4xx_hal_pwr.o
#        D:\2_Projects\Exam\CubeMx\LED_blingking\LED_blinking_Uart\EWARM\LED_blinking\Obj\stm32f4xx_hal_pwr_ex.o
#        D:\2_Projects\Exam\CubeMx\LED_blingking\LED_blinking_Uart\EWARM\LED_blinking\Obj\stm32f4xx_hal_rcc.o
#        D:\2_Projects\Exam\CubeMx\LED_blingking\LED_blinking_Uart\EWARM\LED_blinking\Obj\stm32f4xx_hal_rcc_ex.o
#        D:\2_Projects\Exam\CubeMx\LED_blingking\LED_blinking_Uart\EWARM\LED_blinking\Obj\stm32f4xx_hal_tim.o
#        D:\2_Projects\Exam\CubeMx\LED_blingking\LED_blinking_Uart\EWARM\LED_blinking\Obj\stm32f4xx_hal_tim_ex.o
#        D:\2_Projects\Exam\CubeMx\LED_blingking\LED_blinking_Uart\EWARM\LED_blinking\Obj\stm32f4xx_hal_uart.o
#        D:\2_Projects\Exam\CubeMx\LED_blingking\LED_blinking_Uart\EWARM\LED_blinking\Obj\stm32f4xx_it.o
#        D:\2_Projects\Exam\CubeMx\LED_blingking\LED_blinking_Uart\EWARM\LED_blinking\Obj\system_stm32f4xx.o
#        --redirect _Printf=_PrintfFullNoMb --redirect _Scanf=_ScanfFullNoMb
#        --no_out_extension -o
#        D:\2_Projects\Exam\CubeMx\LED_blingking\LED_blinking_Uart\EWARM\LED_blinking\Exe\LED_blinking.out
#        --map
#        D:\2_Projects\Exam\CubeMx\LED_blingking\LED_blinking_Uart\EWARM\LED_blinking\List\LED_blinking.map
#        --config
#        D:\2_Projects\Exam\CubeMx\LED_blingking\LED_blinking_Uart\EWARM\stm32f407xx_flash.icf
#        --semihosting --entry __iar_program_start --vfe --text_out locale)
#
###############################################################################

*******************************************************************************
*** RUNTIME MODEL ATTRIBUTES
***

CppFlavor       = *
__SystemLibrary = DLib
__dlib_version  = 6


*******************************************************************************
*** HEAP SELECTION
***

The basic heap was selected because no calls to memory allocation
functions were found in the application outside of system library
functions, and there are calls to deallocation functions in the
application.


*******************************************************************************
*** PLACEMENT SUMMARY
***

"A0":  place at 0x802'0000 { ro section .intvec };
"P1":  place in [from 0x802'0000 to 0x80f'ffff] { ro };
define block CSTACK with size = 16K, alignment = 8 { };
define block HEAP with size = 8K, alignment = 8 { };
"P2":  place in [from 0x2000'0000 to 0x2001'ffff] {
          rw, block CSTACK, block HEAP };
initialize by copy { rw };

  Section            Kind         Address    Size  Object
  -------            ----         -------    ----  ------
"A0":                                       0x188
  .intvec            ro code   0x802'0000   0x188  startup_stm32f407xx.o [1]
                             - 0x802'0188   0x188

"P1":                                      0x3526
  .text              ro code   0x802'0188   0xdf2  xprintffull_nomb.o [2]
  .text              ro code   0x802'0f7a    0x3a  zero_init3.o [4]
  .text              ro code   0x802'0fb4    0x16  strchr.o [4]
  .text              ro code   0x802'0fcc    0x40  xfail_s.o [2]
  .text              ro code   0x802'100c    0x36  strlen.o [4]
  .text              ro code   0x802'1044    0x58  memchr.o [4]
  .text              ro code   0x802'109c   0x230  I64DivMod.o [4]
  .text              ro code   0x802'12cc   0x1a2  DblMul.o [3]
  .text              ro code   0x802'1470    0xa6  ABImemcpy.o [4]
  .text              ro code   0x802'1518    0x70  frexp.o [3]
  .text              ro code   0x802'1588    0x2e  DblCmpLe.o [3]
  .text              ro code   0x802'15b8    0x2e  DblCmpGe.o [3]
  .text              ro code   0x802'15e8   0x13a  ldexp.o [3]
  .text              ro code   0x802'1724    0x3a  DblToS32.o [3]
  .text              ro code   0x802'1760    0x22  S32ToDbl.o [3]
  .text              ro code   0x802'1784    0xe2  DblSub.o [3]
  .text              ro code   0x802'1868   0x246  DblDiv.o [3]
  .text              ro code   0x802'1ab0    0x28  DblToU32.o [3]
  .text              ro code   0x802'1ad8    0x1a  U32ToDbl.o [3]
  .text              ro code   0x802'1af4     0x8  xlocale_c.o [2]
  .text              ro code   0x802'1afc     0x6  abort.o [2]
  .text              ro code   0x802'1b04     0x2  I64DivZer.o [4]
  .text              ro code   0x802'1b08   0x16a  DblAdd.o [3]
  .text              ro code   0x802'1c74    0x14  exit.o [5]
  .text              ro code   0x802'1c88   0x514  stm32f4xx_hal_uart.o [1]
  .text              ro code   0x802'219c    0xec  stm32f4xx_hal_msp.o [1]
  .text              ro code   0x802'2288     0xc  stm32f4xx_hal.o [1]
  .text              ro code   0x802'2294   0x208  stm32f4xx_hal_rcc.o [1]
  .text              ro code   0x802'249c   0x12c  stm32f4xx_hal_cortex.o [1]
  .text              ro code   0x802'25c8     0x6  ABImemclr4.o [4]
  .text              ro code   0x802'25d0   0x224  stm32f4xx_hal_gpio.o [1]
  .text              ro code   0x802'27f4    0x4c  stm32f4xx_hal.o [1]
  .text              ro code   0x802'2840    0x32  ABImemset48.o [4]
  .text              ro code   0x802'2874   0x3c4  stm32f4xx_hal_rcc.o [1]
  .text              ro code   0x802'2c38   0x35c  stm32f4xx_hal_tim.o [1]
  .text              ro code   0x802'2f94     0x2  stm32f4xx_hal_tim.o [1]
  .text              ro code   0x802'2f96     0x2  stm32f4xx_hal_tim.o [1]
  .text              ro code   0x802'2f98     0x2  stm32f4xx_hal_tim.o [1]
  .text              ro code   0x802'2f9c   0x284  main.o [1]
  .text              ro code   0x802'3220     0x2  stm32f4xx_hal_tim_ex.o [1]
  .text              ro code   0x802'3222     0x2  stm32f4xx_hal_tim.o [1]
  .text              ro code   0x802'3224     0x2  stm32f4xx_hal_tim_ex.o [1]
  .text              ro code   0x802'3228    0x34  stm32f4xx_hal.o [1]
  .text              ro code   0x802'325c    0x28  printf.o [2]
  .text              ro code   0x802'3284    0xa8  stm32f4xx_hal_tim_ex.o [1]
  .text              ro code   0x802'332c    0x38  packbits_init_single.o [4]
  .text              ro code   0x802'3364    0x28  stm32f4xx_it.o [1]
  .text              ro code   0x802'338c    0x18  stm32f4xx_hal.o [1]
  .text              ro code   0x802'33a4    0x28  data_init.o [4]
  .rodata            const     0x802'33cc    0x24  main.o [1]
  .text              ro code   0x802'33f0    0x22  fpinit_M.o [3]
  .iar.init_table    const     0x802'3414    0x20  - Linker created -
  .text              ro code   0x802'3434    0x20  system_stm32f4xx.o [1]
  .text              ro code   0x802'3454    0x1e  cmain.o [4]
  .text              ro code   0x802'3472     0x4  low_level_init.o [2]
  .text              ro code   0x802'3476     0x4  exit.o [2]
  .text              ro code   0x802'347c     0xa  cexit.o [4]
  .text              ro code   0x802'3486    0x16  xprout.o [2]
  .text              ro code   0x802'349c     0xc  putchar.o [2]
  .rodata            const     0x802'34a8    0x14  main.o [1]
  .rodata            const     0x802'34bc    0x10  main.o [1]
  .rodata            const     0x802'34cc    0x10  system_stm32f4xx.o [1]
  .text              ro code   0x802'34dc    0x10  startup_stm32f407xx.o [1]
  .text              ro code   0x802'34ec     0xc  cstartup_M.o [4]
  .rodata            const     0x802'34f8     0x8  main.o [1]
  .rodata            const     0x802'3500     0x8  system_stm32f4xx.o [1]
  .rodata            const     0x802'3508     0x4  xlocale_c.o [2]
  .text              ro code   0x802'350c     0x4  startup_stm32f407xx.o [1]
  .text              ro code   0x802'3510     0x4  startup_stm32f407xx.o [1]
  .text              ro code   0x802'3514     0x4  startup_stm32f407xx.o [1]
  .text              ro code   0x802'3518     0x4  startup_stm32f407xx.o [1]
  .text              ro code   0x802'351c     0x4  startup_stm32f407xx.o [1]
  .text              ro code   0x802'3520     0x4  startup_stm32f407xx.o [1]
  .text              ro code   0x802'3524     0x4  startup_stm32f407xx.o [1]
  .text              ro code   0x802'3528     0x4  startup_stm32f407xx.o [1]
  .text              ro code   0x802'352c     0x4  startup_stm32f407xx.o [1]
  .text              ro code   0x802'3530     0x4  startup_stm32f407xx.o [1]
  .text              ro code   0x802'3534     0x4  startup_stm32f407xx.o [1]
  .text              ro code   0x802'3538     0x4  startup_stm32f407xx.o [1]
  .text              ro code   0x802'353c     0x4  startup_stm32f407xx.o [1]
  .text              ro code   0x802'3540     0x4  startup_stm32f407xx.o [1]
  .text              ro code   0x802'3544     0x4  startup_stm32f407xx.o [1]
  .text              ro code   0x802'3548     0x4  startup_stm32f407xx.o [1]
  .text              ro code   0x802'354c     0x4  startup_stm32f407xx.o [1]
  .text              ro code   0x802'3550     0x4  startup_stm32f407xx.o [1]
  .text              ro code   0x802'3554     0x4  startup_stm32f407xx.o [1]
  .text              ro code   0x802'3558     0x4  startup_stm32f407xx.o [1]
  .text              ro code   0x802'355c     0x4  startup_stm32f407xx.o [1]
  .text              ro code   0x802'3560     0x4  startup_stm32f407xx.o [1]
  .text              ro code   0x802'3564     0x4  startup_stm32f407xx.o [1]
  .text              ro code   0x802'3568     0x4  startup_stm32f407xx.o [1]
  .text              ro code   0x802'356c     0x4  startup_stm32f407xx.o [1]
  .text              ro code   0x802'3570     0x4  startup_stm32f407xx.o [1]
  .text              ro code   0x802'3574     0x4  startup_stm32f407xx.o [1]
  .text              ro code   0x802'3578     0x4  startup_stm32f407xx.o [1]
  .text              ro code   0x802'357c     0x4  startup_stm32f407xx.o [1]
  .text              ro code   0x802'3580     0x4  startup_stm32f407xx.o [1]
  .text              ro code   0x802'3584     0x4  startup_stm32f407xx.o [1]
  .text              ro code   0x802'3588     0x4  startup_stm32f407xx.o [1]
  .text              ro code   0x802'358c     0x4  startup_stm32f407xx.o [1]
  .text              ro code   0x802'3590     0x4  startup_stm32f407xx.o [1]
  .text              ro code   0x802'3594     0x4  startup_stm32f407xx.o [1]
  .text              ro code   0x802'3598     0x4  startup_stm32f407xx.o [1]
  .text              ro code   0x802'359c     0x4  startup_stm32f407xx.o [1]
  .text              ro code   0x802'35a0     0x4  startup_stm32f407xx.o [1]
  .text              ro code   0x802'35a4     0x4  startup_stm32f407xx.o [1]
  .text              ro code   0x802'35a8     0x4  startup_stm32f407xx.o [1]
  .text              ro code   0x802'35ac     0x4  startup_stm32f407xx.o [1]
  .text              ro code   0x802'35b0     0x4  startup_stm32f407xx.o [1]
  .text              ro code   0x802'35b4     0x4  startup_stm32f407xx.o [1]
  .text              ro code   0x802'35b8     0x4  startup_stm32f407xx.o [1]
  .text              ro code   0x802'35bc     0x4  startup_stm32f407xx.o [1]
  .text              ro code   0x802'35c0     0x4  startup_stm32f407xx.o [1]
  .text              ro code   0x802'35c4     0x4  startup_stm32f407xx.o [1]
  .text              ro code   0x802'35c8     0x4  startup_stm32f407xx.o [1]
  .text              ro code   0x802'35cc     0x4  startup_stm32f407xx.o [1]
  .text              ro code   0x802'35d0     0x4  startup_stm32f407xx.o [1]
  .text              ro code   0x802'35d4     0x4  startup_stm32f407xx.o [1]
  .text              ro code   0x802'35d8     0x4  startup_stm32f407xx.o [1]
  .text              ro code   0x802'35dc     0x4  startup_stm32f407xx.o [1]
  .text              ro code   0x802'35e0     0x4  startup_stm32f407xx.o [1]
  .text              ro code   0x802'35e4     0x4  startup_stm32f407xx.o [1]
  .text              ro code   0x802'35e8     0x4  startup_stm32f407xx.o [1]
  .text              ro code   0x802'35ec     0x4  startup_stm32f407xx.o [1]
  .text              ro code   0x802'35f0     0x4  startup_stm32f407xx.o [1]
  .text              ro code   0x802'35f4     0x4  startup_stm32f407xx.o [1]
  .text              ro code   0x802'35f8     0x4  startup_stm32f407xx.o [1]
  .text              ro code   0x802'35fc     0x4  startup_stm32f407xx.o [1]
  .text              ro code   0x802'3600     0x4  startup_stm32f407xx.o [1]
  .text              ro code   0x802'3604     0x4  startup_stm32f407xx.o [1]
  .text              ro code   0x802'3608     0x4  startup_stm32f407xx.o [1]
  .text              ro code   0x802'360c     0x4  startup_stm32f407xx.o [1]
  .text              ro code   0x802'3610     0x4  startup_stm32f407xx.o [1]
  .text              ro code   0x802'3614     0x4  startup_stm32f407xx.o [1]
  .text              ro code   0x802'3618     0x4  startup_stm32f407xx.o [1]
  .text              ro code   0x802'361c     0x4  startup_stm32f407xx.o [1]
  .text              ro code   0x802'3620     0x4  startup_stm32f407xx.o [1]
  .text              ro code   0x802'3624     0x4  startup_stm32f407xx.o [1]
  .text              ro code   0x802'3628     0x4  startup_stm32f407xx.o [1]
  .text              ro code   0x802'362c     0x4  startup_stm32f407xx.o [1]
  .text              ro code   0x802'3630     0x4  startup_stm32f407xx.o [1]
  .text              ro code   0x802'3634     0x4  startup_stm32f407xx.o [1]
  .text              ro code   0x802'3638     0x4  startup_stm32f407xx.o [1]
  .text              ro code   0x802'363c     0x4  startup_stm32f407xx.o [1]
  .text              ro code   0x802'3640     0x4  startup_stm32f407xx.o [1]
  .text              ro code   0x802'3644     0x4  startup_stm32f407xx.o [1]
  .text              ro code   0x802'3648     0x4  startup_stm32f407xx.o [1]
  .rodata            const     0x802'364c     0x0  zero_init3.o [4]
  .rodata            const     0x802'364c     0x0  packbits_init_single.o [4]
  Initializer bytes  const     0x802'364c    0x62  <for P2-1>
                             - 0x802'36ae  0x3526

"P2", part 1 of 3:                           0x89
  P2-1                        0x2000'0000    0x89  <Init block>
    .data            inited   0x2000'0000     0x4  stm32f4xx_hal.o [1]
    .data            inited   0x2000'0004     0x4  system_stm32f4xx.o [1]
    .data            inited   0x2000'0008    0x38  xlocale_c.o [2]
    .data            inited   0x2000'0040    0x48  xfiles.o [2]
    .data            inited   0x2000'0088     0x1  stm32f4xx_hal.o [1]
                            - 0x2000'0089    0x89

"P2", part 2 of 3:                           0xec
  .bss               zero     0x2000'008c    0x50  xfiles.o [2]
  .bss               zero     0x2000'00dc    0x48  main.o [1]
  .bss               zero     0x2000'0124    0x48  main.o [1]
  .bss               zero     0x2000'016c     0x4  stm32f4xx_hal.o [1]
  .bss               zero     0x2000'0170     0x4  xfail_s.o [2]
  .bss               zero     0x2000'0174     0x1  main.o [1]
  .bss               zero     0x2000'0175     0x1  main.o [1]
  .bss               zero     0x2000'0176     0x1  main.o [1]
                            - 0x2000'0177    0xeb

"P2", part 3 of 3:                         0x4000
  CSTACK                      0x2000'0178  0x4000  <Block>
    CSTACK           uninit   0x2000'0178  0x4000  <Block tail>
                            - 0x2000'4178  0x4000

Unused ranges:

         From           To      Size
         ----           --      ----
   0x802'36ae   0x80f'ffff  0xd'c952
  0x2000'0089  0x2000'008b       0x3
  0x2000'4178  0x2001'ffff  0x1'be88


*******************************************************************************
*** INIT TABLE
***

          Address      Size
          -------      ----
Zero (__iar_zero_init3)
    1 destination range, total size 0xeb:
          0x2000'008c  0xeb

Copy/packbits (__iar_packbits_init_single3)
    1 source range, total size 0x62 (71% of destination):
           0x802'364c  0x62
    1 destination range, total size 0x89:
          0x2000'0000  0x89



*******************************************************************************
*** MODULE SUMMARY
***

    Module                  ro code  ro data  rw data
    ------                  -------  -------  -------
command line/config:
    -------------------------------------------------
    Total:

D:\2_Projects\Exam\CubeMx\LED_blingking\LED_blinking_Uart\EWARM\LED_blinking\Obj: [1]
    main.o                      644       80      147
    startup_stm32f407xx.o       728
    stm32f4xx_hal.o             164        3        9
    stm32f4xx_hal_cortex.o      300
    stm32f4xx_hal_gpio.o        548
    stm32f4xx_hal_msp.o         236
    stm32f4xx_hal_rcc.o       1 484
    stm32f4xx_hal_tim.o         868
    stm32f4xx_hal_tim_ex.o      172
    stm32f4xx_hal_uart.o      1 300
    stm32f4xx_it.o               40
    system_stm32f4xx.o           32       27        4
    -------------------------------------------------
    Total:                    6 516      110      160

dl7M_tlf.a: [2]
    abort.o                       6
    exit.o                        4
    low_level_init.o              4
    printf.o                     40
    putchar.o                    12
    xfail_s.o                    64                 4
    xfiles.o                              52      152
    xlocale_c.o                   8       44       56
    xprintffull_nomb.o        3 570
    xprout.o                     22
    -------------------------------------------------
    Total:                    3 730       96      212

m7M_tls.a: [3]
    DblAdd.o                    362
    DblCmpGe.o                   46
    DblCmpLe.o                   46
    DblDiv.o                    582
    DblMul.o                    418
    DblSub.o                    226
    DblToS32.o                   58
    DblToU32.o                   40
    S32ToDbl.o                   34
    U32ToDbl.o                   26
    fpinit_M.o                   34
    frexp.o                     112
    ldexp.o                     314
    -------------------------------------------------
    Total:                    2 298

rt7M_tl.a: [4]
    ABImemclr4.o                  6
    ABImemcpy.o                 166
    ABImemset48.o                50
    I64DivMod.o                 560
    I64DivZer.o                   2
    cexit.o                      10
    cmain.o                      30
    cstartup_M.o                 12
    data_init.o                  40
    memchr.o                     88
    packbits_init_single.o       56
    strchr.o                     22
    strlen.o                     54
    zero_init3.o                 58
    -------------------------------------------------
    Total:                    1 154

shb_l.a: [5]
    exit.o                       20
    -------------------------------------------------
    Total:                       20

    Gaps                         40        2
    Linker created                        32   16 384
-----------------------------------------------------
    Grand Total:             13 758      240   16 756


*******************************************************************************
*** ENTRY LIST
***

Entry                       Address   Size  Type      Object
-----                       -------   ----  ----      ------
.iar.init_table$$Base    0x802'3414          --   Gb  - Linker created -
.iar.init_table$$Limit   0x802'3434          --   Gb  - Linker created -
?main                    0x802'3455         Code  Gb  cmain.o [4]
AHBPrescTable            0x802'34cc   0x10  Data  Gb  system_stm32f4xx.o [1]
APBPrescTable            0x802'3500    0x8  Data  Gb  system_stm32f4xx.o [1]
BusFault_Handler         0x802'336b    0x2  Code  Gb  stm32f4xx_it.o [1]
CSTACK$$Base            0x2000'0178          --   Gb  - Linker created -
CSTACK$$Limit           0x2000'4178          --   Gb  - Linker created -
DebugMon_Handler         0x802'3371    0x2  Code  Gb  stm32f4xx_it.o [1]
Error_Handler            0x802'321d    0x4  Code  Gb  main.o [1]
HAL_GPIO_Init            0x802'25d1  0x1d6  Code  Gb  stm32f4xx_hal_gpio.o [1]
HAL_GPIO_WritePin        0x802'27a7   0x14  Code  Gb  stm32f4xx_hal_gpio.o [1]
HAL_GetTick              0x802'2289    0xc  Code  Wk  stm32f4xx_hal.o [1]
HAL_IncTick              0x802'338d   0x18  Code  Wk  stm32f4xx_hal.o [1]
HAL_Init                 0x802'3229   0x30  Code  Gb  stm32f4xx_hal.o [1]
HAL_InitTick             0x802'27f5   0x4c  Code  Wk  stm32f4xx_hal.o [1]
HAL_MspInit              0x802'219d   0x36  Code  Gb  stm32f4xx_hal_msp.o [1]
HAL_NVIC_EnableIRQ       0x802'2595    0xa  Code  Gb  stm32f4xx_hal_cortex.o [1]
HAL_NVIC_SetPriority     0x802'2573   0x22  Code  Gb  stm32f4xx_hal_cortex.o [1]
HAL_NVIC_SetPriorityGrouping
                         0x802'256b    0x8  Code  Gb  stm32f4xx_hal_cortex.o [1]
HAL_RCC_ClockConfig      0x802'2295  0x13a  Code  Gb  stm32f4xx_hal_rcc.o [1]
HAL_RCC_GetHCLKFreq      0x802'23cf    0x6  Code  Gb  stm32f4xx_hal_rcc.o [1]
HAL_RCC_GetPCLK1Freq     0x802'23d5   0x16  Code  Gb  stm32f4xx_hal_rcc.o [1]
HAL_RCC_GetPCLK2Freq     0x802'23eb   0x16  Code  Gb  stm32f4xx_hal_rcc.o [1]
HAL_RCC_OscConfig        0x802'2875  0x3c4  Code  Wk  stm32f4xx_hal_rcc.o [1]
HAL_SYSTICK_Config       0x802'259f    0x8  Code  Gb  stm32f4xx_hal_cortex.o [1]
HAL_TIMEx_BreakCallback
                         0x802'3221    0x2  Code  Wk  stm32f4xx_hal_tim_ex.o [1]
HAL_TIMEx_CommutCallback
                         0x802'3225    0x2  Code  Wk  stm32f4xx_hal_tim_ex.o [1]
HAL_TIMEx_MasterConfigSynchronization
                         0x802'3285   0x8c  Code  Gb  stm32f4xx_hal_tim_ex.o [1]
HAL_TIM_Base_Init        0x802'2c39   0x6e  Code  Gb  stm32f4xx_hal_tim.o [1]
HAL_TIM_Base_MspInit     0x802'21d3   0x34  Code  Gb  stm32f4xx_hal_msp.o [1]
HAL_TIM_Base_Start_IT    0x802'2ca7   0x96  Code  Gb  stm32f4xx_hal_tim.o [1]
HAL_TIM_IRQHandler       0x802'2d59  0x13e  Code  Gb  stm32f4xx_hal_tim.o [1]
HAL_TIM_PeriodElapsedCallback
                         0x802'2fcd   0x46  Code  Gb  main.o [1]
HAL_UART_Init            0x802'1c89   0x7a  Code  Gb  stm32f4xx_hal_uart.o [1]
HAL_UART_MspInit         0x802'2207   0x68  Code  Gb  stm32f4xx_hal_msp.o [1]
HAL_UART_Transmit        0x802'1d03   0xc0  Code  Gb  stm32f4xx_hal_uart.o [1]
HardFault_Handler        0x802'3367    0x2  Code  Gb  stm32f4xx_it.o [1]
LoadInt                  0x802'0337   0x7a  Code  Lc  xprintffull_nomb.o [2]
MX_GPIO_Init             0x802'317b   0x66  Code  Lc  main.o [1]
MX_TIM6_Init             0x802'30f9   0x4e  Code  Lc  main.o [1]
MX_USART1_UART_Init      0x802'3147   0x34  Code  Lc  main.o [1]
MemManage_Handler        0x802'3369    0x2  Code  Gb  stm32f4xx_it.o [1]
NMI_Handler              0x802'3365    0x2  Code  Gb  stm32f4xx_it.o [1]
NVIC_EncodePriority      0x802'2501   0x3c  Code  Lc  stm32f4xx_hal_cortex.o [1]
PendSV_Handler           0x802'3373    0x2  Code  Gb  stm32f4xx_it.o [1]
Region$$Table$$Base      0x802'3414          --   Gb  - Linker created -
Region$$Table$$Limit     0x802'3434          --   Gb  - Linker created -
SVC_Handler              0x802'336f    0x2  Code  Gb  stm32f4xx_it.o [1]
SysTick_Config           0x802'253d   0x2e  Code  Lc  stm32f4xx_hal_cortex.o [1]
SysTick_Handler          0x802'3375    0x8  Code  Gb  stm32f4xx_it.o [1]
SystemClock_Config       0x802'3059   0xa0  Code  Gb  main.o [1]
SystemCoreClock         0x2000'0004    0x4  Data  Gb  system_stm32f4xx.o [1]
SystemInit               0x802'3435   0x12  Code  Gb  system_stm32f4xx.o [1]
TIM6_DAC_IRQHandler      0x802'337d    0xa  Code  Gb  stm32f4xx_it.o [1]
TIM_Base_SetConfig       0x802'2e97   0xd0  Code  Gb  stm32f4xx_hal_tim.o [1]
UART_EndRxTransfer       0x802'1e45   0x60  Code  Lc  stm32f4xx_hal_uart.o [1]
UART_SetConfig           0x802'1ea7  0x2e6  Code  Lc  stm32f4xx_hal_uart.o [1]
UART_WaitOnFlagUntilTimeout
                         0x802'1dc3   0x82  Code  Lc  stm32f4xx_hal_uart.o [1]
UsageFault_Handler       0x802'336d    0x2  Code  Gb  stm32f4xx_it.o [1]
_GenldFullNoMb           0x802'0c79  0x274  Code  Lc  xprintffull_nomb.o [2]
_LdtobFullNoMb           0x802'0875  0x3d6  Code  Lc  xprintffull_nomb.o [2]
_LitobFullNoMb           0x802'0725  0x10a  Code  Lc  xprintffull_nomb.o [2]
_Locale_lconv           0x2000'0008   0x38  Data  Lc  xlocale_c.o [2]
_PrintfFullNoMb          0x802'0189  0x19e  Code  Gb  xprintffull_nomb.o [2]
_Prout                   0x802'3487   0x16  Code  Gb  xprout.o [2]
_PutcharsFullNoMb        0x802'0eed   0x2e  Code  Lc  xprintffull_nomb.o [2]
_PutfldFullNoMb          0x802'03b1  0x268  Code  Lc  xprintffull_nomb.o [2]
_PuttxtFullNoMb          0x802'0619  0x10c  Code  Lc  xprintffull_nomb.o [2]
__NVIC_EnableIRQ         0x802'24c1   0x1c  Code  Lc  stm32f4xx_hal_cortex.o [1]
__NVIC_GetPriorityGrouping
                         0x802'24b7    0xa  Code  Lc  stm32f4xx_hal_cortex.o [1]
__NVIC_SetPriority       0x802'24dd   0x24  Code  Lc  stm32f4xx_hal_cortex.o [1]
__NVIC_SetPriorityGrouping
                         0x802'249d   0x1a  Code  Lc  stm32f4xx_hal_cortex.o [1]
__aeabi_cdcmple          0x802'1589         Code  Gb  DblCmpLe.o [3]
__aeabi_cdrcmple         0x802'15b9         Code  Gb  DblCmpGe.o [3]
__aeabi_d2iz             0x802'1725         Code  Gb  DblToS32.o [3]
__aeabi_d2uiz            0x802'1ab1         Code  Gb  DblToU32.o [3]
__aeabi_ddiv             0x802'1869         Code  Gb  DblDiv.o [3]
__aeabi_dmul             0x802'12cd         Code  Gb  DblMul.o [3]
__aeabi_dsub             0x802'1785         Code  Gb  DblSub.o [3]
__aeabi_i2d              0x802'1761         Code  Gb  S32ToDbl.o [3]
__aeabi_ldiv0            0x802'1b05         Code  Gb  I64DivZer.o [4]
__aeabi_memclr4          0x802'25c9         Code  Gb  ABImemclr4.o [4]
__aeabi_memcpy           0x802'1471         Code  Gb  ABImemcpy.o [4]
__aeabi_memcpy4          0x802'1491         Code  Gb  ABImemcpy.o [4]
__aeabi_memcpy8          0x802'1491         Code  Gb  ABImemcpy.o [4]
__aeabi_ui2d             0x802'1ad9         Code  Gb  U32ToDbl.o [3]
__aeabi_uldivmod         0x802'109d         Code  Gb  I64DivMod.o [4]
__cmain                  0x802'3455         Code  Gb  cmain.o [4]
__exit                   0x802'1c75   0x14  Code  Gb  exit.o [5]
__iar_Fail_s             0x802'0fcd   0x1c  Code  Gb  xfail_s.o [2]
__iar_Memchr             0x802'1045         Code  Gb  memchr.o [4]
__iar_Memset4_word       0x802'2841         Code  Gb  ABImemset48.o [4]
__iar_Memset8_word       0x802'2841         Code  Gb  ABImemset48.o [4]
__iar_Stdout            0x2000'0040   0x48  Data  Gb  xfiles.o [2]
__iar_Strchr             0x802'0fb5         Code  Gb  strchr.o [4]
__iar_dadd               0x802'1795         Code  Gb  DblSub.o [3]
__iar_data_init3         0x802'33a5   0x28  Code  Gb  data_init.o [4]
__iar_dsub               0x802'1b09         Code  Gb  DblAdd.o [3]
__iar_dsubStart          0x802'1b1b         Code  Gb  DblAdd.o [3]
__iar_frexp              0x802'1525         Code  Gb  frexp.o [3]
__iar_frexpl             0x802'1525         Code  Gb  frexp.o [3]
__iar_init_vfp           0x802'33f1         Code  Gb  fpinit_M.o [3]
__iar_ldexp64            0x802'15e9         Code  Gb  ldexp.o [3]
__iar_packbits_init_single3
                         0x802'332d   0x38  Code  Gb  packbits_init_single.o [4]
__iar_program_start      0x802'34ed         Code  Gb  cstartup_M.o [4]
__iar_scalbln64          0x802'15e9         Code  Gb  ldexp.o [3]
__iar_scalbn64           0x802'15e9         Code  Gb  ldexp.o [3]
__iar_softfp___iar_frexp64
                         0x802'1519         Code  Gb  frexp.o [3]
__iar_softfp_frexp       0x802'1519         Code  Gb  frexp.o [3]
__iar_softfp_frexpl      0x802'1519         Code  Gb  frexp.o [3]
__iar_zero_init3         0x802'0f7b   0x3a  Code  Gb  zero_init3.o [4]
__low_level_init         0x802'3473    0x4  Code  Gb  low_level_init.o [2]
__vector_table           0x802'0000         Data  Gb  startup_stm32f407xx.o [1]
_call_main               0x802'3461         Code  Gb  cmain.o [4]
_exit                    0x802'347d         Code  Gb  cexit.o [4]
_main                    0x802'346f         Code  Gb  cmain.o [4]
abort                    0x802'1afd    0x6  Code  Gb  abort.o [2]
exit                     0x802'3477    0x4  Code  Gb  exit.o [2]
fputc                    0x802'2f9d   0x30  Code  Gb  main.o [1]
g1secCnt                0x2000'0175    0x1  Data  Gb  main.o [1]
gSec                    0x2000'0176    0x1  Data  Gb  main.o [1]
gToggle                 0x2000'0174    0x1  Data  Gb  main.o [1]
htim6                   0x2000'00dc   0x48  Data  Gb  main.o [1]
huart1                  0x2000'0124   0x48  Data  Gb  main.o [1]
ldexp                    0x802'15e9         Code  Gb  ldexp.o [3]
ldexpl                   0x802'15e9         Code  Gb  ldexp.o [3]
localeconv               0x802'1af5    0x4  Code  Gb  xlocale_c.o [2]
main                     0x802'3013   0x46  Code  Gb  main.o [1]
memchr                   0x802'1045         Code  Gb  memchr.o [4]
obuf                    0x2000'008c   0x50  Data  Lc  xfiles.o [2]
printf                   0x802'325d   0x28  Code  Gb  printf.o [2]
putchar                  0x802'349d    0xc  Code  Gb  putchar.o [2]
scalbln                  0x802'15e9         Code  Gb  ldexp.o [3]
scalblnl                 0x802'15e9         Code  Gb  ldexp.o [3]
scalbn                   0x802'15e9         Code  Gb  ldexp.o [3]
scalbnl                  0x802'15e9         Code  Gb  ldexp.o [3]
scale                    0x802'082f   0x46  Code  Lc  xprintffull_nomb.o [2]
sec_hand                0x2000'0170    0x4  Data  Lc  xfail_s.o [2]
strchr                   0x802'0fb5         Code  Gb  strchr.o [4]
strlen                   0x802'100d         Code  Gb  strlen.o [4]
uwTick                  0x2000'016c    0x4  Data  Gb  stm32f4xx_hal.o [1]
uwTickFreq              0x2000'0088    0x1  Data  Gb  stm32f4xx_hal.o [1]
uwTickPrio              0x2000'0000    0x4  Data  Gb  stm32f4xx_hal.o [1]


[1] = D:\2_Projects\Exam\CubeMx\LED_blingking\LED_blinking_Uart\EWARM\LED_blinking\Obj
[2] = dl7M_tlf.a
[3] = m7M_tls.a
[4] = rt7M_tl.a
[5] = shb_l.a

  13 758 bytes of readonly  code memory
     240 bytes of readonly  data memory
  16 756 bytes of readwrite data memory

Errors: none
Warnings: none
