###############################################################################
#
# IAR ELF Linker V8.32.1.169/W32 for ARM                  07/Aug/2024  14:46:47
# Copyright 2007-2018 IAR Systems AB.
#
#    Output file  =  
#        D:\2_Projects\Exam\CubeMx\ETH\ETH_Ping\EWARM\ETH_Ping\Exe\ETH_Ping.out
#    Map file     =  
#        D:\2_Projects\Exam\CubeMx\ETH\ETH_Ping\EWARM\ETH_Ping\List\ETH_Ping.map
#    Command line =  
#        -f C:\Users\JASAN1~1\AppData\Local\Temp\EWB58C.tmp
#        (D:\2_Projects\Exam\CubeMx\ETH\ETH_Ping\EWARM\ETH_Ping\Obj\altcp.o
#        D:\2_Projects\Exam\CubeMx\ETH\ETH_Ping\EWARM\ETH_Ping\Obj\altcp_alloc.o
#        D:\2_Projects\Exam\CubeMx\ETH\ETH_Ping\EWARM\ETH_Ping\Obj\altcp_tcp.o
#        D:\2_Projects\Exam\CubeMx\ETH\ETH_Ping\EWARM\ETH_Ping\Obj\api_lib.o
#        D:\2_Projects\Exam\CubeMx\ETH\ETH_Ping\EWARM\ETH_Ping\Obj\api_msg.o
#        D:\2_Projects\Exam\CubeMx\ETH\ETH_Ping\EWARM\ETH_Ping\Obj\auth.o
#        D:\2_Projects\Exam\CubeMx\ETH\ETH_Ping\EWARM\ETH_Ping\Obj\autoip.o
#        D:\2_Projects\Exam\CubeMx\ETH\ETH_Ping\EWARM\ETH_Ping\Obj\bridgeif.o
#        D:\2_Projects\Exam\CubeMx\ETH\ETH_Ping\EWARM\ETH_Ping\Obj\bridgeif_fdb.o
#        D:\2_Projects\Exam\CubeMx\ETH\ETH_Ping\EWARM\ETH_Ping\Obj\ccp.o
#        D:\2_Projects\Exam\CubeMx\ETH\ETH_Ping\EWARM\ETH_Ping\Obj\chap-md5.o
#        D:\2_Projects\Exam\CubeMx\ETH\ETH_Ping\EWARM\ETH_Ping\Obj\chap-new.o
#        D:\2_Projects\Exam\CubeMx\ETH\ETH_Ping\EWARM\ETH_Ping\Obj\chap_ms.o
#        D:\2_Projects\Exam\CubeMx\ETH\ETH_Ping\EWARM\ETH_Ping\Obj\def.o
#        D:\2_Projects\Exam\CubeMx\ETH\ETH_Ping\EWARM\ETH_Ping\Obj\demand.o
#        D:\2_Projects\Exam\CubeMx\ETH\ETH_Ping\EWARM\ETH_Ping\Obj\dhcp.o
#        D:\2_Projects\Exam\CubeMx\ETH\ETH_Ping\EWARM\ETH_Ping\Obj\dhcp6.o
#        D:\2_Projects\Exam\CubeMx\ETH\ETH_Ping\EWARM\ETH_Ping\Obj\dns.o
#        D:\2_Projects\Exam\CubeMx\ETH\ETH_Ping\EWARM\ETH_Ping\Obj\dp83848.o
#        D:\2_Projects\Exam\CubeMx\ETH\ETH_Ping\EWARM\ETH_Ping\Obj\eap.o
#        D:\2_Projects\Exam\CubeMx\ETH\ETH_Ping\EWARM\ETH_Ping\Obj\ecp.o
#        D:\2_Projects\Exam\CubeMx\ETH\ETH_Ping\EWARM\ETH_Ping\Obj\err.o
#        D:\2_Projects\Exam\CubeMx\ETH\ETH_Ping\EWARM\ETH_Ping\Obj\etharp.o
#        D:\2_Projects\Exam\CubeMx\ETH\ETH_Ping\EWARM\ETH_Ping\Obj\ethernet.o
#        D:\2_Projects\Exam\CubeMx\ETH\ETH_Ping\EWARM\ETH_Ping\Obj\ethernetif.o
#        D:\2_Projects\Exam\CubeMx\ETH\ETH_Ping\EWARM\ETH_Ping\Obj\ethip6.o
#        D:\2_Projects\Exam\CubeMx\ETH\ETH_Ping\EWARM\ETH_Ping\Obj\eui64.o
#        D:\2_Projects\Exam\CubeMx\ETH\ETH_Ping\EWARM\ETH_Ping\Obj\fsm.o
#        D:\2_Projects\Exam\CubeMx\ETH\ETH_Ping\EWARM\ETH_Ping\Obj\icmp.o
#        D:\2_Projects\Exam\CubeMx\ETH\ETH_Ping\EWARM\ETH_Ping\Obj\icmp6.o
#        D:\2_Projects\Exam\CubeMx\ETH\ETH_Ping\EWARM\ETH_Ping\Obj\if_api.o
#        D:\2_Projects\Exam\CubeMx\ETH\ETH_Ping\EWARM\ETH_Ping\Obj\igmp.o
#        D:\2_Projects\Exam\CubeMx\ETH\ETH_Ping\EWARM\ETH_Ping\Obj\inet6.o
#        D:\2_Projects\Exam\CubeMx\ETH\ETH_Ping\EWARM\ETH_Ping\Obj\inet_chksum.o
#        D:\2_Projects\Exam\CubeMx\ETH\ETH_Ping\EWARM\ETH_Ping\Obj\init.o
#        D:\2_Projects\Exam\CubeMx\ETH\ETH_Ping\EWARM\ETH_Ping\Obj\ip.o
#        D:\2_Projects\Exam\CubeMx\ETH\ETH_Ping\EWARM\ETH_Ping\Obj\ip4.o
#        D:\2_Projects\Exam\CubeMx\ETH\ETH_Ping\EWARM\ETH_Ping\Obj\ip4_addr.o
#        D:\2_Projects\Exam\CubeMx\ETH\ETH_Ping\EWARM\ETH_Ping\Obj\ip4_frag.o
#        D:\2_Projects\Exam\CubeMx\ETH\ETH_Ping\EWARM\ETH_Ping\Obj\ip6.o
#        D:\2_Projects\Exam\CubeMx\ETH\ETH_Ping\EWARM\ETH_Ping\Obj\ip6_addr.o
#        D:\2_Projects\Exam\CubeMx\ETH\ETH_Ping\EWARM\ETH_Ping\Obj\ip6_frag.o
#        D:\2_Projects\Exam\CubeMx\ETH\ETH_Ping\EWARM\ETH_Ping\Obj\ipcp.o
#        D:\2_Projects\Exam\CubeMx\ETH\ETH_Ping\EWARM\ETH_Ping\Obj\ipv6cp.o
#        D:\2_Projects\Exam\CubeMx\ETH\ETH_Ping\EWARM\ETH_Ping\Obj\lcp.o
#        D:\2_Projects\Exam\CubeMx\ETH\ETH_Ping\EWARM\ETH_Ping\Obj\lowpan6.o
#        D:\2_Projects\Exam\CubeMx\ETH\ETH_Ping\EWARM\ETH_Ping\Obj\lowpan6_ble.o
#        D:\2_Projects\Exam\CubeMx\ETH\ETH_Ping\EWARM\ETH_Ping\Obj\lowpan6_common.o
#        D:\2_Projects\Exam\CubeMx\ETH\ETH_Ping\EWARM\ETH_Ping\Obj\lwip.o
#        D:\2_Projects\Exam\CubeMx\ETH\ETH_Ping\EWARM\ETH_Ping\Obj\magic.o
#        D:\2_Projects\Exam\CubeMx\ETH\ETH_Ping\EWARM\ETH_Ping\Obj\main.o
#        D:\2_Projects\Exam\CubeMx\ETH\ETH_Ping\EWARM\ETH_Ping\Obj\mem.o
#        D:\2_Projects\Exam\CubeMx\ETH\ETH_Ping\EWARM\ETH_Ping\Obj\memp.o
#        D:\2_Projects\Exam\CubeMx\ETH\ETH_Ping\EWARM\ETH_Ping\Obj\mld6.o
#        D:\2_Projects\Exam\CubeMx\ETH\ETH_Ping\EWARM\ETH_Ping\Obj\mppe.o
#        D:\2_Projects\Exam\CubeMx\ETH\ETH_Ping\EWARM\ETH_Ping\Obj\mqtt.o
#        D:\2_Projects\Exam\CubeMx\ETH\ETH_Ping\EWARM\ETH_Ping\Obj\multilink.o
#        D:\2_Projects\Exam\CubeMx\ETH\ETH_Ping\EWARM\ETH_Ping\Obj\nd6.o
#        D:\2_Projects\Exam\CubeMx\ETH\ETH_Ping\EWARM\ETH_Ping\Obj\netbuf.o
#        D:\2_Projects\Exam\CubeMx\ETH\ETH_Ping\EWARM\ETH_Ping\Obj\netdb.o
#        D:\2_Projects\Exam\CubeMx\ETH\ETH_Ping\EWARM\ETH_Ping\Obj\netif.o
#        D:\2_Projects\Exam\CubeMx\ETH\ETH_Ping\EWARM\ETH_Ping\Obj\netifapi.o
#        D:\2_Projects\Exam\CubeMx\ETH\ETH_Ping\EWARM\ETH_Ping\Obj\pbuf.o
#        D:\2_Projects\Exam\CubeMx\ETH\ETH_Ping\EWARM\ETH_Ping\Obj\ppp.o
#        D:\2_Projects\Exam\CubeMx\ETH\ETH_Ping\EWARM\ETH_Ping\Obj\pppapi.o
#        D:\2_Projects\Exam\CubeMx\ETH\ETH_Ping\EWARM\ETH_Ping\Obj\pppcrypt.o
#        D:\2_Projects\Exam\CubeMx\ETH\ETH_Ping\EWARM\ETH_Ping\Obj\pppoe.o
#        D:\2_Projects\Exam\CubeMx\ETH\ETH_Ping\EWARM\ETH_Ping\Obj\pppol2tp.o
#        D:\2_Projects\Exam\CubeMx\ETH\ETH_Ping\EWARM\ETH_Ping\Obj\pppos.o
#        D:\2_Projects\Exam\CubeMx\ETH\ETH_Ping\EWARM\ETH_Ping\Obj\raw.o
#        D:\2_Projects\Exam\CubeMx\ETH\ETH_Ping\EWARM\ETH_Ping\Obj\slipif.o
#        D:\2_Projects\Exam\CubeMx\ETH\ETH_Ping\EWARM\ETH_Ping\Obj\sockets.o
#        D:\2_Projects\Exam\CubeMx\ETH\ETH_Ping\EWARM\ETH_Ping\Obj\startup_stm32f407xx.o
#        D:\2_Projects\Exam\CubeMx\ETH\ETH_Ping\EWARM\ETH_Ping\Obj\stats.o
#        D:\2_Projects\Exam\CubeMx\ETH\ETH_Ping\EWARM\ETH_Ping\Obj\stm32f4xx_hal.o
#        D:\2_Projects\Exam\CubeMx\ETH\ETH_Ping\EWARM\ETH_Ping\Obj\stm32f4xx_hal_cortex.o
#        D:\2_Projects\Exam\CubeMx\ETH\ETH_Ping\EWARM\ETH_Ping\Obj\stm32f4xx_hal_dma.o
#        D:\2_Projects\Exam\CubeMx\ETH\ETH_Ping\EWARM\ETH_Ping\Obj\stm32f4xx_hal_dma_ex.o
#        D:\2_Projects\Exam\CubeMx\ETH\ETH_Ping\EWARM\ETH_Ping\Obj\stm32f4xx_hal_eth.o
#        D:\2_Projects\Exam\CubeMx\ETH\ETH_Ping\EWARM\ETH_Ping\Obj\stm32f4xx_hal_exti.o
#        D:\2_Projects\Exam\CubeMx\ETH\ETH_Ping\EWARM\ETH_Ping\Obj\stm32f4xx_hal_flash.o
#        D:\2_Projects\Exam\CubeMx\ETH\ETH_Ping\EWARM\ETH_Ping\Obj\stm32f4xx_hal_flash_ex.o
#        D:\2_Projects\Exam\CubeMx\ETH\ETH_Ping\EWARM\ETH_Ping\Obj\stm32f4xx_hal_flash_ramfunc.o
#        D:\2_Projects\Exam\CubeMx\ETH\ETH_Ping\EWARM\ETH_Ping\Obj\stm32f4xx_hal_gpio.o
#        D:\2_Projects\Exam\CubeMx\ETH\ETH_Ping\EWARM\ETH_Ping\Obj\stm32f4xx_hal_msp.o
#        D:\2_Projects\Exam\CubeMx\ETH\ETH_Ping\EWARM\ETH_Ping\Obj\stm32f4xx_hal_pwr.o
#        D:\2_Projects\Exam\CubeMx\ETH\ETH_Ping\EWARM\ETH_Ping\Obj\stm32f4xx_hal_pwr_ex.o
#        D:\2_Projects\Exam\CubeMx\ETH\ETH_Ping\EWARM\ETH_Ping\Obj\stm32f4xx_hal_rcc.o
#        D:\2_Projects\Exam\CubeMx\ETH\ETH_Ping\EWARM\ETH_Ping\Obj\stm32f4xx_hal_rcc_ex.o
#        D:\2_Projects\Exam\CubeMx\ETH\ETH_Ping\EWARM\ETH_Ping\Obj\stm32f4xx_hal_tim.o
#        D:\2_Projects\Exam\CubeMx\ETH\ETH_Ping\EWARM\ETH_Ping\Obj\stm32f4xx_hal_tim_ex.o
#        D:\2_Projects\Exam\CubeMx\ETH\ETH_Ping\EWARM\ETH_Ping\Obj\stm32f4xx_hal_uart.o
#        D:\2_Projects\Exam\CubeMx\ETH\ETH_Ping\EWARM\ETH_Ping\Obj\stm32f4xx_it.o
#        D:\2_Projects\Exam\CubeMx\ETH\ETH_Ping\EWARM\ETH_Ping\Obj\sys.o
#        D:\2_Projects\Exam\CubeMx\ETH\ETH_Ping\EWARM\ETH_Ping\Obj\system_stm32f4xx.o
#        D:\2_Projects\Exam\CubeMx\ETH\ETH_Ping\EWARM\ETH_Ping\Obj\tcp.o
#        D:\2_Projects\Exam\CubeMx\ETH\ETH_Ping\EWARM\ETH_Ping\Obj\tcp_in.o
#        D:\2_Projects\Exam\CubeMx\ETH\ETH_Ping\EWARM\ETH_Ping\Obj\tcp_out.o
#        D:\2_Projects\Exam\CubeMx\ETH\ETH_Ping\EWARM\ETH_Ping\Obj\tcpip.o
#        D:\2_Projects\Exam\CubeMx\ETH\ETH_Ping\EWARM\ETH_Ping\Obj\timeouts.o
#        D:\2_Projects\Exam\CubeMx\ETH\ETH_Ping\EWARM\ETH_Ping\Obj\udp.o
#        D:\2_Projects\Exam\CubeMx\ETH\ETH_Ping\EWARM\ETH_Ping\Obj\upap.o
#        D:\2_Projects\Exam\CubeMx\ETH\ETH_Ping\EWARM\ETH_Ping\Obj\utils.o
#        D:\2_Projects\Exam\CubeMx\ETH\ETH_Ping\EWARM\ETH_Ping\Obj\vj.o
#        D:\2_Projects\Exam\CubeMx\ETH\ETH_Ping\EWARM\ETH_Ping\Obj\zepif.o
#        --redirect _Printf=_PrintfFullNoMb --redirect _Scanf=_ScanfFullNoMb
#        --no_out_extension -o
#        D:\2_Projects\Exam\CubeMx\ETH\ETH_Ping\EWARM\ETH_Ping\Exe\ETH_Ping.out
#        --map
#        D:\2_Projects\Exam\CubeMx\ETH\ETH_Ping\EWARM\ETH_Ping\List\ETH_Ping.map
#        --config "C:\Program Files (x86)\IAR Systems\Embedded Workbench
#        8.2\arm\config\linker\ST\stm32f407xG.icf" --semihosting --entry
#        __iar_program_start --vfe --text_out locale)
#
###############################################################################

*******************************************************************************
*** RUNTIME MODEL ATTRIBUTES
***

CppFlavor       = *
__SystemLibrary = DLib
__dlib_version  = 6


*******************************************************************************
*** HEAP SELECTION
***

The basic heap was selected because no calls to memory allocation
functions were found in the application outside of system library
functions, and there are calls to deallocation functions in the
application.


*******************************************************************************
*** PLACEMENT SUMMARY
***

"A0":  place at 0x800'0000 { ro section .intvec };
"P1":  place in [from 0x800'0000 to 0x80f'ffff] { ro };
define block CSTACK with size = 8K, alignment = 8 { };
"P3":  place in [from 0x1000'0000 to 0x1000'ffff] {
          block CSTACK, section .ccram };
define block HEAP with size = 8K, alignment = 8 { };
"P4":  place in [from 0x2000'0000 to 0x2001'bfff] |
                [from 0x2001'c000 to 0x2001'ffff] { rw, block HEAP };
initialize by copy { rw };

No sections matched the following patterns:

  ro section application_specific_ro  in "P2"
  section .backup_sram                in "P5"
  section .ccram                      in "P3"


  Section            Kind         Address    Size  Object
  -------            ----         -------    ----  ------
"A0":                                       0x188
  .intvec            ro code   0x800'0000   0x188  startup_stm32f407xx.o [1]
                             - 0x800'0188   0x188

"P1":                                      0xdb34
  .text              ro code   0x800'0188  0x1a90  tcp_in.o [1]
  .text              ro code   0x800'1c18    0x28  printf.o [2]
  .text              ro code   0x800'1c40   0x8d4  pbuf.o [1]
  .text              ro code   0x800'2514    0x4c  ip4_addr.o [1]
  .text              ro code   0x800'2560    0x2c  def.o [1]
  .text              ro code   0x800'258c  0x10da  tcp.o [1]
  .text              ro code   0x800'3666    0x3a  zero_init3.o [4]
  .text              ro code   0x800'36a0  0x108c  tcp_out.o [1]
  .text              ro code   0x800'472c   0x1cc  timeouts.o [1]
  .text              ro code   0x800'48f8   0x3bc  ip4.o [1]
  .text              ro code   0x800'4cb4   0xdf2  xprintffull_nomb.o [2]
  .text              ro code   0x800'5aa8   0x168  memp.o [1]
  .text              ro code   0x800'5c10   0x5a8  mem.o [1]
  .text              ro code   0x800'61b8    0xa6  ABImemcpy.o [4]
  .text              ro code   0x800'6260    0xa4  rand.o [2]
  .text              ro code   0x800'6304    0x66  ABImemset.o [4]
  .text              ro code   0x800'636c   0x3fc  netif.o [1]
  .text              ro code   0x800'6768   0x50e  ethernetif.o [1]
  .text              ro code   0x800'6c78   0x964  ip4_frag.o [1]
  .text              ro code   0x800'75dc   0x2c4  udp.o [1]
  .text              ro code   0x800'78a0   0x26c  icmp.o [1]
  .text              ro code   0x800'7b0c    0x16  strchr.o [4]
  .text              ro code   0x800'7b24    0x40  xfail_s.o [2]
  .text              ro code   0x800'7b64    0x36  strlen.o [4]
  .text              ro code   0x800'7b9c    0x58  memchr.o [4]
  .text              ro code   0x800'7bf4   0x230  I64DivMod.o [4]
  .text              ro code   0x800'7e24   0x1a2  DblMul.o [3]
  .text              ro code   0x800'7fc8    0x70  frexp.o [3]
  .text              ro code   0x800'8038    0x2e  DblCmpLe.o [3]
  .text              ro code   0x800'8068    0x2e  DblCmpGe.o [3]
  .text              ro code   0x800'8098   0x13a  ldexp.o [3]
  .text              ro code   0x800'81d4    0x3a  DblToS32.o [3]
  .text              ro code   0x800'8210    0x22  S32ToDbl.o [3]
  .text              ro code   0x800'8234    0xe2  DblSub.o [3]
  .text              ro code   0x800'8318   0x246  DblDiv.o [3]
  .text              ro code   0x800'8560    0x28  DblToU32.o [3]
  .text              ro code   0x800'8588    0x1a  U32ToDbl.o [3]
  .text              ro code   0x800'85a4     0x8  xlocale_c.o [2]
  .text              ro code   0x800'85ac   0xa88  etharp.o [1]
  .text              ro code   0x800'9034   0xbf2  stm32f4xx_hal_eth.o [1]
  .text              ro code   0x800'9c26   0x1d0  dp83848.o [1]
  .text              ro code   0x800'9df8   0x234  main.o [1]
  .text              ro code   0x800'a02c     0x6  ABImemclr4.o [4]
  .text              ro code   0x800'a034     0xc  stm32f4xx_hal.o [1]
  .text              ro code   0x800'a040   0x224  stm32f4xx_hal_gpio.o [1]
  .text              ro code   0x800'a264     0x6  abort.o [2]
  .text              ro code   0x800'a26c     0x2  I64DivZer.o [4]
  .text              ro code   0x800'a270   0x16a  DblAdd.o [3]
  .text              ro code   0x800'a3dc   0x12c  ethernet.o [1]
  .text              ro code   0x800'a508    0x28  stm32f4xx_hal.o [1]
  .text              ro code   0x800'a530   0x2b0  stm32f4xx_hal_rcc.o [1]
  .text              ro code   0x800'a7e0   0x514  stm32f4xx_hal_uart.o [1]
  .text              ro code   0x800'acf4    0x34  stm32f4xx_hal.o [1]
  .text              ro code   0x800'ad28   0x12c  lwip.o [1]
  .text              ro code   0x800'ae54   0x3c4  stm32f4xx_hal_rcc.o [1]
  .text              ro code   0x800'b218    0x32  ABImemset48.o [4]
  .text              ro code   0x800'b24c    0x14  exit.o [5]
  .text              ro code   0x800'b260    0x68  memcmp.o [4]
  .text              ro code   0x800'b2c8    0x4c  stm32f4xx_hal.o [1]
  .text              ro code   0x800'b314    0xb4  stm32f4xx_hal_msp.o [1]
  .text              ro code   0x800'b3c8   0x100  stm32f4xx_hal_cortex.o [1]
  .text              ro code   0x800'b4c8    0x44  init.o [1]
  .rodata            const     0x800'b50c    0x60  ip4_frag.o [1]
  .rodata            const     0x800'b56c    0x5c  etharp.o [1]
  .rodata            const     0x800'b5c8    0x5c  ethernet.o [1]
  .rodata            const     0x800'b624    0x5c  icmp.o [1]
  .rodata            const     0x800'b680    0x58  ip4.o [1]
  .rodata            const     0x800'b6d8    0x58  netif.o [1]
  .rodata            const     0x800'b730    0x58  tcp_in.o [1]
  .rodata            const     0x800'b788    0x58  tcp_out.o [1]
  .rodata            const     0x800'b7e0    0x58  tcp_out.o [1]
  .rodata            const     0x800'b838    0x58  timeouts.o [1]
  .rodata            const     0x800'b890    0x54  init.o [1]
  .rodata            const     0x800'b8e4    0x54  mem.o [1]
  .rodata            const     0x800'b938    0x54  memp.o [1]
  .rodata            const     0x800'b98c    0x54  pbuf.o [1]
  .rodata            const     0x800'b9e0    0x54  tcp.o [1]
  .rodata            const     0x800'ba34    0x54  udp.o [1]
  .rodata            const     0x800'ba88    0x44  etharp.o [1]
  .rodata            const     0x800'bacc    0x44  init.o [1]
  .rodata            const     0x800'bb10    0x40  etharp.o [1]
  .rodata            const     0x800'bb50    0x40  ethernetif.o [1]
  .rodata            const     0x800'bb90    0x40  timeouts.o [1]
  .rodata            const     0x800'bbd0    0x3c  tcp_in.o [1]
  .rodata            const     0x800'bc0c    0x3c  tcp_out.o [1]
  .rodata            const     0x800'bc48    0x38  icmp.o [1]
  .rodata            const     0x800'bc80    0x38  ip4_frag.o [1]
  .rodata            const     0x800'bcb8    0x38  pbuf.o [1]
  .rodata            const     0x800'bcf0    0x38  tcp.o [1]
  .rodata            const     0x800'bd28    0x38  tcp_in.o [1]
  .rodata            const     0x800'bd60    0x38  timeouts.o [1]
  .rodata            const     0x800'bd98    0x34  etharp.o [1]
  .rodata            const     0x800'bdcc    0x34  ethernet.o [1]
  .rodata            const     0x800'be00    0x34  icmp.o [1]
  .rodata            const     0x800'be34    0x34  mem.o [1]
  .rodata            const     0x800'be68    0x34  pbuf.o [1]
  .rodata            const     0x800'be9c    0x34  tcp.o [1]
  .rodata            const     0x800'bed0    0x34  tcp.o [1]
  .rodata            const     0x800'bf04    0x34  tcp.o [1]
  .rodata            const     0x800'bf38    0x30  etharp.o [1]
  .rodata            const     0x800'bf68    0x30  ip4.o [1]
  .rodata            const     0x800'bf98    0x30  mem.o [1]
  .rodata            const     0x800'bfc8    0x30  mem.o [1]
  .rodata            const     0x800'bff8    0x30  netif.o [1]
  .rodata            const     0x800'c028    0x30  pbuf.o [1]
  .rodata            const     0x800'c058    0x30  pbuf.o [1]
  .rodata            const     0x800'c088    0x30  pbuf.o [1]
  .rodata            const     0x800'c0b8    0x30  tcp.o [1]
  .rodata            const     0x800'c0e8    0x30  tcp.o [1]
  .rodata            const     0x800'c118    0x30  tcp_in.o [1]
  .rodata            const     0x800'c148    0x30  tcp_out.o [1]
  .rodata            const     0x800'c178    0x2c  etharp.o [1]
  .rodata            const     0x800'c1a4    0x2c  icmp.o [1]
  .rodata            const     0x800'c1d0    0x2c  mem.o [1]
  .rodata            const     0x800'c1fc    0x2c  pbuf.o [1]
  .rodata            const     0x800'c228    0x2c  pbuf.o [1]
  .rodata            const     0x800'c254    0x2c  tcp.o [1]
  .rodata            const     0x800'c280    0x2c  tcp.o [1]
  .rodata            const     0x800'c2ac    0x2c  tcp.o [1]
  .rodata            const     0x800'c2d8    0x2c  tcp.o [1]
  .rodata            const     0x800'c304    0x2c  tcp_in.o [1]
  .rodata            const     0x800'c330    0x2c  tcp_in.o [1]
  .rodata            const     0x800'c35c    0x2c  tcp_in.o [1]
  .rodata            const     0x800'c388    0x2c  tcp_out.o [1]
  .rodata            const     0x800'c3b4    0x2c  tcp_out.o [1]
  .text              ro code   0x800'c3e0    0x2c  copy_init3.o [4]
  .rodata            const     0x800'c40c    0x28  etharp.o [1]
  .rodata            const     0x800'c434    0x28  etharp.o [1]
  .rodata            const     0x800'c45c    0x28  ethernet.o [1]
  .rodata            const     0x800'c484    0x28  ethernetif.o [1]
  .rodata            const     0x800'c4ac    0x28  icmp.o [1]
  .rodata            const     0x800'c4d4    0x28  init.o [1]
  .rodata            const     0x800'c4fc    0x28  ip4.o [1]
  .rodata            const     0x800'c524    0x28  ip4_frag.o [1]
  .rodata            const     0x800'c54c    0x28  mem.o [1]
  .rodata            const     0x800'c574    0x28  mem.o [1]
  .rodata            const     0x800'c59c    0x28  memp.o [1]
  .rodata            const     0x800'c5c4    0x28  netif.o [1]
  .rodata            const     0x800'c5ec    0x28  pbuf.o [1]
  .rodata            const     0x800'c614    0x28  tcp.o [1]
  .rodata            const     0x800'c63c    0x28  tcp.o [1]
  .rodata            const     0x800'c664    0x28  tcp.o [1]
  .rodata            const     0x800'c68c    0x28  tcp.o [1]
  .rodata            const     0x800'c6b4    0x28  tcp.o [1]
  .rodata            const     0x800'c6dc    0x28  tcp.o [1]
  .rodata            const     0x800'c704    0x28  tcp.o [1]
  .rodata            const     0x800'c72c    0x28  tcp_in.o [1]
  .rodata            const     0x800'c754    0x28  tcp_in.o [1]
  .rodata            const     0x800'c77c    0x28  tcp_in.o [1]
  .rodata            const     0x800'c7a4    0x28  tcp_in.o [1]
  .rodata            const     0x800'c7cc    0x28  tcp_in.o [1]
  .rodata            const     0x800'c7f4    0x28  tcp_in.o [1]
  .rodata            const     0x800'c81c    0x28  tcp_in.o [1]
  .rodata            const     0x800'c844    0x28  tcp_out.o [1]
  .rodata            const     0x800'c86c    0x28  tcp_out.o [1]
  .rodata            const     0x800'c894    0x28  tcp_out.o [1]
  .rodata            const     0x800'c8bc    0x28  tcp_out.o [1]
  .rodata            const     0x800'c8e4    0x28  tcp_out.o [1]
  .rodata            const     0x800'c90c    0x28  tcp_out.o [1]
  .rodata            const     0x800'c934    0x28  timeouts.o [1]
  .rodata            const     0x800'c95c    0x28  udp.o [1]
  .rodata            const     0x800'c984    0x28  udp.o [1]
  .text              ro code   0x800'c9ac    0x28  data_init.o [4]
  .rodata            const     0x800'c9d4    0x24  etharp.o [1]
  .rodata            const     0x800'c9f8    0x24  ip4_frag.o [1]
  .rodata            const     0x800'ca1c    0x24  ip4_frag.o [1]
  .rodata            const     0x800'ca40    0x24  lwip.o [1]
  .rodata            const     0x800'ca64    0x24  main.o [1]
  .rodata            const     0x800'ca88    0x24  mem.o [1]
  .rodata            const     0x800'caac    0x24  mem.o [1]
  .rodata            const     0x800'cad0    0x24  memp.o [1]
  .rodata            const     0x800'caf4    0x24  memp.o [1]
  .rodata            const     0x800'cb18    0x24  netif.o [1]
  .rodata            const     0x800'cb3c    0x24  netif.o [1]
  .rodata            const     0x800'cb60    0x24  netif.o [1]
  .rodata            const     0x800'cb84    0x24  netif.o [1]
  .rodata            const     0x800'cba8    0x24  pbuf.o [1]
  .rodata            const     0x800'cbcc    0x24  pbuf.o [1]
  .rodata            const     0x800'cbf0    0x24  tcp.o [1]
  .rodata            const     0x800'cc14    0x24  tcp_out.o [1]
  .rodata            const     0x800'cc38    0x24  tcp_out.o [1]
  .rodata            const     0x800'cc5c    0x24  tcp_out.o [1]
  .rodata            const     0x800'cc80    0x24  tcp_out.o [1]
  .rodata            const     0x800'cca4    0x24  tcp_out.o [1]
  .rodata            const     0x800'ccc8    0x24  tcp_out.o [1]
  .rodata            const     0x800'ccec    0x24  tcp_out.o [1]
  .rodata            const     0x800'cd10    0x24  udp.o [1]
  .text              ro code   0x800'cd34    0x22  fpinit_M.o [3]
  .iar.init_table    const     0x800'cd58    0x24  - Linker created -
  .rodata            const     0x800'cd7c    0x20  ip4_frag.o [1]
  .rodata            const     0x800'cd9c    0x20  ip4_frag.o [1]
  .rodata            const     0x800'cdbc    0x20  ip4_frag.o [1]
  .rodata            const     0x800'cddc    0x20  ip4_frag.o [1]
  .rodata            const     0x800'cdfc    0x20  main.o [1]
  .rodata            const     0x800'ce1c    0x20  mem.o [1]
  .rodata            const     0x800'ce3c    0x20  memp.o [1]
  .rodata            const     0x800'ce5c    0x20  memp.o [1]
  .rodata            const     0x800'ce7c    0x20  netif.o [1]
  .rodata            const     0x800'ce9c    0x20  pbuf.o [1]
  .rodata            const     0x800'cebc    0x20  pbuf.o [1]
  .rodata            const     0x800'cedc    0x20  tcp.o [1]
  .rodata            const     0x800'cefc    0x20  tcp.o [1]
  .rodata            const     0x800'cf1c    0x20  tcp_in.o [1]
  .rodata            const     0x800'cf3c    0x20  tcp_in.o [1]
  .rodata            const     0x800'cf5c    0x20  tcp_in.o [1]
  .rodata            const     0x800'cf7c    0x20  tcp_in.o [1]
  .rodata            const     0x800'cf9c    0x20  tcp_in.o [1]
  .rodata            const     0x800'cfbc    0x20  tcp_in.o [1]
  .rodata            const     0x800'cfdc    0x20  tcp_in.o [1]
  .rodata            const     0x800'cffc    0x20  tcp_out.o [1]
  .rodata            const     0x800'd01c    0x20  tcp_out.o [1]
  .rodata            const     0x800'd03c    0x20  tcp_out.o [1]
  .rodata            const     0x800'd05c    0x20  tcp_out.o [1]
  .rodata            const     0x800'd07c    0x20  tcp_out.o [1]
  .rodata            const     0x800'd09c    0x20  tcp_out.o [1]
  .text              ro code   0x800'd0bc    0x1e  cmain.o [4]
  .text              ro code   0x800'd0da     0x4  low_level_init.o [2]
  .text              ro code   0x800'd0de     0x4  exit.o [2]
  .text              ro code   0x800'd0e4     0xa  cexit.o [4]
  .rodata            const     0x800'd0f0    0x1c  etharp.o [1]
  .rodata            const     0x800'd10c    0x1c  ip4_frag.o [1]
  .rodata            const     0x800'd128    0x1c  ip4_frag.o [1]
  .rodata            const     0x800'd144    0x1c  ip4_frag.o [1]
  .rodata            const     0x800'd160    0x1c  lwip.o [1]
  .rodata            const     0x800'd17c    0x1c  mem.o [1]
  .rodata            const     0x800'd198    0x1c  mem.o [1]
  .rodata            const     0x800'd1b4    0x1c  mem.o [1]
  .rodata            const     0x800'd1d0    0x1c  mem.o [1]
  .rodata            const     0x800'd1ec    0x1c  memp.o [1]
  .rodata            const     0x800'd208    0x1c  netif.o [1]
  .rodata            const     0x800'd224    0x1c  netif.o [1]
  .rodata            const     0x800'd240    0x1c  pbuf.o [1]
  .rodata            const     0x800'd25c    0x1c  pbuf.o [1]
  .rodata            const     0x800'd278    0x1c  pbuf.o [1]
  .rodata            const     0x800'd294    0x1c  tcp.o [1]
  .rodata            const     0x800'd2b0    0x1c  tcp.o [1]
  .rodata            const     0x800'd2cc    0x1c  tcp.o [1]
  .rodata            const     0x800'd2e8    0x1c  tcp.o [1]
  .rodata            const     0x800'd304    0x1c  tcp.o [1]
  .rodata            const     0x800'd320    0x1c  tcp.o [1]
  .rodata            const     0x800'd33c    0x1c  tcp.o [1]
  .rodata            const     0x800'd358    0x1c  tcp.o [1]
  .rodata            const     0x800'd374    0x1c  tcp.o [1]
  .rodata            const     0x800'd390    0x1c  tcp.o [1]
  .rodata            const     0x800'd3ac    0x1c  tcp_in.o [1]
  .rodata            const     0x800'd3c8    0x1c  tcp_in.o [1]
  .rodata            const     0x800'd3e4    0x1c  tcp_in.o [1]
  .rodata            const     0x800'd400    0x1c  tcp_in.o [1]
  .rodata            const     0x800'd41c    0x1c  tcp_in.o [1]
  .rodata            const     0x800'd438    0x1c  tcp_out.o [1]
  .rodata            const     0x800'd454    0x1c  tcp_out.o [1]
  .rodata            const     0x800'd470    0x1c  tcp_out.o [1]
  .rodata            const     0x800'd48c    0x1c  tcp_out.o [1]
  .rodata            const     0x800'd4a8    0x1c  tcp_out.o [1]
  .rodata            const     0x800'd4c4    0x1c  udp.o [1]
  .rodata            const     0x800'd4e0    0x1c  udp.o [1]
  .rodata            const     0x800'd4fc    0x18  etharp.o [1]
  .rodata            const     0x800'd514    0x18  mem.o [1]
  .rodata            const     0x800'd52c    0x18  mem.o [1]
  .rodata            const     0x800'd544    0x18  pbuf.o [1]
  .rodata            const     0x800'd55c    0x18  pbuf.o [1]
  .rodata            const     0x800'd574    0x18  pbuf.o [1]
  .rodata            const     0x800'd58c    0x18  pbuf.o [1]
  .rodata            const     0x800'd5a4    0x18  tcp.o [1]
  .rodata            const     0x800'd5bc    0x18  tcp.o [1]
  .rodata            const     0x800'd5d4    0x18  tcp.o [1]
  .rodata            const     0x800'd5ec    0x18  tcp.o [1]
  .rodata            const     0x800'd604    0x18  tcp.o [1]
  .rodata            const     0x800'd61c    0x18  tcp_in.o [1]
  .rodata            const     0x800'd634    0x18  tcp_in.o [1]
  .rodata            const     0x800'd64c    0x18  tcp_out.o [1]
  .rodata            const     0x800'd664    0x18  tcp_out.o [1]
  .rodata            const     0x800'd67c    0x18  tcp_out.o [1]
  .rodata            const     0x800'd694    0x18  tcp_out.o [1]
  .rodata            const     0x800'd6ac    0x18  tcp_out.o [1]
  .rodata            const     0x800'd6c4    0x18  timeouts.o [1]
  .rodata            const     0x800'd6dc    0x18  udp.o [1]
  .text              ro code   0x800'd6f4    0x18  stm32f4xx_hal.o [1]
  .text              ro code   0x800'd70c    0x18  stm32f4xx_it.o [1]
  .text              ro code   0x800'd724    0x16  xprout.o [2]
  .text              ro code   0x800'd73c     0xc  putchar.o [2]
  .rodata            const     0x800'd748    0x14  etharp.o [1]
  .rodata            const     0x800'd75c    0x14  ip4_frag.o [1]
  .rodata            const     0x800'd770    0x14  mem.o [1]
  .rodata            const     0x800'd784    0x14  memp.o [1]
  .rodata            const     0x800'd798    0x14  netif.o [1]
  .rodata            const     0x800'd7ac    0x14  pbuf.o [1]
  .rodata            const     0x800'd7c0    0x14  pbuf.o [1]
  .rodata            const     0x800'd7d4    0x14  pbuf.o [1]
  .rodata            const     0x800'd7e8    0x14  pbuf.o [1]
  .rodata            const     0x800'd7fc    0x14  tcp.o [1]
  .rodata            const     0x800'd810    0x14  tcp_in.o [1]
  .rodata            const     0x800'd824    0x14  tcp_out.o [1]
  .rodata            const     0x800'd838    0x10  etharp.o [1]
  .rodata            const     0x800'd848    0x10  etharp.o [1]
  .rodata            const     0x800'd858    0x10  etharp.o [1]
  .rodata            const     0x800'd868    0x10  ethernetif.o [1]
  .rodata            const     0x800'd878    0x10  ip4_frag.o [1]
  .rodata            const     0x800'd888    0x10  ip4_frag.o [1]
  .rodata            const     0x800'd898    0x10  netif.o [1]
  .rodata            const     0x800'd8a8    0x10  pbuf.o [1]
  .rodata            const     0x800'd8b8    0x10  pbuf.o [1]
  .rodata            const     0x800'd8c8    0x10  system_stm32f4xx.o [1]
  .rodata            const     0x800'd8d8    0x10  tcp.o [1]
  .rodata            const     0x800'd8e8    0x10  tcp.o [1]
  .rodata            const     0x800'd8f8    0x10  tcp.o [1]
  .rodata            const     0x800'd908    0x10  tcp_in.o [1]
  .rodata            const     0x800'd918    0x10  tcp_in.o [1]
  .rodata            const     0x800'd928    0x10  tcp_in.o [1]
  .rodata            const     0x800'd938    0x10  tcp_in.o [1]
  .rodata            const     0x800'd948    0x10  tcp_out.o [1]
  .rodata            const     0x800'd958    0x10  tcp_out.o [1]
  .text              ro code   0x800'd968    0x10  startup_stm32f407xx.o [1]
  .text              ro code   0x800'd978    0x10  system_stm32f4xx.o [1]
  .rodata            const     0x800'd988     0xc  etharp.o [1]
  .rodata            const     0x800'd994     0xc  ethernetif.o [1]
  .rodata            const     0x800'd9a0     0xc  ip4.o [1]
  .rodata            const     0x800'd9ac     0xc  ip4_frag.o [1]
  .rodata            const     0x800'd9b8     0xc  ip4_frag.o [1]
  .rodata            const     0x800'd9c4     0xc  ip4_frag.o [1]
  .rodata            const     0x800'd9d0     0xc  ip4_frag.o [1]
  .rodata            const     0x800'd9dc     0xc  ip4_frag.o [1]
  .rodata            const     0x800'd9e8     0xc  memp.o [1]
  .rodata            const     0x800'd9f4     0xc  memp.o [1]
  .rodata            const     0x800'da00     0xc  memp.o [1]
  .rodata            const     0x800'da0c     0xc  memp.o [1]
  .rodata            const     0x800'da18     0xc  memp.o [1]
  .rodata            const     0x800'da24     0xc  memp.o [1]
  .rodata            const     0x800'da30     0xc  memp.o [1]
  .rodata            const     0x800'da3c     0xc  memp.o [1]
  .rodata            const     0x800'da48     0xc  memp.o [1]
  .rodata            const     0x800'da54     0xc  pbuf.o [1]
  .rodata            const     0x800'da60     0xc  tcp.o [1]
  .rodata            const     0x800'da6c     0xc  tcp_in.o [1]
  .rodata            const     0x800'da78     0xc  tcp_out.o [1]
  .text              ro code   0x800'da84     0xc  cstartup_M.o [4]
  .rodata            const     0x800'da90     0x8  ethernet.o [1]
  .rodata            const     0x800'da98     0x8  ethernet.o [1]
  .rodata            const     0x800'daa0     0x8  system_stm32f4xx.o [1]
  .rodata            const     0x800'daa8     0x8  tcp.o [1]
  .rodata            const     0x800'dab0     0x8  tcp_in.o [1]
  .rodata            const     0x800'dab8     0x8  tcp_in.o [1]
  .rodata            const     0x800'dac0     0x4  ip4_addr.o [1]
  .rodata            const     0x800'dac4     0x4  xlocale_c.o [2]
  .text              ro code   0x800'dac8     0x4  startup_stm32f407xx.o [1]
  .text              ro code   0x800'dacc     0x4  startup_stm32f407xx.o [1]
  .text              ro code   0x800'dad0     0x4  startup_stm32f407xx.o [1]
  .text              ro code   0x800'dad4     0x4  startup_stm32f407xx.o [1]
  .text              ro code   0x800'dad8     0x4  startup_stm32f407xx.o [1]
  .text              ro code   0x800'dadc     0x4  startup_stm32f407xx.o [1]
  .text              ro code   0x800'dae0     0x4  startup_stm32f407xx.o [1]
  .text              ro code   0x800'dae4     0x4  startup_stm32f407xx.o [1]
  .text              ro code   0x800'dae8     0x4  startup_stm32f407xx.o [1]
  .text              ro code   0x800'daec     0x4  startup_stm32f407xx.o [1]
  .text              ro code   0x800'daf0     0x4  startup_stm32f407xx.o [1]
  .text              ro code   0x800'daf4     0x4  startup_stm32f407xx.o [1]
  .text              ro code   0x800'daf8     0x4  startup_stm32f407xx.o [1]
  .text              ro code   0x800'dafc     0x4  startup_stm32f407xx.o [1]
  .text              ro code   0x800'db00     0x4  startup_stm32f407xx.o [1]
  .text              ro code   0x800'db04     0x4  startup_stm32f407xx.o [1]
  .text              ro code   0x800'db08     0x4  startup_stm32f407xx.o [1]
  .text              ro code   0x800'db0c     0x4  startup_stm32f407xx.o [1]
  .text              ro code   0x800'db10     0x4  startup_stm32f407xx.o [1]
  .text              ro code   0x800'db14     0x4  startup_stm32f407xx.o [1]
  .text              ro code   0x800'db18     0x4  startup_stm32f407xx.o [1]
  .text              ro code   0x800'db1c     0x4  startup_stm32f407xx.o [1]
  .text              ro code   0x800'db20     0x4  startup_stm32f407xx.o [1]
  .text              ro code   0x800'db24     0x4  startup_stm32f407xx.o [1]
  .text              ro code   0x800'db28     0x4  startup_stm32f407xx.o [1]
  .text              ro code   0x800'db2c     0x4  startup_stm32f407xx.o [1]
  .text              ro code   0x800'db30     0x4  startup_stm32f407xx.o [1]
  .text              ro code   0x800'db34     0x4  startup_stm32f407xx.o [1]
  .text              ro code   0x800'db38     0x4  startup_stm32f407xx.o [1]
  .text              ro code   0x800'db3c     0x4  startup_stm32f407xx.o [1]
  .text              ro code   0x800'db40     0x4  startup_stm32f407xx.o [1]
  .text              ro code   0x800'db44     0x4  startup_stm32f407xx.o [1]
  .text              ro code   0x800'db48     0x4  startup_stm32f407xx.o [1]
  .text              ro code   0x800'db4c     0x4  startup_stm32f407xx.o [1]
  .text              ro code   0x800'db50     0x4  startup_stm32f407xx.o [1]
  .text              ro code   0x800'db54     0x4  startup_stm32f407xx.o [1]
  .text              ro code   0x800'db58     0x4  startup_stm32f407xx.o [1]
  .text              ro code   0x800'db5c     0x4  startup_stm32f407xx.o [1]
  .text              ro code   0x800'db60     0x4  startup_stm32f407xx.o [1]
  .text              ro code   0x800'db64     0x4  startup_stm32f407xx.o [1]
  .text              ro code   0x800'db68     0x4  startup_stm32f407xx.o [1]
  .text              ro code   0x800'db6c     0x4  startup_stm32f407xx.o [1]
  .text              ro code   0x800'db70     0x4  startup_stm32f407xx.o [1]
  .text              ro code   0x800'db74     0x4  startup_stm32f407xx.o [1]
  .text              ro code   0x800'db78     0x4  startup_stm32f407xx.o [1]
  .text              ro code   0x800'db7c     0x4  startup_stm32f407xx.o [1]
  .text              ro code   0x800'db80     0x4  startup_stm32f407xx.o [1]
  .text              ro code   0x800'db84     0x4  startup_stm32f407xx.o [1]
  .text              ro code   0x800'db88     0x4  startup_stm32f407xx.o [1]
  .text              ro code   0x800'db8c     0x4  startup_stm32f407xx.o [1]
  .text              ro code   0x800'db90     0x4  startup_stm32f407xx.o [1]
  .text              ro code   0x800'db94     0x4  startup_stm32f407xx.o [1]
  .text              ro code   0x800'db98     0x4  startup_stm32f407xx.o [1]
  .text              ro code   0x800'db9c     0x4  startup_stm32f407xx.o [1]
  .text              ro code   0x800'dba0     0x4  startup_stm32f407xx.o [1]
  .text              ro code   0x800'dba4     0x4  startup_stm32f407xx.o [1]
  .text              ro code   0x800'dba8     0x4  startup_stm32f407xx.o [1]
  .text              ro code   0x800'dbac     0x4  startup_stm32f407xx.o [1]
  .text              ro code   0x800'dbb0     0x4  startup_stm32f407xx.o [1]
  .text              ro code   0x800'dbb4     0x4  startup_stm32f407xx.o [1]
  .text              ro code   0x800'dbb8     0x4  startup_stm32f407xx.o [1]
  .text              ro code   0x800'dbbc     0x4  startup_stm32f407xx.o [1]
  .text              ro code   0x800'dbc0     0x4  startup_stm32f407xx.o [1]
  .text              ro code   0x800'dbc4     0x4  startup_stm32f407xx.o [1]
  .text              ro code   0x800'dbc8     0x4  startup_stm32f407xx.o [1]
  .text              ro code   0x800'dbcc     0x4  startup_stm32f407xx.o [1]
  .text              ro code   0x800'dbd0     0x4  startup_stm32f407xx.o [1]
  .text              ro code   0x800'dbd4     0x4  startup_stm32f407xx.o [1]
  .text              ro code   0x800'dbd8     0x4  startup_stm32f407xx.o [1]
  .text              ro code   0x800'dbdc     0x4  startup_stm32f407xx.o [1]
  .text              ro code   0x800'dbe0     0x4  startup_stm32f407xx.o [1]
  .text              ro code   0x800'dbe4     0x4  startup_stm32f407xx.o [1]
  .text              ro code   0x800'dbe8     0x4  startup_stm32f407xx.o [1]
  .text              ro code   0x800'dbec     0x4  startup_stm32f407xx.o [1]
  .text              ro code   0x800'dbf0     0x4  startup_stm32f407xx.o [1]
  .text              ro code   0x800'dbf4     0x4  startup_stm32f407xx.o [1]
  .text              ro code   0x800'dbf8     0x4  startup_stm32f407xx.o [1]
  .text              ro code   0x800'dbfc     0x4  startup_stm32f407xx.o [1]
  .text              ro code   0x800'dc00     0x4  startup_stm32f407xx.o [1]
  .text              ro code   0x800'dc04     0x4  startup_stm32f407xx.o [1]
  .text              ro code   0x800'dc08     0x4  startup_stm32f407xx.o [1]
  .rodata            const     0x800'dc0c     0x0  zero_init3.o [4]
  .rodata            const     0x800'dc0c     0x0  copy_init3.o [4]
  Initializer bytes  const     0x800'dc0c    0xb0  <for P4 s0>
                             - 0x800'dcbc  0xdb34

"P3":                                      0x2000
  CSTACK                      0x1000'0000  0x2000  <Block>
    CSTACK           uninit   0x1000'0000  0x2000  <Block tail>
                            - 0x1000'2000  0x2000

"P4", part 1 of 2:                           0xb0
  P4 s0                       0x2000'0000    0xb0  <Init block>
    .data            inited   0x2000'0000    0x48  xfiles.o [2]
    .data            inited   0x2000'0048    0x38  xlocale_c.o [2]
    .data            inited   0x2000'0080    0x14  ethernetif.o [1]
    .data            inited   0x2000'0094     0x8  rand.o [2]
    .data            inited   0x2000'009c     0x4  stm32f4xx_hal.o [1]
    .data            inited   0x2000'00a0     0x4  system_stm32f4xx.o [1]
    .data            inited   0x2000'00a4     0x4  tcp.o [1]
    .data            inited   0x2000'00a8     0x2  tcp.o [1]
    .data            inited   0x2000'00aa     0x2  udp.o [1]
    .data            inited   0x2000'00ac     0x1  stm32f4xx_hal.o [1]
                            - 0x2000'00b0    0xb0

"P4", part 2 of 2:                         0x8408
  .bss               zero     0x2000'00b0  0x4984  ethernetif.o [1]
  .bss               zero     0x2000'4a34  0x2604  memp.o [1]
  .bss               zero     0x2000'7038   0x654  mem.o [1]
  .bss               zero     0x2000'768c   0x310  memp.o [1]
  .bss               zero     0x2000'799c   0x16c  memp.o [1]
  .bss               zero     0x2000'7b08   0x104  memp.o [1]
  .bss               zero     0x2000'7c0c   0x104  memp.o [1]
  .bss               zero     0x2000'7d10    0xf0  etharp.o [1]
  .bss               zero     0x2000'7e00    0xe4  memp.o [1]
  .bss               zero     0x2000'7ee4    0xb0  ethernetif.o [1]
  .bss               zero     0x2000'7f94    0xa4  memp.o [1]
  .bss               zero     0x2000'8038    0xa0  ethernetif.o [1]
  .bss               zero     0x2000'80d8    0xa0  ethernetif.o [1]
  .bss               zero     0x2000'8178    0x84  memp.o [1]
  .bss               zero     0x2000'81fc    0x84  rand.o [2]
  .bss               zero     0x2000'8280    0x50  xfiles.o [2]
  .bss               zero     0x2000'82d0    0x48  main.o [1]
  .bss               zero     0x2000'8318    0x38  ethernetif.o [1]
  .bss               zero     0x2000'8350    0x34  lwip.o [1]
  .bss               zero     0x2000'8384    0x34  memp.o [1]
  .bss               zero     0x2000'83b8    0x20  ethernetif.o [1]
  .bss               zero     0x2000'83d8    0x18  ip.o [1]
  .bss               zero     0x2000'83f0    0x10  tcp_in.o [1]
  .bss               zero     0x2000'8400     0x4  ethernetif.o [1]
  .bss               zero     0x2000'8404     0x4  ip4_frag.o [1]
  .bss               zero     0x2000'8408     0x4  lwip.o [1]
  .bss               zero     0x2000'840c     0x4  lwip.o [1]
  .bss               zero     0x2000'8410     0x4  lwip.o [1]
  .bss               zero     0x2000'8414     0x4  lwip.o [1]
  .bss               zero     0x2000'8418     0x4  lwip.o [1]
  .bss               zero     0x2000'841c     0x4  lwip.o [1]
  .bss               zero     0x2000'8420     0x4  lwip.o [1]
  .bss               zero     0x2000'8424     0x4  mem.o [1]
  .bss               zero     0x2000'8428     0x4  mem.o [1]
  .bss               zero     0x2000'842c     0x4  mem.o [1]
  .bss               zero     0x2000'8430     0x4  memp.o [1]
  .bss               zero     0x2000'8434     0x4  memp.o [1]
  .bss               zero     0x2000'8438     0x4  memp.o [1]
  .bss               zero     0x2000'843c     0x4  memp.o [1]
  .bss               zero     0x2000'8440     0x4  memp.o [1]
  .bss               zero     0x2000'8444     0x4  memp.o [1]
  .bss               zero     0x2000'8448     0x4  memp.o [1]
  .bss               zero     0x2000'844c     0x4  memp.o [1]
  .bss               zero     0x2000'8450     0x4  memp.o [1]
  .bss               zero     0x2000'8454     0x4  netif.o [1]
  .bss               zero     0x2000'8458     0x4  netif.o [1]
  .bss               zero     0x2000'845c     0x4  stm32f4xx_hal.o [1]
  .bss               zero     0x2000'8460     0x4  tcp.o [1]
  .bss               zero     0x2000'8464     0x4  tcp.o [1]
  .bss               zero     0x2000'8468     0x4  tcp.o [1]
  .bss               zero     0x2000'846c     0x4  tcp.o [1]
  .bss               zero     0x2000'8470     0x4  tcp.o [1]
  .bss               zero     0x2000'8474     0x4  tcp_in.o [1]
  .bss               zero     0x2000'8478     0x4  tcp_in.o [1]
  .bss               zero     0x2000'847c     0x4  tcp_in.o [1]
  .bss               zero     0x2000'8480     0x4  tcp_in.o [1]
  .bss               zero     0x2000'8484     0x4  tcp_in.o [1]
  .bss               zero     0x2000'8488     0x4  tcp_in.o [1]
  .bss               zero     0x2000'848c     0x4  timeouts.o [1]
  .bss               zero     0x2000'8490     0x4  timeouts.o [1]
  .bss               zero     0x2000'8494     0x4  timeouts.o [1]
  .bss               zero     0x2000'8498     0x4  udp.o [1]
  .bss               zero     0x2000'849c     0x4  xfail_s.o [2]
  .bss               zero     0x2000'84a0     0x2  ip4.o [1]
  .bss               zero     0x2000'84a2     0x2  ip4_frag.o [1]
  .bss               zero     0x2000'84a4     0x2  tcp_in.o [1]
  .bss               zero     0x2000'84a6     0x2  tcp_in.o [1]
  .bss               zero     0x2000'84a8     0x2  tcp_in.o [1]
  .bss               zero     0x2000'84aa     0x2  tcp_in.o [1]
  .bss               zero     0x2000'84ac     0x2  tcp_in.o [1]
  .bss               zero     0x2000'84ae     0x1  etharp.o [1]
  .bss               zero     0x2000'84af     0x1  ethernetif.o [1]
  .bss               zero     0x2000'84b0     0x1  netif.o [1]
  .bss               zero     0x2000'84b1     0x1  pbuf.o [1]
  .bss               zero     0x2000'84b2     0x1  tcp.o [1]
  .bss               zero     0x2000'84b3     0x1  tcp.o [1]
  .bss               zero     0x2000'84b4     0x1  tcp.o [1]
  .bss               zero     0x2000'84b5     0x1  tcp_in.o [1]
  .bss               zero     0x2000'84b6     0x1  tcp_in.o [1]
                            - 0x2000'84b7  0x8407

Unused ranges:

         From           To      Size
         ----           --      ----
   0x800'dcbc   0x80f'ffff  0xf'2344
  0x1000'2000  0x1000'ffff    0xe000
  0x2000'84b8  0x2001'bfff  0x1'3b48
  0x2001'c000  0x2001'ffff    0x4000


*******************************************************************************
*** INIT TABLE
***

          Address      Size
          -------      ----
Zero (__iar_zero_init3)
    1 destination range, total size 0x8407:
          0x2000'00b0  0x8407

Copy (__iar_copy_init3)
    1 source range, total size 0xb0 (101% of destination):
           0x800'dc0c    0xb0
    1 destination range, total size 0xad:
          0x2000'0000    0xad



*******************************************************************************
*** MODULE SUMMARY
***

    Module                  ro code  ro data  rw data
    ------                  -------  -------  -------
command line/config:
    -------------------------------------------------
    Total:

D:\2_Projects\Exam\CubeMx\ETH\ETH_Ping\EWARM\ETH_Ping\Obj: [1]
    def.o                        44
    dp83848.o                   464
    etharp.o                  2 696      616      241
    ethernet.o                  300      200
    ethernetif.o              1 294      152   19 429
    icmp.o                      620      284
    init.o                       68      192
    ip.o                                           24
    ip4.o                       956      188        2
    ip4_addr.o                   76        4
    ip4_frag.o                2 404      588        6
    lwip.o                      300       64       80
    main.o                      564       68       72
    mem.o                     1 448      640    1 632
    memp.o                      360      416   12 012
    netif.o                   1 020      444        9
    pbuf.o                    2 260      904        1
    startup_stm32f407xx.o       732
    stm32f4xx_hal.o             204        5        9
    stm32f4xx_hal_cortex.o      256
    stm32f4xx_hal_eth.o       3 058
    stm32f4xx_hal_gpio.o        548
    stm32f4xx_hal_msp.o         180
    stm32f4xx_hal_rcc.o       1 652
    stm32f4xx_hal_uart.o      1 300
    stm32f4xx_it.o               24
    system_stm32f4xx.o           16       28        4
    tcp.o                     4 314    1 442       29
    tcp_in.o                  6 800    1 188       52
    tcp_out.o                 4 236    1 380
    timeouts.o                  460      272       12
    udp.o                       708      282        6
    -------------------------------------------------
    Total:                   39 362    9 357   33 620

dl7M_tlf.a: [2]
    abort.o                       6
    exit.o                        4
    low_level_init.o              4
    printf.o                     40
    putchar.o                    12
    rand.o                      164        8      140
    xfail_s.o                    64                 4
    xfiles.o                              72      152
    xlocale_c.o                   8       60       56
    xprintffull_nomb.o        3 570
    xprout.o                     22
    -------------------------------------------------
    Total:                    3 894      140      352

m7M_tls.a: [3]
    DblAdd.o                    362
    DblCmpGe.o                   46
    DblCmpLe.o                   46
    DblDiv.o                    582
    DblMul.o                    418
    DblSub.o                    226
    DblToS32.o                   58
    DblToU32.o                   40
    S32ToDbl.o                   34
    U32ToDbl.o                   26
    fpinit_M.o                   34
    frexp.o                     112
    ldexp.o                     314
    -------------------------------------------------
    Total:                    2 298

rt7M_tl.a: [4]
    ABImemclr4.o                  6
    ABImemcpy.o                 166
    ABImemset.o                 102
    ABImemset48.o                50
    I64DivMod.o                 560
    I64DivZer.o                   2
    cexit.o                      10
    cmain.o                      30
    copy_init3.o                 44
    cstartup_M.o                 12
    data_init.o                  40
    memchr.o                     88
    memcmp.o                    104
    strchr.o                     22
    strlen.o                     54
    zero_init3.o                 58
    -------------------------------------------------
    Total:                    1 348

shb_l.a: [5]
    exit.o                       20
    -------------------------------------------------
    Total:                       20

    Gaps                         46        4
    Linker created                        39    8 192
-----------------------------------------------------
    Grand Total:             46 968    9 540   42 164


*******************************************************************************
*** ENTRY LIST
***

Entry                       Address    Size  Type      Object
-----                       -------    ----  ----      ------
.iar.init_table$$Base    0x800'cd58           --   Gb  - Linker created -
.iar.init_table$$Limit   0x800'cd7c           --   Gb  - Linker created -
?main                    0x800'd0bd          Code  Gb  cmain.o [4]
AHBPrescTable            0x800'd8c8    0x10  Data  Gb  system_stm32f4xx.o [1]
APBPrescTable            0x800'daa0     0x8  Data  Gb  system_stm32f4xx.o [1]
BusFault_Handler         0x800'd713     0x2  Code  Gb  stm32f4xx_it.o [1]
CSTACK$$Base            0x1000'0000           --   Gb  - Linker created -
CSTACK$$Limit           0x1000'2000           --   Gb  - Linker created -
DMARxDscrTab            0x2000'8038    0xa0  Data  Gb  ethernetif.o [1]
DMATxDscrTab            0x2000'80d8    0xa0  Data  Gb  ethernetif.o [1]
DP83848                 0x2000'83b8    0x20  Data  Gb  ethernetif.o [1]
DP83848_GetLinkState     0x800'9d31    0xc6  Code  Gb  dp83848.o [1]
DP83848_IOCtx           0x2000'0080    0x14  Data  Gb  ethernetif.o [1]
DP83848_Init             0x800'9c5b    0xd6  Code  Gb  dp83848.o [1]
DP83848_RegisterBusIO    0x800'9c27    0x34  Code  Gb  dp83848.o [1]
DebugMon_Handler         0x800'd719     0x2  Code  Gb  stm32f4xx_it.o [1]
ETH_DMARxDescListInit    0x800'9a31    0x80  Code  Lc  stm32f4xx_hal_eth.o [1]
ETH_DMATxDescListInit    0x800'99cd    0x64  Code  Lc  stm32f4xx_hal_eth.o [1]
ETH_FlushTransmitFIFO    0x800'96b9    0x2c  Code  Lc  stm32f4xx_hal_eth.o [1]
ETH_MACAddressConfig     0x800'996d    0x2a  Code  Lc  stm32f4xx_hal_eth.o [1]
ETH_MACDMAConfig         0x800'9891    0xdc  Code  Lc  stm32f4xx_hal_eth.o [1]
ETH_PHY_IO_DeInit        0x800'6abd     0x4  Code  Gb  ethernetif.o [1]
ETH_PHY_IO_GetTick       0x800'6af9     0x8  Code  Gb  ethernetif.o [1]
ETH_PHY_IO_Init          0x800'6ab1     0xc  Code  Gb  ethernetif.o [1]
ETH_PHY_IO_ReadReg       0x800'6ac1    0x1c  Code  Gb  ethernetif.o [1]
ETH_PHY_IO_WriteReg      0x800'6add    0x1c  Code  Gb  ethernetif.o [1]
ETH_Prepare_Tx_Descriptors
                         0x800'9ab1   0x176  Code  Lc  stm32f4xx_hal_eth.o [1]
ETH_SetDMAConfig         0x800'97e7    0xaa  Code  Lc  stm32f4xx_hal_eth.o [1]
ETH_SetMACConfig         0x800'96e5   0x102  Code  Lc  stm32f4xx_hal_eth.o [1]
ETH_UpdateDescriptor     0x800'93cf    0xb2  Code  Lc  stm32f4xx_hal_eth.o [1]
Error_Handler            0x800'a029     0x4  Code  Gb  main.o [1]
EthernetLinkTimer       0x2000'8408     0x4  Data  Gb  lwip.o [1]
Ethernet_Link_Periodic_Handle
                         0x800'add3    0x20  Code  Lc  lwip.o [1]
GATEWAY_ADDRESS         0x2000'8420     0x4  Data  Gb  lwip.o [1]
HAL_Delay                0x800'a509    0x28  Code  Wk  stm32f4xx_hal.o [1]
HAL_ETH_GetMACConfig     0x800'952d   0x102  Code  Gb  stm32f4xx_hal_eth.o [1]
HAL_ETH_Init             0x800'9035    0xb8  Code  Gb  stm32f4xx_hal_eth.o [1]
HAL_ETH_MspInit          0x800'6985   0x12c  Code  Gb  ethernetif.o [1]
HAL_ETH_ReadData         0x800'92b1   0x11e  Code  Gb  stm32f4xx_hal_eth.o [1]
HAL_ETH_ReadPHYRegister
                         0x800'9481    0x58  Code  Gb  stm32f4xx_hal_eth.o [1]
HAL_ETH_RxAllocateCallback
                         0x800'6bb3    0x3c  Code  Gb  ethernetif.o [1]
HAL_ETH_RxLinkCallback   0x800'6c41    0x36  Code  Gb  ethernetif.o [1]
HAL_ETH_SetMACConfig     0x800'962f    0x1e  Code  Gb  stm32f4xx_hal_eth.o [1]
HAL_ETH_SetMDIOClockRange
                         0x800'964d    0x64  Code  Gb  stm32f4xx_hal_eth.o [1]
HAL_ETH_Start            0x800'90ed    0x80  Code  Gb  stm32f4xx_hal_eth.o [1]
HAL_ETH_Stop             0x800'916d    0x76  Code  Gb  stm32f4xx_hal_eth.o [1]
HAL_ETH_Transmit         0x800'91e3    0xce  Code  Gb  stm32f4xx_hal_eth.o [1]
HAL_ETH_WritePHYRegister
                         0x800'94d9    0x54  Code  Gb  stm32f4xx_hal_eth.o [1]
HAL_GPIO_Init            0x800'a041   0x1d6  Code  Gb  stm32f4xx_hal_gpio.o [1]
HAL_GPIO_TogglePin       0x800'a217    0x14  Code  Gb  stm32f4xx_hal_gpio.o [1]
HAL_GetTick              0x800'a035     0xc  Code  Wk  stm32f4xx_hal.o [1]
HAL_IncTick              0x800'd6f5    0x18  Code  Wk  stm32f4xx_hal.o [1]
HAL_Init                 0x800'acf5    0x30  Code  Gb  stm32f4xx_hal.o [1]
HAL_InitTick             0x800'b2c9    0x4c  Code  Wk  stm32f4xx_hal.o [1]
HAL_MspInit              0x800'b315    0x36  Code  Gb  stm32f4xx_hal_msp.o [1]
HAL_NVIC_SetPriority     0x800'b483    0x22  Code  Gb  stm32f4xx_hal_cortex.o [1]
HAL_NVIC_SetPriorityGrouping
                         0x800'b47b     0x8  Code  Gb  stm32f4xx_hal_cortex.o [1]
HAL_RCC_ClockConfig      0x800'a531   0x13a  Code  Gb  stm32f4xx_hal_rcc.o [1]
HAL_RCC_GetHCLKFreq      0x800'a707     0x6  Code  Gb  stm32f4xx_hal_rcc.o [1]
HAL_RCC_GetPCLK1Freq     0x800'a70d    0x16  Code  Gb  stm32f4xx_hal_rcc.o [1]
HAL_RCC_GetPCLK2Freq     0x800'a723    0x16  Code  Gb  stm32f4xx_hal_rcc.o [1]
HAL_RCC_MCOConfig        0x800'a66b    0x9c  Code  Gb  stm32f4xx_hal_rcc.o [1]
HAL_RCC_OscConfig        0x800'ae55   0x3c4  Code  Wk  stm32f4xx_hal_rcc.o [1]
HAL_SYSTICK_Config       0x800'b4a5     0x8  Code  Gb  stm32f4xx_hal_cortex.o [1]
HAL_UART_Init            0x800'a7e1    0x7a  Code  Gb  stm32f4xx_hal_uart.o [1]
HAL_UART_MspInit         0x800'b34b    0x68  Code  Gb  stm32f4xx_hal_msp.o [1]
HAL_UART_Transmit        0x800'a85b    0xc0  Code  Gb  stm32f4xx_hal_uart.o [1]
HardFault_Handler        0x800'd70f     0x2  Code  Gb  stm32f4xx_it.o [1]
IP_ADDRESS              0x2000'8418     0x4  Data  Gb  lwip.o [1]
LoadInt                  0x800'4e63    0x7a  Code  Lc  xprintffull_nomb.o [2]
MX_GPIO_Init             0x800'9f4b    0xb8  Code  Lc  main.o [1]
MX_LWIP_Init             0x800'ad29    0xaa  Code  Gb  lwip.o [1]
MX_LWIP_Process          0x800'adf3    0x16  Code  Gb  lwip.o [1]
MX_USART1_UART_Init      0x800'9f17    0x34  Code  Lc  main.o [1]
MemManage_Handler        0x800'd711     0x2  Code  Gb  stm32f4xx_it.o [1]
NETMASK_ADDRESS         0x2000'841c     0x4  Data  Gb  lwip.o [1]
NMI_Handler              0x800'd70d     0x2  Code  Gb  stm32f4xx_it.o [1]
NVIC_EncodePriority      0x800'b411    0x3c  Code  Lc  stm32f4xx_hal_cortex.o [1]
PendSV_Handler           0x800'd71b     0x2  Code  Gb  stm32f4xx_it.o [1]
Region$$Table$$Base      0x800'cd58           --   Gb  - Linker created -
Region$$Table$$Limit     0x800'cd7c           --   Gb  - Linker created -
RxAllocStatus           0x2000'84af     0x1  Data  Lc  ethernetif.o [1]
SVC_Handler              0x800'd717     0x2  Code  Gb  stm32f4xx_it.o [1]
SysTick_Config           0x800'b44d    0x2e  Code  Lc  stm32f4xx_hal_cortex.o [1]
SysTick_Handler          0x800'd71d     0x8  Code  Gb  stm32f4xx_it.o [1]
SystemClock_Config       0x800'9e61    0xb6  Code  Gb  main.o [1]
SystemCoreClock         0x2000'00a0     0x4  Data  Gb  system_stm32f4xx.o [1]
SystemInit               0x800'd979     0xc  Code  Gb  system_stm32f4xx.o [1]
TxConfig                0x2000'8318    0x38  Data  Gb  ethernetif.o [1]
UART_EndRxTransfer       0x800'a99d    0x60  Code  Lc  stm32f4xx_hal_uart.o [1]
UART_SetConfig           0x800'a9ff   0x2e6  Code  Lc  stm32f4xx_hal_uart.o [1]
UART_WaitOnFlagUntilTimeout
                         0x800'a91b    0x82  Code  Lc  stm32f4xx_hal_uart.o [1]
UsageFault_Handler       0x800'd715     0x2  Code  Gb  stm32f4xx_it.o [1]
_GenldFullNoMb           0x800'57a5   0x274  Code  Lc  xprintffull_nomb.o [2]
_LdtobFullNoMb           0x800'53a1   0x3d6  Code  Lc  xprintffull_nomb.o [2]
_LitobFullNoMb           0x800'5251   0x10a  Code  Lc  xprintffull_nomb.o [2]
_Locale_lconv           0x2000'0048    0x38  Data  Lc  xlocale_c.o [2]
_PrintfFullNoMb          0x800'4cb5   0x19e  Code  Gb  xprintffull_nomb.o [2]
_Prout                   0x800'd725    0x16  Code  Gb  xprout.o [2]
_PutcharsFullNoMb        0x800'5a19    0x2e  Code  Lc  xprintffull_nomb.o [2]
_PutfldFullNoMb          0x800'4edd   0x268  Code  Lc  xprintffull_nomb.o [2]
_PuttxtFullNoMb          0x800'5145   0x10c  Code  Lc  xprintffull_nomb.o [2]
_Rand_idx               0x2000'827c     0x4  Data  Lc  rand.o [2]
_Rand_rv                0x2000'81fc    0x80  Data  Lc  rand.o [2]
_Randinit               0x2000'0094     0x1  Data  Gb  rand.o [2]
_Randseed               0x2000'0098     0x4  Data  Gb  rand.o [2]
__NVIC_GetPriorityGrouping
                         0x800'b3e3     0xa  Code  Lc  stm32f4xx_hal_cortex.o [1]
__NVIC_SetPriority       0x800'b3ed    0x24  Code  Lc  stm32f4xx_hal_cortex.o [1]
__NVIC_SetPriorityGrouping
                         0x800'b3c9    0x1a  Code  Lc  stm32f4xx_hal_cortex.o [1]
__aeabi_cdcmple          0x800'8039          Code  Gb  DblCmpLe.o [3]
__aeabi_cdrcmple         0x800'8069          Code  Gb  DblCmpGe.o [3]
__aeabi_d2iz             0x800'81d5          Code  Gb  DblToS32.o [3]
__aeabi_d2uiz            0x800'8561          Code  Gb  DblToU32.o [3]
__aeabi_ddiv             0x800'8319          Code  Gb  DblDiv.o [3]
__aeabi_dmul             0x800'7e25          Code  Gb  DblMul.o [3]
__aeabi_dsub             0x800'8235          Code  Gb  DblSub.o [3]
__aeabi_i2d              0x800'8211          Code  Gb  S32ToDbl.o [3]
__aeabi_ldiv0            0x800'a26d          Code  Gb  I64DivZer.o [4]
__aeabi_memclr4          0x800'a02d          Code  Gb  ABImemclr4.o [4]
__aeabi_memcpy           0x800'61b9          Code  Gb  ABImemcpy.o [4]
__aeabi_memcpy4          0x800'61d9          Code  Gb  ABImemcpy.o [4]
__aeabi_memcpy8          0x800'61d9          Code  Gb  ABImemcpy.o [4]
__aeabi_memset           0x800'6305          Code  Gb  ABImemset.o [4]
__aeabi_ui2d             0x800'8589          Code  Gb  U32ToDbl.o [3]
__aeabi_uldivmod         0x800'7bf5          Code  Gb  I64DivMod.o [4]
__cmain                  0x800'd0bd          Code  Gb  cmain.o [4]
__exit                   0x800'b24d    0x14  Code  Gb  exit.o [5]
__iar_Fail_s             0x800'7b25    0x1c  Code  Gb  xfail_s.o [2]
__iar_Memchr             0x800'7b9d          Code  Gb  memchr.o [4]
__iar_Memset             0x800'6305          Code  Gb  ABImemset.o [4]
__iar_Memset4_word       0x800'b219          Code  Gb  ABImemset48.o [4]
__iar_Memset8_word       0x800'b219          Code  Gb  ABImemset48.o [4]
__iar_Memset_word        0x800'630d          Code  Gb  ABImemset.o [4]
__iar_Stdout            0x2000'0000    0x48  Data  Gb  xfiles.o [2]
__iar_Strchr             0x800'7b0d          Code  Gb  strchr.o [4]
__iar_copy_init3         0x800'c3e1    0x2c  Code  Gb  copy_init3.o [4]
__iar_dadd               0x800'8245          Code  Gb  DblSub.o [3]
__iar_data_init3         0x800'c9ad    0x28  Code  Gb  data_init.o [4]
__iar_dsub               0x800'a271          Code  Gb  DblAdd.o [3]
__iar_dsubStart          0x800'a283          Code  Gb  DblAdd.o [3]
__iar_frexp              0x800'7fd5          Code  Gb  frexp.o [3]
__iar_frexpl             0x800'7fd5          Code  Gb  frexp.o [3]
__iar_init_vfp           0x800'cd35          Code  Gb  fpinit_M.o [3]
__iar_ldexp64            0x800'8099          Code  Gb  ldexp.o [3]
__iar_program_start      0x800'da85          Code  Gb  cstartup_M.o [4]
__iar_scalbln64          0x800'8099          Code  Gb  ldexp.o [3]
__iar_scalbn64           0x800'8099          Code  Gb  ldexp.o [3]
__iar_softfp___iar_frexp64
                         0x800'7fc9          Code  Gb  frexp.o [3]
__iar_softfp_frexp       0x800'7fc9          Code  Gb  frexp.o [3]
__iar_softfp_frexpl      0x800'7fc9          Code  Gb  frexp.o [3]
__iar_zero_init3         0x800'3667    0x3a  Code  Gb  zero_init3.o [4]
__low_level_init         0x800'd0db     0x4  Code  Gb  low_level_init.o [2]
__vector_table           0x800'0000          Data  Gb  startup_stm32f407xx.o [1]
_call_main               0x800'd0c9          Code  Gb  cmain.o [4]
_exit                    0x800'd0e5          Code  Gb  cexit.o [4]
_main                    0x800'd0d7          Code  Gb  cmain.o [4]
abort                    0x800'a265     0x6  Code  Gb  abort.o [2]
ackno                   0x2000'8480     0x4  Data  Lc  tcp_in.o [1]
arp_table               0x2000'7d10    0xf0  Data  Lc  etharp.o [1]
current_timeout_due_time
                        0x2000'8490     0x4  Data  Lc  timeouts.o [1]
do_memp_free_pool        0x800'5b71    0x28  Code  Lc  memp.o [1]
do_memp_malloc_pool      0x800'5af3    0x2e  Code  Lc  memp.o [1]
etharp_cached_entry     0x2000'84ae     0x1  Data  Lc  etharp.o [1]
etharp_cleanup_netif     0x800'89a9    0x38  Code  Gb  etharp.o [1]
etharp_find_entry        0x800'8697   0x234  Code  Lc  etharp.o [1]
etharp_free_entry        0x800'85ad    0x32  Code  Lc  etharp.o [1]
etharp_input             0x800'89e1    0xe0  Code  Gb  etharp.o [1]
etharp_output            0x800'8b93   0x16e  Code  Gb  etharp.o [1]
etharp_output_to_arp_index
                         0x800'8ac1    0xd2  Code  Lc  etharp.o [1]
etharp_query             0x800'8d01   0x1ce  Code  Gb  etharp.o [1]
etharp_raw               0x800'8ecf    0xea  Code  Lc  etharp.o [1]
etharp_request           0x800'8fd9     0xa  Code  Gb  etharp.o [1]
etharp_request_dst       0x800'8fb9    0x20  Code  Lc  etharp.o [1]
etharp_tmr               0x800'85df    0xb8  Code  Gb  etharp.o [1]
etharp_update_arp_entry
                         0x800'88cb    0xde  Code  Lc  etharp.o [1]
ethbroadcast             0x800'da90     0x8  Data  Gb  ethernet.o [1]
ethernet_input           0x800'a3dd    0xb4  Code  Gb  ethernet.o [1]
ethernet_link_check_state
                         0x800'6b01    0xb2  Code  Gb  ethernetif.o [1]
ethernet_link_status_updated
                         0x800'ae09    0x1a  Code  Lc  lwip.o [1]
ethernet_output          0x800'a491    0x68  Code  Gb  ethernet.o [1]
ethernetif_init          0x800'6931    0x34  Code  Gb  ethernetif.o [1]
ethernetif_input         0x800'6907    0x2a  Code  Gb  ethernetif.o [1]
ethzero                  0x800'da98     0x8  Data  Gb  ethernet.o [1]
exit                     0x800'd0df     0x4  Code  Gb  exit.o [2]
flags                   0x2000'84b5     0x1  Data  Lc  tcp_in.o [1]
fputc                    0x800'9df9    0x30  Code  Gb  main.o [1]
gnetif                  0x2000'8350    0x34  Data  Gb  lwip.o [1]
gw                      0x2000'8414     0x4  Data  Gb  lwip.o [1]
heth                    0x2000'7ee4    0xb0  Data  Gb  ethernetif.o [1]
huart1                  0x2000'82d0    0x48  Data  Gb  main.o [1]
icmp_dest_unreach        0x800'7a4f     0xe  Code  Gb  icmp.o [1]
icmp_input               0x800'78a1   0x1ae  Code  Gb  icmp.o [1]
icmp_send_response       0x800'7a6b    0x8a  Code  Lc  icmp.o [1]
icmp_time_exceeded       0x800'7a5d     0xe  Code  Gb  icmp.o [1]
inseg                   0x2000'83f0    0x10  Data  Lc  tcp_in.o [1]
ip4_addr_isbroadcast_u32
                         0x800'2515    0x4c  Code  Gb  ip4_addr.o [1]
ip4_frag                 0x800'735b   0x226  Code  Gb  ip4_frag.o [1]
ip4_input                0x800'49a7   0x1d0  Code  Gb  ip4.o [1]
ip4_input_accept         0x800'4977    0x30  Code  Lc  ip4.o [1]
ip4_output_if            0x800'4b77    0x30  Code  Gb  ip4.o [1]
ip4_output_if_src        0x800'4ba7    0xe8  Code  Gb  ip4.o [1]
ip4_reass                0x800'70ab   0x248  Code  Gb  ip4_frag.o [1]
ip4_route                0x800'48f9    0x7e  Code  Gb  ip4.o [1]
ip_addr_any              0x800'dac0     0x4  Data  Gb  ip4_addr.o [1]
ip_data                 0x2000'83d8    0x18  Data  Gb  ip.o [1]
ip_frag_alloc_pbuf_custom_ref
                         0x800'72f3     0xa  Code  Lc  ip4_frag.o [1]
ip_frag_free_pbuf_custom_ref
                         0x800'72fd    0x20  Code  Lc  ip4_frag.o [1]
ip_id                   0x2000'84a0     0x2  Data  Lc  ip4.o [1]
ip_reass_chain_frag_into_datagram_and_validate
                         0x800'6ecb   0x1e0  Code  Lc  ip4_frag.o [1]
ip_reass_dequeue_datagram
                         0x800'6e8f    0x3c  Code  Lc  ip4_frag.o [1]
ip_reass_enqueue_new_datagram
                         0x800'6e35    0x5a  Code  Lc  ip4_frag.o [1]
ip_reass_free_complete_datagram
                         0x800'6ca7   0x10c  Code  Lc  ip4_frag.o [1]
ip_reass_pbufcount      0x2000'84a2     0x2  Data  Lc  ip4_frag.o [1]
ip_reass_remove_oldest_datagram
                         0x800'6db3    0x82  Code  Lc  ip4_frag.o [1]
ip_reass_tmr             0x800'6c79    0x2e  Code  Gb  ip4_frag.o [1]
ipaddr                  0x2000'840c     0x4  Data  Gb  lwip.o [1]
ipfrag_free_pbuf_custom
                         0x800'731d    0x3e  Code  Lc  ip4_frag.o [1]
ldexp                    0x800'8099          Code  Gb  ldexp.o [3]
ldexpl                   0x800'8099          Code  Gb  ldexp.o [3]
lfree                   0x2000'842c     0x4  Data  Lc  mem.o [1]
localeconv               0x800'85a5     0x4  Code  Gb  xlocale_c.o [2]
low_level_init           0x800'6769    0xea  Code  Lc  ethernetif.o [1]
low_level_input          0x800'68eb    0x1c  Code  Lc  ethernetif.o [1]
low_level_output         0x800'6853    0x98  Code  Lc  ethernetif.o [1]
lwip_cyclic_timer        0x800'47f7    0x38  Code  Lc  timeouts.o [1]
lwip_cyclic_timers       0x800'd6c4    0x18  Data  Gb  timeouts.o [1]
lwip_htonl               0x800'2571    0x1c  Code  Gb  def.o [1]
lwip_htons               0x800'2561    0x10  Code  Gb  def.o [1]
lwip_init                0x800'b4c9    0x44  Code  Gb  init.o [1]
main                     0x800'9e29    0x38  Code  Gb  main.o [1]
mem_free                 0x800'5dbb    0xa8  Code  Gb  mem.o [1]
mem_init                 0x800'5d1d    0x46  Code  Gb  mem.o [1]
mem_link_valid           0x800'5d63    0x58  Code  Lc  mem.o [1]
mem_malloc               0x800'5fdf   0x186  Code  Gb  mem.o [1]
mem_to_ptr               0x800'5c1d     0xc  Code  Lc  mem.o [1]
mem_trim                 0x800'5e63   0x17c  Code  Gb  mem.o [1]
memchr                   0x800'7b9d          Code  Gb  memchr.o [4]
memcmp                   0x800'b261          Code  Gb  memcmp.o [4]
memp_FRAG_PBUF           0x800'da24     0xc  Data  Gb  memp.o [1]
memp_PBUF                0x800'da3c     0xc  Data  Gb  memp.o [1]
memp_PBUF_POOL           0x800'da48     0xc  Data  Gb  memp.o [1]
memp_REASSDATA           0x800'da18     0xc  Data  Gb  memp.o [1]
memp_RX_POOL             0x800'd994     0xc  Data  Gb  ethernetif.o [1]
memp_SYS_TIMEOUT         0x800'da30     0xc  Data  Gb  memp.o [1]
memp_TCP_PCB             0x800'd9f4     0xc  Data  Gb  memp.o [1]
memp_TCP_PCB_LISTEN      0x800'da00     0xc  Data  Gb  memp.o [1]
memp_TCP_SEG             0x800'da0c     0xc  Data  Gb  memp.o [1]
memp_UDP_PCB             0x800'd9e8     0xc  Data  Gb  memp.o [1]
memp_free                0x800'5bc5    0x2c  Code  Gb  memp.o [1]
memp_free_pool           0x800'5b99    0x2c  Code  Gb  memp.o [1]
memp_init                0x800'5ad3    0x20  Code  Gb  memp.o [1]
memp_init_pool           0x800'5aa9    0x2a  Code  Gb  memp.o [1]
memp_malloc              0x800'5b47    0x2a  Code  Gb  memp.o [1]
memp_malloc_pool         0x800'5b21    0x26  Code  Gb  memp.o [1]
memp_memory_FRAG_PBUF_base
                        0x2000'799c   0x16c  Data  Gb  memp.o [1]
memp_memory_PBUF_POOL_base
                        0x2000'4a34  0x2604  Data  Gb  memp.o [1]
memp_memory_PBUF_base   0x2000'7c0c   0x104  Data  Gb  memp.o [1]
memp_memory_REASSDATA_base
                        0x2000'7f94    0xa4  Data  Gb  memp.o [1]
memp_memory_RX_POOL_base
                        0x2000'00b0  0x4984  Data  Gb  ethernetif.o [1]
memp_memory_SYS_TIMEOUT_base
                        0x2000'8384    0x34  Data  Gb  memp.o [1]
memp_memory_TCP_PCB_LISTEN_base
                        0x2000'7e00    0xe4  Data  Gb  memp.o [1]
memp_memory_TCP_PCB_base
                        0x2000'768c   0x310  Data  Gb  memp.o [1]
memp_memory_TCP_SEG_base
                        0x2000'7b08   0x104  Data  Gb  memp.o [1]
memp_memory_UDP_PCB_base
                        0x2000'8178    0x84  Data  Gb  memp.o [1]
memp_pools               0x800'caf4    0x24  Data  Gb  memp.o [1]
memp_tab_FRAG_PBUF      0x2000'8444     0x4  Data  Lc  memp.o [1]
memp_tab_PBUF           0x2000'844c     0x4  Data  Lc  memp.o [1]
memp_tab_PBUF_POOL      0x2000'8450     0x4  Data  Lc  memp.o [1]
memp_tab_REASSDATA      0x2000'8440     0x4  Data  Lc  memp.o [1]
memp_tab_RX_POOL        0x2000'8400     0x4  Data  Lc  ethernetif.o [1]
memp_tab_SYS_TIMEOUT    0x2000'8448     0x4  Data  Lc  memp.o [1]
memp_tab_TCP_PCB        0x2000'8434     0x4  Data  Lc  memp.o [1]
memp_tab_TCP_PCB_LISTEN
                        0x2000'8438     0x4  Data  Lc  memp.o [1]
memp_tab_TCP_SEG        0x2000'843c     0x4  Data  Lc  memp.o [1]
memp_tab_UDP_PCB        0x2000'8430     0x4  Data  Lc  memp.o [1]
netif_add                0x800'636f   0x130  Code  Gb  netif.o [1]
netif_default           0x2000'8458     0x4  Data  Gb  netif.o [1]
netif_do_ip_addr_changed
                         0x800'649f    0x18  Code  Lc  netif.o [1]
netif_do_set_gw          0x800'653f    0x1c  Code  Lc  netif.o [1]
netif_do_set_ipaddr      0x800'64b7    0x6c  Code  Lc  netif.o [1]
netif_do_set_netmask     0x800'6523    0x1c  Code  Lc  netif.o [1]
netif_get_by_index       0x800'66fb    0x2c  Code  Gb  netif.o [1]
netif_init               0x800'636d     0x2  Code  Gb  netif.o [1]
netif_issue_reports      0x800'65fd    0x40  Code  Lc  netif.o [1]
netif_list              0x2000'8454     0x4  Data  Gb  netif.o [1]
netif_null_output_ip4    0x800'66f5     0x6  Code  Lc  netif.o [1]
netif_num               0x2000'84b0     0x1  Data  Lc  netif.o [1]
netif_set_addr           0x800'655b    0x6a  Code  Gb  netif.o [1]
netif_set_default        0x800'65c5     0x6  Code  Gb  netif.o [1]
netif_set_down           0x800'663d    0x38  Code  Gb  netif.o [1]
netif_set_link_callback
                         0x800'66ed     0x8  Code  Gb  netif.o [1]
netif_set_link_down      0x800'66b7    0x36  Code  Gb  netif.o [1]
netif_set_link_up        0x800'6675    0x42  Code  Gb  netif.o [1]
netif_set_up             0x800'65cb    0x32  Code  Gb  netif.o [1]
netmask                 0x2000'8410     0x4  Data  Gb  lwip.o [1]
next_timeout            0x2000'848c     0x4  Data  Lc  timeouts.o [1]
obuf                    0x2000'8280    0x50  Data  Lc  xfiles.o [2]
pbuf_add_header          0x800'2043     0xa  Code  Gb  pbuf.o [1]
pbuf_add_header_impl     0x800'1fbf    0x84  Code  Lc  pbuf.o [1]
pbuf_alloc               0x800'1c93   0x1d0  Code  Gb  pbuf.o [1]
pbuf_alloc_reference     0x800'1e63    0x58  Code  Gb  pbuf.o [1]
pbuf_alloced_custom      0x800'1ebb    0x50  Code  Gb  pbuf.o [1]
pbuf_cat                 0x800'21fb    0x78  Code  Gb  pbuf.o [1]
pbuf_clen                0x800'21c1    0x12  Code  Gb  pbuf.o [1]
pbuf_clone               0x800'2469    0x3a  Code  Gb  pbuf.o [1]
pbuf_copy                0x800'2273   0x13c  Code  Gb  pbuf.o [1]
pbuf_copy_partial        0x800'23af    0xb4  Code  Gb  pbuf.o [1]
pbuf_free                0x800'20e7    0xda  Code  Gb  pbuf.o [1]
pbuf_free_custom         0x800'6965    0x18  Code  Gb  ethernetif.o [1]
pbuf_free_ooseq          0x800'1c41    0x26  Code  Gb  pbuf.o [1]
pbuf_free_ooseq_pending
                        0x2000'84b1     0x1  Data  Gb  pbuf.o [1]
pbuf_header_force        0x800'20db     0xc  Code  Gb  pbuf.o [1]
pbuf_header_impl         0x800'20bd    0x1e  Code  Lc  pbuf.o [1]
pbuf_init_alloced_pbuf   0x800'1c71    0x22  Code  Lc  pbuf.o [1]
pbuf_pool_is_empty       0x800'1c67     0xa  Code  Lc  pbuf.o [1]
pbuf_realloc             0x800'1f0b    0xb4  Code  Gb  pbuf.o [1]
pbuf_ref                 0x800'21d3    0x28  Code  Gb  pbuf.o [1]
pbuf_remove_header       0x800'204d    0x70  Code  Gb  pbuf.o [1]
plug_holes               0x800'5c29    0xf4  Code  Lc  mem.o [1]
printf                   0x800'1c19    0x28  Code  Gb  printf.o [2]
ptr_to_mem               0x800'5c11     0xc  Code  Lc  mem.o [1]
putchar                  0x800'd73d     0xc  Code  Gb  putchar.o [2]
ram                     0x2000'8424     0x4  Data  Lc  mem.o [1]
ram_end                 0x2000'8428     0x4  Data  Lc  mem.o [1]
ram_heap                0x2000'7038   0x654  Data  Gb  mem.o [1]
rand                     0x800'6261    0x94  Code  Gb  rand.o [2]
reassdatagrams          0x2000'8404     0x4  Data  Lc  ip4_frag.o [1]
recv_acked              0x2000'84aa     0x2  Data  Lc  tcp_in.o [1]
recv_data               0x2000'8484     0x4  Data  Lc  tcp_in.o [1]
recv_flags              0x2000'84b6     0x1  Data  Lc  tcp_in.o [1]
scalbln                  0x800'8099          Code  Gb  ldexp.o [3]
scalblnl                 0x800'8099          Code  Gb  ldexp.o [3]
scalbn                   0x800'8099          Code  Gb  ldexp.o [3]
scalbnl                  0x800'8099          Code  Gb  ldexp.o [3]
scale                    0x800'535b    0x46  Code  Lc  xprintffull_nomb.o [2]
sec_hand                0x2000'849c     0x4  Data  Lc  xfail_s.o [2]
seqno                   0x2000'847c     0x4  Data  Lc  tcp_in.o [1]
strchr                   0x800'7b0d          Code  Gb  strchr.o [4]
strlen                   0x800'7b65          Code  Gb  strlen.o [4]
sys_check_timeouts       0x800'487b    0x4a  Code  Gb  timeouts.o [1]
sys_now                  0x800'697d     0x8  Code  Gb  ethernetif.o [1]
sys_timeout              0x800'484d    0x2e  Code  Gb  timeouts.o [1]
sys_timeout_abs          0x800'4781    0x76  Code  Lc  timeouts.o [1]
sys_timeouts_init        0x800'482f    0x1e  Code  Gb  timeouts.o [1]
tcp_abandon              0x800'28a3   0x10e  Code  Gb  tcp.o [1]
tcp_abort                0x800'29b1     0xa  Code  Gb  tcp.o [1]
tcp_active_pcbs         0x2000'846c     0x4  Data  Gb  tcp.o [1]
tcp_active_pcbs_changed
                        0x2000'84b2     0x1  Data  Gb  tcp.o [1]
tcp_alloc                0x800'32bd    0xc0  Code  Gb  tcp.o [1]
tcp_backoff              0x800'd8e8    0x10  Data  Lc  tcp.o [1]
tcp_bound_pcbs          0x2000'8464     0x4  Data  Gb  tcp.o [1]
tcp_close                0x800'286d    0x36  Code  Gb  tcp.o [1]
tcp_close_shutdown       0x800'268d   0x144  Code  Lc  tcp.o [1]
tcp_close_shutdown_fin   0x800'27d1    0x9c  Code  Lc  tcp.o [1]
tcp_create_segment       0x800'36bd   0x11e  Code  Lc  tcp_out.o [1]
tcp_eff_send_mss_netif   0x800'34f5    0x54  Code  Gb  tcp.o [1]
tcp_enqueue_flags        0x800'3a51   0x186  Code  Gb  tcp_out.o [1]
tcp_fasttmr              0x800'2fa9    0x7e  Code  Gb  tcp.o [1]
tcp_free                 0x800'25a3    0x26  Code  Gb  tcp.o [1]
tcp_free_acked_segments
                         0x800'0ff9    0xae  Code  Lc  tcp_in.o [1]
tcp_free_listen          0x800'25c9    0x26  Code  Lc  tcp.o [1]
tcp_free_ooseq           0x800'3651    0x16  Code  Gb  tcp.o [1]
tcp_get_next_optbyte     0x800'1abd    0x3a  Code  Lc  tcp_in.o [1]
tcp_handle_closepend     0x800'3287    0x28  Code  Lc  tcp.o [1]
tcp_init                 0x800'258d    0x16  Code  Gb  tcp.o [1]
tcp_input                0x800'0189   0x5b4  Code  Gb  tcp_in.o [1]
tcp_input_delayed_close
                         0x800'073d    0x56  Code  Lc  tcp_in.o [1]
tcp_input_pcb           0x2000'8488     0x4  Data  Gb  tcp_in.o [1]
tcp_keepalive            0x800'4569    0x5a  Code  Gb  tcp_out.o [1]
tcp_kill_prio            0x800'318f    0x60  Code  Lc  tcp.o [1]
tcp_kill_state           0x800'31ef    0x66  Code  Lc  tcp.o [1]
tcp_kill_timewait        0x800'3255    0x32  Code  Lc  tcp.o [1]
tcp_listen_closed        0x800'263b    0x52  Code  Lc  tcp.o [1]
tcp_listen_input         0x800'0793   0x13c  Code  Lc  tcp_in.o [1]
tcp_listen_pcbs         0x2000'8468     0x4  Data  Gb  tcp.o [1]
tcp_netif_ip_addr_changed
                         0x800'3591    0x48  Code  Gb  tcp.o [1]
tcp_netif_ip_addr_changed_pcblist
                         0x800'3551    0x36  Code  Lc  tcp.o [1]
tcp_next_iss             0x800'34c1    0x24  Code  Gb  tcp.o [1]
tcp_next_iss::iss       0x2000'00a4     0x4  Data  Lc  tcp.o [1]
tcp_oos_insert_segment   0x800'0f49    0xa0  Code  Lc  tcp_in.o [1]
tcp_optidx              0x2000'84a8     0x2  Data  Lc  tcp_in.o [1]
tcp_output               0x800'3bd9   0x2b8  Code  Gb  tcp_out.o [1]
tcp_output_alloc_header
                         0x800'42df    0x50  Code  Lc  tcp_out.o [1]
tcp_output_alloc_header_common
                         0x800'4231    0xae  Code  Lc  tcp_out.o [1]
tcp_output_control_segment
                         0x800'43b5    0x62  Code  Lc  tcp_out.o [1]
tcp_output_fill_options
                         0x800'4341    0x6e  Code  Lc  tcp_out.o [1]
tcp_output_segment       0x800'3ebd   0x15c  Code  Lc  tcp_out.o [1]
tcp_output_segment_busy
                         0x800'3e91    0x2c  Code  Lc  tcp_out.o [1]
tcp_parseopt             0x800'1afd    0x9c  Code  Lc  tcp_in.o [1]
tcp_pcb_lists            0x800'd8f8    0x10  Data  Gb  tcp.o [1]
tcp_pcb_purge            0x800'3381    0x68  Code  Gb  tcp.o [1]
tcp_pcb_remove           0x800'33f9    0xc2  Code  Gb  tcp.o [1]
tcp_persist_backoff      0x800'daa8     0x8  Data  Lc  tcp.o [1]
tcp_port                0x2000'00a8     0x2  Data  Lc  tcp.o [1]
tcp_process              0x800'09a1   0x58e  Code  Lc  tcp_in.o [1]
tcp_process_refused_data
                         0x800'3027    0xb0  Code  Gb  tcp.o [1]
tcp_receive              0x800'10f1   0x9cc  Code  Lc  tcp_in.o [1]
tcp_recv_null            0x800'3149    0x44  Code  Gb  tcp.o [1]
tcp_recved               0x800'2a35    0x76  Code  Gb  tcp.o [1]
tcp_remove_listener      0x800'260b    0x30  Code  Lc  tcp.o [1]
tcp_rexmit               0x800'4115    0x92  Code  Gb  tcp_out.o [1]
tcp_rexmit_fast          0x800'41a9    0x86  Code  Gb  tcp_out.o [1]
tcp_rexmit_rto           0x800'40e5    0x2e  Code  Gb  tcp_out.o [1]
tcp_rexmit_rto_commit    0x800'40af    0x36  Code  Gb  tcp_out.o [1]
tcp_rexmit_rto_prepare   0x800'4019    0x96  Code  Gb  tcp_out.o [1]
tcp_route                0x800'36a1    0x1c  Code  Lc  tcp_out.o [1]
tcp_rst                  0x800'4417    0x90  Code  Gb  tcp_out.o [1]
tcp_seg_copy             0x800'3107    0x42  Code  Gb  tcp.o [1]
tcp_seg_free             0x800'30e9    0x1e  Code  Gb  tcp.o [1]
tcp_segs_free            0x800'30d7    0x12  Code  Gb  tcp.o [1]
tcp_send_empty_ack       0x800'44ad    0xae  Code  Gb  tcp_out.o [1]
tcp_send_fin             0x800'39df    0x5e  Code  Gb  tcp_out.o [1]
tcp_slowtmr              0x800'2af5   0x4a2  Code  Gb  tcp.o [1]
tcp_split_unsent_seg     0x800'37db   0x204  Code  Gb  tcp_out.o [1]
tcp_ticks               0x2000'8460     0x4  Data  Gb  tcp.o [1]
tcp_timer               0x2000'84b3     0x1  Data  Lc  tcp.o [1]
tcp_timer_ctr           0x2000'84b4     0x1  Data  Lc  tcp.o [1]
tcp_timer_needed         0x800'4757    0x2a  Code  Gb  timeouts.o [1]
tcp_timewait_input       0x800'08cf    0xa0  Code  Lc  tcp_in.o [1]
tcp_tmr                  0x800'25ef    0x1c  Code  Gb  tcp.o [1]
tcp_trigger_input_pcb_close
                         0x800'1b99     0xc  Code  Gb  tcp_in.o [1]
tcp_tw_pcbs             0x2000'8470     0x4  Data  Gb  tcp.o [1]
tcp_update_rcv_ann_wnd   0x800'29bb    0x7a  Code  Gb  tcp.o [1]
tcp_zero_window_probe    0x800'45d5    0xea  Code  Gb  tcp_out.o [1]
tcphdr                  0x2000'8474     0x4  Data  Lc  tcp_in.o [1]
tcphdr_opt1len          0x2000'84a6     0x2  Data  Lc  tcp_in.o [1]
tcphdr_opt2             0x2000'8478     0x4  Data  Lc  tcp_in.o [1]
tcphdr_optlen           0x2000'84a4     0x2  Data  Lc  tcp_in.o [1]
tcpip_tcp_timer          0x800'472d    0x2a  Code  Lc  timeouts.o [1]
tcpip_tcp_timer_active  0x2000'8494     0x4  Data  Lc  timeouts.o [1]
tcplen                  0x2000'84ac     0x2  Data  Lc  tcp_in.o [1]
udp_init                 0x800'75dd    0x16  Code  Gb  udp.o [1]
udp_input                0x800'7693   0x1b4  Code  Gb  udp.o [1]
udp_input_local_match    0x800'75f3    0xa0  Code  Lc  udp.o [1]
udp_netif_ip_addr_changed
                         0x800'7847    0x32  Code  Gb  udp.o [1]
udp_pcbs                0x2000'8498     0x4  Data  Gb  udp.o [1]
udp_port                0x2000'00aa     0x2  Data  Lc  udp.o [1]
uwTick                  0x2000'845c     0x4  Data  Gb  stm32f4xx_hal.o [1]
uwTickFreq              0x2000'00ac     0x1  Data  Gb  stm32f4xx_hal.o [1]
uwTickPrio              0x2000'009c     0x4  Data  Gb  stm32f4xx_hal.o [1]


[1] = D:\2_Projects\Exam\CubeMx\ETH\ETH_Ping\EWARM\ETH_Ping\Obj
[2] = dl7M_tlf.a
[3] = m7M_tls.a
[4] = rt7M_tl.a
[5] = shb_l.a

  46 968 bytes of readonly  code memory
   9 540 bytes of readonly  data memory
  42 164 bytes of readwrite data memory

Errors: none
Warnings: none
