###############################################################################
#
# IAR ELF Linker V8.32.1.169/W32 for ARM                  13/Jun/2024  09:33:37
# Copyright 2007-2018 IAR Systems AB.
#
#    Output file  =  
#        D:\2_Projects\Exam\CubeMx\Flash\flash\EWARM\flash\Exe\flash.out
#    Map file     =  
#        D:\2_Projects\Exam\CubeMx\Flash\flash\EWARM\flash\List\flash.map
#    Command line =  
#        -f C:\Users\JASAN1~1\AppData\Local\Temp\EWD22B.tmp
#        (D:\2_Projects\Exam\CubeMx\Flash\flash\EWARM\flash\Obj\main.o
#        D:\2_Projects\Exam\CubeMx\Flash\flash\EWARM\flash\Obj\startup_stm32f407xx.o
#        D:\2_Projects\Exam\CubeMx\Flash\flash\EWARM\flash\Obj\stm32f4xx_hal.o
#        D:\2_Projects\Exam\CubeMx\Flash\flash\EWARM\flash\Obj\stm32f4xx_hal_cortex.o
#        D:\2_Projects\Exam\CubeMx\Flash\flash\EWARM\flash\Obj\stm32f4xx_hal_dma.o
#        D:\2_Projects\Exam\CubeMx\Flash\flash\EWARM\flash\Obj\stm32f4xx_hal_dma_ex.o
#        D:\2_Projects\Exam\CubeMx\Flash\flash\EWARM\flash\Obj\stm32f4xx_hal_exti.o
#        D:\2_Projects\Exam\CubeMx\Flash\flash\EWARM\flash\Obj\stm32f4xx_hal_flash.o
#        D:\2_Projects\Exam\CubeMx\Flash\flash\EWARM\flash\Obj\stm32f4xx_hal_flash_ex.o
#        D:\2_Projects\Exam\CubeMx\Flash\flash\EWARM\flash\Obj\stm32f4xx_hal_flash_ramfunc.o
#        D:\2_Projects\Exam\CubeMx\Flash\flash\EWARM\flash\Obj\stm32f4xx_hal_gpio.o
#        D:\2_Projects\Exam\CubeMx\Flash\flash\EWARM\flash\Obj\stm32f4xx_hal_msp.o
#        D:\2_Projects\Exam\CubeMx\Flash\flash\EWARM\flash\Obj\stm32f4xx_hal_pwr.o
#        D:\2_Projects\Exam\CubeMx\Flash\flash\EWARM\flash\Obj\stm32f4xx_hal_pwr_ex.o
#        D:\2_Projects\Exam\CubeMx\Flash\flash\EWARM\flash\Obj\stm32f4xx_hal_rcc.o
#        D:\2_Projects\Exam\CubeMx\Flash\flash\EWARM\flash\Obj\stm32f4xx_hal_rcc_ex.o
#        D:\2_Projects\Exam\CubeMx\Flash\flash\EWARM\flash\Obj\stm32f4xx_hal_tim.o
#        D:\2_Projects\Exam\CubeMx\Flash\flash\EWARM\flash\Obj\stm32f4xx_hal_tim_ex.o
#        D:\2_Projects\Exam\CubeMx\Flash\flash\EWARM\flash\Obj\stm32f4xx_hal_uart.o
#        D:\2_Projects\Exam\CubeMx\Flash\flash\EWARM\flash\Obj\stm32f4xx_it.o
#        D:\2_Projects\Exam\CubeMx\Flash\flash\EWARM\flash\Obj\system_stm32f4xx.o
#        --redirect _Printf=_PrintfFullNoMb --redirect _Scanf=_ScanfFullNoMb
#        --no_out_extension -o
#        D:\2_Projects\Exam\CubeMx\Flash\flash\EWARM\flash\Exe\flash.out --map
#        D:\2_Projects\Exam\CubeMx\Flash\flash\EWARM\flash\List\flash.map
#        --config "C:\Program Files (x86)\IAR Systems\Embedded Workbench
#        8.2\arm\config\linker\ST\stm32f407xG.icf" --semihosting --entry
#        __iar_program_start --vfe --text_out locale)
#
###############################################################################

*******************************************************************************
*** RUNTIME MODEL ATTRIBUTES
***

CppFlavor       = *
__SystemLibrary = DLib
__dlib_version  = 6


*******************************************************************************
*** HEAP SELECTION
***

The basic heap was selected because no calls to memory allocation
functions were found in the application outside of system library
functions, and there are calls to deallocation functions in the
application.


*******************************************************************************
*** PLACEMENT SUMMARY
***

"A0":  place at 0x800'0000 { ro section .intvec };
"P1":  place in [from 0x800'0000 to 0x80f'ffff] { ro };
define block CSTACK with size = 8K, alignment = 8 { };
"P3":  place in [from 0x1000'0000 to 0x1000'ffff] {
          block CSTACK, section .ccram };
define block HEAP with size = 8K, alignment = 8 { };
"P4":  place in [from 0x2000'0000 to 0x2001'bfff] |
                [from 0x2001'c000 to 0x2001'ffff] { rw, block HEAP };
initialize by copy { rw };

No sections matched the following patterns:

  ro section application_specific_ro  in "P2"
  section .backup_sram                in "P5"
  section .ccram                      in "P3"


  Section            Kind         Address    Size  Object
  -------            ----         -------    ----  ------
"A0":                                       0x188
  .intvec            ro code   0x800'0000   0x188  startup_stm32f407xx.o [1]
                             - 0x800'0188   0x188

"P1":                                      0x3678
  .text              ro code   0x800'0188   0xdf2  xprintffull_nomb.o [2]
  .text              ro code   0x800'0f7a    0x3a  zero_init3.o [4]
  .text              ro code   0x800'0fb4    0x16  strchr.o [4]
  .text              ro code   0x800'0fcc    0x40  xfail_s.o [2]
  .text              ro code   0x800'100c    0x36  strlen.o [4]
  .text              ro code   0x800'1044    0x58  memchr.o [4]
  .text              ro code   0x800'109c   0x230  I64DivMod.o [4]
  .text              ro code   0x800'12cc   0x1a2  DblMul.o [3]
  .text              ro code   0x800'1470    0xa6  ABImemcpy.o [4]
  .text              ro code   0x800'1518    0x70  frexp.o [3]
  .text              ro code   0x800'1588    0x2e  DblCmpLe.o [3]
  .text              ro code   0x800'15b8    0x2e  DblCmpGe.o [3]
  .text              ro code   0x800'15e8   0x13a  ldexp.o [3]
  .text              ro code   0x800'1724    0x3a  DblToS32.o [3]
  .text              ro code   0x800'1760    0x22  S32ToDbl.o [3]
  .text              ro code   0x800'1784    0xe2  DblSub.o [3]
  .text              ro code   0x800'1868   0x246  DblDiv.o [3]
  .text              ro code   0x800'1ab0    0x28  DblToU32.o [3]
  .text              ro code   0x800'1ad8    0x1a  U32ToDbl.o [3]
  .text              ro code   0x800'1af4     0x8  xlocale_c.o [2]
  .text              ro code   0x800'1afc     0x6  abort.o [2]
  .text              ro code   0x800'1b04     0x2  I64DivZer.o [4]
  .text              ro code   0x800'1b08   0x16a  DblAdd.o [3]
  .text              ro code   0x800'1c74    0x14  exit.o [5]
  .text              ro code   0x800'1c88   0x514  stm32f4xx_hal_uart.o [1]
  .text              ro code   0x800'219c    0xb4  stm32f4xx_hal_msp.o [1]
  .text              ro code   0x800'2250     0xc  stm32f4xx_hal.o [1]
  .text              ro code   0x800'225c   0x208  stm32f4xx_hal_rcc.o [1]
  .text              ro code   0x800'2464     0x6  ABImemclr4.o [4]
  .text              ro code   0x800'246c   0x224  stm32f4xx_hal_gpio.o [1]
  .text              ro code   0x800'2690    0x4c  stm32f4xx_hal.o [1]
  .text              ro code   0x800'26dc    0x32  ABImemset48.o [4]
  .text              ro code   0x800'2710   0x100  stm32f4xx_hal_cortex.o [1]
  .text              ro code   0x800'2810   0x450  main.o [1]
  .text              ro code   0x800'2c60    0x34  stm32f4xx_hal.o [1]
  .text              ro code   0x800'2c94    0x28  printf.o [2]
  .text              ro code   0x800'2cbc   0x200  stm32f4xx_hal_flash.o [1]
  .text              ro code   0x800'2ebc   0x184  stm32f4xx_hal_flash_ex.o [1]
  .text              ro code   0x800'3040    0x28  stm32f4xx_hal.o [1]
  .text              ro code   0x800'3068   0x3c4  stm32f4xx_hal_rcc.o [1]
  .rodata            const     0x800'342c    0x2c  main.o [1]
  .rodata            const     0x800'3458    0x2c  main.o [1]
  .text              ro code   0x800'3484    0x2c  copy_init3.o [4]
  .text              ro code   0x800'34b0    0x28  data_init.o [4]
  .text              ro code   0x800'34d8    0x22  fpinit_M.o [3]
  .iar.init_table    const     0x800'34fc    0x24  - Linker created -
  .rodata            const     0x800'3520    0x20  main.o [1]
  .rodata            const     0x800'3540    0x20  main.o [1]
  .text              ro code   0x800'3560    0x1e  cmain.o [4]
  .text              ro code   0x800'357e     0x4  low_level_init.o [2]
  .text              ro code   0x800'3582     0x4  exit.o [2]
  .text              ro code   0x800'3588     0xa  cexit.o [4]
  .text              ro code   0x800'3594    0x18  stm32f4xx_hal.o [1]
  .text              ro code   0x800'35ac    0x18  stm32f4xx_it.o [1]
  .text              ro code   0x800'35c4    0x16  xprout.o [2]
  .text              ro code   0x800'35dc     0xc  putchar.o [2]
  .rodata            const     0x800'35e8    0x10  system_stm32f4xx.o [1]
  .text              ro code   0x800'35f8    0x10  startup_stm32f407xx.o [1]
  .text              ro code   0x800'3608    0x10  system_stm32f4xx.o [1]
  .text              ro code   0x800'3618     0xc  cstartup_M.o [4]
  .rodata            const     0x800'3624     0x8  system_stm32f4xx.o [1]
  .rodata            const     0x800'362c     0x4  xlocale_c.o [2]
  .text              ro code   0x800'3630     0x4  startup_stm32f407xx.o [1]
  .text              ro code   0x800'3634     0x4  startup_stm32f407xx.o [1]
  .text              ro code   0x800'3638     0x4  startup_stm32f407xx.o [1]
  .text              ro code   0x800'363c     0x4  startup_stm32f407xx.o [1]
  .text              ro code   0x800'3640     0x4  startup_stm32f407xx.o [1]
  .text              ro code   0x800'3644     0x4  startup_stm32f407xx.o [1]
  .text              ro code   0x800'3648     0x4  startup_stm32f407xx.o [1]
  .text              ro code   0x800'364c     0x4  startup_stm32f407xx.o [1]
  .text              ro code   0x800'3650     0x4  startup_stm32f407xx.o [1]
  .text              ro code   0x800'3654     0x4  startup_stm32f407xx.o [1]
  .text              ro code   0x800'3658     0x4  startup_stm32f407xx.o [1]
  .text              ro code   0x800'365c     0x4  startup_stm32f407xx.o [1]
  .text              ro code   0x800'3660     0x4  startup_stm32f407xx.o [1]
  .text              ro code   0x800'3664     0x4  startup_stm32f407xx.o [1]
  .text              ro code   0x800'3668     0x4  startup_stm32f407xx.o [1]
  .text              ro code   0x800'366c     0x4  startup_stm32f407xx.o [1]
  .text              ro code   0x800'3670     0x4  startup_stm32f407xx.o [1]
  .text              ro code   0x800'3674     0x4  startup_stm32f407xx.o [1]
  .text              ro code   0x800'3678     0x4  startup_stm32f407xx.o [1]
  .text              ro code   0x800'367c     0x4  startup_stm32f407xx.o [1]
  .text              ro code   0x800'3680     0x4  startup_stm32f407xx.o [1]
  .text              ro code   0x800'3684     0x4  startup_stm32f407xx.o [1]
  .text              ro code   0x800'3688     0x4  startup_stm32f407xx.o [1]
  .text              ro code   0x800'368c     0x4  startup_stm32f407xx.o [1]
  .text              ro code   0x800'3690     0x4  startup_stm32f407xx.o [1]
  .text              ro code   0x800'3694     0x4  startup_stm32f407xx.o [1]
  .text              ro code   0x800'3698     0x4  startup_stm32f407xx.o [1]
  .text              ro code   0x800'369c     0x4  startup_stm32f407xx.o [1]
  .text              ro code   0x800'36a0     0x4  startup_stm32f407xx.o [1]
  .text              ro code   0x800'36a4     0x4  startup_stm32f407xx.o [1]
  .text              ro code   0x800'36a8     0x4  startup_stm32f407xx.o [1]
  .text              ro code   0x800'36ac     0x4  startup_stm32f407xx.o [1]
  .text              ro code   0x800'36b0     0x4  startup_stm32f407xx.o [1]
  .text              ro code   0x800'36b4     0x4  startup_stm32f407xx.o [1]
  .text              ro code   0x800'36b8     0x4  startup_stm32f407xx.o [1]
  .text              ro code   0x800'36bc     0x4  startup_stm32f407xx.o [1]
  .text              ro code   0x800'36c0     0x4  startup_stm32f407xx.o [1]
  .text              ro code   0x800'36c4     0x4  startup_stm32f407xx.o [1]
  .text              ro code   0x800'36c8     0x4  startup_stm32f407xx.o [1]
  .text              ro code   0x800'36cc     0x4  startup_stm32f407xx.o [1]
  .text              ro code   0x800'36d0     0x4  startup_stm32f407xx.o [1]
  .text              ro code   0x800'36d4     0x4  startup_stm32f407xx.o [1]
  .text              ro code   0x800'36d8     0x4  startup_stm32f407xx.o [1]
  .text              ro code   0x800'36dc     0x4  startup_stm32f407xx.o [1]
  .text              ro code   0x800'36e0     0x4  startup_stm32f407xx.o [1]
  .text              ro code   0x800'36e4     0x4  startup_stm32f407xx.o [1]
  .text              ro code   0x800'36e8     0x4  startup_stm32f407xx.o [1]
  .text              ro code   0x800'36ec     0x4  startup_stm32f407xx.o [1]
  .text              ro code   0x800'36f0     0x4  startup_stm32f407xx.o [1]
  .text              ro code   0x800'36f4     0x4  startup_stm32f407xx.o [1]
  .text              ro code   0x800'36f8     0x4  startup_stm32f407xx.o [1]
  .text              ro code   0x800'36fc     0x4  startup_stm32f407xx.o [1]
  .text              ro code   0x800'3700     0x4  startup_stm32f407xx.o [1]
  .text              ro code   0x800'3704     0x4  startup_stm32f407xx.o [1]
  .text              ro code   0x800'3708     0x4  startup_stm32f407xx.o [1]
  .text              ro code   0x800'370c     0x4  startup_stm32f407xx.o [1]
  .text              ro code   0x800'3710     0x4  startup_stm32f407xx.o [1]
  .text              ro code   0x800'3714     0x4  startup_stm32f407xx.o [1]
  .text              ro code   0x800'3718     0x4  startup_stm32f407xx.o [1]
  .text              ro code   0x800'371c     0x4  startup_stm32f407xx.o [1]
  .text              ro code   0x800'3720     0x4  startup_stm32f407xx.o [1]
  .text              ro code   0x800'3724     0x4  startup_stm32f407xx.o [1]
  .text              ro code   0x800'3728     0x4  startup_stm32f407xx.o [1]
  .text              ro code   0x800'372c     0x4  startup_stm32f407xx.o [1]
  .text              ro code   0x800'3730     0x4  startup_stm32f407xx.o [1]
  .text              ro code   0x800'3734     0x4  startup_stm32f407xx.o [1]
  .text              ro code   0x800'3738     0x4  startup_stm32f407xx.o [1]
  .text              ro code   0x800'373c     0x4  startup_stm32f407xx.o [1]
  .text              ro code   0x800'3740     0x4  startup_stm32f407xx.o [1]
  .text              ro code   0x800'3744     0x4  startup_stm32f407xx.o [1]
  .text              ro code   0x800'3748     0x4  startup_stm32f407xx.o [1]
  .text              ro code   0x800'374c     0x4  startup_stm32f407xx.o [1]
  .text              ro code   0x800'3750     0x4  startup_stm32f407xx.o [1]
  .text              ro code   0x800'3754     0x4  startup_stm32f407xx.o [1]
  .text              ro code   0x800'3758     0x4  startup_stm32f407xx.o [1]
  .text              ro code   0x800'375c     0x4  startup_stm32f407xx.o [1]
  .text              ro code   0x800'3760     0x4  startup_stm32f407xx.o [1]
  .text              ro code   0x800'3764     0x4  startup_stm32f407xx.o [1]
  .text              ro code   0x800'3768     0x4  startup_stm32f407xx.o [1]
  .text              ro code   0x800'376c     0x4  startup_stm32f407xx.o [1]
  .text              ro code   0x800'3770     0x4  startup_stm32f407xx.o [1]
  .rodata            const     0x800'3774     0x0  zero_init3.o [4]
  .rodata            const     0x800'3774     0x0  copy_init3.o [4]
  Initializer bytes  const     0x800'3774    0x8c  <for P4 s0>
                             - 0x800'3800  0x3678

"P3":                                      0x2000
  CSTACK                      0x1000'0000  0x2000  <Block>
    CSTACK           uninit   0x1000'0000  0x2000  <Block tail>
                            - 0x1000'2000  0x2000

"P4", part 1 of 2:                           0x8c
  P4 s0                       0x2000'0000    0x8c  <Init block>
    .data            inited   0x2000'0000    0x48  xfiles.o [2]
    .data            inited   0x2000'0048    0x38  xlocale_c.o [2]
    .data            inited   0x2000'0080     0x4  stm32f4xx_hal.o [1]
    .data            inited   0x2000'0084     0x4  system_stm32f4xx.o [1]
    .data            inited   0x2000'0088     0x1  stm32f4xx_hal.o [1]
                            - 0x2000'008c    0x8c

"P4", part 2 of 2:                           0xec
  .bss               zero     0x2000'008c    0x50  xfiles.o [2]
  .bss               zero     0x2000'00dc    0x48  main.o [1]
  .bss               zero     0x2000'0124    0x20  stm32f4xx_hal_flash.o [1]
  .bss               zero     0x2000'0144    0x14  main.o [1]
  .bss               zero     0x2000'0158     0x4  main.o [1]
  .bss               zero     0x2000'015c     0x4  main.o [1]
  .bss               zero     0x2000'0160     0x4  main.o [1]
  .bss               zero     0x2000'0164     0x4  main.o [1]
  .bss               zero     0x2000'0168     0x4  main.o [1]
  .bss               zero     0x2000'016c     0x4  main.o [1]
  .bss               zero     0x2000'0170     0x4  stm32f4xx_hal.o [1]
  .bss               zero     0x2000'0174     0x4  xfail_s.o [2]
                            - 0x2000'0178    0xec

Unused ranges:

         From           To      Size
         ----           --      ----
   0x800'3800   0x80f'ffff  0xf'c800
  0x1000'2000  0x1000'ffff    0xe000
  0x2000'0178  0x2001'bfff  0x1'be88
  0x2001'c000  0x2001'ffff    0x4000


*******************************************************************************
*** INIT TABLE
***

          Address      Size
          -------      ----
Zero (__iar_zero_init3)
    1 destination range, total size 0xec:
          0x2000'008c  0xec

Copy (__iar_copy_init3)
    1 source range, total size 0x8c (102% of destination):
           0x800'3774  0x8c
    1 destination range, total size 0x89:
          0x2000'0000  0x89



*******************************************************************************
*** MODULE SUMMARY
***

    Module                    ro code  ro data  rw data
    ------                    -------  -------  -------
command line/config:
    ---------------------------------------------------
    Total:

D:\2_Projects\Exam\CubeMx\Flash\flash\EWARM\flash\Obj: [1]
    main.o                      1 104      152      116
    startup_stm32f407xx.o         732
    stm32f4xx_hal.o               204        5        9
    stm32f4xx_hal_cortex.o        256
    stm32f4xx_hal_flash.o         512                32
    stm32f4xx_hal_flash_ex.o      388
    stm32f4xx_hal_gpio.o          548
    stm32f4xx_hal_msp.o           180
    stm32f4xx_hal_rcc.o         1 484
    stm32f4xx_hal_uart.o        1 300
    stm32f4xx_it.o                 24
    system_stm32f4xx.o             16       28        4
    ---------------------------------------------------
    Total:                      6 748      185      161

dl7M_tlf.a: [2]
    abort.o                         6
    exit.o                          4
    low_level_init.o                4
    printf.o                       40
    putchar.o                      12
    xfail_s.o                      64                 4
    xfiles.o                                72      152
    xlocale_c.o                     8       60       56
    xprintffull_nomb.o          3 570
    xprout.o                       22
    ---------------------------------------------------
    Total:                      3 730      132      212

m7M_tls.a: [3]
    DblAdd.o                      362
    DblCmpGe.o                     46
    DblCmpLe.o                     46
    DblDiv.o                      582
    DblMul.o                      418
    DblSub.o                      226
    DblToS32.o                     58
    DblToU32.o                     40
    S32ToDbl.o                     34
    U32ToDbl.o                     26
    fpinit_M.o                     34
    frexp.o                       112
    ldexp.o                       314
    ---------------------------------------------------
    Total:                      2 298

rt7M_tl.a: [4]
    ABImemclr4.o                    6
    ABImemcpy.o                   166
    ABImemset48.o                  50
    I64DivMod.o                   560
    I64DivZer.o                     2
    cexit.o                        10
    cmain.o                        30
    copy_init3.o                   44
    cstartup_M.o                   12
    data_init.o                    40
    memchr.o                       88
    strchr.o                       22
    strlen.o                       54
    zero_init3.o                   58
    ---------------------------------------------------
    Total:                      1 142

shb_l.a: [5]
    exit.o                         20
    ---------------------------------------------------
    Total:                         20

    Gaps                           40        2
    Linker created                          39    8 192
-------------------------------------------------------
    Grand Total:               13 978      358    8 565


*******************************************************************************
*** ENTRY LIST
***

Entry                       Address   Size  Type      Object
-----                       -------   ----  ----      ------
.iar.init_table$$Base    0x800'34fc          --   Gb  - Linker created -
.iar.init_table$$Limit   0x800'3520          --   Gb  - Linker created -
?main                    0x800'3561         Code  Gb  cmain.o [4]
AHBPrescTable            0x800'35e8   0x10  Data  Gb  system_stm32f4xx.o [1]
APBPrescTable            0x800'3624    0x8  Data  Gb  system_stm32f4xx.o [1]
Address                 0x2000'0160    0x4  Data  Gb  main.o [1]
BusFault_Handler         0x800'35b3    0x2  Code  Gb  stm32f4xx_it.o [1]
CSTACK$$Base            0x1000'0000          --   Gb  - Linker created -
CSTACK$$Limit           0x1000'2000          --   Gb  - Linker created -
DebugMon_Handler         0x800'35b9    0x2  Code  Gb  stm32f4xx_it.o [1]
EraseInitStruct         0x2000'0144   0x14  Data  Lc  main.o [1]
Error_Handler            0x800'2bd7    0xc  Code  Gb  main.o [1]
FLASH_Erase_Sector       0x800'2f87   0x5a  Code  Gb  stm32f4xx_hal_flash_ex.o [1]
FLASH_FlushCaches        0x800'2fe1   0x50  Code  Gb  stm32f4xx_hal_flash_ex.o [1]
FLASH_MassErase          0x800'2f65   0x22  Code  Lc  stm32f4xx_hal_flash_ex.o [1]
FLASH_Program_Byte       0x800'2e21   0x1a  Code  Lc  stm32f4xx_hal_flash.o [1]
FLASH_Program_DoubleWord
                         0x800'2dbb   0x2a  Code  Lc  stm32f4xx_hal_flash.o [1]
FLASH_Program_HalfWord   0x800'2e03   0x1e  Code  Lc  stm32f4xx_hal_flash.o [1]
FLASH_Program_Word       0x800'2de5   0x1e  Code  Lc  stm32f4xx_hal_flash.o [1]
FLASH_SetErrorCode       0x800'2e3b   0x68  Code  Lc  stm32f4xx_hal_flash.o [1]
FLASH_WaitForLastOperation
                         0x800'2d6b   0x50  Code  Gb  stm32f4xx_hal_flash.o [1]
FirstSector             0x2000'0158    0x4  Data  Gb  main.o [1]
GetSector                0x800'286d   0xa6  Code  Lc  main.o [1]
GetSectorSize            0x800'2845   0x28  Code  Lc  main.o [1]
HAL_Delay                0x800'3041   0x28  Code  Wk  stm32f4xx_hal.o [1]
HAL_FLASHEx_Erase        0x800'2ebd   0xa8  Code  Gb  stm32f4xx_hal_flash_ex.o [1]
HAL_FLASH_Lock           0x800'2d5d    0xe  Code  Gb  stm32f4xx_hal_flash.o [1]
HAL_FLASH_Program        0x800'2cbd   0x80  Code  Gb  stm32f4xx_hal_flash.o [1]
HAL_FLASH_Unlock         0x800'2d3d   0x20  Code  Gb  stm32f4xx_hal_flash.o [1]
HAL_GPIO_Init            0x800'246d  0x1d6  Code  Gb  stm32f4xx_hal_gpio.o [1]
HAL_GPIO_WritePin        0x800'2643   0x14  Code  Gb  stm32f4xx_hal_gpio.o [1]
HAL_GetTick              0x800'2251    0xc  Code  Wk  stm32f4xx_hal.o [1]
HAL_IncTick              0x800'3595   0x18  Code  Wk  stm32f4xx_hal.o [1]
HAL_Init                 0x800'2c61   0x30  Code  Gb  stm32f4xx_hal.o [1]
HAL_InitTick             0x800'2691   0x4c  Code  Wk  stm32f4xx_hal.o [1]
HAL_MspInit              0x800'219d   0x36  Code  Gb  stm32f4xx_hal_msp.o [1]
HAL_NVIC_SetPriority     0x800'27cb   0x22  Code  Gb  stm32f4xx_hal_cortex.o [1]
HAL_NVIC_SetPriorityGrouping
                         0x800'27c3    0x8  Code  Gb  stm32f4xx_hal_cortex.o [1]
HAL_RCC_ClockConfig      0x800'225d  0x13a  Code  Gb  stm32f4xx_hal_rcc.o [1]
HAL_RCC_GetHCLKFreq      0x800'2397    0x6  Code  Gb  stm32f4xx_hal_rcc.o [1]
HAL_RCC_GetPCLK1Freq     0x800'239d   0x16  Code  Gb  stm32f4xx_hal_rcc.o [1]
HAL_RCC_GetPCLK2Freq     0x800'23b3   0x16  Code  Gb  stm32f4xx_hal_rcc.o [1]
HAL_RCC_OscConfig        0x800'3069  0x3c4  Code  Wk  stm32f4xx_hal_rcc.o [1]
HAL_SYSTICK_Config       0x800'27ed    0x8  Code  Gb  stm32f4xx_hal_cortex.o [1]
HAL_UART_Init            0x800'1c89   0x7a  Code  Gb  stm32f4xx_hal_uart.o [1]
HAL_UART_MspInit         0x800'21d3   0x68  Code  Gb  stm32f4xx_hal_msp.o [1]
HAL_UART_Transmit        0x800'1d03   0xc0  Code  Gb  stm32f4xx_hal_uart.o [1]
HardFault_Handler        0x800'35af    0x2  Code  Gb  stm32f4xx_it.o [1]
LoadInt                  0x800'0337   0x7a  Code  Lc  xprintffull_nomb.o [2]
MX_GPIO_Init             0x800'2b2f   0xa8  Code  Lc  main.o [1]
MX_USART1_UART_Init      0x800'2afb   0x34  Code  Lc  main.o [1]
MemManage_Handler        0x800'35b1    0x2  Code  Gb  stm32f4xx_it.o [1]
MemoryProgramStatus     0x2000'016c    0x4  Data  Gb  main.o [1]
NMI_Handler              0x800'35ad    0x2  Code  Gb  stm32f4xx_it.o [1]
NVIC_EncodePriority      0x800'2759   0x3c  Code  Lc  stm32f4xx_hal_cortex.o [1]
NbOfSectors             0x2000'015c    0x4  Data  Gb  main.o [1]
PendSV_Handler           0x800'35bb    0x2  Code  Gb  stm32f4xx_it.o [1]
Region$$Table$$Base      0x800'34fc          --   Gb  - Linker created -
Region$$Table$$Limit     0x800'3520          --   Gb  - Linker created -
SVC_Handler              0x800'35b7    0x2  Code  Gb  stm32f4xx_it.o [1]
SectorError             0x2000'0164    0x4  Data  Gb  main.o [1]
SysTick_Config           0x800'2795   0x2e  Code  Lc  stm32f4xx_hal_cortex.o [1]
SysTick_Handler          0x800'35bd    0x8  Code  Gb  stm32f4xx_it.o [1]
SystemClock_Config       0x800'2a57   0xa4  Code  Gb  main.o [1]
SystemCoreClock         0x2000'0084    0x4  Data  Gb  system_stm32f4xx.o [1]
SystemInit               0x800'3609    0xc  Code  Gb  system_stm32f4xx.o [1]
UART_EndRxTransfer       0x800'1e45   0x60  Code  Lc  stm32f4xx_hal_uart.o [1]
UART_SetConfig           0x800'1ea7  0x2e6  Code  Lc  stm32f4xx_hal_uart.o [1]
UART_WaitOnFlagUntilTimeout
                         0x800'1dc3   0x82  Code  Lc  stm32f4xx_hal_uart.o [1]
UsageFault_Handler       0x800'35b5    0x2  Code  Gb  stm32f4xx_it.o [1]
_GenldFullNoMb           0x800'0c79  0x274  Code  Lc  xprintffull_nomb.o [2]
_LdtobFullNoMb           0x800'0875  0x3d6  Code  Lc  xprintffull_nomb.o [2]
_LitobFullNoMb           0x800'0725  0x10a  Code  Lc  xprintffull_nomb.o [2]
_Locale_lconv           0x2000'0048   0x38  Data  Lc  xlocale_c.o [2]
_PrintfFullNoMb          0x800'0189  0x19e  Code  Gb  xprintffull_nomb.o [2]
_Prout                   0x800'35c5   0x16  Code  Gb  xprout.o [2]
_PutcharsFullNoMb        0x800'0eed   0x2e  Code  Lc  xprintffull_nomb.o [2]
_PutfldFullNoMb          0x800'03b1  0x268  Code  Lc  xprintffull_nomb.o [2]
_PuttxtFullNoMb          0x800'0619  0x10c  Code  Lc  xprintffull_nomb.o [2]
__NVIC_GetPriorityGrouping
                         0x800'272b    0xa  Code  Lc  stm32f4xx_hal_cortex.o [1]
__NVIC_SetPriority       0x800'2735   0x24  Code  Lc  stm32f4xx_hal_cortex.o [1]
__NVIC_SetPriorityGrouping
                         0x800'2711   0x1a  Code  Lc  stm32f4xx_hal_cortex.o [1]
__aeabi_cdcmple          0x800'1589         Code  Gb  DblCmpLe.o [3]
__aeabi_cdrcmple         0x800'15b9         Code  Gb  DblCmpGe.o [3]
__aeabi_d2iz             0x800'1725         Code  Gb  DblToS32.o [3]
__aeabi_d2uiz            0x800'1ab1         Code  Gb  DblToU32.o [3]
__aeabi_ddiv             0x800'1869         Code  Gb  DblDiv.o [3]
__aeabi_dmul             0x800'12cd         Code  Gb  DblMul.o [3]
__aeabi_dsub             0x800'1785         Code  Gb  DblSub.o [3]
__aeabi_i2d              0x800'1761         Code  Gb  S32ToDbl.o [3]
__aeabi_ldiv0            0x800'1b05         Code  Gb  I64DivZer.o [4]
__aeabi_memclr4          0x800'2465         Code  Gb  ABImemclr4.o [4]
__aeabi_memcpy           0x800'1471         Code  Gb  ABImemcpy.o [4]
__aeabi_memcpy4          0x800'1491         Code  Gb  ABImemcpy.o [4]
__aeabi_memcpy8          0x800'1491         Code  Gb  ABImemcpy.o [4]
__aeabi_ui2d             0x800'1ad9         Code  Gb  U32ToDbl.o [3]
__aeabi_uldivmod         0x800'109d         Code  Gb  I64DivMod.o [4]
__cmain                  0x800'3561         Code  Gb  cmain.o [4]
__exit                   0x800'1c75   0x14  Code  Gb  exit.o [5]
__iar_Fail_s             0x800'0fcd   0x1c  Code  Gb  xfail_s.o [2]
__iar_Memchr             0x800'1045         Code  Gb  memchr.o [4]
__iar_Memset4_word       0x800'26dd         Code  Gb  ABImemset48.o [4]
__iar_Memset8_word       0x800'26dd         Code  Gb  ABImemset48.o [4]
__iar_Stdout            0x2000'0000   0x48  Data  Gb  xfiles.o [2]
__iar_Strchr             0x800'0fb5         Code  Gb  strchr.o [4]
__iar_copy_init3         0x800'3485   0x2c  Code  Gb  copy_init3.o [4]
__iar_dadd               0x800'1795         Code  Gb  DblSub.o [3]
__iar_data_init3         0x800'34b1   0x28  Code  Gb  data_init.o [4]
__iar_dsub               0x800'1b09         Code  Gb  DblAdd.o [3]
__iar_dsubStart          0x800'1b1b         Code  Gb  DblAdd.o [3]
__iar_frexp              0x800'1525         Code  Gb  frexp.o [3]
__iar_frexpl             0x800'1525         Code  Gb  frexp.o [3]
__iar_init_vfp           0x800'34d9         Code  Gb  fpinit_M.o [3]
__iar_ldexp64            0x800'15e9         Code  Gb  ldexp.o [3]
__iar_program_start      0x800'3619         Code  Gb  cstartup_M.o [4]
__iar_scalbln64          0x800'15e9         Code  Gb  ldexp.o [3]
__iar_scalbn64           0x800'15e9         Code  Gb  ldexp.o [3]
__iar_softfp___iar_frexp64
                         0x800'1519         Code  Gb  frexp.o [3]
__iar_softfp_frexp       0x800'1519         Code  Gb  frexp.o [3]
__iar_softfp_frexpl      0x800'1519         Code  Gb  frexp.o [3]
__iar_zero_init3         0x800'0f7b   0x3a  Code  Gb  zero_init3.o [4]
__low_level_init         0x800'357f    0x4  Code  Gb  low_level_init.o [2]
__vector_table           0x800'0000         Data  Gb  startup_stm32f407xx.o [1]
_call_main               0x800'356d         Code  Gb  cmain.o [4]
_exit                    0x800'3589         Code  Gb  cexit.o [4]
_main                    0x800'357b         Code  Gb  cmain.o [4]
abort                    0x800'1afd    0x6  Code  Gb  abort.o [2]
data32                  0x2000'0168    0x4  Data  Gb  main.o [1]
exit                     0x800'3583    0x4  Code  Gb  exit.o [2]
fputc                    0x800'2811   0x34  Code  Gb  main.o [1]
huart1                  0x2000'00dc   0x48  Data  Gb  main.o [1]
ldexp                    0x800'15e9         Code  Gb  ldexp.o [3]
ldexpl                   0x800'15e9         Code  Gb  ldexp.o [3]
localeconv               0x800'1af5    0x4  Code  Gb  xlocale_c.o [2]
main                     0x800'2913  0x144  Code  Gb  main.o [1]
memchr                   0x800'1045         Code  Gb  memchr.o [4]
obuf                    0x2000'008c   0x50  Data  Lc  xfiles.o [2]
pFlash                  0x2000'0124   0x20  Data  Gb  stm32f4xx_hal_flash.o [1]
printf                   0x800'2c95   0x28  Code  Gb  printf.o [2]
putchar                  0x800'35dd    0xc  Code  Gb  putchar.o [2]
scalbln                  0x800'15e9         Code  Gb  ldexp.o [3]
scalblnl                 0x800'15e9         Code  Gb  ldexp.o [3]
scalbn                   0x800'15e9         Code  Gb  ldexp.o [3]
scalbnl                  0x800'15e9         Code  Gb  ldexp.o [3]
scale                    0x800'082f   0x46  Code  Lc  xprintffull_nomb.o [2]
sec_hand                0x2000'0174    0x4  Data  Lc  xfail_s.o [2]
strchr                   0x800'0fb5         Code  Gb  strchr.o [4]
strlen                   0x800'100d         Code  Gb  strlen.o [4]
uwTick                  0x2000'0170    0x4  Data  Gb  stm32f4xx_hal.o [1]
uwTickFreq              0x2000'0088    0x1  Data  Gb  stm32f4xx_hal.o [1]
uwTickPrio              0x2000'0080    0x4  Data  Gb  stm32f4xx_hal.o [1]


[1] = D:\2_Projects\Exam\CubeMx\Flash\flash\EWARM\flash\Obj
[2] = dl7M_tlf.a
[3] = m7M_tls.a
[4] = rt7M_tl.a
[5] = shb_l.a

  13 978 bytes of readonly  code memory
     358 bytes of readonly  data memory
   8 565 bytes of readwrite data memory

Errors: none
Warnings: none
