###############################################################################
#
# IAR ELF Linker V8.32.1.169/W32 for ARM                  29/Aug/2024  15:38:14
# Copyright 2007-2018 IAR Systems AB.
#
#    Output file  =  
#        D:\2_Projects\Exam\CubeMx\SDcard\SDcard\EWARM\SDcard\Exe\SDcard.out
#    Map file     =  
#        D:\2_Projects\Exam\CubeMx\SDcard\SDcard\EWARM\SDcard\List\SDcard.map
#    Command line =  
#        -f C:\Users\JASAN1~1\AppData\Local\Temp\EW1433.tmp
#        (D:\2_Projects\Exam\CubeMx\SDcard\SDcard\EWARM\SDcard\Obj\bsp_driver_sd.o
#        D:\2_Projects\Exam\CubeMx\SDcard\SDcard\EWARM\SDcard\Obj\ccsbcs.o
#        D:\2_Projects\Exam\CubeMx\SDcard\SDcard\EWARM\SDcard\Obj\diskio.o
#        D:\2_Projects\Exam\CubeMx\SDcard\SDcard\EWARM\SDcard\Obj\fatfs.o
#        D:\2_Projects\Exam\CubeMx\SDcard\SDcard\EWARM\SDcard\Obj\ff.o
#        D:\2_Projects\Exam\CubeMx\SDcard\SDcard\EWARM\SDcard\Obj\ff_gen_drv.o
#        D:\2_Projects\Exam\CubeMx\SDcard\SDcard\EWARM\SDcard\Obj\main.o
#        D:\2_Projects\Exam\CubeMx\SDcard\SDcard\EWARM\SDcard\Obj\sd_diskio.o
#        D:\2_Projects\Exam\CubeMx\SDcard\SDcard\EWARM\SDcard\Obj\startup_stm32f407xx.o
#        D:\2_Projects\Exam\CubeMx\SDcard\SDcard\EWARM\SDcard\Obj\stm32f4xx_hal.o
#        D:\2_Projects\Exam\CubeMx\SDcard\SDcard\EWARM\SDcard\Obj\stm32f4xx_hal_cortex.o
#        D:\2_Projects\Exam\CubeMx\SDcard\SDcard\EWARM\SDcard\Obj\stm32f4xx_hal_dma.o
#        D:\2_Projects\Exam\CubeMx\SDcard\SDcard\EWARM\SDcard\Obj\stm32f4xx_hal_dma_ex.o
#        D:\2_Projects\Exam\CubeMx\SDcard\SDcard\EWARM\SDcard\Obj\stm32f4xx_hal_exti.o
#        D:\2_Projects\Exam\CubeMx\SDcard\SDcard\EWARM\SDcard\Obj\stm32f4xx_hal_flash.o
#        D:\2_Projects\Exam\CubeMx\SDcard\SDcard\EWARM\SDcard\Obj\stm32f4xx_hal_flash_ex.o
#        D:\2_Projects\Exam\CubeMx\SDcard\SDcard\EWARM\SDcard\Obj\stm32f4xx_hal_flash_ramfunc.o
#        D:\2_Projects\Exam\CubeMx\SDcard\SDcard\EWARM\SDcard\Obj\stm32f4xx_hal_gpio.o
#        D:\2_Projects\Exam\CubeMx\SDcard\SDcard\EWARM\SDcard\Obj\stm32f4xx_hal_msp.o
#        D:\2_Projects\Exam\CubeMx\SDcard\SDcard\EWARM\SDcard\Obj\stm32f4xx_hal_pwr.o
#        D:\2_Projects\Exam\CubeMx\SDcard\SDcard\EWARM\SDcard\Obj\stm32f4xx_hal_pwr_ex.o
#        D:\2_Projects\Exam\CubeMx\SDcard\SDcard\EWARM\SDcard\Obj\stm32f4xx_hal_rcc.o
#        D:\2_Projects\Exam\CubeMx\SDcard\SDcard\EWARM\SDcard\Obj\stm32f4xx_hal_rcc_ex.o
#        D:\2_Projects\Exam\CubeMx\SDcard\SDcard\EWARM\SDcard\Obj\stm32f4xx_hal_sd.o
#        D:\2_Projects\Exam\CubeMx\SDcard\SDcard\EWARM\SDcard\Obj\stm32f4xx_hal_tim.o
#        D:\2_Projects\Exam\CubeMx\SDcard\SDcard\EWARM\SDcard\Obj\stm32f4xx_hal_tim_ex.o
#        D:\2_Projects\Exam\CubeMx\SDcard\SDcard\EWARM\SDcard\Obj\stm32f4xx_hal_uart.o
#        D:\2_Projects\Exam\CubeMx\SDcard\SDcard\EWARM\SDcard\Obj\stm32f4xx_it.o
#        D:\2_Projects\Exam\CubeMx\SDcard\SDcard\EWARM\SDcard\Obj\stm32f4xx_ll_sdmmc.o
#        D:\2_Projects\Exam\CubeMx\SDcard\SDcard\EWARM\SDcard\Obj\syscall.o
#        D:\2_Projects\Exam\CubeMx\SDcard\SDcard\EWARM\SDcard\Obj\system_stm32f4xx.o
#        --redirect _Printf=_PrintfFullNoMb --redirect _Scanf=_ScanfFullNoMb
#        --no_out_extension -o
#        D:\2_Projects\Exam\CubeMx\SDcard\SDcard\EWARM\SDcard\Exe\SDcard.out
#        --map
#        D:\2_Projects\Exam\CubeMx\SDcard\SDcard\EWARM\SDcard\List\SDcard.map
#        --config "C:\Program Files (x86)\IAR Systems\Embedded Workbench
#        8.2\arm\config\linker\ST\stm32f407xG.icf" --semihosting --entry
#        __iar_program_start --vfe --text_out locale)
#
###############################################################################

*******************************************************************************
*** RUNTIME MODEL ATTRIBUTES
***

CppFlavor       = *
__SystemLibrary = DLib
__dlib_version  = 6


*******************************************************************************
*** HEAP SELECTION
***

The basic heap was selected because no calls to memory allocation
functions were found in the application outside of system library
functions, and there are calls to deallocation functions in the
application.


*******************************************************************************
*** PLACEMENT SUMMARY
***

"A0":  place at 0x800'0000 { ro section .intvec };
"P1":  place in [from 0x800'0000 to 0x80f'ffff] { ro };
define block CSTACK with size = 8K, alignment = 8 { };
"P3":  place in [from 0x1000'0000 to 0x1000'ffff] {
          block CSTACK, section .ccram };
define block HEAP with size = 8K, alignment = 8 { };
"P4":  place in [from 0x2000'0000 to 0x2001'bfff] |
                [from 0x2001'c000 to 0x2001'ffff] { rw, block HEAP };
initialize by copy { rw };

No sections matched the following patterns:

  ro section application_specific_ro  in "P2"
  section .backup_sram                in "P5"
  section .ccram                      in "P3"


  Section            Kind         Address    Size  Object
  -------            ----         -------    ----  ------
"A0":                                       0x188
  .intvec            ro code   0x800'0000   0x188  startup_stm32f407xx.o [1]
                             - 0x800'0188   0x188

"P1":                                      0x6604
  .text              ro code   0x800'0188  0x189c  ff.o [1]
  .text              ro code   0x800'1a24    0x98  diskio.o [1]
  .text              ro code   0x800'1abc   0x118  ccsbcs.o [1]
  .text              ro code   0x800'1bd4    0x20  fatfs.o [1]
  .text              ro code   0x800'1bf4    0x50  ff_gen_drv.o [1]
  .text              ro code   0x800'1c44   0xdf2  xprintffull_nomb.o [2]
  .text              ro code   0x800'2a36    0x3a  zero_init3.o [4]
  .text              ro code   0x800'2a70    0x16  strchr.o [4]
  .text              ro code   0x800'2a88    0x40  xfail_s.o [2]
  .text              ro code   0x800'2ac8    0x36  strlen.o [4]
  .text              ro code   0x800'2b00    0x58  memchr.o [4]
  .text              ro code   0x800'2b58   0x230  I64DivMod.o [4]
  .text              ro code   0x800'2d88   0x1a2  DblMul.o [3]
  .text              ro code   0x800'2f2c    0xa6  ABImemcpy.o [4]
  .text              ro code   0x800'2fd4    0x70  frexp.o [3]
  .text              ro code   0x800'3044    0x2e  DblCmpLe.o [3]
  .text              ro code   0x800'3074    0x2e  DblCmpGe.o [3]
  .text              ro code   0x800'30a4   0x13a  ldexp.o [3]
  .text              ro code   0x800'31e0    0x3a  DblToS32.o [3]
  .text              ro code   0x800'321c    0x22  S32ToDbl.o [3]
  .text              ro code   0x800'3240    0xe2  DblSub.o [3]
  .text              ro code   0x800'3324   0x246  DblDiv.o [3]
  .text              ro code   0x800'356c    0x28  DblToU32.o [3]
  .text              ro code   0x800'3594    0x1a  U32ToDbl.o [3]
  .text              ro code   0x800'35b0     0x8  xlocale_c.o [2]
  .text              ro code   0x800'35b8     0x6  abort.o [2]
  .text              ro code   0x800'35c0     0x2  I64DivZer.o [4]
  .text              ro code   0x800'35c4   0x16a  DblAdd.o [3]
  .text              ro code   0x800'3730    0x14  exit.o [5]
  .text              ro code   0x800'3744   0xc7a  stm32f4xx_hal_sd.o [1]
  .text              ro code   0x800'43c0   0x158  stm32f4xx_hal_msp.o [1]
  .text              ro code   0x800'4518   0x6ec  stm32f4xx_ll_sdmmc.o [1]
  .text              ro code   0x800'4c04    0x28  stm32f4xx_hal.o [1]
  .text              ro code   0x800'4c2c     0xc  stm32f4xx_hal.o [1]
  .text              ro code   0x800'4c38     0x6  ABImemclr4.o [4]
  .text              ro code   0x800'4c40   0x210  stm32f4xx_hal_gpio.o [1]
  .text              ro code   0x800'4e50    0x32  ABImemset48.o [4]
  .text              ro code   0x800'4e84   0x514  stm32f4xx_hal_uart.o [1]
  .text              ro code   0x800'5398   0x208  stm32f4xx_hal_rcc.o [1]
  .text              ro code   0x800'55a0    0x4c  stm32f4xx_hal.o [1]
  .text              ro code   0x800'55ec   0x100  stm32f4xx_hal_cortex.o [1]
  .text              ro code   0x800'56ec   0x3c4  stm32f4xx_hal_rcc.o [1]
  .text              ro code   0x800'5ab0   0x294  main.o [1]
  .text              ro code   0x800'5d44    0x28  printf.o [2]
  .text              ro code   0x800'5d6c    0x34  stm32f4xx_hal.o [1]
  .text              ro code   0x800'5da0    0x3c  bsp_driver_sd.o [1]
  .text              ro code   0x800'5ddc    0x10  bsp_driver_sd.o [1]
  .rodata            const     0x800'5dec   0x1f4  ccsbcs.o [1]
  .rodata            const     0x800'5fe0   0x100  ccsbcs.o [1]
  .text              ro code   0x800'60e0    0xe8  sd_diskio.o [1]
  .text              ro code   0x800'61c8    0x1c  bsp_driver_sd.o [1]
  .text              ro code   0x800'61e4    0x24  bsp_driver_sd.o [1]
  .text              ro code   0x800'6208    0x24  bsp_driver_sd.o [1]
  .text              ro code   0x800'622c    0x10  bsp_driver_sd.o [1]
  .rodata            const     0x800'623c    0xbc  ccsbcs.o [1]
  .rodata            const     0x800'62f8    0x80  ff.o [1]
  .text              ro code   0x800'6378    0x2c  copy_init3.o [4]
  .text              ro code   0x800'63a4    0x28  data_init.o [4]
  .rodata            const     0x800'63cc    0x24  main.o [1]
  .text              ro code   0x800'63f0    0x22  fpinit_M.o [3]
  .iar.init_table    const     0x800'6414    0x24  - Linker created -
  .rodata            const     0x800'6438    0x20  main.o [1]
  .text              ro code   0x800'6458    0x1e  cmain.o [4]
  .text              ro code   0x800'6476     0x4  low_level_init.o [2]
  .text              ro code   0x800'647a     0x4  exit.o [2]
  .text              ro code   0x800'6480     0xa  cexit.o [4]
  .rodata            const     0x800'648c    0x18  main.o [1]
  .text              ro code   0x800'64a4    0x18  stm32f4xx_hal.o [1]
  .text              ro code   0x800'64bc    0x18  stm32f4xx_it.o [1]
  .text              ro code   0x800'64d4    0x16  xprout.o [2]
  .text              ro code   0x800'64ec     0xc  putchar.o [2]
  .rodata            const     0x800'64f8    0x14  main.o [1]
  .rodata            const     0x800'650c    0x14  main.o [1]
  .rodata            const     0x800'6520    0x14  sd_diskio.o [1]
  .rodata            const     0x800'6534    0x10  ff.o [1]
  .rodata            const     0x800'6544    0x10  main.o [1]
  .rodata            const     0x800'6554    0x10  system_stm32f4xx.o [1]
  .text              ro code   0x800'6564    0x10  startup_stm32f407xx.o [1]
  .text              ro code   0x800'6574    0x10  system_stm32f4xx.o [1]
  .rodata            const     0x800'6584     0xc  ff.o [1]
  .rodata            const     0x800'6590     0xc  main.o [1]
  .text              ro code   0x800'659c     0xc  cstartup_M.o [4]
  .rodata            const     0x800'65a8     0x8  ff.o [1]
  .rodata            const     0x800'65b0     0x8  system_stm32f4xx.o [1]
  .rodata            const     0x800'65b8     0x4  xlocale_c.o [2]
  .text              ro code   0x800'65bc     0x4  startup_stm32f407xx.o [1]
  .text              ro code   0x800'65c0     0x4  startup_stm32f407xx.o [1]
  .text              ro code   0x800'65c4     0x4  startup_stm32f407xx.o [1]
  .text              ro code   0x800'65c8     0x4  startup_stm32f407xx.o [1]
  .text              ro code   0x800'65cc     0x4  startup_stm32f407xx.o [1]
  .text              ro code   0x800'65d0     0x4  startup_stm32f407xx.o [1]
  .text              ro code   0x800'65d4     0x4  startup_stm32f407xx.o [1]
  .text              ro code   0x800'65d8     0x4  startup_stm32f407xx.o [1]
  .text              ro code   0x800'65dc     0x4  startup_stm32f407xx.o [1]
  .text              ro code   0x800'65e0     0x4  startup_stm32f407xx.o [1]
  .text              ro code   0x800'65e4     0x4  startup_stm32f407xx.o [1]
  .text              ro code   0x800'65e8     0x4  startup_stm32f407xx.o [1]
  .text              ro code   0x800'65ec     0x4  startup_stm32f407xx.o [1]
  .text              ro code   0x800'65f0     0x4  startup_stm32f407xx.o [1]
  .text              ro code   0x800'65f4     0x4  startup_stm32f407xx.o [1]
  .text              ro code   0x800'65f8     0x4  startup_stm32f407xx.o [1]
  .text              ro code   0x800'65fc     0x4  startup_stm32f407xx.o [1]
  .text              ro code   0x800'6600     0x4  startup_stm32f407xx.o [1]
  .text              ro code   0x800'6604     0x4  startup_stm32f407xx.o [1]
  .text              ro code   0x800'6608     0x4  startup_stm32f407xx.o [1]
  .text              ro code   0x800'660c     0x4  startup_stm32f407xx.o [1]
  .text              ro code   0x800'6610     0x4  startup_stm32f407xx.o [1]
  .text              ro code   0x800'6614     0x4  startup_stm32f407xx.o [1]
  .text              ro code   0x800'6618     0x4  startup_stm32f407xx.o [1]
  .text              ro code   0x800'661c     0x4  startup_stm32f407xx.o [1]
  .text              ro code   0x800'6620     0x4  startup_stm32f407xx.o [1]
  .text              ro code   0x800'6624     0x4  startup_stm32f407xx.o [1]
  .text              ro code   0x800'6628     0x4  startup_stm32f407xx.o [1]
  .text              ro code   0x800'662c     0x4  startup_stm32f407xx.o [1]
  .text              ro code   0x800'6630     0x4  startup_stm32f407xx.o [1]
  .text              ro code   0x800'6634     0x4  startup_stm32f407xx.o [1]
  .text              ro code   0x800'6638     0x4  startup_stm32f407xx.o [1]
  .text              ro code   0x800'663c     0x4  startup_stm32f407xx.o [1]
  .text              ro code   0x800'6640     0x4  startup_stm32f407xx.o [1]
  .text              ro code   0x800'6644     0x4  startup_stm32f407xx.o [1]
  .text              ro code   0x800'6648     0x4  startup_stm32f407xx.o [1]
  .text              ro code   0x800'664c     0x4  startup_stm32f407xx.o [1]
  .text              ro code   0x800'6650     0x4  startup_stm32f407xx.o [1]
  .text              ro code   0x800'6654     0x4  startup_stm32f407xx.o [1]
  .text              ro code   0x800'6658     0x4  startup_stm32f407xx.o [1]
  .text              ro code   0x800'665c     0x4  startup_stm32f407xx.o [1]
  .text              ro code   0x800'6660     0x4  startup_stm32f407xx.o [1]
  .text              ro code   0x800'6664     0x4  startup_stm32f407xx.o [1]
  .text              ro code   0x800'6668     0x4  startup_stm32f407xx.o [1]
  .text              ro code   0x800'666c     0x4  startup_stm32f407xx.o [1]
  .text              ro code   0x800'6670     0x4  startup_stm32f407xx.o [1]
  .text              ro code   0x800'6674     0x4  startup_stm32f407xx.o [1]
  .text              ro code   0x800'6678     0x4  startup_stm32f407xx.o [1]
  .text              ro code   0x800'667c     0x4  startup_stm32f407xx.o [1]
  .text              ro code   0x800'6680     0x4  startup_stm32f407xx.o [1]
  .text              ro code   0x800'6684     0x4  startup_stm32f407xx.o [1]
  .text              ro code   0x800'6688     0x4  startup_stm32f407xx.o [1]
  .text              ro code   0x800'668c     0x4  startup_stm32f407xx.o [1]
  .text              ro code   0x800'6690     0x4  startup_stm32f407xx.o [1]
  .text              ro code   0x800'6694     0x4  startup_stm32f407xx.o [1]
  .text              ro code   0x800'6698     0x4  startup_stm32f407xx.o [1]
  .text              ro code   0x800'669c     0x4  startup_stm32f407xx.o [1]
  .text              ro code   0x800'66a0     0x4  startup_stm32f407xx.o [1]
  .text              ro code   0x800'66a4     0x4  startup_stm32f407xx.o [1]
  .text              ro code   0x800'66a8     0x4  startup_stm32f407xx.o [1]
  .text              ro code   0x800'66ac     0x4  startup_stm32f407xx.o [1]
  .text              ro code   0x800'66b0     0x4  startup_stm32f407xx.o [1]
  .text              ro code   0x800'66b4     0x4  startup_stm32f407xx.o [1]
  .text              ro code   0x800'66b8     0x4  startup_stm32f407xx.o [1]
  .text              ro code   0x800'66bc     0x4  startup_stm32f407xx.o [1]
  .text              ro code   0x800'66c0     0x4  startup_stm32f407xx.o [1]
  .text              ro code   0x800'66c4     0x4  startup_stm32f407xx.o [1]
  .text              ro code   0x800'66c8     0x4  startup_stm32f407xx.o [1]
  .text              ro code   0x800'66cc     0x4  startup_stm32f407xx.o [1]
  .text              ro code   0x800'66d0     0x4  startup_stm32f407xx.o [1]
  .text              ro code   0x800'66d4     0x4  startup_stm32f407xx.o [1]
  .text              ro code   0x800'66d8     0x4  startup_stm32f407xx.o [1]
  .text              ro code   0x800'66dc     0x4  startup_stm32f407xx.o [1]
  .text              ro code   0x800'66e0     0x4  startup_stm32f407xx.o [1]
  .text              ro code   0x800'66e4     0x4  startup_stm32f407xx.o [1]
  .text              ro code   0x800'66e8     0x4  startup_stm32f407xx.o [1]
  .text              ro code   0x800'66ec     0x4  startup_stm32f407xx.o [1]
  .text              ro code   0x800'66f0     0x4  startup_stm32f407xx.o [1]
  .text              ro code   0x800'66f4     0x4  startup_stm32f407xx.o [1]
  .text              ro code   0x800'66f8     0x4  startup_stm32f407xx.o [1]
  .text              ro code   0x800'66fc     0x4  startup_stm32f407xx.o [1]
  .rodata            const     0x800'6700     0x0  zero_init3.o [4]
  .rodata            const     0x800'6700     0x0  copy_init3.o [4]
  Initializer bytes  const     0x800'6700    0x8c  <for P4 s0>
                             - 0x800'678c  0x6604

"P3":                                      0x2000
  CSTACK                      0x1000'0000  0x2000  <Block>
    CSTACK           uninit   0x1000'0000  0x2000  <Block tail>
                            - 0x1000'2000  0x2000

"P4", part 1 of 2:                           0x8c
  P4 s0                       0x2000'0000    0x8c  <Init block>
    .data            inited   0x2000'0000    0x48  xfiles.o [2]
    .data            inited   0x2000'0048    0x38  xlocale_c.o [2]
    .data            inited   0x2000'0080     0x4  stm32f4xx_hal.o [1]
    .data            inited   0x2000'0084     0x4  system_stm32f4xx.o [1]
    .data            inited   0x2000'0088     0x1  sd_diskio.o [1]
    .data            inited   0x2000'0089     0x1  stm32f4xx_hal.o [1]
                            - 0x2000'008c    0x8c

"P4", part 2 of 2:                          0x7d4
  .bss               zero     0x2000'008c   0x234  main.o [1]
  .bss               zero     0x2000'02c0   0x230  main.o [1]
  .bss               zero     0x2000'04f0   0x200  ff.o [1]
  .bss               zero     0x2000'06f0    0x84  main.o [1]
  .bss               zero     0x2000'0774    0x50  xfiles.o [2]
  .bss               zero     0x2000'07c4    0x48  main.o [1]
  .bss               zero     0x2000'080c    0x20  ff.o [1]
  .bss               zero     0x2000'082c     0xc  ff_gen_drv.o [1]
  .bss               zero     0x2000'0838     0xc  main.o [1]
  .bss               zero     0x2000'0844     0x4  fatfs.o [1]
  .bss               zero     0x2000'0848     0x4  ff.o [1]
  .bss               zero     0x2000'084c     0x4  main.o [1]
  .bss               zero     0x2000'0850     0x4  main.o [1]
  .bss               zero     0x2000'0854     0x4  stm32f4xx_hal.o [1]
  .bss               zero     0x2000'0858     0x4  xfail_s.o [2]
  .bss               zero     0x2000'085c     0x2  ff.o [1]
  .bss               zero     0x2000'085e     0x1  fatfs.o [1]
  .bss               zero     0x2000'085f     0x1  main.o [1]
                            - 0x2000'0860   0x7d4

Unused ranges:

         From           To      Size
         ----           --      ----
   0x800'678c   0x80f'ffff  0xf'9874
  0x1000'2000  0x1000'ffff    0xe000
  0x2000'0860  0x2001'bfff  0x1'b7a0
  0x2001'c000  0x2001'ffff    0x4000


*******************************************************************************
*** INIT TABLE
***

          Address      Size
          -------      ----
Zero (__iar_zero_init3)
    1 destination range, total size 0x7d4:
          0x2000'008c  0x7d4

Copy (__iar_copy_init3)
    1 source range, total size 0x8c (101% of destination):
           0x800'6700   0x8c
    1 destination range, total size 0x8a:
          0x2000'0000   0x8a



*******************************************************************************
*** MODULE SUMMARY
***

    Module                  ro code  ro data  rw data
    ------                  -------  -------  -------
command line/config:
    -------------------------------------------------
    Total:

D:\2_Projects\Exam\CubeMx\SDcard\SDcard\EWARM\SDcard\Obj: [1]
    bsp_driver_sd.o             192
    ccsbcs.o                    280      944
    diskio.o                    152
    fatfs.o                      32                 5
    ff.o                      6 300      164      550
    ff_gen_drv.o                 80                12
    main.o                      660      160    1 349
    sd_diskio.o                 232       21        1
    startup_stm32f407xx.o       732
    stm32f4xx_hal.o             204        5        9
    stm32f4xx_hal_cortex.o      256
    stm32f4xx_hal_gpio.o        528
    stm32f4xx_hal_msp.o         344
    stm32f4xx_hal_rcc.o       1 484
    stm32f4xx_hal_sd.o        3 194
    stm32f4xx_hal_uart.o      1 300
    stm32f4xx_it.o               24
    stm32f4xx_ll_sdmmc.o      1 772
    system_stm32f4xx.o           16       28        4
    -------------------------------------------------
    Total:                   17 782    1 322    1 930

dl7M_tlf.a: [2]
    abort.o                       6
    exit.o                        4
    low_level_init.o              4
    printf.o                     40
    putchar.o                    12
    xfail_s.o                    64                 4
    xfiles.o                              72      152
    xlocale_c.o                   8       60       56
    xprintffull_nomb.o        3 570
    xprout.o                     22
    -------------------------------------------------
    Total:                    3 730      132      212

m7M_tls.a: [3]
    DblAdd.o                    362
    DblCmpGe.o                   46
    DblCmpLe.o                   46
    DblDiv.o                    582
    DblMul.o                    418
    DblSub.o                    226
    DblToS32.o                   58
    DblToU32.o                   40
    S32ToDbl.o                   34
    U32ToDbl.o                   26
    fpinit_M.o                   34
    frexp.o                     112
    ldexp.o                     314
    -------------------------------------------------
    Total:                    2 298

rt7M_tl.a: [4]
    ABImemclr4.o                  6
    ABImemcpy.o                 166
    ABImemset48.o                50
    I64DivMod.o                 560
    I64DivZer.o                   2
    cexit.o                      10
    cmain.o                      30
    copy_init3.o                 44
    cstartup_M.o                 12
    data_init.o                  40
    memchr.o                     88
    strchr.o                     22
    strlen.o                     54
    zero_init3.o                 58
    -------------------------------------------------
    Total:                    1 142

shb_l.a: [5]
    exit.o                       20
    -------------------------------------------------
    Total:                       20

    Gaps                         40        4
    Linker created                        38    8 192
-----------------------------------------------------
    Grand Total:             25 012    1 496   10 334


*******************************************************************************
*** ENTRY LIST
***

Entry                       Address   Size  Type      Object
-----                       -------   ----  ----      ------
.iar.init_table$$Base    0x800'6414          --   Gb  - Linker created -
.iar.init_table$$Limit   0x800'6438          --   Gb  - Linker created -
?main                    0x800'6459         Code  Gb  cmain.o [4]
AHBPrescTable            0x800'6554   0x10  Data  Gb  system_stm32f4xx.o [1]
APBPrescTable            0x800'65b0    0x8  Data  Gb  system_stm32f4xx.o [1]
BSP_SD_GetCardInfo       0x800'622d   0x10  Code  Wk  bsp_driver_sd.o [1]
BSP_SD_GetCardState      0x800'61c9   0x1c  Code  Wk  bsp_driver_sd.o [1]
BSP_SD_Init              0x800'5da1   0x3c  Code  Wk  bsp_driver_sd.o [1]
BSP_SD_ReadBlocks        0x800'61e5   0x24  Code  Wk  bsp_driver_sd.o [1]
BSP_SD_WriteBlocks       0x800'6209   0x24  Code  Wk  bsp_driver_sd.o [1]
BusFault_Handler         0x800'64c3    0x2  Code  Gb  stm32f4xx_it.o [1]
CSTACK$$Base            0x1000'0000          --   Gb  - Linker created -
CSTACK$$Limit           0x1000'2000          --   Gb  - Linker created -
DebugMon_Handler         0x800'64c9    0x2  Code  Gb  stm32f4xx_it.o [1]
Error_Handler            0x800'5d41    0x4  Code  Gb  main.o [1]
ExCvt                    0x800'62f8   0x80  Data  Lc  ff.o [1]
FATFS_LinkDriver         0x800'1c37    0xa  Code  Gb  ff_gen_drv.o [1]
FATFS_LinkDriverEx       0x800'1bf5   0x42  Code  Gb  ff_gen_drv.o [1]
FatFs                   0x2000'0848    0x4  Data  Lc  ff.o [1]
Files                   0x2000'080c   0x20  Data  Lc  ff.o [1]
Fsid                    0x2000'085c    0x2  Data  Lc  ff.o [1]
HAL_Delay                0x800'4c05   0x28  Code  Wk  stm32f4xx_hal.o [1]
HAL_GPIO_Init            0x800'4c41  0x1d6  Code  Gb  stm32f4xx_hal_gpio.o [1]
HAL_GetTick              0x800'4c2d    0xc  Code  Wk  stm32f4xx_hal.o [1]
HAL_IncTick              0x800'64a5   0x18  Code  Wk  stm32f4xx_hal.o [1]
HAL_Init                 0x800'5d6d   0x30  Code  Gb  stm32f4xx_hal.o [1]
HAL_InitTick             0x800'55a1   0x4c  Code  Wk  stm32f4xx_hal.o [1]
HAL_MspInit              0x800'43c1   0x36  Code  Gb  stm32f4xx_hal_msp.o [1]
HAL_NVIC_SetPriority     0x800'56a7   0x22  Code  Gb  stm32f4xx_hal_cortex.o [1]
HAL_NVIC_SetPriorityGrouping
                         0x800'569f    0x8  Code  Gb  stm32f4xx_hal_cortex.o [1]
HAL_RCC_ClockConfig      0x800'5399  0x13a  Code  Gb  stm32f4xx_hal_rcc.o [1]
HAL_RCC_GetHCLKFreq      0x800'54d3    0x6  Code  Gb  stm32f4xx_hal_rcc.o [1]
HAL_RCC_GetPCLK1Freq     0x800'54d9   0x16  Code  Gb  stm32f4xx_hal_rcc.o [1]
HAL_RCC_GetPCLK2Freq     0x800'54ef   0x16  Code  Gb  stm32f4xx_hal_rcc.o [1]
HAL_RCC_OscConfig        0x800'56ed  0x3c4  Code  Wk  stm32f4xx_hal_rcc.o [1]
HAL_SD_ConfigWideBusOperation
                         0x800'3f23   0xcc  Code  Gb  stm32f4xx_hal_sd.o [1]
HAL_SD_GetCardCSD        0x800'3d0d  0x1f2  Code  Gb  stm32f4xx_hal_sd.o [1]
HAL_SD_GetCardInfo       0x800'3eff   0x24  Code  Gb  stm32f4xx_hal_sd.o [1]
HAL_SD_GetCardState      0x800'3fef   0x22  Code  Gb  stm32f4xx_hal_sd.o [1]
HAL_SD_Init              0x800'3745   0x44  Code  Gb  stm32f4xx_hal_sd.o [1]
HAL_SD_InitCard          0x800'3789   0xb4  Code  Gb  stm32f4xx_hal_sd.o [1]
HAL_SD_MspInit           0x800'43f7   0x9a  Code  Gb  stm32f4xx_hal_msp.o [1]
HAL_SD_ReadBlocks        0x800'383d  0x28c  Code  Gb  stm32f4xx_hal_sd.o [1]
HAL_SD_WriteBlocks       0x800'3ac9  0x23c  Code  Gb  stm32f4xx_hal_sd.o [1]
HAL_SYSTICK_Config       0x800'56c9    0x8  Code  Gb  stm32f4xx_hal_cortex.o [1]
HAL_UART_Init            0x800'4e85   0x7a  Code  Gb  stm32f4xx_hal_uart.o [1]
HAL_UART_MspInit         0x800'4491   0x68  Code  Gb  stm32f4xx_hal_msp.o [1]
HAL_UART_Transmit        0x800'4eff   0xc0  Code  Gb  stm32f4xx_hal_uart.o [1]
HardFault_Handler        0x800'64bf    0x2  Code  Gb  stm32f4xx_it.o [1]
LfnBuf                  0x2000'04f0  0x200  Data  Lc  ff.o [1]
LfnOfs                   0x800'6534   0x10  Data  Lc  ff.o [1]
LoadInt                  0x800'1df3   0x7a  Code  Lc  xprintffull_nomb.o [2]
MX_FATFS_Init            0x800'1bd5   0x10  Code  Gb  fatfs.o [1]
MX_GPIO_Init             0x800'5c8f   0x60  Code  Lc  main.o [1]
MX_SDIO_SD_Init          0x800'5c3b   0x20  Code  Lc  main.o [1]
MX_USART1_UART_Init      0x800'5c5b   0x34  Code  Lc  main.o [1]
MemManage_Handler        0x800'64c1    0x2  Code  Gb  stm32f4xx_it.o [1]
MountSDIO                0x800'5ae5   0x2e  Code  Gb  main.o [1]
MyFile                  0x2000'02c0  0x230  Data  Gb  main.o [1]
NMI_Handler              0x800'64bd    0x2  Code  Gb  stm32f4xx_it.o [1]
NVIC_EncodePriority      0x800'5635   0x3c  Code  Lc  stm32f4xx_hal_cortex.o [1]
OpenFile                 0x800'5b13   0x28  Code  Gb  main.o [1]
PendSV_Handler           0x800'64cb    0x2  Code  Gb  stm32f4xx_it.o [1]
ReadFile                 0x800'5b3b   0x28  Code  Gb  main.o [1]
Region$$Table$$Base      0x800'6414          --   Gb  - Linker created -
Region$$Table$$Limit     0x800'6438          --   Gb  - Linker created -
SDFatFs                 0x2000'008c  0x234  Data  Gb  main.o [1]
SDIO_ConfigData          0x800'459d   0x2c  Code  Gb  stm32f4xx_ll_sdmmc.o [1]
SDIO_GetCommandResponse
                         0x800'458f    0x6  Code  Gb  stm32f4xx_ll_sdmmc.o [1]
SDIO_GetPowerState       0x800'455f    0x8  Code  Gb  stm32f4xx_ll_sdmmc.o [1]
SDIO_GetResponse         0x800'4595    0x8  Code  Gb  stm32f4xx_ll_sdmmc.o [1]
SDIO_Init                0x800'4519   0x2e  Code  Gb  stm32f4xx_ll_sdmmc.o [1]
SDIO_PowerState_ON       0x800'4557    0x8  Code  Gb  stm32f4xx_ll_sdmmc.o [1]
SDIO_ReadFIFO            0x800'4547    0x6  Code  Gb  stm32f4xx_ll_sdmmc.o [1]
SDIO_SendCommand         0x800'4567   0x28  Code  Gb  stm32f4xx_ll_sdmmc.o [1]
SDIO_WriteFIFO           0x800'454d    0xa  Code  Gb  stm32f4xx_ll_sdmmc.o [1]
SDMMC_CmdAppCommand      0x800'4787   0x32  Code  Gb  stm32f4xx_ll_sdmmc.o [1]
SDMMC_CmdAppOperCommand
                         0x800'47b9   0x32  Code  Gb  stm32f4xx_ll_sdmmc.o [1]
SDMMC_CmdBlockLength     0x800'45c9   0x32  Code  Gb  stm32f4xx_ll_sdmmc.o [1]
SDMMC_CmdBusWidth        0x800'47eb   0x32  Code  Gb  stm32f4xx_ll_sdmmc.o [1]
SDMMC_CmdGoIdleState     0x800'4729   0x2e  Code  Gb  stm32f4xx_ll_sdmmc.o [1]
SDMMC_CmdOperCond        0x800'4757   0x30  Code  Gb  stm32f4xx_ll_sdmmc.o [1]
SDMMC_CmdReadMultiBlock
                         0x800'462d   0x32  Code  Gb  stm32f4xx_ll_sdmmc.o [1]
SDMMC_CmdReadSingleBlock
                         0x800'45fb   0x32  Code  Gb  stm32f4xx_ll_sdmmc.o [1]
SDMMC_CmdSelDesel        0x800'46f7   0x32  Code  Gb  stm32f4xx_ll_sdmmc.o [1]
SDMMC_CmdSendCID         0x800'4851   0x2e  Code  Gb  stm32f4xx_ll_sdmmc.o [1]
SDMMC_CmdSendCSD         0x800'487f   0x2c  Code  Gb  stm32f4xx_ll_sdmmc.o [1]
SDMMC_CmdSendSCR         0x800'481d   0x34  Code  Gb  stm32f4xx_ll_sdmmc.o [1]
SDMMC_CmdSendStatus      0x800'48df   0x32  Code  Gb  stm32f4xx_ll_sdmmc.o [1]
SDMMC_CmdSetRelAdd       0x800'48ab   0x34  Code  Gb  stm32f4xx_ll_sdmmc.o [1]
SDMMC_CmdStopTransfer    0x800'46c3   0x34  Code  Gb  stm32f4xx_ll_sdmmc.o [1]
SDMMC_CmdWriteMultiBlock
                         0x800'4691   0x32  Code  Gb  stm32f4xx_ll_sdmmc.o [1]
SDMMC_CmdWriteSingleBlock
                         0x800'465f   0x32  Code  Gb  stm32f4xx_ll_sdmmc.o [1]
SDMMC_GetCmdError        0x800'4bbf   0x30  Code  Lc  stm32f4xx_ll_sdmmc.o [1]
SDMMC_GetCmdResp1        0x800'4911  0x12a  Code  Gb  stm32f4xx_ll_sdmmc.o [1]
SDMMC_GetCmdResp2        0x800'4a3b   0x52  Code  Gb  stm32f4xx_ll_sdmmc.o [1]
SDMMC_GetCmdResp3        0x800'4a8d   0x44  Code  Gb  stm32f4xx_ll_sdmmc.o [1]
SDMMC_GetCmdResp6        0x800'4ad1   0x96  Code  Gb  stm32f4xx_ll_sdmmc.o [1]
SDMMC_GetCmdResp7        0x800'4b67   0x58  Code  Gb  stm32f4xx_ll_sdmmc.o [1]
SDPath                  0x2000'0844    0x4  Data  Gb  fatfs.o [1]
SD_CheckStatus           0x800'60e1   0x1c  Code  Lc  sd_diskio.o [1]
SD_Driver                0x800'6520   0x14  Data  Gb  sd_diskio.o [1]
SD_FindSCR               0x800'4291  0x12e  Code  Lc  stm32f4xx_hal_sd.o [1]
SD_InitCard              0x800'4011   0xf2  Code  Lc  stm32f4xx_hal_sd.o [1]
SD_Path                 0x2000'084c    0x4  Data  Gb  main.o [1]
SD_PowerON               0x800'4103   0xac  Code  Lc  stm32f4xx_hal_sd.o [1]
SD_SendStatus            0x800'41b9   0x2c  Code  Lc  stm32f4xx_hal_sd.o [1]
SD_WideBus_Disable       0x800'423b   0x56  Code  Lc  stm32f4xx_hal_sd.o [1]
SD_WideBus_Enable        0x800'41e5   0x56  Code  Lc  stm32f4xx_hal_sd.o [1]
SD_initialize            0x800'60fd   0x14  Code  Gb  sd_diskio.o [1]
SD_ioctl                 0x800'6167   0x5e  Code  Gb  sd_diskio.o [1]
SD_read                  0x800'611b   0x26  Code  Gb  sd_diskio.o [1]
SD_status                0x800'6111    0xa  Code  Gb  sd_diskio.o [1]
SD_write                 0x800'6141   0x26  Code  Gb  sd_diskio.o [1]
SVC_Handler              0x800'64c7    0x2  Code  Gb  stm32f4xx_it.o [1]
Stat                    0x2000'0088    0x1  Data  Lc  sd_diskio.o [1]
SysTick_Config           0x800'5671   0x2e  Code  Lc  stm32f4xx_hal_cortex.o [1]
SysTick_Handler          0x800'64cd    0x8  Code  Gb  stm32f4xx_it.o [1]
SystemClock_Config       0x800'5b97   0xa4  Code  Gb  main.o [1]
SystemCoreClock         0x2000'0084    0x4  Data  Gb  system_stm32f4xx.o [1]
SystemInit               0x800'6575    0xc  Code  Gb  system_stm32f4xx.o [1]
Tbl                      0x800'5fe0  0x100  Data  Lc  ccsbcs.o [1]
UART_EndRxTransfer       0x800'5041   0x60  Code  Lc  stm32f4xx_hal_uart.o [1]
UART_SetConfig           0x800'50a3  0x2e6  Code  Lc  stm32f4xx_hal_uart.o [1]
UART_WaitOnFlagUntilTimeout
                         0x800'4fbf   0x82  Code  Lc  stm32f4xx_hal_uart.o [1]
UsageFault_Handler       0x800'64c5    0x2  Code  Gb  stm32f4xx_it.o [1]
_GenldFullNoMb           0x800'2735  0x274  Code  Lc  xprintffull_nomb.o [2]
_LdtobFullNoMb           0x800'2331  0x3d6  Code  Lc  xprintffull_nomb.o [2]
_LitobFullNoMb           0x800'21e1  0x10a  Code  Lc  xprintffull_nomb.o [2]
_Locale_lconv           0x2000'0048   0x38  Data  Lc  xlocale_c.o [2]
_PrintfFullNoMb          0x800'1c45  0x19e  Code  Gb  xprintffull_nomb.o [2]
_Prout                   0x800'64d5   0x16  Code  Gb  xprout.o [2]
_PutcharsFullNoMb        0x800'29a9   0x2e  Code  Lc  xprintffull_nomb.o [2]
_PutfldFullNoMb          0x800'1e6d  0x268  Code  Lc  xprintffull_nomb.o [2]
_PuttxtFullNoMb          0x800'20d5  0x10c  Code  Lc  xprintffull_nomb.o [2]
__NVIC_GetPriorityGrouping
                         0x800'5607    0xa  Code  Lc  stm32f4xx_hal_cortex.o [1]
__NVIC_SetPriority       0x800'5611   0x24  Code  Lc  stm32f4xx_hal_cortex.o [1]
__NVIC_SetPriorityGrouping
                         0x800'55ed   0x1a  Code  Lc  stm32f4xx_hal_cortex.o [1]
__aeabi_cdcmple          0x800'3045         Code  Gb  DblCmpLe.o [3]
__aeabi_cdrcmple         0x800'3075         Code  Gb  DblCmpGe.o [3]
__aeabi_d2iz             0x800'31e1         Code  Gb  DblToS32.o [3]
__aeabi_d2uiz            0x800'356d         Code  Gb  DblToU32.o [3]
__aeabi_ddiv             0x800'3325         Code  Gb  DblDiv.o [3]
__aeabi_dmul             0x800'2d89         Code  Gb  DblMul.o [3]
__aeabi_dsub             0x800'3241         Code  Gb  DblSub.o [3]
__aeabi_i2d              0x800'321d         Code  Gb  S32ToDbl.o [3]
__aeabi_ldiv0            0x800'35c1         Code  Gb  I64DivZer.o [4]
__aeabi_memclr4          0x800'4c39         Code  Gb  ABImemclr4.o [4]
__aeabi_memcpy           0x800'2f2d         Code  Gb  ABImemcpy.o [4]
__aeabi_memcpy4          0x800'2f4d         Code  Gb  ABImemcpy.o [4]
__aeabi_memcpy8          0x800'2f4d         Code  Gb  ABImemcpy.o [4]
__aeabi_ui2d             0x800'3595         Code  Gb  U32ToDbl.o [3]
__aeabi_uldivmod         0x800'2b59         Code  Gb  I64DivMod.o [4]
__cmain                  0x800'6459         Code  Gb  cmain.o [4]
__exit                   0x800'3731   0x14  Code  Gb  exit.o [5]
__iar_Fail_s             0x800'2a89   0x1c  Code  Gb  xfail_s.o [2]
__iar_Memchr             0x800'2b01         Code  Gb  memchr.o [4]
__iar_Memset4_word       0x800'4e51         Code  Gb  ABImemset48.o [4]
__iar_Memset8_word       0x800'4e51         Code  Gb  ABImemset48.o [4]
__iar_Stdout            0x2000'0000   0x48  Data  Gb  xfiles.o [2]
__iar_Strchr             0x800'2a71         Code  Gb  strchr.o [4]
__iar_copy_init3         0x800'6379   0x2c  Code  Gb  copy_init3.o [4]
__iar_dadd               0x800'3251         Code  Gb  DblSub.o [3]
__iar_data_init3         0x800'63a5   0x28  Code  Gb  data_init.o [4]
__iar_dsub               0x800'35c5         Code  Gb  DblAdd.o [3]
__iar_dsubStart          0x800'35d7         Code  Gb  DblAdd.o [3]
__iar_frexp              0x800'2fe1         Code  Gb  frexp.o [3]
__iar_frexpl             0x800'2fe1         Code  Gb  frexp.o [3]
__iar_init_vfp           0x800'63f1         Code  Gb  fpinit_M.o [3]
__iar_ldexp64            0x800'30a5         Code  Gb  ldexp.o [3]
__iar_program_start      0x800'659d         Code  Gb  cstartup_M.o [4]
__iar_scalbln64          0x800'30a5         Code  Gb  ldexp.o [3]
__iar_scalbn64           0x800'30a5         Code  Gb  ldexp.o [3]
__iar_softfp___iar_frexp64
                         0x800'2fd5         Code  Gb  frexp.o [3]
__iar_softfp_frexp       0x800'2fd5         Code  Gb  frexp.o [3]
__iar_softfp_frexpl      0x800'2fd5         Code  Gb  frexp.o [3]
__iar_zero_init3         0x800'2a37   0x3a  Code  Gb  zero_init3.o [4]
__low_level_init         0x800'6477    0x4  Code  Gb  low_level_init.o [2]
__vector_table           0x800'0000         Data  Gb  startup_stm32f407xx.o [1]
_call_main               0x800'6465         Code  Gb  cmain.o [4]
_exit                    0x800'6481         Code  Gb  cexit.o [4]
_main                    0x800'6473         Code  Gb  cmain.o [4]
abort                    0x800'35b9    0x6  Code  Gb  abort.o [2]
bytesRead               0x2000'0850    0x4  Data  Gb  main.o [1]
check_fs                 0x800'11d9   0x78  Code  Lc  ff.o [1]
chk_chr                  0x800'020f   0x14  Code  Lc  ff.o [1]
chk_lock                 0x800'0223   0x76  Code  Lc  ff.o [1]
clear_lock               0x800'0371   0x22  Code  Lc  ff.o [1]
clmt_clust               0x800'0793   0x2a  Code  Lc  ff.o [1]
clust2sect               0x800'0425   0x1a  Code  Lc  ff.o [1]
cmp_lfn                  0x800'0a3d   0xa2  Code  Lc  ff.o [1]
create_chain             0x800'06c1   0xd2  Code  Lc  ff.o [1]
create_name              0x800'0e97  0x264  Code  Lc  ff.o [1]
dir_alloc                0x800'0989   0x64  Code  Lc  ff.o [1]
dir_find                 0x800'0c19  0x118  Code  Lc  ff.o [1]
dir_next                 0x800'0867  0x122  Code  Lc  ff.o [1]
dir_register             0x800'0d31  0x166  Code  Lc  ff.o [1]
dir_sdi                  0x800'07bd   0xaa  Code  Lc  ff.o [1]
disk                    0x2000'082c    0xc  Data  Gb  ff_gen_drv.o [1]
disk_initialize          0x800'1a43   0x3a  Code  Gb  diskio.o [1]
disk_read                0x800'1a7d   0x1e  Code  Gb  diskio.o [1]
disk_status              0x800'1a25   0x1e  Code  Gb  diskio.o [1]
disk_write               0x800'1a9b   0x1e  Code  Gb  diskio.o [1]
enq_lock                 0x800'0299   0x22  Code  Lc  ff.o [1]
exit                     0x800'647b    0x4  Code  Gb  exit.o [2]
f_mount                  0x800'1581   0x5e  Code  Gb  ff.o [1]
f_open                   0x800'1609  0x258  Code  Gb  ff.o [1]
f_read                   0x800'1861  0x1c4  Code  Gb  ff.o [1]
ff_convert               0x800'1abd   0x5a  Code  Gb  ccsbcs.o [1]
ff_wtoupper              0x800'1b17   0xb0  Code  Gb  ccsbcs.o [1]
ff_wtoupper::cvt1        0x800'5dec  0x1f4  Data  Lc  ccsbcs.o [1]
ff_wtoupper::cvt2        0x800'623c   0xbc  Data  Lc  ccsbcs.o [1]
find_volume              0x800'1259  0x2e0  Code  Lc  ff.o [1]
follow_path              0x800'10fb   0x96  Code  Lc  ff.o [1]
fputc                    0x800'5ab1   0x34  Code  Gb  main.o [1]
gen_numname              0x800'0b69   0x90  Code  Lc  ff.o [1]
get_fat                  0x800'043f   0xd2  Code  Lc  ff.o [1]
get_fattime              0x800'1bf1    0x4  Code  Gb  fatfs.o [1]
get_ldnumber             0x800'1191   0x48  Code  Lc  ff.o [1]
hsd                     0x2000'06f0   0x84  Data  Gb  main.o [1]
huart1                  0x2000'07c4   0x48  Data  Gb  main.o [1]
inc_lock                 0x800'02bb   0xb6  Code  Lc  ff.o [1]
ld_clust                 0x800'09ed   0x26  Code  Lc  ff.o [1]
ld_dword                 0x800'0195   0x16  Code  Lc  ff.o [1]
ld_word                  0x800'0189    0xc  Code  Lc  ff.o [1]
ldexp                    0x800'30a5         Code  Gb  ldexp.o [3]
ldexpl                   0x800'30a5         Code  Gb  ldexp.o [3]
localeconv               0x800'35b1    0x4  Code  Gb  xlocale_c.o [2]
main                     0x800'5b63   0x32  Code  Gb  main.o [1]
mem_cmp                  0x800'01f1   0x1e  Code  Lc  ff.o [1]
mem_cpy                  0x800'01d1   0x14  Code  Lc  ff.o [1]
mem_set                  0x800'01e5    0xc  Code  Lc  ff.o [1]
memchr                   0x800'2b01         Code  Gb  memchr.o [4]
move_window              0x800'03e7   0x3e  Code  Lc  ff.o [1]
obuf                    0x2000'0774   0x50  Data  Lc  xfiles.o [2]
printf                   0x800'5d45   0x28  Code  Gb  printf.o [2]
put_fat                  0x800'0511  0x122  Code  Lc  ff.o [1]
put_lfn                  0x800'0adf   0x84  Code  Lc  ff.o [1]
putchar                  0x800'64ed    0xc  Code  Gb  putchar.o [2]
remove_chain             0x800'0633   0x8e  Code  Lc  ff.o [1]
res                     0x2000'085f    0x1  Data  Gb  main.o [1]
retSD                   0x2000'085e    0x1  Data  Gb  fatfs.o [1]
scalbln                  0x800'30a5         Code  Gb  ldexp.o [3]
scalblnl                 0x800'30a5         Code  Gb  ldexp.o [3]
scalbn                   0x800'30a5         Code  Gb  ldexp.o [3]
scalbnl                  0x800'30a5         Code  Gb  ldexp.o [3]
scale                    0x800'22eb   0x46  Code  Lc  xprintffull_nomb.o [2]
sec_hand                0x2000'0858    0x4  Data  Lc  xfail_s.o [2]
st_clust                 0x800'0a13   0x2a  Code  Lc  ff.o [1]
st_dword                 0x800'01b9   0x18  Code  Lc  ff.o [1]
st_word                  0x800'01ab    0xe  Code  Lc  ff.o [1]
strchr                   0x800'2a71         Code  Gb  strchr.o [4]
strlen                   0x800'2ac9         Code  Gb  strlen.o [4]
sum_sfn                  0x800'0bf9   0x20  Code  Lc  ff.o [1]
sync_window              0x800'0393   0x54  Code  Lc  ff.o [1]
text                    0x2000'0838    0xc  Data  Gb  main.o [1]
uwTick                  0x2000'0854    0x4  Data  Gb  stm32f4xx_hal.o [1]
uwTickFreq              0x2000'0089    0x1  Data  Gb  stm32f4xx_hal.o [1]
uwTickPrio              0x2000'0080    0x4  Data  Gb  stm32f4xx_hal.o [1]
validate                 0x800'1539   0x48  Code  Lc  ff.o [1]


[1] = D:\2_Projects\Exam\CubeMx\SDcard\SDcard\EWARM\SDcard\Obj
[2] = dl7M_tlf.a
[3] = m7M_tls.a
[4] = rt7M_tl.a
[5] = shb_l.a

  25 012 bytes of readonly  code memory
   1 496 bytes of readonly  data memory
  10 334 bytes of readwrite data memory

Errors: none
Warnings: none
