###############################################################################
#
# IAR ELF Linker V8.32.1.169/W32 for ARM                  03/Jul/2024  15:43:35
# Copyright 2007-2018 IAR Systems AB.
#
#    Output file  =  
#        D:\2_Projects\Exam\CubeMx\SDcard\SDcard\EWARM\SDcard\Exe\SDcard.out
#    Map file     =  
#        D:\2_Projects\Exam\CubeMx\SDcard\SDcard\EWARM\SDcard\List\SDcard.map
#    Command line =  
#        -f C:\Users\JASAN1~1\AppData\Local\Temp\EW4919.tmp
#        (D:\2_Projects\Exam\CubeMx\SDcard\SDcard\EWARM\SDcard\Obj\bsp_driver_sd.o
#        D:\2_Projects\Exam\CubeMx\SDcard\SDcard\EWARM\SDcard\Obj\ccsbcs.o
#        D:\2_Projects\Exam\CubeMx\SDcard\SDcard\EWARM\SDcard\Obj\diskio.o
#        D:\2_Projects\Exam\CubeMx\SDcard\SDcard\EWARM\SDcard\Obj\fatfs.o
#        D:\2_Projects\Exam\CubeMx\SDcard\SDcard\EWARM\SDcard\Obj\ff.o
#        D:\2_Projects\Exam\CubeMx\SDcard\SDcard\EWARM\SDcard\Obj\ff_gen_drv.o
#        D:\2_Projects\Exam\CubeMx\SDcard\SDcard\EWARM\SDcard\Obj\main.o
#        D:\2_Projects\Exam\CubeMx\SDcard\SDcard\EWARM\SDcard\Obj\sd_diskio.o
#        D:\2_Projects\Exam\CubeMx\SDcard\SDcard\EWARM\SDcard\Obj\startup_stm32f407xx.o
#        D:\2_Projects\Exam\CubeMx\SDcard\SDcard\EWARM\SDcard\Obj\stm32f4xx_hal.o
#        D:\2_Projects\Exam\CubeMx\SDcard\SDcard\EWARM\SDcard\Obj\stm32f4xx_hal_cortex.o
#        D:\2_Projects\Exam\CubeMx\SDcard\SDcard\EWARM\SDcard\Obj\stm32f4xx_hal_dma.o
#        D:\2_Projects\Exam\CubeMx\SDcard\SDcard\EWARM\SDcard\Obj\stm32f4xx_hal_dma_ex.o
#        D:\2_Projects\Exam\CubeMx\SDcard\SDcard\EWARM\SDcard\Obj\stm32f4xx_hal_exti.o
#        D:\2_Projects\Exam\CubeMx\SDcard\SDcard\EWARM\SDcard\Obj\stm32f4xx_hal_flash.o
#        D:\2_Projects\Exam\CubeMx\SDcard\SDcard\EWARM\SDcard\Obj\stm32f4xx_hal_flash_ex.o
#        D:\2_Projects\Exam\CubeMx\SDcard\SDcard\EWARM\SDcard\Obj\stm32f4xx_hal_flash_ramfunc.o
#        D:\2_Projects\Exam\CubeMx\SDcard\SDcard\EWARM\SDcard\Obj\stm32f4xx_hal_gpio.o
#        D:\2_Projects\Exam\CubeMx\SDcard\SDcard\EWARM\SDcard\Obj\stm32f4xx_hal_msp.o
#        D:\2_Projects\Exam\CubeMx\SDcard\SDcard\EWARM\SDcard\Obj\stm32f4xx_hal_pwr.o
#        D:\2_Projects\Exam\CubeMx\SDcard\SDcard\EWARM\SDcard\Obj\stm32f4xx_hal_pwr_ex.o
#        D:\2_Projects\Exam\CubeMx\SDcard\SDcard\EWARM\SDcard\Obj\stm32f4xx_hal_rcc.o
#        D:\2_Projects\Exam\CubeMx\SDcard\SDcard\EWARM\SDcard\Obj\stm32f4xx_hal_rcc_ex.o
#        D:\2_Projects\Exam\CubeMx\SDcard\SDcard\EWARM\SDcard\Obj\stm32f4xx_hal_sd.o
#        D:\2_Projects\Exam\CubeMx\SDcard\SDcard\EWARM\SDcard\Obj\stm32f4xx_hal_tim.o
#        D:\2_Projects\Exam\CubeMx\SDcard\SDcard\EWARM\SDcard\Obj\stm32f4xx_hal_tim_ex.o
#        D:\2_Projects\Exam\CubeMx\SDcard\SDcard\EWARM\SDcard\Obj\stm32f4xx_hal_uart.o
#        D:\2_Projects\Exam\CubeMx\SDcard\SDcard\EWARM\SDcard\Obj\stm32f4xx_it.o
#        D:\2_Projects\Exam\CubeMx\SDcard\SDcard\EWARM\SDcard\Obj\stm32f4xx_ll_sdmmc.o
#        D:\2_Projects\Exam\CubeMx\SDcard\SDcard\EWARM\SDcard\Obj\syscall.o
#        D:\2_Projects\Exam\CubeMx\SDcard\SDcard\EWARM\SDcard\Obj\system_stm32f4xx.o
#        --redirect _Printf=_PrintfFullNoMb --redirect _Scanf=_ScanfFullNoMb
#        --no_out_extension -o
#        D:\2_Projects\Exam\CubeMx\SDcard\SDcard\EWARM\SDcard\Exe\SDcard.out
#        --map
#        D:\2_Projects\Exam\CubeMx\SDcard\SDcard\EWARM\SDcard\List\SDcard.map
#        --config "C:\Program Files (x86)\IAR Systems\Embedded Workbench
#        8.2\arm\config\linker\ST\stm32f407xG.icf" --semihosting --entry
#        __iar_program_start --vfe --text_out locale)
#
###############################################################################

*******************************************************************************
*** RUNTIME MODEL ATTRIBUTES
***

CppFlavor       = *
__SystemLibrary = DLib
__dlib_version  = 6


*******************************************************************************
*** HEAP SELECTION
***

The basic heap was selected because no calls to memory allocation
functions were found in the application outside of system library
functions, and there are calls to deallocation functions in the
application.


*******************************************************************************
*** PLACEMENT SUMMARY
***

"A0":  place at 0x800'0000 { ro section .intvec };
"P1":  place in [from 0x800'0000 to 0x80f'ffff] { ro };
define block CSTACK with size = 8K, alignment = 8 { };
"P3":  place in [from 0x1000'0000 to 0x1000'ffff] {
          block CSTACK, section .ccram };
define block HEAP with size = 8K, alignment = 8 { };
"P4":  place in [from 0x2000'0000 to 0x2001'bfff] |
                [from 0x2001'c000 to 0x2001'ffff] { rw, block HEAP };
initialize by copy { rw };

No sections matched the following patterns:

  ro section application_specific_ro  in "P2"
  section .backup_sram                in "P5"
  section .ccram                      in "P3"


  Section            Kind         Address    Size  Object
  -------            ----         -------    ----  ------
"A0":                                       0x188
  .intvec            ro code   0x800'0000   0x188  startup_stm32f407xx.o [1]
                             - 0x800'0188   0x188

"P1":                                      0x7060
  .text              ro code   0x800'0188  0x1f0e  ff.o [1]
  .text              ro code   0x800'2096    0x3a  zero_init3.o [4]
  .text              ro code   0x800'20d0    0xb8  diskio.o [1]
  .text              ro code   0x800'2188   0x118  ccsbcs.o [1]
  .text              ro code   0x800'22a0    0x20  fatfs.o [1]
  .text              ro code   0x800'22c0    0x50  ff_gen_drv.o [1]
  .text              ro code   0x800'2310   0xdf2  xprintffull_nomb.o [2]
  .text              ro code   0x800'3102     0xa  xsprout.o [2]
  .text              ro code   0x800'310c    0x16  strchr.o [4]
  .text              ro code   0x800'3124    0x40  xfail_s.o [2]
  .text              ro code   0x800'3164    0x36  strlen.o [4]
  .text              ro code   0x800'319c    0x58  memchr.o [4]
  .text              ro code   0x800'31f4   0x230  I64DivMod.o [4]
  .text              ro code   0x800'3424   0x1a2  DblMul.o [3]
  .text              ro code   0x800'35c8    0xa6  ABImemcpy.o [4]
  .text              ro code   0x800'3670    0x70  frexp.o [3]
  .text              ro code   0x800'36e0    0x2e  DblCmpLe.o [3]
  .text              ro code   0x800'3710    0x2e  DblCmpGe.o [3]
  .text              ro code   0x800'3740   0x13a  ldexp.o [3]
  .text              ro code   0x800'387c    0x3a  DblToS32.o [3]
  .text              ro code   0x800'38b8    0x22  S32ToDbl.o [3]
  .text              ro code   0x800'38dc    0xe2  DblSub.o [3]
  .text              ro code   0x800'39c0   0x246  DblDiv.o [3]
  .text              ro code   0x800'3c08    0x28  DblToU32.o [3]
  .text              ro code   0x800'3c30    0x1a  U32ToDbl.o [3]
  .text              ro code   0x800'3c4c    0x3c  xlocale_c.o [2]
  .text              ro code   0x800'3c88     0x6  abort.o [2]
  .text              ro code   0x800'3c90     0x2  I64DivZer.o [4]
  .text              ro code   0x800'3c94   0x16a  DblAdd.o [3]
  .text              ro code   0x800'3e00    0x14  exit.o [5]
  .text              ro code   0x800'3e14   0xc7a  stm32f4xx_hal_sd.o [1]
  .text              ro code   0x800'4a90   0x158  stm32f4xx_hal_msp.o [1]
  .text              ro code   0x800'4be8   0x6ec  stm32f4xx_ll_sdmmc.o [1]
  .text              ro code   0x800'52d4    0x28  stm32f4xx_hal.o [1]
  .text              ro code   0x800'52fc     0xc  stm32f4xx_hal.o [1]
  .text              ro code   0x800'5308     0x6  ABImemclr4.o [4]
  .text              ro code   0x800'5310   0x210  stm32f4xx_hal_gpio.o [1]
  .text              ro code   0x800'5520    0x32  ABImemset48.o [4]
  .text              ro code   0x800'5554   0x514  stm32f4xx_hal_uart.o [1]
  .text              ro code   0x800'5a68   0x208  stm32f4xx_hal_rcc.o [1]
  .text              ro code   0x800'5c70    0x4c  stm32f4xx_hal.o [1]
  .text              ro code   0x800'5cbc   0x100  stm32f4xx_hal_cortex.o [1]
  .text              ro code   0x800'5dbc   0x3c4  stm32f4xx_hal_rcc.o [1]
  .text              ro code   0x800'6180   0x33c  main.o [1]
  .text              ro code   0x800'64bc    0x28  printf.o [2]
  .text              ro code   0x800'64e4   0x14c  iar_Stoulx.o [2]
  .text              ro code   0x800'6630    0x66  ABImemset.o [4]
  .text              ro code   0x800'6698    0x40  sprintf.o [2]
  .text              ro code   0x800'66d8    0x34  stm32f4xx_hal.o [1]
  .text              ro code   0x800'670c    0x14  isspace.o [2]
  .text              ro code   0x800'6720    0x14  tolower.o [2]
  .rodata            const     0x800'6734   0x1f4  ccsbcs.o [1]
  .rodata            const     0x800'6928   0x100  ccsbcs.o [1]
  .text              ro code   0x800'6a28    0xf4  sd_diskio.o [1]
  .text              ro code   0x800'6b1c    0x1c  bsp_driver_sd.o [1]
  .text              ro code   0x800'6b38    0x3c  bsp_driver_sd.o [1]
  .text              ro code   0x800'6b74    0x24  bsp_driver_sd.o [1]
  .text              ro code   0x800'6b98    0x24  bsp_driver_sd.o [1]
  .text              ro code   0x800'6bbc    0x10  bsp_driver_sd.o [1]
  .text              ro code   0x800'6bcc    0x10  bsp_driver_sd.o [1]
  .rodata            const     0x800'6bdc    0xbc  ccsbcs.o [1]
  .rodata            const     0x800'6c98    0x80  ff.o [1]
  .rodata            const     0x800'6d18    0x50  iar_Stoulx.o [2]
  .text              ro code   0x800'6d68    0x2c  copy_init3.o [4]
  .text              ro code   0x800'6d94    0x28  data_init.o [4]
  .rodata            const     0x800'6dbc    0x24  main.o [1]
  .text              ro code   0x800'6de0    0x22  fpinit_M.o [3]
  .iar.init_table    const     0x800'6e04    0x24  - Linker created -
  .text              ro code   0x800'6e28    0x1e  cmain.o [4]
  .text              ro code   0x800'6e46     0x4  low_level_init.o [2]
  .text              ro code   0x800'6e4a     0x4  exit.o [2]
  .text              ro code   0x800'6e50     0xa  cexit.o [4]
  .rodata            const     0x800'6e5c    0x1c  main.o [1]
  .rodata            const     0x800'6e78    0x1c  main.o [1]
  .rodata            const     0x800'6e94    0x18  main.o [1]
  .rodata            const     0x800'6eac    0x18  main.o [1]
  .rodata            const     0x800'6ec4    0x18  main.o [1]
  .text              ro code   0x800'6edc    0x18  stm32f4xx_hal.o [1]
  .text              ro code   0x800'6ef4    0x18  stm32f4xx_it.o [1]
  .text              ro code   0x800'6f0c    0x16  xprout.o [2]
  .text              ro code   0x800'6f24     0xc  putchar.o [2]
  .rodata            const     0x800'6f30    0x14  main.o [1]
  .rodata            const     0x800'6f44    0x14  sd_diskio.o [1]
  .rodata            const     0x800'6f58    0x10  ff.o [1]
  .rodata            const     0x800'6f68    0x10  system_stm32f4xx.o [1]
  .text              ro code   0x800'6f78    0x10  startup_stm32f407xx.o [1]
  .text              ro code   0x800'6f88    0x10  system_stm32f4xx.o [1]
  .rodata            const     0x800'6f98     0xc  ff.o [1]
  .text              ro code   0x800'6fa4     0xc  cstartup_M.o [4]
  .rodata            const     0x800'6fb0     0x8  ff.o [1]
  .rodata            const     0x800'6fb8     0x8  main.o [1]
  .rodata            const     0x800'6fc0     0x8  system_stm32f4xx.o [1]
  .rodata            const     0x800'6fc8     0x6  xlocale_c.o [2]
  .text              ro code   0x800'6fce     0x4  startup_stm32f407xx.o [1]
  .text              ro code   0x800'6fd2     0x4  startup_stm32f407xx.o [1]
  .text              ro code   0x800'6fd6     0x4  startup_stm32f407xx.o [1]
  .text              ro code   0x800'6fda     0x4  startup_stm32f407xx.o [1]
  .text              ro code   0x800'6fde     0x4  startup_stm32f407xx.o [1]
  .text              ro code   0x800'6fe2     0x4  startup_stm32f407xx.o [1]
  .text              ro code   0x800'6fe6     0x4  startup_stm32f407xx.o [1]
  .text              ro code   0x800'6fea     0x4  startup_stm32f407xx.o [1]
  .text              ro code   0x800'6fee     0x4  startup_stm32f407xx.o [1]
  .text              ro code   0x800'6ff2     0x4  startup_stm32f407xx.o [1]
  .text              ro code   0x800'6ff6     0x4  startup_stm32f407xx.o [1]
  .text              ro code   0x800'6ffa     0x4  startup_stm32f407xx.o [1]
  .text              ro code   0x800'6ffe     0x4  startup_stm32f407xx.o [1]
  .text              ro code   0x800'7002     0x4  startup_stm32f407xx.o [1]
  .text              ro code   0x800'7006     0x4  startup_stm32f407xx.o [1]
  .text              ro code   0x800'700a     0x4  startup_stm32f407xx.o [1]
  .text              ro code   0x800'700e     0x4  startup_stm32f407xx.o [1]
  .text              ro code   0x800'7012     0x4  startup_stm32f407xx.o [1]
  .text              ro code   0x800'7016     0x4  startup_stm32f407xx.o [1]
  .text              ro code   0x800'701a     0x4  startup_stm32f407xx.o [1]
  .text              ro code   0x800'701e     0x4  startup_stm32f407xx.o [1]
  .text              ro code   0x800'7022     0x4  startup_stm32f407xx.o [1]
  .text              ro code   0x800'7026     0x4  startup_stm32f407xx.o [1]
  .text              ro code   0x800'702a     0x4  startup_stm32f407xx.o [1]
  .text              ro code   0x800'702e     0x4  startup_stm32f407xx.o [1]
  .text              ro code   0x800'7032     0x4  startup_stm32f407xx.o [1]
  .text              ro code   0x800'7036     0x4  startup_stm32f407xx.o [1]
  .text              ro code   0x800'703a     0x4  startup_stm32f407xx.o [1]
  .text              ro code   0x800'703e     0x4  startup_stm32f407xx.o [1]
  .text              ro code   0x800'7042     0x4  startup_stm32f407xx.o [1]
  .text              ro code   0x800'7046     0x4  startup_stm32f407xx.o [1]
  .text              ro code   0x800'704a     0x4  startup_stm32f407xx.o [1]
  .text              ro code   0x800'704e     0x4  startup_stm32f407xx.o [1]
  .text              ro code   0x800'7052     0x4  startup_stm32f407xx.o [1]
  .text              ro code   0x800'7056     0x4  startup_stm32f407xx.o [1]
  .text              ro code   0x800'705a     0x4  startup_stm32f407xx.o [1]
  .text              ro code   0x800'705e     0x4  startup_stm32f407xx.o [1]
  .text              ro code   0x800'7062     0x4  startup_stm32f407xx.o [1]
  .text              ro code   0x800'7066     0x4  startup_stm32f407xx.o [1]
  .text              ro code   0x800'706a     0x4  startup_stm32f407xx.o [1]
  .text              ro code   0x800'706e     0x4  startup_stm32f407xx.o [1]
  .text              ro code   0x800'7072     0x4  startup_stm32f407xx.o [1]
  .text              ro code   0x800'7076     0x4  startup_stm32f407xx.o [1]
  .text              ro code   0x800'707a     0x4  startup_stm32f407xx.o [1]
  .text              ro code   0x800'707e     0x4  startup_stm32f407xx.o [1]
  .text              ro code   0x800'7082     0x4  startup_stm32f407xx.o [1]
  .text              ro code   0x800'7086     0x4  startup_stm32f407xx.o [1]
  .text              ro code   0x800'708a     0x4  startup_stm32f407xx.o [1]
  .text              ro code   0x800'708e     0x4  startup_stm32f407xx.o [1]
  .text              ro code   0x800'7092     0x4  startup_stm32f407xx.o [1]
  .text              ro code   0x800'7096     0x4  startup_stm32f407xx.o [1]
  .text              ro code   0x800'709a     0x4  startup_stm32f407xx.o [1]
  .text              ro code   0x800'709e     0x4  startup_stm32f407xx.o [1]
  .text              ro code   0x800'70a2     0x4  startup_stm32f407xx.o [1]
  .text              ro code   0x800'70a6     0x4  startup_stm32f407xx.o [1]
  .text              ro code   0x800'70aa     0x4  startup_stm32f407xx.o [1]
  .text              ro code   0x800'70ae     0x4  startup_stm32f407xx.o [1]
  .text              ro code   0x800'70b2     0x4  startup_stm32f407xx.o [1]
  .text              ro code   0x800'70b6     0x4  startup_stm32f407xx.o [1]
  .text              ro code   0x800'70ba     0x4  startup_stm32f407xx.o [1]
  .text              ro code   0x800'70be     0x4  startup_stm32f407xx.o [1]
  .text              ro code   0x800'70c2     0x4  startup_stm32f407xx.o [1]
  .text              ro code   0x800'70c6     0x4  startup_stm32f407xx.o [1]
  .text              ro code   0x800'70ca     0x4  startup_stm32f407xx.o [1]
  .text              ro code   0x800'70ce     0x4  startup_stm32f407xx.o [1]
  .text              ro code   0x800'70d2     0x4  startup_stm32f407xx.o [1]
  .text              ro code   0x800'70d6     0x4  startup_stm32f407xx.o [1]
  .text              ro code   0x800'70da     0x4  startup_stm32f407xx.o [1]
  .text              ro code   0x800'70de     0x4  startup_stm32f407xx.o [1]
  .text              ro code   0x800'70e2     0x4  startup_stm32f407xx.o [1]
  .text              ro code   0x800'70e6     0x4  startup_stm32f407xx.o [1]
  .text              ro code   0x800'70ea     0x4  startup_stm32f407xx.o [1]
  .text              ro code   0x800'70ee     0x4  startup_stm32f407xx.o [1]
  .text              ro code   0x800'70f2     0x4  startup_stm32f407xx.o [1]
  .text              ro code   0x800'70f6     0x4  startup_stm32f407xx.o [1]
  .text              ro code   0x800'70fa     0x4  startup_stm32f407xx.o [1]
  .text              ro code   0x800'70fe     0x4  startup_stm32f407xx.o [1]
  .text              ro code   0x800'7102     0x4  startup_stm32f407xx.o [1]
  .text              ro code   0x800'7106     0x4  startup_stm32f407xx.o [1]
  .text              ro code   0x800'710a     0x4  startup_stm32f407xx.o [1]
  .text              ro code   0x800'710e     0x4  startup_stm32f407xx.o [1]
  .rodata            const     0x800'7112     0x0  zero_init3.o [4]
  .rodata            const     0x800'7112     0x0  copy_init3.o [4]
  Initializer bytes  const     0x800'7114    0xd4  <for P4 s0>
                             - 0x800'71e8  0x7060

"P3":                                      0x2000
  CSTACK                      0x1000'0000  0x2000  <Block>
    CSTACK           uninit   0x1000'0000  0x2000  <Block tail>
                            - 0x1000'2000  0x2000

"P4", part 1 of 2:                           0xd4
  P4 s0                       0x2000'0000    0xd4  <Init block>
    .data            inited   0x2000'0000    0x48  xlocale_c.o [2]
    .data            inited   0x2000'0048    0x48  xfiles.o [2]
    .data            inited   0x2000'0090    0x38  xlocale_c.o [2]
    .data            inited   0x2000'00c8     0x4  stm32f4xx_hal.o [1]
    .data            inited   0x2000'00cc     0x4  system_stm32f4xx.o [1]
    .data            inited   0x2000'00d0     0x1  sd_diskio.o [1]
    .data            inited   0x2000'00d1     0x1  stm32f4xx_hal.o [1]
                            - 0x2000'00d4    0xd4

"P4", part 2 of 2:                          0x7d8
  .bss               zero     0x2000'00d4   0x234  main.o [1]
  .bss               zero     0x2000'0308   0x230  main.o [1]
  .bss               zero     0x2000'0538   0x200  ff.o [1]
  .bss               zero     0x2000'0738    0x84  main.o [1]
  .bss               zero     0x2000'07bc    0x50  xfiles.o [2]
  .bss               zero     0x2000'080c    0x48  main.o [1]
  .bss               zero     0x2000'0854    0x20  ff.o [1]
  .bss               zero     0x2000'0874     0xc  ff_gen_drv.o [1]
  .bss               zero     0x2000'0880     0xc  main.o [1]
  .bss               zero     0x2000'088c     0x4  fatfs.o [1]
  .bss               zero     0x2000'0890     0x4  ff.o [1]
  .bss               zero     0x2000'0894     0x4  main.o [1]
  .bss               zero     0x2000'0898     0x4  main.o [1]
  .bss               zero     0x2000'089c     0x4  main.o [1]
  .bss               zero     0x2000'08a0     0x4  stm32f4xx_hal.o [1]
  .bss               zero     0x2000'08a4     0x4  xfail_s.o [2]
  .bss               zero     0x2000'08a8     0x2  ff.o [1]
  .bss               zero     0x2000'08aa     0x1  fatfs.o [1]
  .bss               zero     0x2000'08ab     0x1  main.o [1]
                            - 0x2000'08ac   0x7d8

Unused ranges:

         From           To      Size
         ----           --      ----
   0x800'71e8   0x80f'ffff  0xf'8e18
  0x1000'2000  0x1000'ffff    0xe000
  0x2000'08ac  0x2001'bfff  0x1'b754
  0x2001'c000  0x2001'ffff    0x4000


*******************************************************************************
*** INIT TABLE
***

          Address      Size
          -------      ----
Zero (__iar_zero_init3)
    1 destination range, total size 0x7d8:
          0x2000'00d4  0x7d8

Copy (__iar_copy_init3)
    1 source range, total size 0xd4 (100% of destination):
           0x800'7114   0xd4
    1 destination range, total size 0xd2:
          0x2000'0000   0xd2



*******************************************************************************
*** MODULE SUMMARY
***

    Module                  ro code  ro data  rw data
    ------                  -------  -------  -------
command line/config:
    -------------------------------------------------
    Total:

D:\2_Projects\Exam\CubeMx\SDcard\SDcard\EWARM\SDcard\Obj: [1]
    bsp_driver_sd.o             192
    ccsbcs.o                    280      944
    diskio.o                    184
    fatfs.o                      32                 5
    ff.o                      7 950      164      550
    ff_gen_drv.o                 80                12
    main.o                      828      192    1 353
    sd_diskio.o                 244       21        1
    startup_stm32f407xx.o       732
    stm32f4xx_hal.o             204        5        9
    stm32f4xx_hal_cortex.o      256
    stm32f4xx_hal_gpio.o        528
    stm32f4xx_hal_msp.o         344
    stm32f4xx_hal_rcc.o       1 484
    stm32f4xx_hal_sd.o        3 194
    stm32f4xx_hal_uart.o      1 300
    stm32f4xx_it.o               24
    stm32f4xx_ll_sdmmc.o      1 772
    system_stm32f4xx.o           16       28        4
    -------------------------------------------------
    Total:                   19 644    1 354    1 934

dl7M_tlf.a: [2]
    abort.o                       6
    exit.o                        4
    iar_Stoulx.o                332       80
    isspace.o                    20
    low_level_init.o              4
    printf.o                     40
    putchar.o                    12
    sprintf.o                    64
    tolower.o                    20
    xfail_s.o                    64                 4
    xfiles.o                              72      152
    xlocale_c.o                  60      134      128
    xprintffull_nomb.o        3 570
    xprout.o                     22
    xsprout.o                    10
    -------------------------------------------------
    Total:                    4 228      286      284

m7M_tls.a: [3]
    DblAdd.o                    362
    DblCmpGe.o                   46
    DblCmpLe.o                   46
    DblDiv.o                    582
    DblMul.o                    418
    DblSub.o                    226
    DblToS32.o                   58
    DblToU32.o                   40
    S32ToDbl.o                   34
    U32ToDbl.o                   26
    fpinit_M.o                   34
    frexp.o                     112
    ldexp.o                     314
    -------------------------------------------------
    Total:                    2 298

rt7M_tl.a: [4]
    ABImemclr4.o                  6
    ABImemcpy.o                 166
    ABImemset.o                 102
    ABImemset48.o                50
    I64DivMod.o                 560
    I64DivZer.o                   2
    cexit.o                      10
    cmain.o                      30
    copy_init3.o                 44
    cstartup_M.o                 12
    data_init.o                  40
    memchr.o                     88
    strchr.o                     22
    strlen.o                     54
    zero_init3.o                 58
    -------------------------------------------------
    Total:                    1 244

shb_l.a: [5]
    exit.o                       20
    -------------------------------------------------
    Total:                       20

    Gaps                         42        4
    Linker created                        40    8 192
-----------------------------------------------------
    Grand Total:             27 476    1 684   10 410


*******************************************************************************
*** ENTRY LIST
***

Entry                       Address   Size  Type      Object
-----                       -------   ----  ----      ------
.iar.init_table$$Base    0x800'6e04          --   Gb  - Linker created -
.iar.init_table$$Limit   0x800'6e28          --   Gb  - Linker created -
?main                    0x800'6e29         Code  Gb  cmain.o [4]
AHBPrescTable            0x800'6f68   0x10  Data  Gb  system_stm32f4xx.o [1]
APBPrescTable            0x800'6fc0    0x8  Data  Gb  system_stm32f4xx.o [1]
BSP_SD_GetCardInfo       0x800'6bbd   0x10  Code  Wk  bsp_driver_sd.o [1]
BSP_SD_GetCardState      0x800'6b1d   0x1c  Code  Wk  bsp_driver_sd.o [1]
BSP_SD_Init              0x800'6b39   0x3c  Code  Wk  bsp_driver_sd.o [1]
BSP_SD_ReadBlocks        0x800'6b75   0x24  Code  Wk  bsp_driver_sd.o [1]
BSP_SD_WriteBlocks       0x800'6b99   0x24  Code  Wk  bsp_driver_sd.o [1]
BusFault_Handler         0x800'6efb    0x2  Code  Gb  stm32f4xx_it.o [1]
CSTACK$$Base            0x1000'0000          --   Gb  - Linker created -
CSTACK$$Limit           0x1000'2000          --   Gb  - Linker created -
CloseFile                0x800'61ed   0x1a  Code  Gb  main.o [1]
DebugMon_Handler         0x800'6f01    0x2  Code  Gb  stm32f4xx_it.o [1]
Error_Handler            0x800'64b9    0x4  Code  Gb  main.o [1]
ExCvt                    0x800'6c98   0x80  Data  Lc  ff.o [1]
FATFS_LinkDriver         0x800'2303    0xa  Code  Gb  ff_gen_drv.o [1]
FATFS_LinkDriverEx       0x800'22c1   0x42  Code  Gb  ff_gen_drv.o [1]
FatFs                   0x2000'0890    0x4  Data  Lc  ff.o [1]
Files                   0x2000'0854   0x20  Data  Lc  ff.o [1]
Fsid                    0x2000'08a8    0x2  Data  Lc  ff.o [1]
HAL_Delay                0x800'52d5   0x28  Code  Wk  stm32f4xx_hal.o [1]
HAL_GPIO_Init            0x800'5311  0x1d6  Code  Gb  stm32f4xx_hal_gpio.o [1]
HAL_GetTick              0x800'52fd    0xc  Code  Wk  stm32f4xx_hal.o [1]
HAL_IncTick              0x800'6edd   0x18  Code  Wk  stm32f4xx_hal.o [1]
HAL_Init                 0x800'66d9   0x30  Code  Gb  stm32f4xx_hal.o [1]
HAL_InitTick             0x800'5c71   0x4c  Code  Wk  stm32f4xx_hal.o [1]
HAL_MspInit              0x800'4a91   0x36  Code  Gb  stm32f4xx_hal_msp.o [1]
HAL_NVIC_SetPriority     0x800'5d77   0x22  Code  Gb  stm32f4xx_hal_cortex.o [1]
HAL_NVIC_SetPriorityGrouping
                         0x800'5d6f    0x8  Code  Gb  stm32f4xx_hal_cortex.o [1]
HAL_RCC_ClockConfig      0x800'5a69  0x13a  Code  Gb  stm32f4xx_hal_rcc.o [1]
HAL_RCC_GetHCLKFreq      0x800'5ba3    0x6  Code  Gb  stm32f4xx_hal_rcc.o [1]
HAL_RCC_GetPCLK1Freq     0x800'5ba9   0x16  Code  Gb  stm32f4xx_hal_rcc.o [1]
HAL_RCC_GetPCLK2Freq     0x800'5bbf   0x16  Code  Gb  stm32f4xx_hal_rcc.o [1]
HAL_RCC_OscConfig        0x800'5dbd  0x3c4  Code  Wk  stm32f4xx_hal_rcc.o [1]
HAL_SD_ConfigWideBusOperation
                         0x800'45f3   0xcc  Code  Gb  stm32f4xx_hal_sd.o [1]
HAL_SD_GetCardCSD        0x800'43dd  0x1f2  Code  Gb  stm32f4xx_hal_sd.o [1]
HAL_SD_GetCardInfo       0x800'45cf   0x24  Code  Gb  stm32f4xx_hal_sd.o [1]
HAL_SD_GetCardState      0x800'46bf   0x22  Code  Gb  stm32f4xx_hal_sd.o [1]
HAL_SD_Init              0x800'3e15   0x44  Code  Gb  stm32f4xx_hal_sd.o [1]
HAL_SD_InitCard          0x800'3e59   0xb4  Code  Gb  stm32f4xx_hal_sd.o [1]
HAL_SD_MspInit           0x800'4ac7   0x9a  Code  Gb  stm32f4xx_hal_msp.o [1]
HAL_SD_ReadBlocks        0x800'3f0d  0x28c  Code  Gb  stm32f4xx_hal_sd.o [1]
HAL_SD_WriteBlocks       0x800'4199  0x23c  Code  Gb  stm32f4xx_hal_sd.o [1]
HAL_SYSTICK_Config       0x800'5d99    0x8  Code  Gb  stm32f4xx_hal_cortex.o [1]
HAL_UART_Init            0x800'5555   0x7a  Code  Gb  stm32f4xx_hal_uart.o [1]
HAL_UART_MspInit         0x800'4b61   0x68  Code  Gb  stm32f4xx_hal_msp.o [1]
HAL_UART_Transmit        0x800'55cf   0xc0  Code  Gb  stm32f4xx_hal_uart.o [1]
HardFault_Handler        0x800'6ef7    0x2  Code  Gb  stm32f4xx_it.o [1]
LfnBuf                  0x2000'0538  0x200  Data  Lc  ff.o [1]
LfnOfs                   0x800'6f58   0x10  Data  Lc  ff.o [1]
LoadInt                  0x800'24bf   0x7a  Code  Lc  xprintffull_nomb.o [2]
MX_FATFS_Init            0x800'22a1   0x10  Code  Gb  fatfs.o [1]
MX_GPIO_Init             0x800'63fb   0x60  Code  Lc  main.o [1]
MX_SDIO_SD_Init          0x800'63a7   0x20  Code  Lc  main.o [1]
MX_USART1_UART_Init      0x800'63c7   0x34  Code  Lc  main.o [1]
MemManage_Handler        0x800'6ef9    0x2  Code  Gb  stm32f4xx_it.o [1]
MountSDIO                0x800'61b1   0x1e  Code  Gb  main.o [1]
MyFile                  0x2000'0308  0x230  Data  Gb  main.o [1]
NMI_Handler              0x800'6ef5    0x2  Code  Gb  stm32f4xx_it.o [1]
NVIC_EncodePriority      0x800'5d05   0x3c  Code  Lc  stm32f4xx_hal_cortex.o [1]
OpenFile                 0x800'61cf   0x1e  Code  Gb  main.o [1]
PendSV_Handler           0x800'6f03    0x2  Code  Gb  stm32f4xx_it.o [1]
ReadFile                 0x800'6207   0x28  Code  Gb  main.o [1]
Region$$Table$$Base      0x800'6e04          --   Gb  - Linker created -
Region$$Table$$Limit     0x800'6e28          --   Gb  - Linker created -
SDFatFs                 0x2000'00d4  0x234  Data  Gb  main.o [1]
SDIO_ConfigData          0x800'4c6d   0x2c  Code  Gb  stm32f4xx_ll_sdmmc.o [1]
SDIO_GetCommandResponse
                         0x800'4c5f    0x6  Code  Gb  stm32f4xx_ll_sdmmc.o [1]
SDIO_GetPowerState       0x800'4c2f    0x8  Code  Gb  stm32f4xx_ll_sdmmc.o [1]
SDIO_GetResponse         0x800'4c65    0x8  Code  Gb  stm32f4xx_ll_sdmmc.o [1]
SDIO_Init                0x800'4be9   0x2e  Code  Gb  stm32f4xx_ll_sdmmc.o [1]
SDIO_PowerState_ON       0x800'4c27    0x8  Code  Gb  stm32f4xx_ll_sdmmc.o [1]
SDIO_ReadFIFO            0x800'4c17    0x6  Code  Gb  stm32f4xx_ll_sdmmc.o [1]
SDIO_SendCommand         0x800'4c37   0x28  Code  Gb  stm32f4xx_ll_sdmmc.o [1]
SDIO_WriteFIFO           0x800'4c1d    0xa  Code  Gb  stm32f4xx_ll_sdmmc.o [1]
SDMMC_CmdAppCommand      0x800'4e57   0x32  Code  Gb  stm32f4xx_ll_sdmmc.o [1]
SDMMC_CmdAppOperCommand
                         0x800'4e89   0x32  Code  Gb  stm32f4xx_ll_sdmmc.o [1]
SDMMC_CmdBlockLength     0x800'4c99   0x32  Code  Gb  stm32f4xx_ll_sdmmc.o [1]
SDMMC_CmdBusWidth        0x800'4ebb   0x32  Code  Gb  stm32f4xx_ll_sdmmc.o [1]
SDMMC_CmdGoIdleState     0x800'4df9   0x2e  Code  Gb  stm32f4xx_ll_sdmmc.o [1]
SDMMC_CmdOperCond        0x800'4e27   0x30  Code  Gb  stm32f4xx_ll_sdmmc.o [1]
SDMMC_CmdReadMultiBlock
                         0x800'4cfd   0x32  Code  Gb  stm32f4xx_ll_sdmmc.o [1]
SDMMC_CmdReadSingleBlock
                         0x800'4ccb   0x32  Code  Gb  stm32f4xx_ll_sdmmc.o [1]
SDMMC_CmdSelDesel        0x800'4dc7   0x32  Code  Gb  stm32f4xx_ll_sdmmc.o [1]
SDMMC_CmdSendCID         0x800'4f21   0x2e  Code  Gb  stm32f4xx_ll_sdmmc.o [1]
SDMMC_CmdSendCSD         0x800'4f4f   0x2c  Code  Gb  stm32f4xx_ll_sdmmc.o [1]
SDMMC_CmdSendSCR         0x800'4eed   0x34  Code  Gb  stm32f4xx_ll_sdmmc.o [1]
SDMMC_CmdSendStatus      0x800'4faf   0x32  Code  Gb  stm32f4xx_ll_sdmmc.o [1]
SDMMC_CmdSetRelAdd       0x800'4f7b   0x34  Code  Gb  stm32f4xx_ll_sdmmc.o [1]
SDMMC_CmdStopTransfer    0x800'4d93   0x34  Code  Gb  stm32f4xx_ll_sdmmc.o [1]
SDMMC_CmdWriteMultiBlock
                         0x800'4d61   0x32  Code  Gb  stm32f4xx_ll_sdmmc.o [1]
SDMMC_CmdWriteSingleBlock
                         0x800'4d2f   0x32  Code  Gb  stm32f4xx_ll_sdmmc.o [1]
SDMMC_GetCmdError        0x800'528f   0x30  Code  Lc  stm32f4xx_ll_sdmmc.o [1]
SDMMC_GetCmdResp1        0x800'4fe1  0x12a  Code  Gb  stm32f4xx_ll_sdmmc.o [1]
SDMMC_GetCmdResp2        0x800'510b   0x52  Code  Gb  stm32f4xx_ll_sdmmc.o [1]
SDMMC_GetCmdResp3        0x800'515d   0x44  Code  Gb  stm32f4xx_ll_sdmmc.o [1]
SDMMC_GetCmdResp6        0x800'51a1   0x96  Code  Gb  stm32f4xx_ll_sdmmc.o [1]
SDMMC_GetCmdResp7        0x800'5237   0x58  Code  Gb  stm32f4xx_ll_sdmmc.o [1]
SDPath                  0x2000'088c    0x4  Data  Gb  fatfs.o [1]
SD_CheckStatus           0x800'6a29   0x1c  Code  Lc  sd_diskio.o [1]
SD_Driver                0x800'6f44   0x14  Data  Gb  sd_diskio.o [1]
SD_FindSCR               0x800'4961  0x12e  Code  Lc  stm32f4xx_hal_sd.o [1]
SD_InitCard              0x800'46e1   0xf2  Code  Lc  stm32f4xx_hal_sd.o [1]
SD_Path                 0x2000'0894    0x4  Data  Gb  main.o [1]
SD_PowerON               0x800'47d3   0xac  Code  Lc  stm32f4xx_hal_sd.o [1]
SD_SendStatus            0x800'4889   0x2c  Code  Lc  stm32f4xx_hal_sd.o [1]
SD_WideBus_Disable       0x800'490b   0x56  Code  Lc  stm32f4xx_hal_sd.o [1]
SD_WideBus_Enable        0x800'48b5   0x56  Code  Lc  stm32f4xx_hal_sd.o [1]
SD_initialize            0x800'6a45   0x20  Code  Gb  sd_diskio.o [1]
SD_ioctl                 0x800'6abb   0x5e  Code  Gb  sd_diskio.o [1]
SD_read                  0x800'6a6f   0x26  Code  Gb  sd_diskio.o [1]
SD_status                0x800'6a65    0xa  Code  Gb  sd_diskio.o [1]
SD_write                 0x800'6a95   0x26  Code  Gb  sd_diskio.o [1]
SVC_Handler              0x800'6eff    0x2  Code  Gb  stm32f4xx_it.o [1]
Stat                    0x2000'00d0    0x1  Data  Lc  sd_diskio.o [1]
SysTick_Config           0x800'5d41   0x2e  Code  Lc  stm32f4xx_hal_cortex.o [1]
SysTick_Handler          0x800'6f05    0x8  Code  Gb  stm32f4xx_it.o [1]
SystemClock_Config       0x800'6303   0xa4  Code  Gb  main.o [1]
SystemCoreClock         0x2000'00cc    0x4  Data  Gb  system_stm32f4xx.o [1]
SystemInit               0x800'6f89    0xc  Code  Gb  system_stm32f4xx.o [1]
Tbl                      0x800'6928  0x100  Data  Lc  ccsbcs.o [1]
UART_EndRxTransfer       0x800'5711   0x60  Code  Lc  stm32f4xx_hal_uart.o [1]
UART_SetConfig           0x800'5773  0x2e6  Code  Lc  stm32f4xx_hal_uart.o [1]
UART_WaitOnFlagUntilTimeout
                         0x800'568f   0x82  Code  Lc  stm32f4xx_hal_uart.o [1]
UsageFault_Handler       0x800'6efd    0x2  Code  Gb  stm32f4xx_it.o [1]
WriteFile                0x800'622f   0x6c  Code  Gb  main.o [1]
_GenldFullNoMb           0x800'2e01  0x274  Code  Lc  xprintffull_nomb.o [2]
_LdtobFullNoMb           0x800'29fd  0x3d6  Code  Lc  xprintffull_nomb.o [2]
_LitobFullNoMb           0x800'28ad  0x10a  Code  Lc  xprintffull_nomb.o [2]
_LocaleC_isspace         0x800'3c59   0x14  Code  Gb  xlocale_c.o [2]
_LocaleC_isupper         0x800'3c4d    0x2  Code  Gb  xlocale_c.o [2]
_LocaleC_tolower         0x800'3c6d    0xc  Code  Gb  xlocale_c.o [2]
_Locale_lconv           0x2000'0090   0x38  Data  Lc  xlocale_c.o [2]
_PrintfFullNoMb          0x800'2311  0x19e  Code  Gb  xprintffull_nomb.o [2]
_Prout                   0x800'6f0d   0x16  Code  Gb  xprout.o [2]
_PutcharsFullNoMb        0x800'3075   0x2e  Code  Lc  xprintffull_nomb.o [2]
_PutfldFullNoMb          0x800'2539  0x268  Code  Lc  xprintffull_nomb.o [2]
_PuttxtFullNoMb          0x800'27a1  0x10c  Code  Lc  xprintffull_nomb.o [2]
_SProut                  0x800'3103    0xa  Code  Gb  xsprout.o [2]
__NVIC_GetPriorityGrouping
                         0x800'5cd7    0xa  Code  Lc  stm32f4xx_hal_cortex.o [1]
__NVIC_SetPriority       0x800'5ce1   0x24  Code  Lc  stm32f4xx_hal_cortex.o [1]
__NVIC_SetPriorityGrouping
                         0x800'5cbd   0x1a  Code  Lc  stm32f4xx_hal_cortex.o [1]
__aeabi_cdcmple          0x800'36e1         Code  Gb  DblCmpLe.o [3]
__aeabi_cdrcmple         0x800'3711         Code  Gb  DblCmpGe.o [3]
__aeabi_d2iz             0x800'387d         Code  Gb  DblToS32.o [3]
__aeabi_d2uiz            0x800'3c09         Code  Gb  DblToU32.o [3]
__aeabi_ddiv             0x800'39c1         Code  Gb  DblDiv.o [3]
__aeabi_dmul             0x800'3425         Code  Gb  DblMul.o [3]
__aeabi_dsub             0x800'38dd         Code  Gb  DblSub.o [3]
__aeabi_i2d              0x800'38b9         Code  Gb  S32ToDbl.o [3]
__aeabi_ldiv0            0x800'3c91         Code  Gb  I64DivZer.o [4]
__aeabi_memclr4          0x800'5309         Code  Gb  ABImemclr4.o [4]
__aeabi_memcpy           0x800'35c9         Code  Gb  ABImemcpy.o [4]
__aeabi_memcpy4          0x800'35e9         Code  Gb  ABImemcpy.o [4]
__aeabi_memcpy8          0x800'35e9         Code  Gb  ABImemcpy.o [4]
__aeabi_memset           0x800'6631         Code  Gb  ABImemset.o [4]
__aeabi_ui2d             0x800'3c31         Code  Gb  U32ToDbl.o [3]
__aeabi_uldivmod         0x800'31f5         Code  Gb  I64DivMod.o [4]
__cmain                  0x800'6e29         Code  Gb  cmain.o [4]
__exit                   0x800'3e01   0x14  Code  Gb  exit.o [5]
__iar_Fail_s             0x800'3125   0x1c  Code  Gb  xfail_s.o [2]
__iar_Memchr             0x800'319d         Code  Gb  memchr.o [4]
__iar_Memset             0x800'6631         Code  Gb  ABImemset.o [4]
__iar_Memset4_word       0x800'5521         Code  Gb  ABImemset48.o [4]
__iar_Memset8_word       0x800'5521         Code  Gb  ABImemset48.o [4]
__iar_Memset_word        0x800'6639         Code  Gb  ABImemset.o [4]
__iar_Stdout            0x2000'0048   0x48  Data  Gb  xfiles.o [2]
__iar_Stoulx             0x800'64e5  0x13a  Code  Gb  iar_Stoulx.o [2]
__iar_Strchr             0x800'310d         Code  Gb  strchr.o [4]
__iar_copy_init3         0x800'6d69   0x2c  Code  Gb  copy_init3.o [4]
__iar_dadd               0x800'38ed         Code  Gb  DblSub.o [3]
__iar_data_init3         0x800'6d95   0x28  Code  Gb  data_init.o [4]
__iar_dsub               0x800'3c95         Code  Gb  DblAdd.o [3]
__iar_dsubStart          0x800'3ca7         Code  Gb  DblAdd.o [3]
__iar_frexp              0x800'367d         Code  Gb  frexp.o [3]
__iar_frexpl             0x800'367d         Code  Gb  frexp.o [3]
__iar_globLocale        0x2000'0000   0x48  Data  Lc  xlocale_c.o [2]
__iar_global_Locale      0x800'3c79    0x4  Code  Gb  xlocale_c.o [2]
__iar_init_vfp           0x800'6de1         Code  Gb  fpinit_M.o [3]
__iar_ldexp64            0x800'3741         Code  Gb  ldexp.o [3]
__iar_program_start      0x800'6fa5         Code  Gb  cstartup_M.o [4]
__iar_scalbln64          0x800'3741         Code  Gb  ldexp.o [3]
__iar_scalbn64           0x800'3741         Code  Gb  ldexp.o [3]
__iar_softfp___iar_frexp64
                         0x800'3671         Code  Gb  frexp.o [3]
__iar_softfp_frexp       0x800'3671         Code  Gb  frexp.o [3]
__iar_softfp_frexpl      0x800'3671         Code  Gb  frexp.o [3]
__iar_zero_init3         0x800'2097   0x3a  Code  Gb  zero_init3.o [4]
__low_level_init         0x800'6e47    0x4  Code  Gb  low_level_init.o [2]
__vector_table           0x800'0000         Data  Gb  startup_stm32f407xx.o [1]
_call_main               0x800'6e35         Code  Gb  cmain.o [4]
_exit                    0x800'6e51         Code  Gb  cexit.o [4]
_main                    0x800'6e43         Code  Gb  cmain.o [4]
abort                    0x800'3c89    0x6  Code  Gb  abort.o [2]
atoi                     0x800'6625    0x2  Code  Gb  iar_Stoulx.o [2]
bytesRead               0x2000'089c    0x4  Data  Gb  main.o [1]
bytesWritten            0x2000'0898    0x4  Data  Gb  main.o [1]
check_fs                 0x800'12b9   0x78  Code  Lc  ff.o [1]
chk_chr                  0x800'020f   0x14  Code  Lc  ff.o [1]
chk_lock                 0x800'0223   0x76  Code  Lc  ff.o [1]
clear_lock               0x800'03b3   0x22  Code  Lc  ff.o [1]
clmt_clust               0x800'0869   0x2a  Code  Lc  ff.o [1]
clust2sect               0x800'04fb   0x1a  Code  Lc  ff.o [1]
cmp_lfn                  0x800'0b13   0xa2  Code  Lc  ff.o [1]
create_chain             0x800'0797   0xd2  Code  Lc  ff.o [1]
create_name              0x800'0f77  0x264  Code  Lc  ff.o [1]
dec_lock                 0x800'0371   0x42  Code  Lc  ff.o [1]
digits                   0x800'6d40   0x28  Data  Lc  iar_Stoulx.o [2]
dir_alloc                0x800'0a5f   0x64  Code  Lc  ff.o [1]
dir_find                 0x800'0cf9  0x118  Code  Lc  ff.o [1]
dir_next                 0x800'093d  0x122  Code  Lc  ff.o [1]
dir_register             0x800'0e11  0x166  Code  Lc  ff.o [1]
dir_sdi                  0x800'0893   0xaa  Code  Lc  ff.o [1]
disk                    0x2000'0874    0xc  Data  Gb  ff_gen_drv.o [1]
disk_initialize          0x800'20ef   0x3a  Code  Gb  diskio.o [1]
disk_ioctl               0x800'2165   0x20  Code  Gb  diskio.o [1]
disk_read                0x800'2129   0x1e  Code  Gb  diskio.o [1]
disk_status              0x800'20d1   0x1e  Code  Gb  diskio.o [1]
disk_write               0x800'2147   0x1e  Code  Gb  diskio.o [1]
enq_lock                 0x800'0299   0x22  Code  Lc  ff.o [1]
exit                     0x800'6e4b    0x4  Code  Gb  exit.o [2]
f_close                  0x800'1db7   0x38  Code  Gb  ff.o [1]
f_lseek                  0x800'1def  0x2a8  Code  Gb  ff.o [1]
f_mount                  0x800'1661   0x5e  Code  Gb  ff.o [1]
f_open                   0x800'16e9  0x258  Code  Gb  ff.o [1]
f_read                   0x800'1941  0x1c4  Code  Gb  ff.o [1]
f_sync                   0x800'1d17   0xa0  Code  Gb  ff.o [1]
f_write                  0x800'1b05  0x212  Code  Gb  ff.o [1]
ff_convert               0x800'2189   0x5a  Code  Gb  ccsbcs.o [1]
ff_wtoupper              0x800'21e3   0xb0  Code  Gb  ccsbcs.o [1]
ff_wtoupper::cvt1        0x800'6734  0x1f4  Data  Lc  ccsbcs.o [1]
ff_wtoupper::cvt2        0x800'6bdc   0xbc  Data  Lc  ccsbcs.o [1]
find_volume              0x800'1339  0x2e0  Code  Lc  ff.o [1]
follow_path              0x800'11db   0x96  Code  Lc  ff.o [1]
fputc                    0x800'6181   0x30  Code  Gb  main.o [1]
gen_numname              0x800'0c49   0x90  Code  Lc  ff.o [1]
get_fat                  0x800'0515   0xd2  Code  Lc  ff.o [1]
get_fattime              0x800'22bd    0x4  Code  Gb  fatfs.o [1]
get_ldnumber             0x800'1271   0x48  Code  Lc  ff.o [1]
hsd                     0x2000'0738   0x84  Data  Gb  main.o [1]
huart1                  0x2000'080c   0x48  Data  Gb  main.o [1]
inc_lock                 0x800'02bb   0xb6  Code  Lc  ff.o [1]
isspace                  0x800'670d   0x14  Code  Gb  isspace.o [2]
ld_clust                 0x800'0ac3   0x26  Code  Lc  ff.o [1]
ld_dword                 0x800'0195   0x16  Code  Lc  ff.o [1]
ld_word                  0x800'0189    0xc  Code  Lc  ff.o [1]
ldexp                    0x800'3741         Code  Gb  ldexp.o [3]
ldexpl                   0x800'3741         Code  Gb  ldexp.o [3]
localeconv               0x800'3c7d    0x4  Code  Gb  xlocale_c.o [2]
main                     0x800'629b   0x68  Code  Gb  main.o [1]
mem_cmp                  0x800'01f1   0x1e  Code  Lc  ff.o [1]
mem_cpy                  0x800'01d1   0x14  Code  Lc  ff.o [1]
mem_set                  0x800'01e5    0xc  Code  Lc  ff.o [1]
memchr                   0x800'319d         Code  Gb  memchr.o [4]
move_window              0x800'0429   0x3e  Code  Lc  ff.o [1]
ndigs                    0x800'6d18   0x28  Data  Lc  iar_Stoulx.o [2]
obuf                    0x2000'07bc   0x50  Data  Lc  xfiles.o [2]
printf                   0x800'64bd   0x28  Code  Gb  printf.o [2]
put_fat                  0x800'05e7  0x122  Code  Lc  ff.o [1]
put_lfn                  0x800'0bb5   0x84  Code  Lc  ff.o [1]
putchar                  0x800'6f25    0xc  Code  Gb  putchar.o [2]
remove_chain             0x800'0709   0x8e  Code  Lc  ff.o [1]
res                     0x2000'08ab    0x1  Data  Gb  main.o [1]
retSD                   0x2000'08aa    0x1  Data  Gb  fatfs.o [1]
scalbln                  0x800'3741         Code  Gb  ldexp.o [3]
scalblnl                 0x800'3741         Code  Gb  ldexp.o [3]
scalbn                   0x800'3741         Code  Gb  ldexp.o [3]
scalbnl                  0x800'3741         Code  Gb  ldexp.o [3]
scale                    0x800'29b7   0x46  Code  Lc  xprintffull_nomb.o [2]
sec_hand                0x2000'08a4    0x4  Data  Lc  xfail_s.o [2]
sprintf                  0x800'6699   0x40  Code  Gb  sprintf.o [2]
st_clust                 0x800'0ae9   0x2a  Code  Lc  ff.o [1]
st_dword                 0x800'01b9   0x18  Code  Lc  ff.o [1]
st_word                  0x800'01ab    0xe  Code  Lc  ff.o [1]
strchr                   0x800'310d         Code  Gb  strchr.o [4]
strlen                   0x800'3165         Code  Gb  strlen.o [4]
sum_sfn                  0x800'0cd9   0x20  Code  Lc  ff.o [1]
sync_fs                  0x800'0467   0x94  Code  Lc  ff.o [1]
sync_window              0x800'03d5   0x54  Code  Lc  ff.o [1]
text                    0x2000'0880    0xc  Data  Gb  main.o [1]
tolower                  0x800'6721   0x14  Code  Gb  tolower.o [2]
uwTick                  0x2000'08a0    0x4  Data  Gb  stm32f4xx_hal.o [1]
uwTickFreq              0x2000'00d1    0x1  Data  Gb  stm32f4xx_hal.o [1]
uwTickPrio              0x2000'00c8    0x4  Data  Gb  stm32f4xx_hal.o [1]
validate                 0x800'1619   0x48  Code  Lc  ff.o [1]


[1] = D:\2_Projects\Exam\CubeMx\SDcard\SDcard\EWARM\SDcard\Obj
[2] = dl7M_tlf.a
[3] = m7M_tls.a
[4] = rt7M_tl.a
[5] = shb_l.a

  27 476 bytes of readonly  code memory
   1 684 bytes of readonly  data memory
  10 410 bytes of readwrite data memory

Errors: none
Warnings: none
