###############################################################################
#
# IAR ELF Linker V8.32.1.169/W32 for ARM                  03/Jul/2024  17:27:39
# Copyright 2007-2018 IAR Systems AB.
#
#    Output file  =  D:\2_Projects\Exam\CubeMx\RTC\RTC\EWARM\RTC\Exe\RTC.out
#    Map file     =  D:\2_Projects\Exam\CubeMx\RTC\RTC\EWARM\RTC\List\RTC.map
#    Command line =  
#        -f C:\Users\JASAN1~1\AppData\Local\Temp\EW8FF8.tmp
#        (D:\2_Projects\Exam\CubeMx\RTC\RTC\EWARM\RTC\Obj\main.o
#        D:\2_Projects\Exam\CubeMx\RTC\RTC\EWARM\RTC\Obj\startup_stm32f407xx.o
#        D:\2_Projects\Exam\CubeMx\RTC\RTC\EWARM\RTC\Obj\stm32f4xx_hal.o
#        D:\2_Projects\Exam\CubeMx\RTC\RTC\EWARM\RTC\Obj\stm32f4xx_hal_cortex.o
#        D:\2_Projects\Exam\CubeMx\RTC\RTC\EWARM\RTC\Obj\stm32f4xx_hal_dma.o
#        D:\2_Projects\Exam\CubeMx\RTC\RTC\EWARM\RTC\Obj\stm32f4xx_hal_dma_ex.o
#        D:\2_Projects\Exam\CubeMx\RTC\RTC\EWARM\RTC\Obj\stm32f4xx_hal_exti.o
#        D:\2_Projects\Exam\CubeMx\RTC\RTC\EWARM\RTC\Obj\stm32f4xx_hal_flash.o
#        D:\2_Projects\Exam\CubeMx\RTC\RTC\EWARM\RTC\Obj\stm32f4xx_hal_flash_ex.o
#        D:\2_Projects\Exam\CubeMx\RTC\RTC\EWARM\RTC\Obj\stm32f4xx_hal_flash_ramfunc.o
#        D:\2_Projects\Exam\CubeMx\RTC\RTC\EWARM\RTC\Obj\stm32f4xx_hal_gpio.o
#        D:\2_Projects\Exam\CubeMx\RTC\RTC\EWARM\RTC\Obj\stm32f4xx_hal_msp.o
#        D:\2_Projects\Exam\CubeMx\RTC\RTC\EWARM\RTC\Obj\stm32f4xx_hal_pwr.o
#        D:\2_Projects\Exam\CubeMx\RTC\RTC\EWARM\RTC\Obj\stm32f4xx_hal_pwr_ex.o
#        D:\2_Projects\Exam\CubeMx\RTC\RTC\EWARM\RTC\Obj\stm32f4xx_hal_rcc.o
#        D:\2_Projects\Exam\CubeMx\RTC\RTC\EWARM\RTC\Obj\stm32f4xx_hal_rcc_ex.o
#        D:\2_Projects\Exam\CubeMx\RTC\RTC\EWARM\RTC\Obj\stm32f4xx_hal_rtc.o
#        D:\2_Projects\Exam\CubeMx\RTC\RTC\EWARM\RTC\Obj\stm32f4xx_hal_rtc_ex.o
#        D:\2_Projects\Exam\CubeMx\RTC\RTC\EWARM\RTC\Obj\stm32f4xx_hal_tim.o
#        D:\2_Projects\Exam\CubeMx\RTC\RTC\EWARM\RTC\Obj\stm32f4xx_hal_tim_ex.o
#        D:\2_Projects\Exam\CubeMx\RTC\RTC\EWARM\RTC\Obj\stm32f4xx_hal_uart.o
#        D:\2_Projects\Exam\CubeMx\RTC\RTC\EWARM\RTC\Obj\stm32f4xx_it.o
#        D:\2_Projects\Exam\CubeMx\RTC\RTC\EWARM\RTC\Obj\system_stm32f4xx.o
#        --redirect _Printf=_PrintfFullNoMb --redirect _Scanf=_ScanfFullNoMb
#        --no_out_extension -o
#        D:\2_Projects\Exam\CubeMx\RTC\RTC\EWARM\RTC\Exe\RTC.out --map
#        D:\2_Projects\Exam\CubeMx\RTC\RTC\EWARM\RTC\List\RTC.map --config
#        "C:\Program Files (x86)\IAR Systems\Embedded Workbench
#        8.2\arm\config\linker\ST\stm32f407xG.icf" --semihosting --entry
#        __iar_program_start --vfe --text_out locale)
#
###############################################################################

*******************************************************************************
*** RUNTIME MODEL ATTRIBUTES
***

CppFlavor       = *
__SystemLibrary = DLib
__dlib_version  = 6


*******************************************************************************
*** HEAP SELECTION
***

The basic heap was selected because no calls to memory allocation
functions were found in the application outside of system library
functions, and there are calls to deallocation functions in the
application.


*******************************************************************************
*** PLACEMENT SUMMARY
***

"A0":  place at 0x800'0000 { ro section .intvec };
"P1":  place in [from 0x800'0000 to 0x80f'ffff] { ro };
define block CSTACK with size = 8K, alignment = 8 { };
"P3":  place in [from 0x1000'0000 to 0x1000'ffff] {
          block CSTACK, section .ccram };
define block HEAP with size = 8K, alignment = 8 { };
"P4":  place in [from 0x2000'0000 to 0x2001'bfff] |
                [from 0x2001'c000 to 0x2001'ffff] { rw, block HEAP };
initialize by copy { rw };

No sections matched the following patterns:

  ro section application_specific_ro  in "P2"
  section .backup_sram                in "P5"
  section .ccram                      in "P3"


  Section            Kind         Address    Size  Object
  -------            ----         -------    ----  ------
"A0":                                       0x188
  .intvec            ro code   0x800'0000   0x188  startup_stm32f407xx.o [1]
                             - 0x800'0188   0x188

"P1":                                      0x3bbc
  .text              ro code   0x800'0188   0xdf2  xprintffull_nomb.o [2]
  .text              ro code   0x800'0f7a    0x3a  zero_init3.o [4]
  .text              ro code   0x800'0fb4    0x16  strchr.o [4]
  .text              ro code   0x800'0fcc    0x40  xfail_s.o [2]
  .text              ro code   0x800'100c    0x36  strlen.o [4]
  .text              ro code   0x800'1044    0x58  memchr.o [4]
  .text              ro code   0x800'109c   0x230  I64DivMod.o [4]
  .text              ro code   0x800'12cc   0x1a2  DblMul.o [3]
  .text              ro code   0x800'1470    0xa6  ABImemcpy.o [4]
  .text              ro code   0x800'1518    0x70  frexp.o [3]
  .text              ro code   0x800'1588    0x2e  DblCmpLe.o [3]
  .text              ro code   0x800'15b8    0x2e  DblCmpGe.o [3]
  .text              ro code   0x800'15e8   0x13a  ldexp.o [3]
  .text              ro code   0x800'1724    0x3a  DblToS32.o [3]
  .text              ro code   0x800'1760    0x22  S32ToDbl.o [3]
  .text              ro code   0x800'1784    0xe2  DblSub.o [3]
  .text              ro code   0x800'1868   0x246  DblDiv.o [3]
  .text              ro code   0x800'1ab0    0x28  DblToU32.o [3]
  .text              ro code   0x800'1ad8    0x1a  U32ToDbl.o [3]
  .text              ro code   0x800'1af4     0x8  xlocale_c.o [2]
  .text              ro code   0x800'1afc     0x6  abort.o [2]
  .text              ro code   0x800'1b04     0x2  I64DivZer.o [4]
  .text              ro code   0x800'1b08   0x16a  DblAdd.o [3]
  .text              ro code   0x800'1c74    0x14  exit.o [5]
  .text              ro code   0x800'1c88   0x514  stm32f4xx_hal_uart.o [1]
  .text              ro code   0x800'219c   0x128  stm32f4xx_hal_msp.o [1]
  .text              ro code   0x800'22c4     0xc  stm32f4xx_hal.o [1]
  .text              ro code   0x800'22d0   0x208  stm32f4xx_hal_rcc.o [1]
  .text              ro code   0x800'24d8     0x6  ABImemclr4.o [4]
  .text              ro code   0x800'24e0   0x150  stm32f4xx_hal_rcc_ex.o [1]
  .text              ro code   0x800'2630   0x354  main.o [1]
  .text              ro code   0x800'2984   0x12c  stm32f4xx_hal_cortex.o [1]
  .text              ro code   0x800'2ab0   0x238  stm32f4xx_hal_gpio.o [1]
  .text              ro code   0x800'2ce8    0x4c  stm32f4xx_hal.o [1]
  .text              ro code   0x800'2d34    0x32  ABImemset48.o [4]
  .text              ro code   0x800'2d68    0x34  stm32f4xx_hal.o [1]
  .text              ro code   0x800'2d9c   0x35c  stm32f4xx_hal_tim.o [1]
  .text              ro code   0x800'30f8    0x28  printf.o [2]
  .text              ro code   0x800'3120   0x3e4  stm32f4xx_hal_rtc.o [1]
  .text              ro code   0x800'3504    0x28  stm32f4xx_hal.o [1]
  .text              ro code   0x800'352c   0x3c4  stm32f4xx_hal_rcc.o [1]
  .text              ro code   0x800'38f0    0xa8  stm32f4xx_hal_tim_ex.o [1]
  .text              ro code   0x800'3998     0x2  stm32f4xx_hal_tim.o [1]
  .text              ro code   0x800'399a     0x2  stm32f4xx_hal_tim.o [1]
  .text              ro code   0x800'399c     0x2  stm32f4xx_hal_tim.o [1]
  .text              ro code   0x800'399e     0x2  stm32f4xx_hal_tim_ex.o [1]
  .text              ro code   0x800'39a0     0x2  stm32f4xx_hal_tim.o [1]
  .text              ro code   0x800'39a2     0x2  stm32f4xx_hal_tim_ex.o [1]
  .text              ro code   0x800'39a4    0x2c  copy_init3.o [4]
  .text              ro code   0x800'39d0    0x28  stm32f4xx_it.o [1]
  .text              ro code   0x800'39f8    0x18  stm32f4xx_hal.o [1]
  .text              ro code   0x800'3a10    0x28  data_init.o [4]
  .rodata            const     0x800'3a38    0x24  main.o [1]
  .text              ro code   0x800'3a5c    0x22  fpinit_M.o [3]
  .iar.init_table    const     0x800'3a80    0x24  - Linker created -
  .text              ro code   0x800'3aa4    0x1e  cmain.o [4]
  .text              ro code   0x800'3ac2     0x4  low_level_init.o [2]
  .text              ro code   0x800'3ac6     0x4  exit.o [2]
  .text              ro code   0x800'3acc     0xa  cexit.o [4]
  .rodata            const     0x800'3ad8    0x18  main.o [1]
  .text              ro code   0x800'3af0    0x16  xprout.o [2]
  .text              ro code   0x800'3b08     0xc  putchar.o [2]
  .rodata            const     0x800'3b14    0x14  main.o [1]
  .rodata            const     0x800'3b28    0x10  system_stm32f4xx.o [1]
  .text              ro code   0x800'3b38    0x10  startup_stm32f407xx.o [1]
  .text              ro code   0x800'3b48    0x10  system_stm32f4xx.o [1]
  .text              ro code   0x800'3b58     0xc  cstartup_M.o [4]
  .rodata            const     0x800'3b64     0x8  main.o [1]
  .rodata            const     0x800'3b6c     0x8  system_stm32f4xx.o [1]
  .rodata            const     0x800'3b74     0x4  xlocale_c.o [2]
  .text              ro code   0x800'3b78     0x4  startup_stm32f407xx.o [1]
  .text              ro code   0x800'3b7c     0x4  startup_stm32f407xx.o [1]
  .text              ro code   0x800'3b80     0x4  startup_stm32f407xx.o [1]
  .text              ro code   0x800'3b84     0x4  startup_stm32f407xx.o [1]
  .text              ro code   0x800'3b88     0x4  startup_stm32f407xx.o [1]
  .text              ro code   0x800'3b8c     0x4  startup_stm32f407xx.o [1]
  .text              ro code   0x800'3b90     0x4  startup_stm32f407xx.o [1]
  .text              ro code   0x800'3b94     0x4  startup_stm32f407xx.o [1]
  .text              ro code   0x800'3b98     0x4  startup_stm32f407xx.o [1]
  .text              ro code   0x800'3b9c     0x4  startup_stm32f407xx.o [1]
  .text              ro code   0x800'3ba0     0x4  startup_stm32f407xx.o [1]
  .text              ro code   0x800'3ba4     0x4  startup_stm32f407xx.o [1]
  .text              ro code   0x800'3ba8     0x4  startup_stm32f407xx.o [1]
  .text              ro code   0x800'3bac     0x4  startup_stm32f407xx.o [1]
  .text              ro code   0x800'3bb0     0x4  startup_stm32f407xx.o [1]
  .text              ro code   0x800'3bb4     0x4  startup_stm32f407xx.o [1]
  .text              ro code   0x800'3bb8     0x4  startup_stm32f407xx.o [1]
  .text              ro code   0x800'3bbc     0x4  startup_stm32f407xx.o [1]
  .text              ro code   0x800'3bc0     0x4  startup_stm32f407xx.o [1]
  .text              ro code   0x800'3bc4     0x4  startup_stm32f407xx.o [1]
  .text              ro code   0x800'3bc8     0x4  startup_stm32f407xx.o [1]
  .text              ro code   0x800'3bcc     0x4  startup_stm32f407xx.o [1]
  .text              ro code   0x800'3bd0     0x4  startup_stm32f407xx.o [1]
  .text              ro code   0x800'3bd4     0x4  startup_stm32f407xx.o [1]
  .text              ro code   0x800'3bd8     0x4  startup_stm32f407xx.o [1]
  .text              ro code   0x800'3bdc     0x4  startup_stm32f407xx.o [1]
  .text              ro code   0x800'3be0     0x4  startup_stm32f407xx.o [1]
  .text              ro code   0x800'3be4     0x4  startup_stm32f407xx.o [1]
  .text              ro code   0x800'3be8     0x4  startup_stm32f407xx.o [1]
  .text              ro code   0x800'3bec     0x4  startup_stm32f407xx.o [1]
  .text              ro code   0x800'3bf0     0x4  startup_stm32f407xx.o [1]
  .text              ro code   0x800'3bf4     0x4  startup_stm32f407xx.o [1]
  .text              ro code   0x800'3bf8     0x4  startup_stm32f407xx.o [1]
  .text              ro code   0x800'3bfc     0x4  startup_stm32f407xx.o [1]
  .text              ro code   0x800'3c00     0x4  startup_stm32f407xx.o [1]
  .text              ro code   0x800'3c04     0x4  startup_stm32f407xx.o [1]
  .text              ro code   0x800'3c08     0x4  startup_stm32f407xx.o [1]
  .text              ro code   0x800'3c0c     0x4  startup_stm32f407xx.o [1]
  .text              ro code   0x800'3c10     0x4  startup_stm32f407xx.o [1]
  .text              ro code   0x800'3c14     0x4  startup_stm32f407xx.o [1]
  .text              ro code   0x800'3c18     0x4  startup_stm32f407xx.o [1]
  .text              ro code   0x800'3c1c     0x4  startup_stm32f407xx.o [1]
  .text              ro code   0x800'3c20     0x4  startup_stm32f407xx.o [1]
  .text              ro code   0x800'3c24     0x4  startup_stm32f407xx.o [1]
  .text              ro code   0x800'3c28     0x4  startup_stm32f407xx.o [1]
  .text              ro code   0x800'3c2c     0x4  startup_stm32f407xx.o [1]
  .text              ro code   0x800'3c30     0x4  startup_stm32f407xx.o [1]
  .text              ro code   0x800'3c34     0x4  startup_stm32f407xx.o [1]
  .text              ro code   0x800'3c38     0x4  startup_stm32f407xx.o [1]
  .text              ro code   0x800'3c3c     0x4  startup_stm32f407xx.o [1]
  .text              ro code   0x800'3c40     0x4  startup_stm32f407xx.o [1]
  .text              ro code   0x800'3c44     0x4  startup_stm32f407xx.o [1]
  .text              ro code   0x800'3c48     0x4  startup_stm32f407xx.o [1]
  .text              ro code   0x800'3c4c     0x4  startup_stm32f407xx.o [1]
  .text              ro code   0x800'3c50     0x4  startup_stm32f407xx.o [1]
  .text              ro code   0x800'3c54     0x4  startup_stm32f407xx.o [1]
  .text              ro code   0x800'3c58     0x4  startup_stm32f407xx.o [1]
  .text              ro code   0x800'3c5c     0x4  startup_stm32f407xx.o [1]
  .text              ro code   0x800'3c60     0x4  startup_stm32f407xx.o [1]
  .text              ro code   0x800'3c64     0x4  startup_stm32f407xx.o [1]
  .text              ro code   0x800'3c68     0x4  startup_stm32f407xx.o [1]
  .text              ro code   0x800'3c6c     0x4  startup_stm32f407xx.o [1]
  .text              ro code   0x800'3c70     0x4  startup_stm32f407xx.o [1]
  .text              ro code   0x800'3c74     0x4  startup_stm32f407xx.o [1]
  .text              ro code   0x800'3c78     0x4  startup_stm32f407xx.o [1]
  .text              ro code   0x800'3c7c     0x4  startup_stm32f407xx.o [1]
  .text              ro code   0x800'3c80     0x4  startup_stm32f407xx.o [1]
  .text              ro code   0x800'3c84     0x4  startup_stm32f407xx.o [1]
  .text              ro code   0x800'3c88     0x4  startup_stm32f407xx.o [1]
  .text              ro code   0x800'3c8c     0x4  startup_stm32f407xx.o [1]
  .text              ro code   0x800'3c90     0x4  startup_stm32f407xx.o [1]
  .text              ro code   0x800'3c94     0x4  startup_stm32f407xx.o [1]
  .text              ro code   0x800'3c98     0x4  startup_stm32f407xx.o [1]
  .text              ro code   0x800'3c9c     0x4  startup_stm32f407xx.o [1]
  .text              ro code   0x800'3ca0     0x4  startup_stm32f407xx.o [1]
  .text              ro code   0x800'3ca4     0x4  startup_stm32f407xx.o [1]
  .text              ro code   0x800'3ca8     0x4  startup_stm32f407xx.o [1]
  .text              ro code   0x800'3cac     0x4  startup_stm32f407xx.o [1]
  .text              ro code   0x800'3cb0     0x4  startup_stm32f407xx.o [1]
  .text              ro code   0x800'3cb4     0x4  startup_stm32f407xx.o [1]
  .rodata            const     0x800'3cb8     0x0  zero_init3.o [4]
  .rodata            const     0x800'3cb8     0x0  copy_init3.o [4]
  Initializer bytes  const     0x800'3cb8    0x8c  <for P4 s0>
                             - 0x800'3d44  0x3bbc

"P3":                                      0x2000
  CSTACK                      0x1000'0000  0x2000  <Block>
    CSTACK           uninit   0x1000'0000  0x2000  <Block tail>
                            - 0x1000'2000  0x2000

"P4", part 1 of 2:                           0x8c
  P4 s0                       0x2000'0000    0x8c  <Init block>
    .data            inited   0x2000'0000    0x48  xfiles.o [2]
    .data            inited   0x2000'0048    0x38  xlocale_c.o [2]
    .data            inited   0x2000'0080     0x4  stm32f4xx_hal.o [1]
    .data            inited   0x2000'0084     0x4  system_stm32f4xx.o [1]
    .data            inited   0x2000'0088     0x1  stm32f4xx_hal.o [1]
                            - 0x2000'008c    0x8c

"P4", part 2 of 2:                          0x124
  .bss               zero     0x2000'008c    0x50  xfiles.o [2]
  .bss               zero     0x2000'00dc    0x48  main.o [1]
  .bss               zero     0x2000'0124    0x48  main.o [1]
  .bss               zero     0x2000'016c    0x20  main.o [1]
  .bss               zero     0x2000'018c    0x14  main.o [1]
  .bss               zero     0x2000'01a0     0x4  main.o [1]
  .bss               zero     0x2000'01a4     0x4  stm32f4xx_hal.o [1]
  .bss               zero     0x2000'01a8     0x4  xfail_s.o [2]
  .bss               zero     0x2000'01ac     0x1  main.o [1]
                            - 0x2000'01ad   0x121

Unused ranges:

         From           To      Size
         ----           --      ----
   0x800'3d44   0x80f'ffff  0xf'c2bc
  0x1000'2000  0x1000'ffff    0xe000
  0x2000'01b0  0x2001'bfff  0x1'be50
  0x2001'c000  0x2001'ffff    0x4000


*******************************************************************************
*** INIT TABLE
***

          Address      Size
          -------      ----
Zero (__iar_zero_init3)
    1 destination range, total size 0x121:
          0x2000'008c  0x121

Copy (__iar_copy_init3)
    1 source range, total size 0x8c (102% of destination):
           0x800'3cb8   0x8c
    1 destination range, total size 0x89:
          0x2000'0000   0x89



*******************************************************************************
*** MODULE SUMMARY
***

    Module                  ro code  ro data  rw data
    ------                  -------  -------  -------
command line/config:
    -------------------------------------------------
    Total:

D:\2_Projects\Exam\CubeMx\RTC\RTC\EWARM\RTC\Obj: [1]
    main.o                      852       88      201
    startup_stm32f407xx.o       728
    stm32f4xx_hal.o             204        5        9
    stm32f4xx_hal_cortex.o      300
    stm32f4xx_hal_gpio.o        568
    stm32f4xx_hal_msp.o         296
    stm32f4xx_hal_rcc.o       1 484
    stm32f4xx_hal_rcc_ex.o      336
    stm32f4xx_hal_rtc.o         996
    stm32f4xx_hal_tim.o         868
    stm32f4xx_hal_tim_ex.o      172
    stm32f4xx_hal_uart.o      1 300
    stm32f4xx_it.o               40
    system_stm32f4xx.o           16       28        4
    -------------------------------------------------
    Total:                    8 160      121      214

dl7M_tlf.a: [2]
    abort.o                       6
    exit.o                        4
    low_level_init.o              4
    printf.o                     40
    putchar.o                    12
    xfail_s.o                    64                 4
    xfiles.o                              72      152
    xlocale_c.o                   8       60       56
    xprintffull_nomb.o        3 570
    xprout.o                     22
    -------------------------------------------------
    Total:                    3 730      132      212

m7M_tls.a: [3]
    DblAdd.o                    362
    DblCmpGe.o                   46
    DblCmpLe.o                   46
    DblDiv.o                    582
    DblMul.o                    418
    DblSub.o                    226
    DblToS32.o                   58
    DblToU32.o                   40
    S32ToDbl.o                   34
    U32ToDbl.o                   26
    fpinit_M.o                   34
    frexp.o                     112
    ldexp.o                     314
    -------------------------------------------------
    Total:                    2 298

rt7M_tl.a: [4]
    ABImemclr4.o                  6
    ABImemcpy.o                 166
    ABImemset48.o                50
    I64DivMod.o                 560
    I64DivZer.o                   2
    cexit.o                      10
    cmain.o                      30
    copy_init3.o                 44
    cstartup_M.o                 12
    data_init.o                  40
    memchr.o                     88
    strchr.o                     22
    strlen.o                     54
    zero_init3.o                 58
    -------------------------------------------------
    Total:                    1 142

shb_l.a: [5]
    exit.o                       20
    -------------------------------------------------
    Total:                       20

    Gaps                         38        4
    Linker created                        39    8 192
-----------------------------------------------------
    Grand Total:             15 388      296    8 618


*******************************************************************************
*** ENTRY LIST
***

Entry                       Address   Size  Type      Object
-----                       -------   ----  ----      ------
.iar.init_table$$Base    0x800'3a80          --   Gb  - Linker created -
.iar.init_table$$Limit   0x800'3aa4          --   Gb  - Linker created -
?main                    0x800'3aa5         Code  Gb  cmain.o [4]
AHBPrescTable            0x800'3b28   0x10  Data  Gb  system_stm32f4xx.o [1]
APBPrescTable            0x800'3b6c    0x8  Data  Gb  system_stm32f4xx.o [1]
BusFault_Handler         0x800'39d7    0x2  Code  Gb  stm32f4xx_it.o [1]
CSTACK$$Base            0x1000'0000          --   Gb  - Linker created -
CSTACK$$Limit           0x1000'2000          --   Gb  - Linker created -
DebugMon_Handler         0x800'39dd    0x2  Code  Gb  stm32f4xx_it.o [1]
Error_Handler            0x800'2981    0x4  Code  Gb  main.o [1]
HAL_Delay                0x800'3505   0x28  Code  Wk  stm32f4xx_hal.o [1]
HAL_GPIO_Init            0x800'2ab1  0x1d6  Code  Gb  stm32f4xx_hal_gpio.o [1]
HAL_GPIO_TogglePin       0x800'2c9b   0x14  Code  Gb  stm32f4xx_hal_gpio.o [1]
HAL_GPIO_WritePin        0x800'2c87   0x14  Code  Gb  stm32f4xx_hal_gpio.o [1]
HAL_GetTick              0x800'22c5    0xc  Code  Wk  stm32f4xx_hal.o [1]
HAL_IncTick              0x800'39f9   0x18  Code  Wk  stm32f4xx_hal.o [1]
HAL_Init                 0x800'2d69   0x30  Code  Gb  stm32f4xx_hal.o [1]
HAL_InitTick             0x800'2ce9   0x4c  Code  Wk  stm32f4xx_hal.o [1]
HAL_MspInit              0x800'219d   0x36  Code  Gb  stm32f4xx_hal_msp.o [1]
HAL_NVIC_EnableIRQ       0x800'2a7d    0xa  Code  Gb  stm32f4xx_hal_cortex.o [1]
HAL_NVIC_SetPriority     0x800'2a5b   0x22  Code  Gb  stm32f4xx_hal_cortex.o [1]
HAL_NVIC_SetPriorityGrouping
                         0x800'2a53    0x8  Code  Gb  stm32f4xx_hal_cortex.o [1]
HAL_RCCEx_PeriphCLKConfig
                         0x800'24e1  0x12c  Code  Gb  stm32f4xx_hal_rcc_ex.o [1]
HAL_RCC_ClockConfig      0x800'22d1  0x13a  Code  Gb  stm32f4xx_hal_rcc.o [1]
HAL_RCC_GetHCLKFreq      0x800'240b    0x6  Code  Gb  stm32f4xx_hal_rcc.o [1]
HAL_RCC_GetPCLK1Freq     0x800'2411   0x16  Code  Gb  stm32f4xx_hal_rcc.o [1]
HAL_RCC_GetPCLK2Freq     0x800'2427   0x16  Code  Gb  stm32f4xx_hal_rcc.o [1]
HAL_RCC_OscConfig        0x800'352d  0x3c4  Code  Wk  stm32f4xx_hal_rcc.o [1]
HAL_RTC_GetDate          0x800'33c9   0x4e  Code  Gb  stm32f4xx_hal_rtc.o [1]
HAL_RTC_GetTime          0x800'32b1   0x62  Code  Gb  stm32f4xx_hal_rtc.o [1]
HAL_RTC_Init             0x800'3121   0xba  Code  Gb  stm32f4xx_hal_rtc.o [1]
HAL_RTC_MspInit          0x800'21d3   0x34  Code  Gb  stm32f4xx_hal_msp.o [1]
HAL_RTC_SetDate          0x800'3313   0xb6  Code  Gb  stm32f4xx_hal_rtc.o [1]
HAL_RTC_SetTime          0x800'31db   0xd6  Code  Gb  stm32f4xx_hal_rtc.o [1]
HAL_RTC_WaitForSynchro   0x800'3417   0x30  Code  Gb  stm32f4xx_hal_rtc.o [1]
HAL_SYSTICK_Config       0x800'2a87    0x8  Code  Gb  stm32f4xx_hal_cortex.o [1]
HAL_TIMEx_BreakCallback
                         0x800'399f    0x2  Code  Wk  stm32f4xx_hal_tim_ex.o [1]
HAL_TIMEx_CommutCallback
                         0x800'39a3    0x2  Code  Wk  stm32f4xx_hal_tim_ex.o [1]
HAL_TIMEx_MasterConfigSynchronization
                         0x800'38f1   0x8c  Code  Gb  stm32f4xx_hal_tim_ex.o [1]
HAL_TIM_Base_Init        0x800'2d9d   0x6e  Code  Gb  stm32f4xx_hal_tim.o [1]
HAL_TIM_Base_MspInit     0x800'2207   0x34  Code  Gb  stm32f4xx_hal_msp.o [1]
HAL_TIM_Base_Start_IT    0x800'2e0b   0x96  Code  Gb  stm32f4xx_hal_tim.o [1]
HAL_TIM_IRQHandler       0x800'2ebd  0x13e  Code  Gb  stm32f4xx_hal_tim.o [1]
HAL_TIM_PeriodElapsedCallback
                         0x800'2661   0x36  Code  Gb  main.o [1]
HAL_UART_Init            0x800'1c89   0x7a  Code  Gb  stm32f4xx_hal_uart.o [1]
HAL_UART_MspInit         0x800'223b   0x68  Code  Gb  stm32f4xx_hal_msp.o [1]
HAL_UART_Transmit        0x800'1d03   0xc0  Code  Gb  stm32f4xx_hal_uart.o [1]
HardFault_Handler        0x800'39d3    0x2  Code  Gb  stm32f4xx_it.o [1]
LoadInt                  0x800'0337   0x7a  Code  Lc  xprintffull_nomb.o [2]
MX_GPIO_Init             0x800'288f   0xaa  Code  Lc  main.o [1]
MX_RTC_Init              0x800'2795   0x78  Code  Lc  main.o [1]
MX_TIM6_Init             0x800'280d   0x4e  Code  Lc  main.o [1]
MX_USART1_UART_Init      0x800'285b   0x34  Code  Lc  main.o [1]
MemManage_Handler        0x800'39d5    0x2  Code  Gb  stm32f4xx_it.o [1]
NMI_Handler              0x800'39d1    0x2  Code  Gb  stm32f4xx_it.o [1]
NVIC_EncodePriority      0x800'29e9   0x3c  Code  Lc  stm32f4xx_hal_cortex.o [1]
PendSV_Handler           0x800'39df    0x2  Code  Gb  stm32f4xx_it.o [1]
RTC_Bcd2ToByte           0x800'34ef   0x16  Code  Gb  stm32f4xx_hal_rtc.o [1]
RTC_ByteToBcd2           0x800'34d7   0x18  Code  Gb  stm32f4xx_hal_rtc.o [1]
RTC_EnterInitMode        0x800'3459   0x4e  Code  Gb  stm32f4xx_hal_rtc.o [1]
RTC_ExitInitMode         0x800'34a7   0x30  Code  Gb  stm32f4xx_hal_rtc.o [1]
Region$$Table$$Base      0x800'3a80          --   Gb  - Linker created -
Region$$Table$$Limit     0x800'3aa4          --   Gb  - Linker created -
SVC_Handler              0x800'39db    0x2  Code  Gb  stm32f4xx_it.o [1]
SysTick_Config           0x800'2a25   0x2e  Code  Lc  stm32f4xx_hal_cortex.o [1]
SysTick_Handler          0x800'39e1    0x8  Code  Gb  stm32f4xx_it.o [1]
SystemClock_Config       0x800'2707   0x8e  Code  Gb  main.o [1]
SystemCoreClock         0x2000'0084    0x4  Data  Gb  system_stm32f4xx.o [1]
SystemInit               0x800'3b49    0xc  Code  Gb  system_stm32f4xx.o [1]
TIM6_DAC_IRQHandler      0x800'39e9    0xa  Code  Gb  stm32f4xx_it.o [1]
TIM_Base_SetConfig       0x800'2ffb   0xd0  Code  Gb  stm32f4xx_hal_tim.o [1]
UART_EndRxTransfer       0x800'1e45   0x60  Code  Lc  stm32f4xx_hal_uart.o [1]
UART_SetConfig           0x800'1ea7  0x2e6  Code  Lc  stm32f4xx_hal_uart.o [1]
UART_WaitOnFlagUntilTimeout
                         0x800'1dc3   0x82  Code  Lc  stm32f4xx_hal_uart.o [1]
UsageFault_Handler       0x800'39d9    0x2  Code  Gb  stm32f4xx_it.o [1]
_GenldFullNoMb           0x800'0c79  0x274  Code  Lc  xprintffull_nomb.o [2]
_LdtobFullNoMb           0x800'0875  0x3d6  Code  Lc  xprintffull_nomb.o [2]
_LitobFullNoMb           0x800'0725  0x10a  Code  Lc  xprintffull_nomb.o [2]
_Locale_lconv           0x2000'0048   0x38  Data  Lc  xlocale_c.o [2]
_PrintfFullNoMb          0x800'0189  0x19e  Code  Gb  xprintffull_nomb.o [2]
_Prout                   0x800'3af1   0x16  Code  Gb  xprout.o [2]
_PutcharsFullNoMb        0x800'0eed   0x2e  Code  Lc  xprintffull_nomb.o [2]
_PutfldFullNoMb          0x800'03b1  0x268  Code  Lc  xprintffull_nomb.o [2]
_PuttxtFullNoMb          0x800'0619  0x10c  Code  Lc  xprintffull_nomb.o [2]
__NVIC_EnableIRQ         0x800'29a9   0x1c  Code  Lc  stm32f4xx_hal_cortex.o [1]
__NVIC_GetPriorityGrouping
                         0x800'299f    0xa  Code  Lc  stm32f4xx_hal_cortex.o [1]
__NVIC_SetPriority       0x800'29c5   0x24  Code  Lc  stm32f4xx_hal_cortex.o [1]
__NVIC_SetPriorityGrouping
                         0x800'2985   0x1a  Code  Lc  stm32f4xx_hal_cortex.o [1]
__aeabi_cdcmple          0x800'1589         Code  Gb  DblCmpLe.o [3]
__aeabi_cdrcmple         0x800'15b9         Code  Gb  DblCmpGe.o [3]
__aeabi_d2iz             0x800'1725         Code  Gb  DblToS32.o [3]
__aeabi_d2uiz            0x800'1ab1         Code  Gb  DblToU32.o [3]
__aeabi_ddiv             0x800'1869         Code  Gb  DblDiv.o [3]
__aeabi_dmul             0x800'12cd         Code  Gb  DblMul.o [3]
__aeabi_dsub             0x800'1785         Code  Gb  DblSub.o [3]
__aeabi_i2d              0x800'1761         Code  Gb  S32ToDbl.o [3]
__aeabi_ldiv0            0x800'1b05         Code  Gb  I64DivZer.o [4]
__aeabi_memclr4          0x800'24d9         Code  Gb  ABImemclr4.o [4]
__aeabi_memcpy           0x800'1471         Code  Gb  ABImemcpy.o [4]
__aeabi_memcpy4          0x800'1491         Code  Gb  ABImemcpy.o [4]
__aeabi_memcpy8          0x800'1491         Code  Gb  ABImemcpy.o [4]
__aeabi_ui2d             0x800'1ad9         Code  Gb  U32ToDbl.o [3]
__aeabi_uldivmod         0x800'109d         Code  Gb  I64DivMod.o [4]
__cmain                  0x800'3aa5         Code  Gb  cmain.o [4]
__exit                   0x800'1c75   0x14  Code  Gb  exit.o [5]
__iar_Fail_s             0x800'0fcd   0x1c  Code  Gb  xfail_s.o [2]
__iar_Memchr             0x800'1045         Code  Gb  memchr.o [4]
__iar_Memset4_word       0x800'2d35         Code  Gb  ABImemset48.o [4]
__iar_Memset8_word       0x800'2d35         Code  Gb  ABImemset48.o [4]
__iar_Stdout            0x2000'0000   0x48  Data  Gb  xfiles.o [2]
__iar_Strchr             0x800'0fb5         Code  Gb  strchr.o [4]
__iar_copy_init3         0x800'39a5   0x2c  Code  Gb  copy_init3.o [4]
__iar_dadd               0x800'1795         Code  Gb  DblSub.o [3]
__iar_data_init3         0x800'3a11   0x28  Code  Gb  data_init.o [4]
__iar_dsub               0x800'1b09         Code  Gb  DblAdd.o [3]
__iar_dsubStart          0x800'1b1b         Code  Gb  DblAdd.o [3]
__iar_frexp              0x800'1525         Code  Gb  frexp.o [3]
__iar_frexpl             0x800'1525         Code  Gb  frexp.o [3]
__iar_init_vfp           0x800'3a5d         Code  Gb  fpinit_M.o [3]
__iar_ldexp64            0x800'15e9         Code  Gb  ldexp.o [3]
__iar_program_start      0x800'3b59         Code  Gb  cstartup_M.o [4]
__iar_scalbln64          0x800'15e9         Code  Gb  ldexp.o [3]
__iar_scalbn64           0x800'15e9         Code  Gb  ldexp.o [3]
__iar_softfp___iar_frexp64
                         0x800'1519         Code  Gb  frexp.o [3]
__iar_softfp_frexp       0x800'1519         Code  Gb  frexp.o [3]
__iar_softfp_frexpl      0x800'1519         Code  Gb  frexp.o [3]
__iar_zero_init3         0x800'0f7b   0x3a  Code  Gb  zero_init3.o [4]
__low_level_init         0x800'3ac3    0x4  Code  Gb  low_level_init.o [2]
__vector_table           0x800'0000         Data  Gb  startup_stm32f407xx.o [1]
_call_main               0x800'3ab1         Code  Gb  cmain.o [4]
_exit                    0x800'3acd         Code  Gb  cexit.o [4]
_main                    0x800'3abf         Code  Gb  cmain.o [4]
abort                    0x800'1afd    0x6  Code  Gb  abort.o [2]
exit                     0x800'3ac7    0x4  Code  Gb  exit.o [2]
fputc                    0x800'2631   0x30  Code  Gb  main.o [1]
g1secCnt                0x2000'01ac    0x1  Data  Gb  main.o [1]
hrtc                    0x2000'016c   0x20  Data  Gb  main.o [1]
htim6                   0x2000'00dc   0x48  Data  Gb  main.o [1]
huart1                  0x2000'0124   0x48  Data  Gb  main.o [1]
ldexp                    0x800'15e9         Code  Gb  ldexp.o [3]
ldexpl                   0x800'15e9         Code  Gb  ldexp.o [3]
localeconv               0x800'1af5    0x4  Code  Gb  xlocale_c.o [2]
main                     0x800'2697   0x70  Code  Gb  main.o [1]
memchr                   0x800'1045         Code  Gb  memchr.o [4]
obuf                    0x2000'008c   0x50  Data  Lc  xfiles.o [2]
printf                   0x800'30f9   0x28  Code  Gb  printf.o [2]
putchar                  0x800'3b09    0xc  Code  Gb  putchar.o [2]
sDate                   0x2000'01a0    0x4  Data  Gb  main.o [1]
sTime                   0x2000'018c   0x14  Data  Gb  main.o [1]
scalbln                  0x800'15e9         Code  Gb  ldexp.o [3]
scalblnl                 0x800'15e9         Code  Gb  ldexp.o [3]
scalbn                   0x800'15e9         Code  Gb  ldexp.o [3]
scalbnl                  0x800'15e9         Code  Gb  ldexp.o [3]
scale                    0x800'082f   0x46  Code  Lc  xprintffull_nomb.o [2]
sec_hand                0x2000'01a8    0x4  Data  Lc  xfail_s.o [2]
strchr                   0x800'0fb5         Code  Gb  strchr.o [4]
strlen                   0x800'100d         Code  Gb  strlen.o [4]
uwTick                  0x2000'01a4    0x4  Data  Gb  stm32f4xx_hal.o [1]
uwTickFreq              0x2000'0088    0x1  Data  Gb  stm32f4xx_hal.o [1]
uwTickPrio              0x2000'0080    0x4  Data  Gb  stm32f4xx_hal.o [1]


[1] = D:\2_Projects\Exam\CubeMx\RTC\RTC\EWARM\RTC\Obj
[2] = dl7M_tlf.a
[3] = m7M_tls.a
[4] = rt7M_tl.a
[5] = shb_l.a

  15 388 bytes of readonly  code memory
     296 bytes of readonly  data memory
   8 618 bytes of readwrite data memory

Errors: none
Warnings: none
