###############################################################################
#
# IAR ELF Linker V8.32.1.169/W32 for ARM                  06/Aug/2024  14:32:58
# Copyright 2007-2018 IAR Systems AB.
#
#    Output file  =  
#        D:\2_Projects\Exam\TCP_Server_Echo\REV3.85_20240423\Debug\Exe\GTD-5x00(F)N.out
#    Map file     =  
#        D:\2_Projects\Exam\TCP_Server_Echo\REV3.85_20240423\Debug\List\GTD-5x00(F)N.map
#    Command line =  
#        -f C:\Users\JASAN1~1\AppData\Local\Temp\EWAB3D.tmp
#        (D:\2_Projects\Exam\TCP_Server_Echo\REV3.85_20240423\Debug\Obj\adc.o
#        D:\2_Projects\Exam\TCP_Server_Echo\REV3.85_20240423\Debug\Obj\allbase_mode.o
#        D:\2_Projects\Exam\TCP_Server_Echo\REV3.85_20240423\Debug\Obj\api_lib.o
#        D:\2_Projects\Exam\TCP_Server_Echo\REV3.85_20240423\Debug\Obj\api_msg.o
#        D:\2_Projects\Exam\TCP_Server_Echo\REV3.85_20240423\Debug\Obj\app_ethernet.o
#        D:\2_Projects\Exam\TCP_Server_Echo\REV3.85_20240423\Debug\Obj\at24c32.o
#        D:\2_Projects\Exam\TCP_Server_Echo\REV3.85_20240423\Debug\Obj\autoip.o
#        D:\2_Projects\Exam\TCP_Server_Echo\REV3.85_20240423\Debug\Obj\bor.o
#        D:\2_Projects\Exam\TCP_Server_Echo\REV3.85_20240423\Debug\Obj\bq2579x.o
#        D:\2_Projects\Exam\TCP_Server_Echo\REV3.85_20240423\Debug\Obj\bsp_sd.o
#        D:\2_Projects\Exam\TCP_Server_Echo\REV3.85_20240423\Debug\Obj\btimer.o
#        D:\2_Projects\Exam\TCP_Server_Echo\REV3.85_20240423\Debug\Obj\buzzer.o
#        D:\2_Projects\Exam\TCP_Server_Echo\REV3.85_20240423\Debug\Obj\cartridge.o
#        D:\2_Projects\Exam\TCP_Server_Echo\REV3.85_20240423\Debug\Obj\cavity.o
#        D:\2_Projects\Exam\TCP_Server_Echo\REV3.85_20240423\Debug\Obj\crc16.o
#        D:\2_Projects\Exam\TCP_Server_Echo\REV3.85_20240423\Debug\Obj\ct.o
#        D:\2_Projects\Exam\TCP_Server_Echo\REV3.85_20240423\Debug\Obj\dac8571.o
#        D:\2_Projects\Exam\TCP_Server_Echo\REV3.85_20240423\Debug\Obj\data_log.o
#        D:\2_Projects\Exam\TCP_Server_Echo\REV3.85_20240423\Debug\Obj\def.o
#        D:\2_Projects\Exam\TCP_Server_Echo\REV3.85_20240423\Debug\Obj\dhcp.o
#        D:\2_Projects\Exam\TCP_Server_Echo\REV3.85_20240423\Debug\Obj\diskio.o
#        D:\2_Projects\Exam\TCP_Server_Echo\REV3.85_20240423\Debug\Obj\dns.o
#        D:\2_Projects\Exam\TCP_Server_Echo\REV3.85_20240423\Debug\Obj\eeprom.o
#        D:\2_Projects\Exam\TCP_Server_Echo\REV3.85_20240423\Debug\Obj\err.o
#        D:\2_Projects\Exam\TCP_Server_Echo\REV3.85_20240423\Debug\Obj\etharp.o
#        D:\2_Projects\Exam\TCP_Server_Echo\REV3.85_20240423\Debug\Obj\ethernet.o
#        D:\2_Projects\Exam\TCP_Server_Echo\REV3.85_20240423\Debug\Obj\ethernetif.o
#        D:\2_Projects\Exam\TCP_Server_Echo\REV3.85_20240423\Debug\Obj\ff.o
#        D:\2_Projects\Exam\TCP_Server_Echo\REV3.85_20240423\Debug\Obj\ff_gen_drv.o
#        D:\2_Projects\Exam\TCP_Server_Echo\REV3.85_20240423\Debug\Obj\flow_control.o
#        D:\2_Projects\Exam\TCP_Server_Echo\REV3.85_20240423\Debug\Obj\fonts.o
#        D:\2_Projects\Exam\TCP_Server_Echo\REV3.85_20240423\Debug\Obj\fs.o
#        D:\2_Projects\Exam\TCP_Server_Echo\REV3.85_20240423\Debug\Obj\fsmc.o
#        D:\2_Projects\Exam\TCP_Server_Echo\REV3.85_20240423\Debug\Obj\func_factory.o
#        D:\2_Projects\Exam\TCP_Server_Echo\REV3.85_20240423\Debug\Obj\func_flowset.o
#        D:\2_Projects\Exam\TCP_Server_Echo\REV3.85_20240423\Debug\Obj\func_interface.o
#        D:\2_Projects\Exam\TCP_Server_Echo\REV3.85_20240423\Debug\Obj\func_measuring.o
#        D:\2_Projects\Exam\TCP_Server_Echo\REV3.85_20240423\Debug\Obj\func_system.o
#        D:\2_Projects\Exam\TCP_Server_Echo\REV3.85_20240423\Debug\Obj\func_test.o
#        D:\2_Projects\Exam\TCP_Server_Echo\REV3.85_20240423\Debug\Obj\function_mode.o
#        D:\2_Projects\Exam\TCP_Server_Echo\REV3.85_20240423\Debug\Obj\gdi.o
#        D:\2_Projects\Exam\TCP_Server_Echo\REV3.85_20240423\Debug\Obj\httpd.o
#        D:\2_Projects\Exam\TCP_Server_Echo\REV3.85_20240423\Debug\Obj\httpd_cgi_ssi.o
#        D:\2_Projects\Exam\TCP_Server_Echo\REV3.85_20240423\Debug\Obj\httpd_parsing.o
#        D:\2_Projects\Exam\TCP_Server_Echo\REV3.85_20240423\Debug\Obj\i2c.o
#        D:\2_Projects\Exam\TCP_Server_Echo\REV3.85_20240423\Debug\Obj\i2c1.o
#        D:\2_Projects\Exam\TCP_Server_Echo\REV3.85_20240423\Debug\Obj\i2c2.o
#        D:\2_Projects\Exam\TCP_Server_Echo\REV3.85_20240423\Debug\Obj\icmp.o
#        D:\2_Projects\Exam\TCP_Server_Echo\REV3.85_20240423\Debug\Obj\igmp.o
#        D:\2_Projects\Exam\TCP_Server_Echo\REV3.85_20240423\Debug\Obj\ili9225g.o
#        D:\2_Projects\Exam\TCP_Server_Echo\REV3.85_20240423\Debug\Obj\inet_chksum.o
#        D:\2_Projects\Exam\TCP_Server_Echo\REV3.85_20240423\Debug\Obj\init.o
#        D:\2_Projects\Exam\TCP_Server_Echo\REV3.85_20240423\Debug\Obj\ip.o
#        D:\2_Projects\Exam\TCP_Server_Echo\REV3.85_20240423\Debug\Obj\ip4.o
#        D:\2_Projects\Exam\TCP_Server_Echo\REV3.85_20240423\Debug\Obj\ip4_addr.o
#        D:\2_Projects\Exam\TCP_Server_Echo\REV3.85_20240423\Debug\Obj\ip4_frag.o
#        D:\2_Projects\Exam\TCP_Server_Echo\REV3.85_20240423\Debug\Obj\ir.o
#        D:\2_Projects\Exam\TCP_Server_Echo\REV3.85_20240423\Debug\Obj\iwdg.o
#        D:\2_Projects\Exam\TCP_Server_Echo\REV3.85_20240423\Debug\Obj\key.o
#        D:\2_Projects\Exam\TCP_Server_Echo\REV3.85_20240423\Debug\Obj\lcd.o
#        D:\2_Projects\Exam\TCP_Server_Echo\REV3.85_20240423\Debug\Obj\led.o
#        D:\2_Projects\Exam\TCP_Server_Echo\REV3.85_20240423\Debug\Obj\lmt84.o
#        D:\2_Projects\Exam\TCP_Server_Echo\REV3.85_20240423\Debug\Obj\ma_output.o
#        D:\2_Projects\Exam\TCP_Server_Echo\REV3.85_20240423\Debug\Obj\main.o
#        D:\2_Projects\Exam\TCP_Server_Echo\REV3.85_20240423\Debug\Obj\mcp46x1.o
#        D:\2_Projects\Exam\TCP_Server_Echo\REV3.85_20240423\Debug\Obj\measuring.o
#        D:\2_Projects\Exam\TCP_Server_Echo\REV3.85_20240423\Debug\Obj\mem.o
#        D:\2_Projects\Exam\TCP_Server_Echo\REV3.85_20240423\Debug\Obj\memp.o
#        D:\2_Projects\Exam\TCP_Server_Echo\REV3.85_20240423\Debug\Obj\micro_sd.o
#        D:\2_Projects\Exam\TCP_Server_Echo\REV3.85_20240423\Debug\Obj\modbus_map.o
#        D:\2_Projects\Exam\TCP_Server_Echo\REV3.85_20240423\Debug\Obj\modbus_rtu_master.o
#        D:\2_Projects\Exam\TCP_Server_Echo\REV3.85_20240423\Debug\Obj\modbus_rtu_slave.o
#        D:\2_Projects\Exam\TCP_Server_Echo\REV3.85_20240423\Debug\Obj\modbus_tcp_slave.o
#        D:\2_Projects\Exam\TCP_Server_Echo\REV3.85_20240423\Debug\Obj\nand_flash.o
#        D:\2_Projects\Exam\TCP_Server_Echo\REV3.85_20240423\Debug\Obj\netbuf.o
#        D:\2_Projects\Exam\TCP_Server_Echo\REV3.85_20240423\Debug\Obj\netdb.o
#        D:\2_Projects\Exam\TCP_Server_Echo\REV3.85_20240423\Debug\Obj\netif.o
#        D:\2_Projects\Exam\TCP_Server_Echo\REV3.85_20240423\Debug\Obj\netifapi.o
#        D:\2_Projects\Exam\TCP_Server_Echo\REV3.85_20240423\Debug\Obj\normal_mode.o
#        D:\2_Projects\Exam\TCP_Server_Echo\REV3.85_20240423\Debug\Obj\option.o
#        D:\2_Projects\Exam\TCP_Server_Echo\REV3.85_20240423\Debug\Obj\password_mode.o
#        D:\2_Projects\Exam\TCP_Server_Echo\REV3.85_20240423\Debug\Obj\pbuf.o
#        D:\2_Projects\Exam\TCP_Server_Echo\REV3.85_20240423\Debug\Obj\poe.o
#        D:\2_Projects\Exam\TCP_Server_Echo\REV3.85_20240423\Debug\Obj\power_control.o
#        D:\2_Projects\Exam\TCP_Server_Echo\REV3.85_20240423\Debug\Obj\power_supply.o
#        D:\2_Projects\Exam\TCP_Server_Echo\REV3.85_20240423\Debug\Obj\pressure.o
#        D:\2_Projects\Exam\TCP_Server_Echo\REV3.85_20240423\Debug\Obj\pump.o
#        D:\2_Projects\Exam\TCP_Server_Echo\REV3.85_20240423\Debug\Obj\raw.o
#        D:\2_Projects\Exam\TCP_Server_Echo\REV3.85_20240423\Debug\Obj\relay.o
#        D:\2_Projects\Exam\TCP_Server_Echo\REV3.85_20240423\Debug\Obj\rs485.o
#        D:\2_Projects\Exam\TCP_Server_Echo\REV3.85_20240423\Debug\Obj\rtc.o
#        D:\2_Projects\Exam\TCP_Server_Echo\REV3.85_20240423\Debug\Obj\sd_diskio.o
#        D:\2_Projects\Exam\TCP_Server_Echo\REV3.85_20240423\Debug\Obj\self_test.o
#        D:\2_Projects\Exam\TCP_Server_Echo\REV3.85_20240423\Debug\Obj\sensing_process.o
#        D:\2_Projects\Exam\TCP_Server_Echo\REV3.85_20240423\Debug\Obj\sensor_eep_map.o
#        D:\2_Projects\Exam\TCP_Server_Echo\REV3.85_20240423\Debug\Obj\sockets.o
#        D:\2_Projects\Exam\TCP_Server_Echo\REV3.85_20240423\Debug\Obj\startup_stm32f407xx.o
#        D:\2_Projects\Exam\TCP_Server_Echo\REV3.85_20240423\Debug\Obj\stats.o
#        D:\2_Projects\Exam\TCP_Server_Echo\REV3.85_20240423\Debug\Obj\stm32f4xx_hal.o
#        D:\2_Projects\Exam\TCP_Server_Echo\REV3.85_20240423\Debug\Obj\stm32f4xx_hal_adc.o
#        D:\2_Projects\Exam\TCP_Server_Echo\REV3.85_20240423\Debug\Obj\stm32f4xx_hal_adc_ex.o
#        D:\2_Projects\Exam\TCP_Server_Echo\REV3.85_20240423\Debug\Obj\stm32f4xx_hal_cortex.o
#        D:\2_Projects\Exam\TCP_Server_Echo\REV3.85_20240423\Debug\Obj\stm32f4xx_hal_crc.o
#        D:\2_Projects\Exam\TCP_Server_Echo\REV3.85_20240423\Debug\Obj\stm32f4xx_hal_dma.o
#        D:\2_Projects\Exam\TCP_Server_Echo\REV3.85_20240423\Debug\Obj\stm32f4xx_hal_eth.o
#        D:\2_Projects\Exam\TCP_Server_Echo\REV3.85_20240423\Debug\Obj\stm32f4xx_hal_flash.o
#        D:\2_Projects\Exam\TCP_Server_Echo\REV3.85_20240423\Debug\Obj\stm32f4xx_hal_flash_ex.o
#        D:\2_Projects\Exam\TCP_Server_Echo\REV3.85_20240423\Debug\Obj\stm32f4xx_hal_flash_ramfunc.o
#        D:\2_Projects\Exam\TCP_Server_Echo\REV3.85_20240423\Debug\Obj\stm32f4xx_hal_gpio.o
#        D:\2_Projects\Exam\TCP_Server_Echo\REV3.85_20240423\Debug\Obj\stm32f4xx_hal_i2c.o
#        D:\2_Projects\Exam\TCP_Server_Echo\REV3.85_20240423\Debug\Obj\stm32f4xx_hal_iwdg.o
#        D:\2_Projects\Exam\TCP_Server_Echo\REV3.85_20240423\Debug\Obj\stm32f4xx_hal_msp.o
#        D:\2_Projects\Exam\TCP_Server_Echo\REV3.85_20240423\Debug\Obj\stm32f4xx_hal_nand.o
#        D:\2_Projects\Exam\TCP_Server_Echo\REV3.85_20240423\Debug\Obj\stm32f4xx_hal_pwr.o
#        D:\2_Projects\Exam\TCP_Server_Echo\REV3.85_20240423\Debug\Obj\stm32f4xx_hal_pwr_ex.o
#        D:\2_Projects\Exam\TCP_Server_Echo\REV3.85_20240423\Debug\Obj\stm32f4xx_hal_rcc.o
#        D:\2_Projects\Exam\TCP_Server_Echo\REV3.85_20240423\Debug\Obj\stm32f4xx_hal_rcc_ex.o
#        D:\2_Projects\Exam\TCP_Server_Echo\REV3.85_20240423\Debug\Obj\stm32f4xx_hal_rtc.o
#        D:\2_Projects\Exam\TCP_Server_Echo\REV3.85_20240423\Debug\Obj\stm32f4xx_hal_rtc_ex.o
#        D:\2_Projects\Exam\TCP_Server_Echo\REV3.85_20240423\Debug\Obj\stm32f4xx_hal_sd.o
#        D:\2_Projects\Exam\TCP_Server_Echo\REV3.85_20240423\Debug\Obj\stm32f4xx_hal_sram.o
#        D:\2_Projects\Exam\TCP_Server_Echo\REV3.85_20240423\Debug\Obj\stm32f4xx_hal_tim.o
#        D:\2_Projects\Exam\TCP_Server_Echo\REV3.85_20240423\Debug\Obj\stm32f4xx_hal_tim_ex.o
#        D:\2_Projects\Exam\TCP_Server_Echo\REV3.85_20240423\Debug\Obj\stm32f4xx_hal_uart.o
#        D:\2_Projects\Exam\TCP_Server_Echo\REV3.85_20240423\Debug\Obj\stm32f4xx_it.o
#        D:\2_Projects\Exam\TCP_Server_Echo\REV3.85_20240423\Debug\Obj\stm32f4xx_ll_fsmc.o
#        D:\2_Projects\Exam\TCP_Server_Echo\REV3.85_20240423\Debug\Obj\stm32f4xx_ll_i2c.o
#        D:\2_Projects\Exam\TCP_Server_Echo\REV3.85_20240423\Debug\Obj\stm32f4xx_ll_sdmmc.o
#        D:\2_Projects\Exam\TCP_Server_Echo\REV3.85_20240423\Debug\Obj\sys.o
#        D:\2_Projects\Exam\TCP_Server_Echo\REV3.85_20240423\Debug\Obj\syscall.o
#        D:\2_Projects\Exam\TCP_Server_Echo\REV3.85_20240423\Debug\Obj\system_conf.o
#        D:\2_Projects\Exam\TCP_Server_Echo\REV3.85_20240423\Debug\Obj\system_init.o
#        D:\2_Projects\Exam\TCP_Server_Echo\REV3.85_20240423\Debug\Obj\system_stm32f4xx.o
#        D:\2_Projects\Exam\TCP_Server_Echo\REV3.85_20240423\Debug\Obj\task.o
#        D:\2_Projects\Exam\TCP_Server_Echo\REV3.85_20240423\Debug\Obj\task_sync_timer.o
#        D:\2_Projects\Exam\TCP_Server_Echo\REV3.85_20240423\Debug\Obj\tcp.o
#        D:\2_Projects\Exam\TCP_Server_Echo\REV3.85_20240423\Debug\Obj\tcp_echoserver.o
#        D:\2_Projects\Exam\TCP_Server_Echo\REV3.85_20240423\Debug\Obj\tcp_in.o
#        D:\2_Projects\Exam\TCP_Server_Echo\REV3.85_20240423\Debug\Obj\tcp_out.o
#        D:\2_Projects\Exam\TCP_Server_Echo\REV3.85_20240423\Debug\Obj\tcpip.o
#        D:\2_Projects\Exam\TCP_Server_Echo\REV3.85_20240423\Debug\Obj\temperature.o
#        D:\2_Projects\Exam\TCP_Server_Echo\REV3.85_20240423\Debug\Obj\tim.o
#        D:\2_Projects\Exam\TCP_Server_Echo\REV3.85_20240423\Debug\Obj\tim12.o
#        D:\2_Projects\Exam\TCP_Server_Echo\REV3.85_20240423\Debug\Obj\tim3.o
#        D:\2_Projects\Exam\TCP_Server_Echo\REV3.85_20240423\Debug\Obj\tim4.o
#        D:\2_Projects\Exam\TCP_Server_Echo\REV3.85_20240423\Debug\Obj\timeouts.o
#        D:\2_Projects\Exam\TCP_Server_Echo\REV3.85_20240423\Debug\Obj\tps25750.o
#        D:\2_Projects\Exam\TCP_Server_Echo\REV3.85_20240423\Debug\Obj\udp.o
#        D:\2_Projects\Exam\TCP_Server_Echo\REV3.85_20240423\Debug\Obj\unicode.o
#        D:\2_Projects\Exam\TCP_Server_Echo\REV3.85_20240423\Debug\Obj\usart.o
#        D:\2_Projects\Exam\TCP_Server_Echo\REV3.85_20240423\Debug\Obj\usart1.o
#        D:\2_Projects\Exam\TCP_Server_Echo\REV3.85_20240423\Debug\Obj\usart3.o
#        D:\2_Projects\Exam\TCP_Server_Echo\REV3.85_20240423\Debug\Obj\vallbase_mode.o
#        D:\2_Projects\Exam\TCP_Server_Echo\REV3.85_20240423\Debug\Obj\vboot.o
#        D:\2_Projects\Exam\TCP_Server_Echo\REV3.85_20240423\Debug\Obj\version.o
#        D:\2_Projects\Exam\TCP_Server_Echo\REV3.85_20240423\Debug\Obj\vfunc_factory.o
#        D:\2_Projects\Exam\TCP_Server_Echo\REV3.85_20240423\Debug\Obj\vfunc_flowset.o
#        D:\2_Projects\Exam\TCP_Server_Echo\REV3.85_20240423\Debug\Obj\vfunc_interface.o
#        D:\2_Projects\Exam\TCP_Server_Echo\REV3.85_20240423\Debug\Obj\vfunc_measuring.o
#        D:\2_Projects\Exam\TCP_Server_Echo\REV3.85_20240423\Debug\Obj\vfunc_system.o
#        D:\2_Projects\Exam\TCP_Server_Echo\REV3.85_20240423\Debug\Obj\vfunc_test.o
#        D:\2_Projects\Exam\TCP_Server_Echo\REV3.85_20240423\Debug\Obj\vfunction_mode.o
#        D:\2_Projects\Exam\TCP_Server_Echo\REV3.85_20240423\Debug\Obj\vimage.o
#        D:\2_Projects\Exam\TCP_Server_Echo\REV3.85_20240423\Debug\Obj\vlibrary.o
#        D:\2_Projects\Exam\TCP_Server_Echo\REV3.85_20240423\Debug\Obj\vmeasuring.o
#        D:\2_Projects\Exam\TCP_Server_Echo\REV3.85_20240423\Debug\Obj\vpassword_mode.o
#        D:\2_Projects\Exam\TCP_Server_Echo\REV3.85_20240423\Debug\Obj\vpower_off.o
#        D:\2_Projects\Exam\TCP_Server_Echo\REV3.85_20240423\Debug\Obj\vself_test.o
#        D:\2_Projects\Exam\TCP_Server_Echo\REV3.85_20240423\Debug\Obj\vstatusbar.o
#        --redirect _Printf=_PrintfFull --redirect _Scanf=_ScanfFull
#        --no_out_extension -o
#        "D:\2_Projects\Exam\TCP_Server_Echo\REV3.85_20240423\Debug\Exe\GTD-5x00(F)N.out"
#        --map
#        "D:\2_Projects\Exam\TCP_Server_Echo\REV3.85_20240423\Debug\List\GTD-5x00(F)N.map"
#        --config
#        D:\2_Projects\Exam\TCP_Server_Echo\REV3.85_20240423\Base\stm32f407xx_flash.icf
#        --semihosting --entry __iar_program_start --vfe --text_out locale)
#
###############################################################################

*******************************************************************************
*** RUNTIME MODEL ATTRIBUTES
***

CppFlavor       = *
__Heap_Handler  = DLMalloc
__SystemLibrary = DLib
__dlib_version  = 6


*******************************************************************************
*** HEAP SELECTION
***

The advanced heap was selected because the application calls memory
allocation functions outside of system library functions, and there
are calls to deallocation functions in the application.


*******************************************************************************
*** PLACEMENT SUMMARY
***

"A0":  place at 0x802'0000 { ro section .intvec };
"P1":  place in [from 0x802'0000 to 0x80f'ffff] { ro };
define block CSTACK with size = 8K, alignment = 8 { };
define block HEAP with size = 16K, alignment = 8 { };
"P2":  place in [from 0x2000'0000 to 0x2001'ffff] {
          rw, block CSTACK, block HEAP };
initialize by copy { rw };

  Section            Kind         Address     Size  Object
  -------            ----         -------     ----  ------
"A0":                                        0x188
  .intvec            ro code   0x802'0000    0x188  startup_stm32f407xx.o [1]
                             - 0x802'0188    0x188

"P1":                                      0x7c20f
  .rodata            const     0x802'0188  0x12e80  vimage.o [1]
  .text              ro code   0x803'3008   0x96f4  measuring.o [1]
  .text              ro code   0x803'c6fc    0x350  eeprom.o [1]
  .text              ro code   0x803'ca4c    0xa24  sensing_process.o [1]
  .text              ro code   0x803'd470    0x654  data_log.o [1]
  .text              ro code   0x803'dac4     0x18  strcpy.o [4]
  .text              ro code   0x803'dadc     0x1a  U32ToDbl.o [3]
  .text              ro code   0x803'daf6     0x7a  lz77_init_single.o [4]
  .text              ro code   0x803'db70     0x36  math_wrappers64.o [3]
  .text              ro code   0x803'dba6     0x3a  zero_init3.o [4]
  .text              ro code   0x803'dbe0     0x48  FltToDbl.o [3]
  .text              ro code   0x803'dc28    0x246  DblDiv.o [3]
  .text              ro code   0x803'de6e     0x1e  xencoding_8859_1.o [2]
  .text              ro code   0x803'de8c    0x1a2  DblMul.o [3]
  .text              ro code   0x803'e02e      0xa  xsprout.o [2]
  .text              ro code   0x803'e038     0x68  DblToFlt.o [3]
  .text              ro code   0x803'e0a0     0xa6  ABImemcpy.o [4]
  .rodata            const     0x803'e146      0x2  vfunc_test.o [1]
  .text              ro code   0x803'e148     0x28  printf.o [2]
  .text              ro code   0x803'e170    0x17a  DblAdd.o [3]
  .rodata            const     0x803'e2ea      0x2  vfunc_test.o [1]
  .text              ro code   0x803'e2ec     0xe2  DblSub.o [3]
  .text              ro code   0x803'e3ce      0x8  abs.o [2]
  .rodata            const     0x803'e3d6      0x2  vmeasuring.o [1]
  .text              ro code   0x803'e3d8     0x2e  DblCmpGe.o [3]
  .rodata            const     0x803'e406      0x2  vmeasuring.o [1]
  .text              ro code   0x803'e408    0x13c  at24c32.o [1]
  .text              ro code   0x803'e544     0x38  crc16.o [1]
  .text              ro code   0x803'e57c    0x3ee  modbus_rtu_master.o [1]
  .rodata            const     0x803'e96a      0x1  bq2579x.o [1]
  .rodata            const     0x803'e96b      0x1  bq2579x.o [1]
  .text              ro code   0x803'e96c    0x6d8  stm32f4xx_hal_gpio.o [1]
  .text              ro code   0x803'f044    0x3f4  cartridge.o [1]
  .text              ro code   0x803'f438    0x5f4  cavity.o [1]
  .text              ro code   0x803'fa2c    0x2f8  adc.o [1]
  .text              ro code   0x803'fd24    0x5f4  bq2579x.o [1]
  .text              ro code   0x804'0318      0x6  ABImemclr4.o [4]
  .rodata            const     0x804'031e      0x1  bq2579x.o [1]
  .rodata            const     0x804'031f      0x1  power_control.o [1]
  .text              ro code   0x804'0320    0x180  ct.o [1]
  .text              ro code   0x804'04a0    0x190  ir.o [1]
  .text              ro code   0x804'0630    0x120  power_supply.o [1]
  .text              ro code   0x804'0750     0x38  pressure.o [1]
  .text              ro code   0x804'0788     0x94  temperature.o [1]
  .text              ro code   0x804'081c    0xae8  vmeasuring.o [1]
  .text              ro code   0x804'1304    0x51c  strto64.o [3]
  .text              ro code   0x804'1820    0x31c  logx64.o [3]
  .text              ro code   0x804'1b3c     0x4c  exp64.o [3]
  .text              ro code   0x804'1b88    0x700  pow64.o [3]
  .text              ro code   0x804'2288    0xf46  xprintffull.o [2]
  .rodata            const     0x804'31ce      0x1  power_control.o [1]
  .rodata            const     0x804'31cf      0x1  vfunction_mode.o [1]
  .text              ro code   0x804'31d0    0x138  i2c1.o [1]
  .text              ro code   0x804'3308     0x28  stm32f4xx_hal.o [1]
  .text              ro code   0x804'3330    0x9fc  stm32f4xx_hal_uart.o [1]
  .text              ro code   0x804'3d2c    0x1d8  main.o [1]
  .text              ro code   0x804'3f04    0x278  poe.o [1]
  .text              ro code   0x804'417c    0xa22  stm32f4xx_hal_adc.o [1]
  .text              ro code   0x804'4ba0    0x870  stm32f4xx_hal_dma.o [1]
  .text              ro code   0x804'5410    0x224  stm32f4xx_hal_cortex.o [1]
  .text              ro code   0x804'5634    0x230  i2c2.o [1]
  .text              ro code   0x804'5864     0x32  ABImemset48.o [4]
  .text              ro code   0x804'5898     0x90  lmt84.o [1]
  .text              ro code   0x804'5928     0x40  sprintf.o [2]
  .text              ro code   0x804'5968    0xb54  gdi.o [1]
  .text              ro code   0x804'64bc     0x70  frexp.o [3]
  .text              ro code   0x804'652c    0x13a  ldexp.o [3]
  .text              ro code   0x804'6666    0x122  iar_Stopfx.o [2]
  .text              ro code   0x804'6788    0x1c4  iar_Stoflt.o [2]
  .text              ro code   0x804'694c     0x22  S32ToDbl.o [3]
  .text              ro code   0x804'6970    0x21c  iar_Stoxflt.o [2]
  .text              ro code   0x804'6b8c     0x2e  DblCmpLe.o [3]
  .text              ro code   0x804'6bbc    0x3e8  iar_Exp64.o [3]
  .text              ro code   0x804'6fa4     0x20  DblCmpEq.o [3]
  .text              ro code   0x804'6fc4     0x3a  DblToS32.o [3]
  .text              ro code   0x804'7000     0xb4  xlocale_c.o [2]
  .text              ro code   0x804'70b4     0x16  strchr.o [4]
  .text              ro code   0x804'70cc     0x40  xfail_s.o [2]
  .text              ro code   0x804'710c     0x36  strlen.o [4]
  .text              ro code   0x804'7144     0x58  memchr.o [4]
  .text              ro code   0x804'719c      0xa  xmbcurmax.o [2]
  .text              ro code   0x804'71a8    0x230  I64DivMod.o [4]
  .text              ro code   0x804'73d8     0x28  DblToU32.o [3]
  .text              ro code   0x804'7400   0x131a  stm32f4xx_hal_i2c.o [1]
  .text              ro code   0x804'871c      0xc  stm32f4xx_hal.o [1]
  .text              ro code   0x804'8728    0x2d0  usart.o [1]
  .text              ro code   0x804'89f8      0x2  stm32f4xx_hal_uart.o [1]
  .text              ro code   0x804'89fc    0x45c  stm32f4xx_hal_rcc.o [1]
  .text              ro code   0x804'8e58     0x40  stm32f4xx_hal.o [1]
  .text              ro code   0x804'8e98    0x178  system_init.o [1]
  .text              ro code   0x804'9010     0x68  system_conf.o [1]
  .text              ro code   0x804'9078    0x794  self_test.o [1]
  .text              ro code   0x804'980c    0x1e0  task.o [1]
  .text              ro code   0x804'99ec    0x4c0  stm32f4xx_hal_rcc.o [1]
  .text              ro code   0x804'9eac     0x2c  modbus_tcp_slave.o [1]
  .text              ro code   0x804'9ed8     0x44  init.o [1]
  .text              ro code   0x804'9f1c    0x32c  tcp_echoserver.o [1]
  .text              ro code   0x804'a248   0x1c84  httpd_cgi_ssi.o [1]
  .text              ro code   0x804'becc     0x98  app_ethernet.o [1]
  .text              ro code   0x804'bf64    0x5ec  ethernetif.o [1]
  .text              ro code   0x804'c550    0x204  timeouts.o [1]
  .text              ro code   0x804'c754    0x23a  netif.o [1]
  .text              ro code   0x804'c98e      0x8  btimer.o [1]
  .text              ro code   0x804'c998    0x102  sqrt.o [3]
  .text              ro code   0x804'ca9a     0x14  isspace.o [2]
  .text              ro code   0x804'caae     0x14  isalpha.o [2]
  .text              ro code   0x804'cac2      0x6  abort.o [2]
  .text              ro code   0x804'cac8      0x2  I64DivZer.o [4]
  .text              ro code   0x804'cacc    0x174  i2c.o [1]
  .text              ro code   0x804'cc40     0x34  usart3.o [1]
  .text              ro code   0x804'cc74    0x4a8  rs485.o [1]
  .text              ro code   0x804'd11c     0x4c  stm32f4xx_hal.o [1]
  .text              ro code   0x804'd168     0x98  stm32f4xx_hal_msp.o [1]
  .text              ro code   0x804'd200     0x78  usart1.o [1]
  .text              ro code   0x804'd278    0x1dc  option.o [1]
  .text              ro code   0x804'd454    0x640  power_control.o [1]
  .text              ro code   0x804'da94    0x3ec  ma_output.o [1]
  .text              ro code   0x804'de80    0x3e8  relay.o [1]
  .text              ro code   0x804'e268    0x22c  fsmc.o [1]
  .text              ro code   0x804'e494     0x50  bor.o [1]
  .text              ro code   0x804'e4e4     0x78  nand_flash.o [1]
  .text              ro code   0x804'e55c    0x1c0  version.o [1]
  .text              ro code   0x804'e71c    0x224  rtc.o [1]
  .text              ro code   0x804'e940    0x1e0  tim.o [1]
  .text              ro code   0x804'eb20    0x2ec  bsp_sd.o [1]
  .text              ro code   0x804'ee0c    0x708  key.o [1]
  .text              ro code   0x804'f514    0x226  led.o [1]
  .text              ro code   0x804'f73c    0x102  mcp46x1.o [1]
  .text              ro code   0x804'f840    0x23c  flow_control.o [1]
  .text              ro code   0x804'fa7c    0x2c8  buzzer.o [1]
  .text              ro code   0x804'fd44    0x464  vboot.o [1]
  .text              ro code   0x805'01a8     0x94  micro_sd.o [1]
  .text              ro code   0x805'023c    0x27c  pump.o [1]
  .text              ro code   0x805'04b8    0x180  password_mode.o [1]
  .text              ro code   0x805'0638   0x1798  normal_mode.o [1]
  .text              ro code   0x805'1dd0    0x484  vself_test.o [1]
  .text              ro code   0x805'2254    0x108  task_sync_timer.o [1]
  .text              ro code   0x805'235c     0x12  iwdg.o [1]
  .text              ro code   0x805'2370    0xd90  func_flowset.o [1]
  .text              ro code   0x805'3100    0x4b0  function_mode.o [1]
  .text              ro code   0x805'35b0    0x4c0  mem.o [1]
  .text              ro code   0x805'3a70    0x124  memp.o [1]
  .text              ro code   0x805'3b94    0x480  udp.o [1]
  .text              ro code   0x805'4014   0x115c  tcp.o [1]
  .text              ro code   0x805'5170    0xa48  pbuf.o [1]
  .text              ro code   0x805'5bb8   0x1346  tcp_out.o [1]
  .text              ro code   0x805'6f00   0x115c  httpd.o [1]
  .text              ro code   0x805'805c     0x12  strcmp.o [4]
  .text              ro code   0x805'8070    0x14c  iar_Stoulx.o [2]
  .text              ro code   0x805'81bc   0x1090  stm32f4xx_hal_eth.o [1]
  .text              ro code   0x805'924c     0x66  ABImemset.o [4]
  .text              ro code   0x805'92b4    0xb94  etharp.o [1]
  .text              ro code   0x805'9e48    0xe62  dhcp.o [1]
  .text              ro code   0x805'acac     0x14  exit.o [5]
  .text              ro code   0x805'acc0    0xbac  modbus_rtu_slave.o [1]
  .text              ro code   0x805'b86c    0x41c  tps25750.o [1]
  .text              ro code   0x805'bc88    0x168  vpower_off.o [1]
  .text              ro code   0x805'bdf0     0x88  dac8571.o [1]
  .text              ro code   0x805'be78     0x5e  stm32f4xx_hal_sram.o [1]
  .text              ro code   0x805'bed8    0x10e  stm32f4xx_hal_nand.o [1]
  .text              ro code   0x805'bfe8    0x2b8  stm32f4xx_hal_flash_ex.o [1]
  .text              ro code   0x805'c2a0    0x110  stm32f4xx_hal_flash.o [1]
  .text              ro code   0x805'c3b0    0x388  stm32f4xx_hal_rcc_ex.o [1]
  .text              ro code   0x805'c738    0x718  stm32f4xx_hal_rtc.o [1]
  .text              ro code   0x805'ce50     0xe4  stm32f4xx_hal_rtc_ex.o [1]
  .text              ro code   0x805'cf34    0x160  tim3.o [1]
  .text              ro code   0x805'd094    0x108  tim12.o [1]
  .text              ro code   0x805'd19c   0x1082  stm32f4xx_hal_sd.o [1]
  .text              ro code   0x805'e21e      0x2  bsp_sd.o [1]
  .text              ro code   0x805'e220      0x2  bsp_sd.o [1]
  .text              ro code   0x805'e222      0x2  bsp_sd.o [1]
  .text              ro code   0x805'e224   0x18aa  stm32f4xx_hal_tim.o [1]
  .text              ro code   0x805'fad0    0x70c  vlibrary.o [1]
  .text              ro code   0x806'01dc     0x60  ff_gen_drv.o [1]
  .text              ro code   0x806'023c    0x554  ff.o [1]
  .text              ro code   0x806'0790     0xa0  vpassword_mode.o [1]
  .text              ro code   0x806'0830    0x678  vstatusbar.o [1]
  .text              ro code   0x806'0ea8    0x554  allbase_mode.o [1]
  .text              ro code   0x806'13fc      0xe  stm32f4xx_hal_iwdg.o [1]
  .text              ro code   0x806'140c    0x47c  vfunc_flowset.o [1]
  .text              ro code   0x806'1888     0xa0  vfunction_mode.o [1]
  .text              ro code   0x806'1928     0x50  ip4_addr.o [1]
  .text              ro code   0x806'1978     0xda  def.o [1]
  .text              ro code   0x806'1a54    0x2c8  icmp.o [1]
  .text              ro code   0x806'1d1c    0x434  ip4.o [1]
  .text              ro code   0x806'2150   0x1744  tcp_in.o [1]
  .text              ro code   0x806'3894     0x60  fs.o [1]
  .text              ro code   0x806'38f4     0x28  strncmp.o [2]
  .text              ro code   0x806'391c     0x30  strstr.o [2]
  .text              ro code   0x806'394c     0x14  tolower.o [2]
  .text              ro code   0x806'3960    0x168  ethernet.o [1]
  .text              ro code   0x806'3ac8     0xa4  rand.o [2]
  .text              ro code   0x806'3b6c   0x12bc  modbus_map.o [1]
  .text              ro code   0x806'4e28    0x650  stm32f4xx_ll_fsmc.o [1]
  .text              ro code   0x806'5478    0x128  stm32f4xx_hal_tim_ex.o [1]
  .text              ro code   0x806'55a0    0x938  stm32f4xx_ll_sdmmc.o [1]
  .text              ro code   0x806'5ed8      0x2  stm32f4xx_hal_sd.o [1]
  .text              ro code   0x806'5eda      0x2  stm32f4xx_hal_tim.o [1]
  .text              ro code   0x806'5edc      0x2  stm32f4xx_hal_tim.o [1]
  .text              ro code   0x806'5ede      0x2  stm32f4xx_hal_tim.o [1]
  .text              ro code   0x806'5ee0      0x2  stm32f4xx_hal_tim_ex.o [1]
  .text              ro code   0x806'5ee2      0x2  stm32f4xx_hal_tim.o [1]
  .text              ro code   0x806'5ee4      0x2  stm32f4xx_hal_tim_ex.o [1]
  .text              ro code   0x806'5ee8     0xc4  diskio.o [1]
  .text              ro code   0x806'5fac    0x22c  vallbase_mode.o [1]
  .text              ro code   0x806'61d8     0xd4  inet_chksum.o [1]
  .text              ro code   0x806'62ac    0x9ac  ip4_frag.o [1]
  .text              ro code   0x806'6c58   0x20d8  httpd_parsing.o [1]
  .text              ro code   0x806'8d30     0x68  memcmp.o [4]
  .text              ro code   0x806'8d98   0x68f4  vfunc_factory.o [1]
  .text              ro code   0x806'f68c   0x5c80  func_factory.o [1]
  .rodata            const     0x807'530c   0x4448  fonts.o [1]
  .rodata            const     0x807'9754   0x3900  tps25750.o [1]
  .text              ro code   0x807'd054   0x15c8  func_interface.o [1]
  .text              ro code   0x807'e61c   0x11b8  vfunc_interface.o [1]
  .text              ro code   0x807'f7d4   0x1404  func_measuring.o [1]
  .text              ro code   0x808'0bd8   0x10ac  vfunc_measuring.o [1]
  .text              ro code   0x808'1c84   0x1158  func_test.o [1]
  .text              ro code   0x808'2ddc    0xe28  vfunc_test.o [1]
  .rodata            const     0x808'3c04    0xcc0  fs.o [1]
  .rodata            const     0x808'48c4    0xbe0  fonts.o [1]
  .rodata            const     0x808'54a4    0xb04  fs.o [1]
  .rodata            const     0x808'5fa8    0x908  vimage.o [1]
  .rodata            const     0x808'68b0    0x908  vimage.o [1]
  .rodata            const     0x808'71b8    0x908  vimage.o [1]
  .rodata            const     0x808'7ac0    0x908  vimage.o [1]
  .rodata            const     0x808'83c8    0x7f0  fs.o [1]
  .rodata            const     0x808'8bb8    0x760  fs.o [1]
  .rodata            const     0x808'9318    0x72c  vimage.o [1]
  .rodata            const     0x808'9a44    0x6e8  vimage.o [1]
  .rodata            const     0x808'a12c    0x6e8  vimage.o [1]
  .rodata            const     0x808'a814    0x6e8  vimage.o [1]
  .rodata            const     0x808'aefc    0x6e8  vimage.o [1]
  .rodata            const     0x808'b5e4    0x6e8  vimage.o [1]
  .rodata            const     0x808'bccc    0x6e8  vimage.o [1]
  .rodata            const     0x808'c3b4    0x6e8  vimage.o [1]
  .rodata            const     0x808'ca9c    0x6e0  fs.o [1]
  .rodata            const     0x808'd17c    0x63c  fs.o [1]
  .rodata            const     0x808'd7b8    0x614  fs.o [1]
  .text              ro code   0x808'ddcc    0x560  func_system.o [1]
  .text              ro code   0x808'e32c    0x540  vfunc_system.o [1]
  .rodata            const     0x808'e86c    0x534  fs.o [1]
  .text              ro code   0x808'eda0    0x4cc  ili9225g.o [1]
  .rodata            const     0x808'f26c    0x474  fonts.o [1]
  .rodata            const     0x808'f6e0    0x474  fonts.o [1]
  .rodata            const     0x808'fb54     0x74  tcp_echoserver.o [1]
  .rodata            const     0x808'fbc8    0x420  pow64.o [3]
  .text              ro code   0x808'ffe8    0x404  vimage.o [1]
  .rodata            const     0x809'03ec    0x368  fs.o [1]
  .rodata            const     0x809'0754    0x360  vimage.o [1]
  .rodata            const     0x809'0ab4    0x360  vimage.o [1]
  .rodata            const     0x809'0e14    0x360  vimage.o [1]
  .rodata            const     0x809'1174    0x360  vimage.o [1]
  .rodata            const     0x809'14d4    0x360  vimage.o [1]
  .rodata            const     0x809'1834    0x360  vimage.o [1]
  .rodata            const     0x809'1b94    0x360  vimage.o [1]
  .rodata            const     0x809'1ef4    0x360  vimage.o [1]
  .rodata            const     0x809'2254    0x360  vimage.o [1]
  .rodata            const     0x809'25b4    0x360  vimage.o [1]
  .rodata            const     0x809'2914    0x360  vimage.o [1]
  .rodata            const     0x809'2c74    0x360  vimage.o [1]
  .rodata            const     0x809'2fd4    0x360  vimage.o [1]
  .rodata            const     0x809'3334    0x330  fs.o [1]
  .rodata            const     0x809'3664    0x2f8  fonts.o [1]
  .rodata            const     0x809'395c    0x200  crc16.o [1]
  .rodata            const     0x809'3b5c    0x1f4  fs.o [1]
  .text              ro code   0x809'3d50    0x1a0  lcd.o [1]
  .text              ro code   0x809'3ef0     0xf4  tim4.o [1]
  .rodata            const     0x809'3fe4    0x190  power_control.o [1]
  .text              ro code   0x809'4174    0x118  sd_diskio.o [1]
  .rodata            const     0x809'428c     0xdc  fs.o [1]
  .rodata            const     0x809'4368     0xc8  eeprom.o [1]
  .text              ro code   0x809'4430     0xa0  stm32f4xx_it.o [1]
  .text              ro code   0x809'44d0     0x18  stm32f4xx_hal.o [1]
  .rodata            const     0x809'44e8     0x80  sensor_eep_map.o [1]
  .rodata            const     0x809'4568     0x80  sensor_eep_map.o [1]
  .rodata            const     0x809'45e8     0x70  ethernetif.o [1]
  .rodata            const     0x809'4658     0x70  rs485.o [1]
  .rodata            const     0x809'46c8     0x70  stm32f4xx_hal_flash_ex.o [1]
  .rodata            const     0x809'4738     0x6c  measuring.o [1]
  .rodata            const     0x809'47a4     0x6c  stm32f4xx_hal_adc.o [1]
  .rodata            const     0x809'4810     0x6c  stm32f4xx_hal_cortex.o [1]
  .rodata            const     0x809'487c     0x6c  stm32f4xx_hal_dma.o [1]
  .rodata            const     0x809'48e8     0x6c  stm32f4xx_hal_eth.o [1]
  .rodata            const     0x809'4954     0x6c  stm32f4xx_hal_gpio.o [1]
  .rodata            const     0x809'49c0     0x6c  stm32f4xx_hal_i2c.o [1]
  .rodata            const     0x809'4a2c     0x6c  stm32f4xx_hal_rcc.o [1]
  .rodata            const     0x809'4a98     0x6c  stm32f4xx_hal_rcc_ex.o [1]
  .rodata            const     0x809'4b04     0x6c  stm32f4xx_hal_rtc.o [1]
  .rodata            const     0x809'4b70     0x6c  stm32f4xx_hal_rtc_ex.o [1]
  .rodata            const     0x809'4bdc     0x6c  stm32f4xx_hal_tim.o [1]
  .rodata            const     0x809'4c48     0x6c  stm32f4xx_hal_tim_ex.o [1]
  .rodata            const     0x809'4cb4     0x6c  stm32f4xx_hal_uart.o [1]
  .rodata            const     0x809'4d20     0x6c  stm32f4xx_ll_fsmc.o [1]
  .rodata            const     0x809'4d8c     0x6c  stm32f4xx_ll_sdmmc.o [1]
  .rodata            const     0x809'4df8     0x68  main.o [1]
  .rodata            const     0x809'4e60     0x68  modbus_rtu_master.o [1]
  .rodata            const     0x809'4ec8     0x68  stm32f4xx_hal_sd.o [1]
  .rodata            const     0x809'4f30     0x68  vboot.o [1]
  .rodata            const     0x809'4f98     0x68  vboot.o [1]
  .text              ro code   0x809'5000     0x64  system_stm32f4xx.o [1]
  .rodata            const     0x809'5064     0x60  ip4_frag.o [1]
  .rodata            const     0x809'50c4     0x5c  adc.o [1]
  .rodata            const     0x809'5120     0x5c  dhcp.o [1]
  .rodata            const     0x809'517c     0x5c  etharp.o [1]
  .rodata            const     0x809'51d8     0x5c  ethernet.o [1]
  .rodata            const     0x809'5234     0x5c  httpd.o [1]
  .rodata            const     0x809'5290     0x5c  icmp.o [1]
  .rodata            const     0x809'52ec     0x5c  ip4.o [1]
  .rodata            const     0x809'5348     0x5c  timeouts.o [1]
  .rodata            const     0x809'53a4     0x58  init.o [1]
  .rodata            const     0x809'53fc     0x58  memp.o [1]
  .rodata            const     0x809'5454     0x58  netif.o [1]
  .rodata            const     0x809'54ac     0x58  pbuf.o [1]
  .rodata            const     0x809'5504     0x58  tcp_in.o [1]
  .rodata            const     0x809'555c     0x58  tcp_out.o [1]
  .rodata            const     0x809'55b4     0x58  tcp_out.o [1]
  .rodata            const     0x809'560c     0x54  data_log.o [1]
  .rodata            const     0x809'5660     0x54  mem.o [1]
  .rodata            const     0x809'56b4     0x54  tcp.o [1]
  .rodata            const     0x809'5708     0x54  udp.o [1]
  .rodata            const     0x809'575c     0x50  data_log.o [1]
  .rodata            const     0x809'57ac     0x50  version.o [1]
  .rodata            const     0x809'57fc     0x50  iar_Stoulx.o [2]
  .rodata            const     0x809'584c     0x4c  data_log.o [1]
  .rodata            const     0x809'5898     0x48  data_log.o [1]
  .rodata            const     0x809'58e0     0x48  data_log.o [1]
  .rodata            const     0x809'5928     0x48  dhcp.o [1]
  .rodata            const     0x809'5970     0x48  modbus_rtu_slave.o [1]
  .rodata            const     0x809'59b8     0x48  modbus_rtu_slave.o [1]
  .rodata            const     0x809'5a00     0x48  modbus_rtu_slave.o [1]
  .rodata            const     0x809'5a48     0x48  strto64.o [3]
  .rodata            const     0x809'5a90     0x44  dhcp.o [1]
  .rodata            const     0x809'5ad4     0x44  etharp.o [1]
  .rodata            const     0x809'5b18     0x44  init.o [1]
  .rodata            const     0x809'5b5c     0x44  modbus_rtu_slave.o [1]
  .rodata            const     0x809'5ba0     0x44  modbus_rtu_slave.o [1]
  .rodata            const     0x809'5be4     0x44  modbus_rtu_slave.o [1]
  .rodata            const     0x809'5c28     0x40  dhcp.o [1]
  .rodata            const     0x809'5c68     0x40  dhcp.o [1]
  .rodata            const     0x809'5ca8     0x40  dhcp.o [1]
  .rodata            const     0x809'5ce8     0x40  etharp.o [1]
  .rodata            const     0x809'5d28     0x40  main.o [1]
  .rodata            const     0x809'5d68     0x40  modbus_rtu_slave.o [1]
  .rodata            const     0x809'5da8     0x40  tcp_out.o [1]
  .rodata            const     0x809'5de8     0x40  timeouts.o [1]
  .rodata            const     0x809'5e28     0x3c  dhcp.o [1]
  .rodata            const     0x809'5e64     0x3c  main.o [1]
  .rodata            const     0x809'5ea0     0x3c  modbus_rtu_slave.o [1]
  .rodata            const     0x809'5edc     0x3c  modbus_rtu_slave.o [1]
  .rodata            const     0x809'5f18     0x3c  tcp_out.o [1]
  .rodata            const     0x809'5f54     0x3c  tcp_out.o [1]
  .rodata            const     0x809'5f90     0x38  data_log.o [1]
  .rodata            const     0x809'5fc8     0x38  httpd.o [1]
  .rodata            const     0x809'6000     0x38  icmp.o [1]
  .rodata            const     0x809'6038     0x38  ip4_frag.o [1]
  .rodata            const     0x809'6070     0x38  modbus_rtu_slave.o [1]
  .rodata            const     0x809'60a8     0x38  modbus_rtu_slave.o [1]
  .rodata            const     0x809'60e0     0x38  modbus_rtu_slave.o [1]
  .rodata            const     0x809'6118     0x38  modbus_rtu_slave.o [1]
  .rodata            const     0x809'6150     0x38  modbus_rtu_slave.o [1]
  .rodata            const     0x809'6188     0x38  pbuf.o [1]
  .rodata            const     0x809'61c0     0x38  tcp_in.o [1]
  .rodata            const     0x809'61f8     0x38  tcp_out.o [1]
  .rodata            const     0x809'6230     0x38  tcp_out.o [1]
  .rodata            const     0x809'6268     0x34  etharp.o [1]
  .rodata            const     0x809'629c     0x34  ethernet.o [1]
  .rodata            const     0x809'62d0     0x34  icmp.o [1]
  .rodata            const     0x809'6304     0x34  modbus_rtu_slave.o [1]
  .rodata            const     0x809'6338     0x34  pbuf.o [1]
  .rodata            const     0x809'636c     0x34  pbuf.o [1]
  .rodata            const     0x809'63a0     0x34  tcp.o [1]
  .rodata            const     0x809'63d4     0x34  tcp_out.o [1]
  .rodata            const     0x809'6408     0x34  tcp_out.o [1]
  .rodata            const     0x809'643c     0x30  etharp.o [1]
  .rodata            const     0x809'646c     0x30  ip4.o [1]
  .rodata            const     0x809'649c     0x30  main.o [1]
  .rodata            const     0x809'64cc     0x30  mem.o [1]
  .rodata            const     0x809'64fc     0x30  mem.o [1]
  .rodata            const     0x809'652c     0x30  pbuf.o [1]
  .rodata            const     0x809'655c     0x30  pbuf.o [1]
  .rodata            const     0x809'658c     0x30  pbuf.o [1]
  .rodata            const     0x809'65bc     0x30  pbuf.o [1]
  .rodata            const     0x809'65ec     0x30  tcp.o [1]
  .rodata            const     0x809'661c     0x30  tcp.o [1]
  .rodata            const     0x809'664c     0x30  tcp_in.o [1]
  .rodata            const     0x809'667c     0x30  tcp_out.o [1]
  .rodata            const     0x809'66ac     0x30  tcp_out.o [1]
  .rodata            const     0x809'66dc     0x30  udp.o [1]
  .rodata            const     0x809'670c     0x2c  dhcp.o [1]
  .rodata            const     0x809'6738     0x2c  etharp.o [1]
  .rodata            const     0x809'6764     0x2c  httpd.o [1]
  .rodata            const     0x809'6790     0x2c  httpd.o [1]
  .rodata            const     0x809'67bc     0x2c  httpd_parsing.o [1]
  .rodata            const     0x809'67e8     0x2c  icmp.o [1]
  .rodata            const     0x809'6814     0x2c  mem.o [1]
  .rodata            const     0x809'6840     0x2c  modbus_rtu_slave.o [1]
  .rodata            const     0x809'686c     0x2c  pbuf.o [1]
  .rodata            const     0x809'6898     0x2c  pbuf.o [1]
  .rodata            const     0x809'68c4     0x2c  tcp.o [1]
  .rodata            const     0x809'68f0     0x2c  tcp.o [1]
  .rodata            const     0x809'691c     0x2c  tcp.o [1]
  .rodata            const     0x809'6948     0x2c  tcp.o [1]
  .rodata            const     0x809'6974     0x2c  tcp_in.o [1]
  .rodata            const     0x809'69a0     0x2c  tcp_in.o [1]
  .rodata            const     0x809'69cc     0x2c  tcp_in.o [1]
  .rodata            const     0x809'69f8     0x2c  tcp_out.o [1]
  .rodata            const     0x809'6a24     0x2c  tcp_out.o [1]
  .rodata            const     0x809'6a50     0x28  app_ethernet.o [1]
  .rodata            const     0x809'6a78     0x28  app_ethernet.o [1]
  .rodata            const     0x809'6aa0     0x28  cartridge.o [1]
  .rodata            const     0x809'6ac8     0x28  dhcp.o [1]
  .rodata            const     0x809'6af0     0x28  dhcp.o [1]
  .rodata            const     0x809'6b18     0x28  dhcp.o [1]
  .rodata            const     0x809'6b40     0x28  dhcp.o [1]
  .rodata            const     0x809'6b68     0x28  dhcp.o [1]
  .rodata            const     0x809'6b90     0x28  etharp.o [1]
  .rodata            const     0x809'6bb8     0x28  etharp.o [1]
  .rodata            const     0x809'6be0     0x28  ethernet.o [1]
  .rodata            const     0x809'6c08     0x28  ethernetif.o [1]
  .rodata            const     0x809'6c30     0x28  httpd.o [1]
  .rodata            const     0x809'6c58     0x28  httpd.o [1]
  .rodata            const     0x809'6c80     0x28  icmp.o [1]
  .rodata            const     0x809'6ca8     0x28  init.o [1]
  .rodata            const     0x809'6cd0     0x28  ip4.o [1]
  .rodata            const     0x809'6cf8     0x28  ip4_frag.o [1]
  .rodata            const     0x809'6d20     0x28  ip4_frag.o [1]
  .rodata            const     0x809'6d48     0x28  main.o [1]
  .rodata            const     0x809'6d70     0x28  mem.o [1]
  .rodata            const     0x809'6d98     0x28  memp.o [1]
  .rodata            const     0x809'6dc0     0x28  netif.o [1]
  .rodata            const     0x809'6de8     0x28  pbuf.o [1]
  .rodata            const     0x809'6e10     0x28  tcp.o [1]
  .rodata            const     0x809'6e38     0x28  tcp.o [1]
  .rodata            const     0x809'6e60     0x28  tcp.o [1]
  .rodata            const     0x809'6e88     0x28  tcp.o [1]
  .rodata            const     0x809'6eb0     0x28  tcp.o [1]
  .rodata            const     0x809'6ed8     0x28  tcp.o [1]
  .rodata            const     0x809'6f00     0x28  tcp.o [1]
  .rodata            const     0x809'6f28     0x28  tcp.o [1]
  .rodata            const     0x809'6f50     0x28  tcp_echoserver.o [1]
  .rodata            const     0x809'6f78     0x28  tcp_in.o [1]
  .rodata            const     0x809'6fa0     0x28  tcp_in.o [1]
  .rodata            const     0x809'6fc8     0x28  tcp_in.o [1]
  .rodata            const     0x809'6ff0     0x28  tcp_in.o [1]
  .rodata            const     0x809'7018     0x28  tcp_out.o [1]
  .rodata            const     0x809'7040     0x28  tcp_out.o [1]
  .rodata            const     0x809'7068     0x28  tcp_out.o [1]
  .rodata            const     0x809'7090     0x28  timeouts.o [1]
  .rodata            const     0x809'70b8     0x28  timeouts.o [1]
  .rodata            const     0x809'70e0     0x28  udp.o [1]
  .rodata            const     0x809'7108     0x28  vfunc_factory.o [1]
  .rodata            const     0x809'7130     0x28  vfunc_factory.o [1]
  .text              ro code   0x809'7158     0x28  data_init.o [4]
  .rodata            const     0x809'7180     0x24  buzzer.o [1]
  .rodata            const     0x809'71a4     0x24  cavity.o [1]
  .rodata            const     0x809'71c8     0x24  data_log.o [1]
  .rodata            const     0x809'71ec     0x24  data_log.o [1]
  .rodata            const     0x809'7210     0x24  dhcp.o [1]
  .rodata            const     0x809'7234     0x24  etharp.o [1]
  .rodata            const     0x809'7258     0x24  ip4_frag.o [1]
  .rodata            const     0x809'727c     0x24  mem.o [1]
  .rodata            const     0x809'72a0     0x24  mem.o [1]
  .rodata            const     0x809'72c4     0x24  memp.o [1]
  .rodata            const     0x809'72e8     0x24  memp.o [1]
  .rodata            const     0x809'730c     0x24  modbus_rtu_slave.o [1]
  .rodata            const     0x809'7330     0x24  pbuf.o [1]
  .rodata            const     0x809'7354     0x24  pbuf.o [1]
  .rodata            const     0x809'7378     0x24  pbuf.o [1]
  .rodata            const     0x809'739c     0x24  tcp.o [1]
  .rodata            const     0x809'73c0     0x24  tcp.o [1]
  .rodata            const     0x809'73e4     0x24  vfunc_factory.o [1]
  .rodata            const     0x809'7408     0x24  vfunc_factory.o [1]
  .rodata            const     0x809'742c     0x24  vfunc_factory.o [1]
  .text              ro code   0x809'7450     0x22  fpinit_M.o [3]
  .iar.init_table    const     0x809'7474     0x20  - Linker created -
  .rodata            const     0x809'7494     0x20  data_log.o [1]
  .rodata            const     0x809'74b4     0x20  data_log.o [1]
  .rodata            const     0x809'74d4     0x20  dhcp.o [1]
  .rodata            const     0x809'74f4     0x20  dhcp.o [1]
  .rodata            const     0x809'7514     0x20  dhcp.o [1]
  .rodata            const     0x809'7534     0x20  httpd.o [1]
  .rodata            const     0x809'7554     0x20  httpd.o [1]
  .rodata            const     0x809'7574     0x20  httpd_parsing.o [1]
  .rodata            const     0x809'7594     0x20  ip4_frag.o [1]
  .rodata            const     0x809'75b4     0x20  ip4_frag.o [1]
  .rodata            const     0x809'75d4     0x20  ip4_frag.o [1]
  .rodata            const     0x809'75f4     0x20  mem.o [1]
  .rodata            const     0x809'7614     0x20  memp.o [1]
  .rodata            const     0x809'7634     0x20  memp.o [1]
  .rodata            const     0x809'7654     0x20  pbuf.o [1]
  .rodata            const     0x809'7674     0x20  pbuf.o [1]
  .rodata            const     0x809'7694     0x20  power_control.o [1]
  .rodata            const     0x809'76b4     0x20  rtc.o [1]
  .rodata            const     0x809'76d4     0x20  tcp.o [1]
  .rodata            const     0x809'76f4     0x20  tcp_in.o [1]
  .rodata            const     0x809'7714     0x20  tcp_in.o [1]
  .rodata            const     0x809'7734     0x20  tcp_in.o [1]
  .rodata            const     0x809'7754     0x20  tcp_in.o [1]
  .rodata            const     0x809'7774     0x20  tcp_in.o [1]
  .rodata            const     0x809'7794     0x20  tcp_out.o [1]
  .rodata            const     0x809'77b4     0x20  tcp_out.o [1]
  .rodata            const     0x809'77d4     0x20  tcp_out.o [1]
  .rodata            const     0x809'77f4     0x20  tps25750.o [1]
  .rodata            const     0x809'7814     0x20  tps25750.o [1]
  .rodata            const     0x809'7834     0x20  vfunc_factory.o [1]
  .rodata            const     0x809'7854     0x20  vfunc_factory.o [1]
  .rodata            const     0x809'7874     0x20  vfunc_factory.o [1]
  .rodata            const     0x809'7894     0x20  vfunc_factory.o [1]
  .rodata            const     0x809'78b4     0x20  vfunc_factory.o [1]
  .rodata            const     0x809'78d4     0x20  vfunc_factory.o [1]
  .text              ro code   0x809'78f4     0x1e  cmain.o [4]
  .text              ro code   0x809'7912      0x4  low_level_init.o [2]
  .text              ro code   0x809'7916      0x4  exit.o [2]
  .text              ro code   0x809'791c      0xa  cexit.o [4]
  .rodata            const     0x809'7928     0x1c  data_log.o [1]
  .rodata            const     0x809'7944     0x1c  data_log.o [1]
  .rodata            const     0x809'7960     0x1c  dhcp.o [1]
  .rodata            const     0x809'797c     0x1c  dhcp.o [1]
  .rodata            const     0x809'7998     0x1c  etharp.o [1]
  .rodata            const     0x809'79b4     0x1c  httpd.o [1]
  .rodata            const     0x809'79d0     0x1c  httpd.o [1]
  .rodata            const     0x809'79ec     0x1c  httpd.o [1]
  .rodata            const     0x809'7a08     0x1c  ip4_frag.o [1]
  .rodata            const     0x809'7a24     0x1c  ip4_frag.o [1]
  .rodata            const     0x809'7a40     0x1c  ip4_frag.o [1]
  .rodata            const     0x809'7a5c     0x1c  main.o [1]
  .rodata            const     0x809'7a78     0x1c  mem.o [1]
  .rodata            const     0x809'7a94     0x1c  mem.o [1]
  .rodata            const     0x809'7ab0     0x1c  mem.o [1]
  .rodata            const     0x809'7acc     0x1c  memp.o [1]
  .rodata            const     0x809'7ae8     0x1c  option.o [1]
  .rodata            const     0x809'7b04     0x1c  pbuf.o [1]
  .rodata            const     0x809'7b20     0x1c  pbuf.o [1]
  .rodata            const     0x809'7b3c     0x1c  pbuf.o [1]
  .rodata            const     0x809'7b58     0x1c  pbuf.o [1]
  .rodata            const     0x809'7b74     0x1c  pbuf.o [1]
  .rodata            const     0x809'7b90     0x1c  power_control.o [1]
  .rodata            const     0x809'7bac     0x1c  rs485.o [1]
  .rodata            const     0x809'7bc8     0x1c  tcp.o [1]
  .rodata            const     0x809'7be4     0x1c  tcp.o [1]
  .rodata            const     0x809'7c00     0x1c  tcp_in.o [1]
  .rodata            const     0x809'7c1c     0x1c  tcp_in.o [1]
  .rodata            const     0x809'7c38     0x1c  tcp_in.o [1]
  .rodata            const     0x809'7c54     0x1c  tps25750.o [1]
  .rodata            const     0x809'7c70     0x1c  vallbase_mode.o [1]
  .rodata            const     0x809'7c8c     0x1c  vfunc_factory.o [1]
  .rodata            const     0x809'7ca8     0x1c  vfunc_factory.o [1]
  .rodata            const     0x809'7cc4     0x1c  vfunc_factory.o [1]
  .rodata            const     0x809'7ce0     0x1c  vfunc_factory.o [1]
  .rodata            const     0x809'7cfc     0x1c  vfunc_factory.o [1]
  .rodata            const     0x809'7d18     0x1c  vfunc_factory.o [1]
  .rodata            const     0x809'7d34     0x1c  vfunc_factory.o [1]
  .rodata            const     0x809'7d50     0x1c  vfunc_factory.o [1]
  .rodata            const     0x809'7d6c     0x1c  vfunc_factory.o [1]
  .rodata            const     0x809'7d88     0x1c  vfunc_factory.o [1]
  .rodata            const     0x809'7da4     0x1c  vfunc_factory.o [1]
  .rodata            const     0x809'7dc0     0x1c  vfunc_factory.o [1]
  .rodata            const     0x809'7ddc     0x1c  vfunc_factory.o [1]
  .rodata            const     0x809'7df8     0x1c  vfunc_factory.o [1]
  .rodata            const     0x809'7e14     0x1c  vfunc_factory.o [1]
  .rodata            const     0x809'7e30     0x1c  vfunc_factory.o [1]
  .rodata            const     0x809'7e4c     0x1c  vfunc_factory.o [1]
  .rodata            const     0x809'7e68     0x1c  vfunc_factory.o [1]
  .rodata            const     0x809'7e84     0x1c  vfunc_factory.o [1]
  .rodata            const     0x809'7ea0     0x1c  vfunc_factory.o [1]
  .rodata            const     0x809'7ebc     0x1c  vfunc_factory.o [1]
  .rodata            const     0x809'7ed8     0x1c  vfunc_measuring.o [1]
  .rodata            const     0x809'7ef4     0x1c  vfunc_measuring.o [1]
  .rodata            const     0x809'7f10     0x18  data_log.o [1]
  .rodata            const     0x809'7f28     0x18  dhcp.o [1]
  .rodata            const     0x809'7f40     0x18  eeprom.o [1]
  .rodata            const     0x809'7f58     0x18  eeprom.o [1]
  .rodata            const     0x809'7f70     0x18  eeprom.o [1]
  .rodata            const     0x809'7f88     0x18  etharp.o [1]
  .rodata            const     0x809'7fa0     0x18  httpd.o [1]
  .rodata            const     0x809'7fb8     0x18  httpd_cgi_ssi.o [1]
  .rodata            const     0x809'7fd0     0x18  httpd_parsing.o [1]
  .rodata            const     0x809'7fe8     0x18  httpd_parsing.o [1]
  .rodata            const     0x809'8000     0x18  httpd_parsing.o [1]
  .rodata            const     0x809'8018     0x18  mem.o [1]
  .rodata            const     0x809'8030     0x18  mem.o [1]
  .rodata            const     0x809'8048     0x18  mem.o [1]
  .rodata            const     0x809'8060     0x18  netif.o [1]
  .rodata            const     0x809'8078     0x18  pbuf.o [1]
  .rodata            const     0x809'8090     0x18  pbuf.o [1]
  .rodata            const     0x809'80a8     0x18  pbuf.o [1]
  .rodata            const     0x809'80c0     0x18  pbuf.o [1]
  .rodata            const     0x809'80d8     0x18  pbuf.o [1]
  .rodata            const     0x809'80f0     0x18  tcp.o [1]
  .rodata            const     0x809'8108     0x18  tcp.o [1]
  .rodata            const     0x809'8120     0x18  tcp_in.o [1]
  .rodata            const     0x809'8138     0x18  tcp_in.o [1]
  .rodata            const     0x809'8150     0x18  tcp_out.o [1]
  .rodata            const     0x809'8168     0x18  tcp_out.o [1]
  .rodata            const     0x809'8180     0x18  tcp_out.o [1]
  .rodata            const     0x809'8198     0x18  tcp_out.o [1]
  .rodata            const     0x809'81b0     0x18  vfunc_factory.o [1]
  .rodata            const     0x809'81c8     0x18  vfunc_factory.o [1]
  .rodata            const     0x809'81e0     0x18  vfunc_factory.o [1]
  .rodata            const     0x809'81f8     0x18  vfunc_factory.o [1]
  .rodata            const     0x809'8210     0x18  vfunc_factory.o [1]
  .rodata            const     0x809'8228     0x18  vfunc_factory.o [1]
  .rodata            const     0x809'8240     0x18  vfunc_factory.o [1]
  .rodata            const     0x809'8258     0x18  vfunc_factory.o [1]
  .rodata            const     0x809'8270     0x18  vfunc_factory.o [1]
  .rodata            const     0x809'8288     0x18  vfunc_factory.o [1]
  .rodata            const     0x809'82a0     0x18  vfunc_factory.o [1]
  .rodata            const     0x809'82b8     0x18  vfunc_factory.o [1]
  .rodata            const     0x809'82d0     0x18  vfunc_factory.o [1]
  .rodata            const     0x809'82e8     0x18  vfunc_factory.o [1]
  .rodata            const     0x809'8300     0x18  vfunc_factory.o [1]
  .rodata            const     0x809'8318     0x18  vfunc_factory.o [1]
  .rodata            const     0x809'8330     0x18  vfunc_factory.o [1]
  .rodata            const     0x809'8348     0x18  vfunc_factory.o [1]
  .rodata            const     0x809'8360     0x18  vfunc_factory.o [1]
  .rodata            const     0x809'8378     0x18  vfunc_factory.o [1]
  .rodata            const     0x809'8390     0x18  vfunc_factory.o [1]
  .rodata            const     0x809'83a8     0x18  vfunc_factory.o [1]
  .rodata            const     0x809'83c0     0x18  vfunc_factory.o [1]
  .rodata            const     0x809'83d8     0x18  vfunc_factory.o [1]
  .rodata            const     0x809'83f0     0x18  vfunc_factory.o [1]
  .rodata            const     0x809'8408     0x18  vfunc_factory.o [1]
  .rodata            const     0x809'8420     0x18  vfunc_factory.o [1]
  .rodata            const     0x809'8438     0x18  vfunc_factory.o [1]
  .rodata            const     0x809'8450     0x18  vfunc_factory.o [1]
  .rodata            const     0x809'8468     0x18  vfunc_factory.o [1]
  .rodata            const     0x809'8480     0x18  vfunc_factory.o [1]
  .rodata            const     0x809'8498     0x18  vfunc_factory.o [1]
  .rodata            const     0x809'84b0     0x18  vfunc_factory.o [1]
  .rodata            const     0x809'84c8     0x18  vfunc_factory.o [1]
  .rodata            const     0x809'84e0     0x18  vfunc_factory.o [1]
  .rodata            const     0x809'84f8     0x18  vfunc_factory.o [1]
  .rodata            const     0x809'8510     0x18  vfunc_factory.o [1]
  .rodata            const     0x809'8528     0x18  vfunc_factory.o [1]
  .rodata            const     0x809'8540     0x18  vfunc_factory.o [1]
  .rodata            const     0x809'8558     0x18  vfunc_factory.o [1]
  .rodata            const     0x809'8570     0x18  vfunc_factory.o [1]
  .rodata            const     0x809'8588     0x18  vfunc_factory.o [1]
  .rodata            const     0x809'85a0     0x18  vfunc_factory.o [1]
  .rodata            const     0x809'85b8     0x18  vfunc_factory.o [1]
  .rodata            const     0x809'85d0     0x18  vfunc_factory.o [1]
  .rodata            const     0x809'85e8     0x18  vfunc_factory.o [1]
  .rodata            const     0x809'8600     0x18  vstatusbar.o [1]
  .rodata            const     0x809'8618     0x18  vstatusbar.o [1]
  .rodata            const     0x809'8630     0x18  vstatusbar.o [1]
  .rodata            const     0x809'8648     0x18  vstatusbar.o [1]
  .rodata            const     0x809'8660     0x18  vstatusbar.o [1]
  .rodata            const     0x809'8678     0x18  vstatusbar.o [1]
  .rodata            const     0x809'8690     0x18  vstatusbar.o [1]
  .rodata            const     0x809'86a8     0x18  vstatusbar.o [1]
  .rodata            const     0x809'86c0     0x18  vstatusbar.o [1]
  .rodata            const     0x809'86d8     0x18  vstatusbar.o [1]
  .rodata            const     0x809'86f0     0x18  vstatusbar.o [1]
  .rodata            const     0x809'8708     0x18  vstatusbar.o [1]
  .rodata            const     0x809'8720     0x18  vstatusbar.o [1]
  .rodata            const     0x809'8738     0x18  vstatusbar.o [1]
  .rodata            const     0x809'8750     0x18  vstatusbar.o [1]
  .rodata            const     0x809'8768     0x18  vstatusbar.o [1]
  .rodata            const     0x809'8780     0x18  vstatusbar.o [1]
  .text              ro code   0x809'8798     0x16  xprout.o [2]
  .text              ro code   0x809'87b0      0xc  putchar.o [2]
  .rodata            const     0x809'87bc     0x14  etharp.o [1]
  .rodata            const     0x809'87d0     0x14  fs.o [1]
  .rodata            const     0x809'87e4     0x14  fs.o [1]
  .rodata            const     0x809'87f8     0x14  fs.o [1]
  .rodata            const     0x809'880c     0x14  fs.o [1]
  .rodata            const     0x809'8820     0x14  fs.o [1]
  .rodata            const     0x809'8834     0x14  fs.o [1]
  .rodata            const     0x809'8848     0x14  fs.o [1]
  .rodata            const     0x809'885c     0x14  fs.o [1]
  .rodata            const     0x809'8870     0x14  fs.o [1]
  .rodata            const     0x809'8884     0x14  fs.o [1]
  .rodata            const     0x809'8898     0x14  fs.o [1]
  .rodata            const     0x809'88ac     0x14  fs.o [1]
  .rodata            const     0x809'88c0     0x14  httpd.o [1]
  .rodata            const     0x809'88d4     0x14  httpd_cgi_ssi.o [1]
  .rodata            const     0x809'88e8     0x14  httpd_parsing.o [1]
  .rodata            const     0x809'88fc     0x14  httpd_parsing.o [1]
  .rodata            const     0x809'8910     0x14  httpd_parsing.o [1]
  .rodata            const     0x809'8924     0x14  httpd_parsing.o [1]
  .rodata            const     0x809'8938     0x14  httpd_parsing.o [1]
  .rodata            const     0x809'894c     0x14  httpd_parsing.o [1]
  .rodata            const     0x809'8960     0x14  httpd_parsing.o [1]
  .rodata            const     0x809'8974     0x14  httpd_parsing.o [1]
  .rodata            const     0x809'8988     0x14  httpd_parsing.o [1]
  .rodata            const     0x809'899c     0x14  httpd_parsing.o [1]
  .rodata            const     0x809'89b0     0x14  httpd_parsing.o [1]
  .rodata            const     0x809'89c4     0x14  httpd_parsing.o [1]
  .rodata            const     0x809'89d8     0x14  httpd_parsing.o [1]
  .rodata            const     0x809'89ec     0x14  httpd_parsing.o [1]
  .rodata            const     0x809'8a00     0x14  ip4_frag.o [1]
  .rodata            const     0x809'8a14     0x14  mem.o [1]
  .rodata            const     0x809'8a28     0x14  pbuf.o [1]
  .rodata            const     0x809'8a3c     0x14  pbuf.o [1]
  .rodata            const     0x809'8a50     0x14  pbuf.o [1]
  .rodata            const     0x809'8a64     0x14  power_control.o [1]
  .rodata            const     0x809'8a78     0x14  sd_diskio.o [1]
  .rodata            const     0x809'8a8c     0x14  tcp_in.o [1]
  .rodata            const     0x809'8aa0     0x14  tcp_in.o [1]
  .rodata            const     0x809'8ab4     0x14  tcp_out.o [1]
  .rodata            const     0x809'8ac8     0x14  tcp_out.o [1]
  .rodata            const     0x809'8adc     0x14  tps25750.o [1]
  .rodata            const     0x809'8af0     0x14  tps25750.o [1]
  .rodata            const     0x809'8b04     0x14  tps25750.o [1]
  .rodata            const     0x809'8b18     0x14  tps25750.o [1]
  .rodata            const     0x809'8b2c     0x14  tps25750.o [1]
  .rodata            const     0x809'8b40     0x14  udp.o [1]
  .rodata            const     0x809'8b54     0x14  vallbase_mode.o [1]
  .rodata            const     0x809'8b68     0x14  vboot.o [1]
  .rodata            const     0x809'8b7c     0x14  vboot.o [1]
  .rodata            const     0x809'8b90     0x14  vfunc_factory.o [1]
  .rodata            const     0x809'8ba4     0x14  vfunc_factory.o [1]
  .rodata            const     0x809'8bb8     0x14  vfunc_factory.o [1]
  .rodata            const     0x809'8bcc     0x14  vfunc_factory.o [1]
  .rodata            const     0x809'8be0     0x14  vfunc_factory.o [1]
  .rodata            const     0x809'8bf4     0x14  vfunc_factory.o [1]
  .rodata            const     0x809'8c08     0x14  vfunc_factory.o [1]
  .rodata            const     0x809'8c1c     0x14  vfunc_factory.o [1]
  .rodata            const     0x809'8c30     0x14  vfunc_factory.o [1]
  .rodata            const     0x809'8c44     0x14  vfunc_factory.o [1]
  .rodata            const     0x809'8c58     0x14  vfunc_factory.o [1]
  .rodata            const     0x809'8c6c     0x14  vfunc_factory.o [1]
  .rodata            const     0x809'8c80     0x14  vfunc_factory.o [1]
  .rodata            const     0x809'8c94     0x14  vfunc_factory.o [1]
  .rodata            const     0x809'8ca8     0x14  vfunc_factory.o [1]
  .rodata            const     0x809'8cbc     0x14  vfunc_factory.o [1]
  .rodata            const     0x809'8cd0     0x14  vfunc_factory.o [1]
  .rodata            const     0x809'8ce4     0x14  vfunc_factory.o [1]
  .rodata            const     0x809'8cf8     0x14  vfunc_factory.o [1]
  .rodata            const     0x809'8d0c     0x14  vfunc_factory.o [1]
  .rodata            const     0x809'8d20     0x14  vfunc_factory.o [1]
  .rodata            const     0x809'8d34     0x14  vfunc_factory.o [1]
  .rodata            const     0x809'8d48     0x14  vfunc_factory.o [1]
  .rodata            const     0x809'8d5c     0x14  vfunc_factory.o [1]
  .rodata            const     0x809'8d70     0x14  vfunc_factory.o [1]
  .rodata            const     0x809'8d84     0x14  vfunc_factory.o [1]
  .rodata            const     0x809'8d98     0x14  vfunc_factory.o [1]
  .rodata            const     0x809'8dac     0x14  vfunc_factory.o [1]
  .rodata            const     0x809'8dc0     0x14  vfunc_factory.o [1]
  .rodata            const     0x809'8dd4     0x14  vfunc_factory.o [1]
  .rodata            const     0x809'8de8     0x14  vfunc_factory.o [1]
  .rodata            const     0x809'8dfc     0x14  vfunc_factory.o [1]
  .rodata            const     0x809'8e10     0x14  vfunc_factory.o [1]
  .rodata            const     0x809'8e24     0x14  vfunc_factory.o [1]
  .rodata            const     0x809'8e38     0x14  vfunc_factory.o [1]
  .rodata            const     0x809'8e4c     0x14  vfunc_factory.o [1]
  .rodata            const     0x809'8e60     0x14  vfunc_factory.o [1]
  .rodata            const     0x809'8e74     0x14  vfunc_factory.o [1]
  .rodata            const     0x809'8e88     0x14  vfunc_factory.o [1]
  .rodata            const     0x809'8e9c     0x14  vfunc_factory.o [1]
  .rodata            const     0x809'8eb0     0x14  vfunc_factory.o [1]
  .rodata            const     0x809'8ec4     0x14  vfunc_factory.o [1]
  .rodata            const     0x809'8ed8     0x14  vfunc_factory.o [1]
  .rodata            const     0x809'8eec     0x14  vfunc_factory.o [1]
  .rodata            const     0x809'8f00     0x14  vfunc_factory.o [1]
  .rodata            const     0x809'8f14     0x14  vfunc_factory.o [1]
  .rodata            const     0x809'8f28     0x14  vfunc_factory.o [1]
  .rodata            const     0x809'8f3c     0x14  vfunc_factory.o [1]
  .rodata            const     0x809'8f50     0x14  vfunc_factory.o [1]
  .rodata            const     0x809'8f64     0x14  vfunc_factory.o [1]
  .rodata            const     0x809'8f78     0x14  vfunc_factory.o [1]
  .rodata            const     0x809'8f8c     0x14  vfunc_factory.o [1]
  .rodata            const     0x809'8fa0     0x14  vfunc_factory.o [1]
  .rodata            const     0x809'8fb4     0x14  vfunc_factory.o [1]
  .rodata            const     0x809'8fc8     0x14  vfunc_factory.o [1]
  .rodata            const     0x809'8fdc     0x14  vfunc_factory.o [1]
  .rodata            const     0x809'8ff0     0x14  vfunc_factory.o [1]
  .rodata            const     0x809'9004     0x14  vfunc_factory.o [1]
  .rodata            const     0x809'9018     0x14  vfunc_factory.o [1]
  .rodata            const     0x809'902c     0x14  vfunc_factory.o [1]
  .rodata            const     0x809'9040     0x14  vfunc_factory.o [1]
  .rodata            const     0x809'9054     0x14  vfunc_factory.o [1]
  .rodata            const     0x809'9068     0x14  vfunc_factory.o [1]
  .rodata            const     0x809'907c     0x14  vfunc_factory.o [1]
  .rodata            const     0x809'9090     0x14  vfunc_factory.o [1]
  .rodata            const     0x809'90a4     0x14  vfunc_factory.o [1]
  .rodata            const     0x809'90b8     0x14  vfunc_factory.o [1]
  .rodata            const     0x809'90cc     0x14  vfunc_factory.o [1]
  .rodata            const     0x809'90e0     0x14  vfunc_factory.o [1]
  .rodata            const     0x809'90f4     0x14  vfunc_factory.o [1]
  .rodata            const     0x809'9108     0x14  vfunc_factory.o [1]
  .rodata            const     0x809'911c     0x14  vfunc_factory.o [1]
  .rodata            const     0x809'9130     0x14  vfunc_factory.o [1]
  .rodata            const     0x809'9144     0x14  vfunc_factory.o [1]
  .rodata            const     0x809'9158     0x14  vfunc_factory.o [1]
  .rodata            const     0x809'916c     0x14  vfunc_factory.o [1]
  .rodata            const     0x809'9180     0x14  vfunc_factory.o [1]
  .rodata            const     0x809'9194     0x14  vfunc_flowset.o [1]
  .rodata            const     0x809'91a8     0x14  vfunc_flowset.o [1]
  .rodata            const     0x809'91bc     0x14  vfunc_interface.o [1]
  .rodata            const     0x809'91d0     0x14  vfunc_interface.o [1]
  .rodata            const     0x809'91e4     0x14  vfunc_interface.o [1]
  .rodata            const     0x809'91f8     0x14  vfunc_interface.o [1]
  .rodata            const     0x809'920c     0x14  vfunc_interface.o [1]
  .rodata            const     0x809'9220     0x14  vfunc_interface.o [1]
  .rodata            const     0x809'9234     0x14  vfunc_measuring.o [1]
  .rodata            const     0x809'9248     0x14  vfunc_measuring.o [1]
  .rodata            const     0x809'925c     0x14  vfunc_measuring.o [1]
  .rodata            const     0x809'9270     0x14  vfunc_system.o [1]
  .rodata            const     0x809'9284     0x14  vfunc_system.o [1]
  .rodata            const     0x809'9298     0x14  vlibrary.o [1]
  .rodata            const     0x809'92ac     0x14  vstatusbar.o [1]
  .rodata            const     0x809'92c0     0x14  vstatusbar.o [1]
  .rodata            const     0x809'92d4     0x14  vstatusbar.o [1]
  .rodata            const     0x809'92e8     0x10  data_log.o [1]
  .rodata            const     0x809'92f8     0x10  data_log.o [1]
  .rodata            const     0x809'9308     0x10  dhcp.o [1]
  .rodata            const     0x809'9318     0x10  etharp.o [1]
  .rodata            const     0x809'9328     0x10  etharp.o [1]
  .rodata            const     0x809'9338     0x10  ethernetif.o [1]
  .rodata            const     0x809'9348     0x10  ethernetif.o [1]
  .rodata            const     0x809'9358     0x10  fs.o [1]
  .rodata            const     0x809'9368     0x10  fs.o [1]
  .rodata            const     0x809'9378     0x10  fs.o [1]
  .rodata            const     0x809'9388     0x10  httpd.o [1]
  .rodata            const     0x809'9398     0x10  httpd.o [1]
  .rodata            const     0x809'93a8     0x10  httpd.o [1]
  .rodata            const     0x809'93b8     0x10  httpd.o [1]
  .rodata            const     0x809'93c8     0x10  httpd.o [1]
  .rodata            const     0x809'93d8     0x10  httpd_cgi_ssi.o [1]
  .rodata            const     0x809'93e8     0x10  httpd_cgi_ssi.o [1]
  .rodata            const     0x809'93f8     0x10  httpd_cgi_ssi.o [1]
  .rodata            const     0x809'9408     0x10  httpd_cgi_ssi.o [1]
  .rodata            const     0x809'9418     0x10  httpd_cgi_ssi.o [1]
  .rodata            const     0x809'9428     0x10  httpd_cgi_ssi.o [1]
  .rodata            const     0x809'9438     0x10  httpd_cgi_ssi.o [1]
  .rodata            const     0x809'9448     0x10  httpd_cgi_ssi.o [1]
  .rodata            const     0x809'9458     0x10  httpd_cgi_ssi.o [1]
  .rodata            const     0x809'9468     0x10  httpd_cgi_ssi.o [1]
  .rodata            const     0x809'9478     0x10  httpd_cgi_ssi.o [1]
  .rodata            const     0x809'9488     0x10  httpd_cgi_ssi.o [1]
  .rodata            const     0x809'9498     0x10  httpd_cgi_ssi.o [1]
  .rodata            const     0x809'94a8     0x10  httpd_cgi_ssi.o [1]
  .rodata            const     0x809'94b8     0x10  httpd_cgi_ssi.o [1]
  .rodata            const     0x809'94c8     0x10  httpd_cgi_ssi.o [1]
  .rodata            const     0x809'94d8     0x10  httpd_parsing.o [1]
  .rodata            const     0x809'94e8     0x10  httpd_parsing.o [1]
  .rodata            const     0x809'94f8     0x10  httpd_parsing.o [1]
  .rodata            const     0x809'9508     0x10  httpd_parsing.o [1]
  .rodata            const     0x809'9518     0x10  httpd_parsing.o [1]
  .rodata            const     0x809'9528     0x10  httpd_parsing.o [1]
  .rodata            const     0x809'9538     0x10  httpd_parsing.o [1]
  .rodata            const     0x809'9548     0x10  httpd_parsing.o [1]
  .rodata            const     0x809'9558     0x10  httpd_parsing.o [1]
  .rodata            const     0x809'9568     0x10  httpd_parsing.o [1]
  .rodata            const     0x809'9578     0x10  httpd_parsing.o [1]
  .rodata            const     0x809'9588     0x10  httpd_parsing.o [1]
  .rodata            const     0x809'9598     0x10  httpd_parsing.o [1]
  .rodata            const     0x809'95a8     0x10  httpd_parsing.o [1]
  .rodata            const     0x809'95b8     0x10  httpd_parsing.o [1]
  .rodata            const     0x809'95c8     0x10  ip4_frag.o [1]
  .rodata            const     0x809'95d8     0x10  pbuf.o [1]
  .rodata            const     0x809'95e8     0x10  pbuf.o [1]
  .rodata            const     0x809'95f8     0x10  pbuf.o [1]
  .rodata            const     0x809'9608     0x10  poe.o [1]
  .rodata            const     0x809'9618     0x10  power_control.o [1]
  .rodata            const     0x809'9628     0x10  power_control.o [1]
  .rodata            const     0x809'9638     0x10  power_control.o [1]
  .rodata            const     0x809'9648     0x10  power_control.o [1]
  .rodata            const     0x809'9658     0x10  system_stm32f4xx.o [1]
  .rodata            const     0x809'9668     0x10  tcp.o [1]
  .rodata            const     0x809'9678     0x10  tcp.o [1]
  .rodata            const     0x809'9688     0x10  tcp.o [1]
  .rodata            const     0x809'9698     0x10  tcp_in.o [1]
  .rodata            const     0x809'96a8     0x10  tcp_in.o [1]
  .rodata            const     0x809'96b8     0x10  tcp_in.o [1]
  .rodata            const     0x809'96c8     0x10  tcp_in.o [1]
  .rodata            const     0x809'96d8     0x10  tcp_out.o [1]
  .rodata            const     0x809'96e8     0x10  vallbase_mode.o [1]
  .rodata            const     0x809'96f8     0x10  vallbase_mode.o [1]
  .rodata            const     0x809'9708     0x10  vallbase_mode.o [1]
  .rodata            const     0x809'9718     0x10  vallbase_mode.o [1]
  .rodata            const     0x809'9728     0x10  vallbase_mode.o [1]
  .rodata            const     0x809'9738     0x10  vallbase_mode.o [1]
  .rodata            const     0x809'9748     0x10  vallbase_mode.o [1]
  .rodata            const     0x809'9758     0x10  vboot.o [1]
  .rodata            const     0x809'9768     0x10  vboot.o [1]
  .rodata            const     0x809'9778     0x10  vboot.o [1]
  .rodata            const     0x809'9788     0x10  vboot.o [1]
  .rodata            const     0x809'9798     0x10  vboot.o [1]
  .rodata            const     0x809'97a8     0x10  vboot.o [1]
  .rodata            const     0x809'97b8     0x10  vboot.o [1]
  .rodata            const     0x809'97c8     0x10  vboot.o [1]
  .rodata            const     0x809'97d8     0x10  vboot.o [1]
  .rodata            const     0x809'97e8     0x10  vboot.o [1]
  .rodata            const     0x809'97f8     0x10  vfunc_factory.o [1]
  .rodata            const     0x809'9808     0x10  vfunc_factory.o [1]
  .rodata            const     0x809'9818     0x10  vfunc_factory.o [1]
  .rodata            const     0x809'9828     0x10  vfunc_factory.o [1]
  .rodata            const     0x809'9838     0x10  vfunc_factory.o [1]
  .rodata            const     0x809'9848     0x10  vfunc_factory.o [1]
  .rodata            const     0x809'9858     0x10  vfunc_factory.o [1]
  .rodata            const     0x809'9868     0x10  vfunc_factory.o [1]
  .rodata            const     0x809'9878     0x10  vfunc_factory.o [1]
  .rodata            const     0x809'9888     0x10  vfunc_factory.o [1]
  .rodata            const     0x809'9898     0x10  vfunc_factory.o [1]
  .rodata            const     0x809'98a8     0x10  vfunc_factory.o [1]
  .rodata            const     0x809'98b8     0x10  vfunc_factory.o [1]
  .rodata            const     0x809'98c8     0x10  vfunc_factory.o [1]
  .rodata            const     0x809'98d8     0x10  vfunc_factory.o [1]
  .rodata            const     0x809'98e8     0x10  vfunc_factory.o [1]
  .rodata            const     0x809'98f8     0x10  vfunc_factory.o [1]
  .rodata            const     0x809'9908     0x10  vfunc_factory.o [1]
  .rodata            const     0x809'9918     0x10  vfunc_factory.o [1]
  .rodata            const     0x809'9928     0x10  vfunc_factory.o [1]
  .rodata            const     0x809'9938     0x10  vfunc_factory.o [1]
  .rodata            const     0x809'9948     0x10  vfunc_factory.o [1]
  .rodata            const     0x809'9958     0x10  vfunc_factory.o [1]
  .rodata            const     0x809'9968     0x10  vfunc_factory.o [1]
  .rodata            const     0x809'9978     0x10  vfunc_factory.o [1]
  .rodata            const     0x809'9988     0x10  vfunc_factory.o [1]
  .rodata            const     0x809'9998     0x10  vfunc_factory.o [1]
  .rodata            const     0x809'99a8     0x10  vfunc_factory.o [1]
  .rodata            const     0x809'99b8     0x10  vfunc_factory.o [1]
  .rodata            const     0x809'99c8     0x10  vfunc_factory.o [1]
  .rodata            const     0x809'99d8     0x10  vfunc_factory.o [1]
  .rodata            const     0x809'99e8     0x10  vfunc_factory.o [1]
  .rodata            const     0x809'99f8     0x10  vfunc_factory.o [1]
  .rodata            const     0x809'9a08     0x10  vfunc_factory.o [1]
  .rodata            const     0x809'9a18     0x10  vfunc_factory.o [1]
  .rodata            const     0x809'9a28     0x10  vfunc_factory.o [1]
  .rodata            const     0x809'9a38     0x10  vfunc_factory.o [1]
  .rodata            const     0x809'9a48     0x10  vfunc_factory.o [1]
  .rodata            const     0x809'9a58     0x10  vfunc_factory.o [1]
  .rodata            const     0x809'9a68     0x10  vfunc_factory.o [1]
  .rodata            const     0x809'9a78     0x10  vfunc_factory.o [1]
  .rodata            const     0x809'9a88     0x10  vfunc_factory.o [1]
  .rodata            const     0x809'9a98     0x10  vfunc_factory.o [1]
  .rodata            const     0x809'9aa8     0x10  vfunc_factory.o [1]
[...]
pEnable                 0x2000'0070      0x8  Data  Lc  httpd_parsing.o [1]
pFlash                  0x2001'38e8     0x20  Data  Gb  stm32f4xx_hal_flash.o [1]
pFunc                   0x2000'00c8      0x4  Data  Lc  modbus_map.o [1]
pIncrease               0x2000'0068      0x8  Data  Lc  httpd_parsing.o [1]
pLed                    0x2000'0078      0x4  Data  Lc  key.o [1]
pMainUnit               0x2000'02f8     0x10  Data  Lc  vmeasuring.o [1]
pMeas                   0x2000'0048      0x4  Data  Lc  httpd_cgi_ssi.o [1]
pMeas                   0x2000'004c      0x4  Data  Lc  httpd_parsing.o [1]
pMeas                   0x2000'00c4      0x4  Data  Lc  modbus_map.o [1]
pMsgBox                 0x2000'00f4      0x4  Data  Lc  vboot.o [1]
pMsgBox                 0x2000'0318      0x4  Data  Lc  vself_test.o [1]
pUnit                   0x2000'0050     0x10  Data  Lc  httpd_parsing.o [1]
pUnit                   0x2000'00f8     0x10  Data  Lc  vfunc_factory.o [1]
pbuf_alloc               0x805'5171    0x2bc  Code  Gb  pbuf.o [1]
pbuf_alloced_custom      0x805'542d     0xb0  Code  Gb  pbuf.o [1]
pbuf_cat                 0x805'5867     0x7a  Code  Gb  pbuf.o [1]
pbuf_chain               0x805'58e1     0x16  Code  Gb  pbuf.o [1]
pbuf_clen                0x805'582b     0x12  Code  Gb  pbuf.o [1]
pbuf_copy                0x805'58f7    0x168  Code  Gb  pbuf.o [1]
pbuf_copy_partial        0x805'5a5f     0xd0  Code  Gb  pbuf.o [1]
pbuf_free                0x805'572b    0x100  Code  Gb  pbuf.o [1]
pbuf_header              0x805'5703     0x14  Code  Gb  pbuf.o [1]
pbuf_header_force        0x805'5717     0x14  Code  Gb  pbuf.o [1]
pbuf_header_impl         0x805'55e9    0x11a  Code  Lc  pbuf.o [1]
pbuf_realloc             0x805'54dd    0x10c  Code  Gb  pbuf.o [1]
pbuf_ref                 0x805'583d     0x2a  Code  Gb  pbuf.o [1]
plug_holes               0x805'35b1     0xd8  Code  Lc  mem.o [1]
pow                      0x804'2275     0x14  Code  Gb  pow64.o [3]
powl                     0x804'2275     0x14  Code  Gb  pow64.o [3]
pows                     0x809'5a48     0x48  Data  Lc  strto64.o [3]
printf                   0x803'e149     0x28  Code  Gb  printf.o [2]
putchar                  0x809'87b1      0xc  Code  Gb  putchar.o [2]
ram                     0x2001'3aa8      0x4  Data  Lc  mem.o [1]
ram_end                 0x2001'3aac      0x4  Data  Lc  mem.o [1]
ram_heap                0x2000'88e0   0x2814  Data  Gb  mem.o [1]
rand                     0x806'3ac9     0x94  Code  Gb  rand.o [2]
reassdatagrams          0x2001'3aa0      0x4  Data  Lc  ip4_frag.o [1]
recv_acked              0x2001'3b18      0x4  Data  Lc  tcp_in.o [1]
recv_data               0x2001'3b1c      0x4  Data  Lc  tcp_in.o [1]
recv_flags              0x2001'3b67      0x1  Data  Lc  tcp_in.o [1]
scalbln                  0x804'652d           Code  Gb  ldexp.o [3]
scalblnl                 0x804'652d           Code  Gb  ldexp.o [3]
scalbn                   0x804'652d           Code  Gb  ldexp.o [3]
scalbnl                  0x804'652d           Code  Gb  ldexp.o [3]
scale                    0x804'2a5f     0x46  Code  Lc  xprintffull.o [2]
sec_hand                0x2001'3b38      0x4  Data  Lc  xfail_s.o [2]
seqno                   0x2001'3b10      0x4  Data  Lc  tcp_in.o [1]
spBlankMsg              0x2000'02f4      0x4  Data  Gb  vlibrary.o [1]
spFuncItem              0x2000'02a0     0x28  Data  Lc  vfunction_mode.o [1]
sprintf                  0x804'5929     0x40  Code  Gb  sprintf.o [2]
sqrt                     0x804'c9a9           Code  Gb  sqrt.o [3]
sqrtl                    0x804'c9a9           Code  Gb  sqrt.o [3]
strchr                   0x804'70b5           Code  Gb  strchr.o [4]
strcmp                   0x805'805d           Code  Gb  strcmp.o [4]
strcpy                   0x803'dac5           Code  Gb  strcpy.o [4]
strlen                   0x804'710d           Code  Gb  strlen.o [4]
strncmp                  0x806'38f5     0x28  Code  Gb  strncmp.o [2]
strstr                   0x806'391d     0x30  Code  Gb  strstr.o [2]
sync_window              0x806'0285     0x5a  Code  Lc  ff.o [1]
sys_check_timeouts       0x804'c6b9     0x70  Code  Gb  timeouts.o [1]
sys_now                  0x804'c3e3      0x8  Code  Gb  ethernetif.o [1]
sys_timeout              0x804'c5e3     0xd6  Code  Gb  timeouts.o [1]
sys_timeouts_init        0x804'c5bd     0x26  Code  Gb  timeouts.o [1]
tcp_abandon              0x805'42b7     0xf6  Code  Gb  tcp.o [1]
tcp_abort                0x805'43ad      0xe  Code  Gb  tcp.o [1]
tcp_accept               0x805'4f19     0x10  Code  Gb  tcp.o [1]
tcp_accept_null          0x805'4497     0x14  Code  Lc  tcp.o [1]
tcp_active_pcbs         0x2001'3afc      0x4  Data  Gb  tcp.o [1]
tcp_active_pcbs_changed
                        0x2001'3b63      0x1  Data  Gb  tcp.o [1]
tcp_alloc                0x805'4dc9     0xbc  Code  Gb  tcp.o [1]
tcp_arg                  0x805'4e9f      0x8  Code  Gb  tcp.o [1]
tcp_backoff              0x809'9678     0x10  Data  Lc  tcp.o [1]
tcp_bind                 0x805'43bb     0xdc  Code  Gb  tcp.o [1]
tcp_bound_pcbs          0x2001'3af4      0x4  Data  Gb  tcp.o [1]
tcp_build_wnd_scale_option
                         0x805'671f      0x8  Code  Lc  tcp_out.o [1]
tcp_close                0x805'429b     0x1c  Code  Gb  tcp.o [1]
tcp_close_shutdown       0x805'409b    0x160  Code  Lc  tcp.o [1]
tcp_close_shutdown_fin   0x805'41fb     0xa0  Code  Lc  tcp.o [1]
tcp_create_segment       0x805'5cc1     0xe2  Code  Lc  tcp_out.o [1]
tcp_echoserver_accept    0x804'9f65     0x66  Code  Lc  tcp_echoserver.o [1]
tcp_echoserver_connection_close
                         0x804'a207     0x42  Code  Lc  tcp_echoserver.o [1]
tcp_echoserver_error     0x804'a0cd     0x14  Code  Lc  tcp_echoserver.o [1]
tcp_echoserver_init      0x804'9f1d     0x46  Code  Gb  tcp_echoserver.o [1]
tcp_echoserver_pcb      0x2001'3b04      0x4  Data  Lc  tcp_echoserver.o [1]
tcp_echoserver_poll      0x804'a0e1     0x46  Code  Lc  tcp_echoserver.o [1]
tcp_echoserver_recv      0x804'9fcd     0xfe  Code  Lc  tcp_echoserver.o [1]
tcp_echoserver_send      0x804'a179     0x8e  Code  Lc  tcp_echoserver.o [1]
tcp_echoserver_sent      0x804'a129     0x38  Code  Lc  tcp_echoserver.o [1]
tcp_eff_send_mss_impl    0x805'5041     0x3e  Code  Gb  tcp.o [1]
tcp_enqueue_flags        0x805'658d    0x192  Code  Gb  tcp_out.o [1]
tcp_err                  0x805'4eef     0x24  Code  Gb  tcp.o [1]
tcp_fasttmr              0x805'4b29     0x7e  Code  Gb  tcp.o [1]
tcp_getoptbyte           0x806'3697     0x42  Code  Lc  tcp_in.o [1]
tcp_init                 0x805'4015      0x2  Code  Gb  tcp.o [1]
tcp_input                0x806'2151    0x612  Code  Gb  tcp_in.o [1]
tcp_input_delayed_close
                         0x806'2763     0x42  Code  Lc  tcp_in.o [1]
tcp_input_pcb           0x2001'3b20      0x4  Data  Gb  tcp_in.o [1]
tcp_keepalive            0x805'6dad     0x5a  Code  Gb  tcp_out.o [1]
tcp_kill_prio            0x805'4cc3     0x5c  Code  Lc  tcp.o [1]
tcp_kill_state           0x805'4d1f     0x6a  Code  Lc  tcp.o [1]
tcp_kill_timewait        0x805'4d8d     0x38  Code  Lc  tcp.o [1]
tcp_listen_closed        0x805'404d     0x4e  Code  Lc  tcp.o [1]
tcp_listen_input         0x806'27a5    0x124  Code  Lc  tcp_in.o [1]
tcp_listen_pcbs         0x2001'3af8      0x4  Data  Gb  tcp.o [1]
tcp_listen_with_backlog
                         0x805'44ab     0x14  Code  Gb  tcp.o [1]
tcp_listen_with_backlog_and_err
                         0x805'44bf     0xc4  Code  Gb  tcp.o [1]
tcp_netif_ip_addr_changed
                         0x805'50a5     0x4e  Code  Gb  tcp.o [1]
tcp_netif_ip_addr_changed_pcblist
                         0x805'507f     0x26  Code  Lc  tcp.o [1]
tcp_new                  0x805'4e89      0xa  Code  Gb  tcp.o [1]
tcp_new_ip_type          0x805'4e93      0xc  Code  Gb  tcp.o [1]
tcp_new_port             0x805'4677     0x64  Code  Lc  tcp.o [1]
tcp_next_iss             0x805'502d     0x12  Code  Gb  tcp.o [1]
tcp_next_iss::iss       0x2000'00f0      0x4  Data  Lc  tcp.o [1]
tcp_optidx              0x2001'3b50      0x2  Data  Lc  tcp_in.o [1]
tcp_output               0x805'67c5    0x2be  Code  Gb  tcp_out.o [1]
tcp_output_alloc_header
                         0x805'5bb9     0xbe  Code  Lc  tcp_out.o [1]
tcp_output_segment       0x805'6a91    0x112  Code  Lc  tcp_out.o [1]
tcp_parseopt             0x806'36ed    0x132  Code  Lc  tcp_in.o [1]
tcp_pbuf_prealloc        0x805'5da3     0xb4  Code  Lc  tcp_out.o [1]
tcp_pcb_lists            0x809'9688     0x10  Data  Gb  tcp.o [1]
tcp_pcb_purge            0x805'4f55     0x48  Code  Gb  tcp.o [1]
tcp_pcb_remove           0x805'4f9d     0x8c  Code  Gb  tcp.o [1]
tcp_persist_backoff      0x809'ba40      0x8  Data  Lc  tcp.o [1]
tcp_poll                 0x805'4f29     0x24  Code  Gb  tcp.o [1]
tcp_port                0x2000'03ec      0x2  Data  Lc  tcp.o [1]
tcp_process              0x806'2971    0x590  Code  Lc  tcp_in.o [1]
tcp_process_refused_data
                         0x805'4bb5     0xa4  Code  Gb  tcp.o [1]
tcp_receive              0x806'2f51    0x746  Code  Lc  tcp_in.o [1]
tcp_recv                 0x805'4ea7     0x24  Code  Gb  tcp.o [1]
tcp_recv_null            0x805'4c91     0x32  Code  Gb  tcp.o [1]
tcp_recved               0x805'45cf     0xa8  Code  Gb  tcp.o [1]
tcp_remove_listener      0x805'4033     0x1a  Code  Lc  tcp.o [1]
tcp_rexmit               0x805'6cf9     0x62  Code  Gb  tcp_out.o [1]
tcp_rexmit_fast          0x805'6d5b     0x52  Code  Gb  tcp_out.o [1]
tcp_rexmit_rto           0x805'6cb9     0x40  Code  Gb  tcp_out.o [1]
tcp_rst                  0x805'6ba9     0xb2  Code  Gb  tcp_out.o [1]
tcp_seg_free             0x805'4c6f     0x1e  Code  Gb  tcp.o [1]
tcp_segs_free            0x805'4c59     0x16  Code  Gb  tcp.o [1]
tcp_send_empty_ack       0x805'673d     0x88  Code  Gb  tcp_out.o [1]
tcp_send_fin             0x805'5c77     0x4a  Code  Gb  tcp_out.o [1]
tcp_sent                 0x805'4ecb     0x24  Code  Gb  tcp.o [1]
tcp_setprio              0x805'4c8d      0x4  Code  Gb  tcp.o [1]
tcp_slowtmr              0x805'4709    0x41a  Code  Gb  tcp.o [1]
tcp_ticks               0x2001'3af0      0x4  Data  Gb  tcp.o [1]
tcp_timer               0x2001'3b64      0x1  Data  Lc  tcp.o [1]
tcp_timer_ctr           0x2001'3b65      0x1  Data  Lc  tcp.o [1]
tcp_timer_needed         0x804'c57d     0x2a  Code  Gb  timeouts.o [1]
tcp_timewait_input       0x806'28c9     0x86  Code  Lc  tcp_in.o [1]
tcp_tmr                  0x805'4017     0x1c  Code  Gb  tcp.o [1]
tcp_trigger_input_pcb_close
                         0x806'381f      0xc  Code  Gb  tcp_in.o [1]
tcp_tw_pcbs             0x2001'3b00      0x4  Data  Gb  tcp.o [1]
tcp_update_rcv_ann_wnd   0x805'4583     0x4c  Code  Gb  tcp.o [1]
tcp_write                0x805'5f0f    0x67e  Code  Gb  tcp_out.o [1]
tcp_write_checks         0x805'5e57     0xb8  Code  Lc  tcp_out.o [1]
tcp_zero_window_probe    0x805'6e07     0xf8  Code  Gb  tcp_out.o [1]
tcphdr                  0x2001'3b08      0x4  Data  Lc  tcp_in.o [1]
tcphdr_opt1len          0x2001'3b4e      0x2  Data  Lc  tcp_in.o [1]
tcphdr_opt2             0x2001'3b0c      0x4  Data  Lc  tcp_in.o [1]
tcphdr_optlen           0x2001'3b4c      0x2  Data  Lc  tcp_in.o [1]
tcpip_tcp_timer          0x804'c551     0x2c  Code  Lc  timeouts.o [1]
tcpip_tcp_timer_active  0x2001'3b2c      0x4  Data  Lc  timeouts.o [1]
tcplen                  0x2001'3b52      0x2  Data  Lc  tcp_in.o [1]
timeouts_last_time      0x2001'3b28      0x4  Data  Lc  timeouts.o [1]
tolower                  0x806'394d     0x14  Code  Gb  tolower.o [2]
uA_Calculation           0x804'dd11     0x80  Code  Gb  ma_output.o [1]
uA_Set                   0x807'd56d     0x3a  Code  Lc  func_interface.o [1]
uSD_Config               0x805'01e5     0x4c  Code  Gb  micro_sd.o [1]
uSD_Handle              0x2001'1cb8    0x240  Data  Gb  micro_sd.o [1]
udp_bind                 0x805'3f13     0xaa  Code  Gb  udp.o [1]
udp_init                 0x805'3b95      0x2  Code  Gb  udp.o [1]
udp_input                0x805'3c3b    0x17e  Code  Gb  udp.o [1]
udp_input_local_match    0x805'3be5     0x56  Code  Lc  udp.o [1]
udp_netif_ip_addr_changed
                         0x805'3fbd     0x34  Code  Gb  udp.o [1]
udp_new_port             0x805'3b97     0x4e  Code  Lc  udp.o [1]
udp_pcbs                0x2001'3b30      0x4  Data  Gb  udp.o [1]
udp_port                0x2000'03ee      0x2  Data  Lc  udp.o [1]
udp_sendto_if            0x805'3db9     0x64  Code  Gb  udp.o [1]
udp_sendto_if_src        0x805'3e1d     0xf6  Code  Gb  udp.o [1]
uwTick                  0x2001'3ae8      0x4  Data  Gb  stm32f4xx_hal.o [1]
uwTickFreq              0x2000'03f1      0x1  Data  Gb  stm32f4xx_hal.o [1]
uwTickPrio              0x2000'00cc      0x4  Data  Gb  stm32f4xx_hal.o [1]
vAllBase_Clr             0x806'6195     0x18  Code  Gb  vallbase_mode.o [1]
vAllBase_Mode            0x806'5fad    0x1e8  Code  Gb  vallbase_mode.o [1]
vBatRef                  0x809'3fe4    0x190  Data  Gb  power_control.o [1]
vCalendar                0x806'0d4d     0xc0  Code  Lc  vstatusbar.o [1]
vColor                  0x2001'393c     0x18  Data  Lc  vmeasuring.o [1]
vDelay                   0x805'0191     0x18  Code  Lc  vboot.o [1]
vDrawImage               0x808'ffe9     0x16  Code  Lc  vimage.o [1]
vDrawImg                0x2000'02c8     0x2c  Data  Gb  vimage.o [1]
vFlowAniTick            0x2001'3b68      0x1  Data  Lc  vimage.o [1]
vFlowAniTime            0x2001'3b69      0x1  Data  Lc  vimage.o [1]
vFlowFrameNo            0x2001'3b6a      0x1  Data  Lc  vimage.o [1]
vFlowRate                0x806'09dd     0xf2  Code  Lc  vstatusbar.o [1]
vFuncItemSet             0x806'1889     0xa0  Code  Gb  vfunction_mode.o [1]
vFunc_Factory            0x806'8d99     0x8a  Code  Gb  vfunc_factory.o [1]
vFunc_Factory_Cal        0x806'bc59   0x231c  Code  Lc  vfunc_factory.o [1]
vFunc_Factory_Measuring
                         0x806'8e3d   0x2d00  Code  Lc  vfunc_factory.o [1]
vFunc_Factory_SysInfo    0x806'e775    0xe00  Code  Lc  vfunc_factory.o [1]
vFunc_Factory_SysInit    0x806'dff5    0x728  Code  Lc  vfunc_factory.o [1]
vFunc_FlowSet            0x806'140d    0x47c  Code  Gb  vfunc_flowset.o [1]
vFunc_Measuring          0x808'0bd9   0x10ac  Code  Gb  vfunc_measuring.o [1]
vFunc_Poe                0x807'e61d   0x11b8  Code  Gb  vfunc_interface.o [1]
vFunc_System             0x808'e32d    0x540  Code  Gb  vfunc_system.o [1]
vFunc_Test               0x808'2ddd    0xd20  Code  Gb  vfunc_test.o [1]
vGradientBar             0x805'fe91    0x244  Code  Gb  vlibrary.o [1]
vImage_Bat_C1_Table      0x809'1ef4    0x360  Data  Gb  vimage.o [1]
vImage_Bat_C2_Table      0x809'2254    0x360  Data  Gb  vimage.o [1]
vImage_Bat_C3_Table      0x809'25b4    0x360  Data  Gb  vimage.o [1]
vImage_Bat_C4_Table      0x809'2914    0x360  Data  Gb  vimage.o [1]
vImage_Bat_C5_Table      0x809'2c74    0x360  Data  Gb  vimage.o [1]
vImage_Bat_CF_Table      0x809'2fd4    0x360  Data  Gb  vimage.o [1]
vImage_Bat_N0_Table      0x809'0754    0x360  Data  Gb  vimage.o [1]
vImage_Bat_N1_Table      0x809'0ab4    0x360  Data  Gb  vimage.o [1]
vImage_Bat_N2_Table      0x809'0e14    0x360  Data  Gb  vimage.o [1]
vImage_Bat_N3_Table      0x809'1174    0x360  Data  Gb  vimage.o [1]
vImage_Bat_N4_Table      0x809'14d4    0x360  Data  Gb  vimage.o [1]
vImage_Bat_N5_Table      0x809'1834    0x360  Data  Gb  vimage.o [1]
vImage_Bat_NF_Table      0x809'1b94    0x360  Data  Gb  vimage.o [1]
vImage_Com_Blue_Table    0x808'9a44    0x6e8  Data  Gb  vimage.o [1]
vImage_Com_Gray_Table    0x808'a12c    0x6e8  Data  Gb  vimage.o [1]
vImage_Disk_Table        0x808'9318    0x72c  Data  Gb  vimage.o [1]
vImage_Filter_Table      0x808'b5e4    0x6e8  Data  Gb  vimage.o [1]
vImage_Flow1_Table       0x808'5fa8    0x908  Data  Gb  vimage.o [1]
vImage_Flow2_Table       0x808'68b0    0x908  Data  Gb  vimage.o [1]
vImage_Flow3_Table       0x808'71b8    0x908  Data  Gb  vimage.o [1]
vImage_Flow4_Table       0x808'7ac0    0x908  Data  Gb  vimage.o [1]
vImage_Intro_Table       0x802'0188  0x12e80  Data  Gb  vimage.o [1]
vImage_Normal_Table      0x808'c3b4    0x6e8  Data  Gb  vimage.o [1]
vImage_iGas_Table        0x808'bccc    0x6e8  Data  Gb  vimage.o [1]
vImage_iSD_Table         0x808'a814    0x6e8  Data  Gb  vimage.o [1]
vImage_nSD_Table         0x808'aefc    0x6e8  Data  Gb  vimage.o [1]
vImg_AlarmArrow          0x808'ffff     0x72  Code  Lc  vimage.o [1]
vImg_Bat                 0x809'0299     0xd2  Code  Lc  vimage.o [1]
vImg_Com_Status          0x809'0097     0x36  Code  Lc  vimage.o [1]
vImg_Disk                0x809'0071     0x26  Code  Lc  vimage.o [1]
vImg_Filter              0x809'021f     0x26  Code  Lc  vimage.o [1]
vImg_Flow                0x809'00fd     0xd6  Code  Lc  vimage.o [1]
vImg_Intro               0x809'00cd     0x2e  Code  Lc  vimage.o [1]
vImg_Normal              0x809'026b     0x26  Code  Lc  vimage.o [1]
vImg_iGas                0x809'0245     0x26  Code  Lc  vimage.o [1]
vImg_iSD                 0x809'01d3     0x26  Code  Lc  vimage.o [1]
vImg_nSD                 0x809'01f9     0x26  Code  Lc  vimage.o [1]
vInit                    0x805'011f     0x16  Code  Lc  vboot.o [1]
vMeasuring               0x804'081d     0x32  Code  Gb  vmeasuring.o [1]
vMeasuring_1CH           0x804'0f25    0x14e  Code  Lc  vmeasuring.o [1]
vMeasuring_2CH           0x804'1073    0x236  Code  Lc  vmeasuring.o [1]
vMeasuring_BLK           0x804'0eed     0x38  Code  Lc  vmeasuring.o [1]
vMeasuring_ColorSet      0x804'0c77    0x192  Code  Lc  vmeasuring.o [1]
vMeasuring_DrawBase      0x804'084f     0x4e  Code  Gb  vmeasuring.o [1]
vMeasuring_SetBackColor_1CH
                         0x804'0e0d     0x46  Code  Lc  vmeasuring.o [1]
vMeasuring_SetBackColor_2CH
                         0x804'0e5d     0x90  Code  Lc  vmeasuring.o [1]
vMessageBox              0x805'fad1    0x304  Code  Gb  vlibrary.o [1]
vMessageBox_Parameter_Init
                         0x805'fdd5     0xbc  Code  Gb  vlibrary.o [1]
vMsgBox                 0x2001'3010     0x68  Data  Gb  vlibrary.o [1]
vPassword_Mode           0x806'0791     0xa0  Code  Gb  vpassword_mode.o [1]
vPower                   0x806'0ca9     0x5c  Code  Lc  vstatusbar.o [1]
vPowerClr                0x805'bd53     0x6a  Code  Gb  vpower_off.o [1]
vPowerOff                0x805'bc89     0x72  Code  Gb  vpower_off.o [1]
vPowerOff_Low_Battery    0x805'bcfb     0x58  Code  Gb  vpower_off.o [1]
vProgressBar             0x806'00d5     0xea  Code  Gb  vlibrary.o [1]
vSelf_Test               0x805'1dd1    0x484  Code  Gb  vself_test.o [1]
vStBar                  0x2001'3a30      0xc  Data  Gb  vstatusbar.o [1]
vStatusBar               0x806'0831    0x1ac  Code  Gb  vstatusbar.o [1]
vStatusMessage           0x806'0ad9    0x1c2  Code  Lc  vstatusbar.o [1]
vStrAlarmInfo            0x804'0991     0x7a  Code  Lc  vmeasuring.o [1]
vStrAlarmInfo::Ret      0x2001'3a24      0xc  Data  Lc  vmeasuring.o [1]
vStrGasConc              0x804'089d     0xb0  Code  Gb  vmeasuring.o [1]
vStrGasConc::Ret        0x2001'3a5c      0x8  Data  Lc  vmeasuring.o [1]
vStrHighScale            0x804'094d     0x44  Code  Lc  vmeasuring.o [1]
vStrHighScale::Ret      0x2001'3a18      0xc  Data  Lc  vmeasuring.o [1]
vStrMeasGas              0x804'0a19    0x25e  Code  Lc  vmeasuring.o [1]
vStrMeasGas::Ret        0x2001'3a64      0x8  Data  Lc  vmeasuring.o [1]
vSysConf                 0x804'fe39    0x2e6  Code  Gb  vboot.o [1]
vSysInit                 0x804'fd45     0xee  Code  Gb  vboot.o [1]
vTemperature             0x806'0d05     0x48  Code  Lc  vstatusbar.o [1]
wCRCTable                0x809'395c    0x200  Data  Lc  crc16.o [1]


[1] = D:\2_Projects\Exam\TCP_Server_Echo\REV3.85_20240423\Debug\Obj
[2] = dl7M_tlf.a
[3] = m7M_tls.a
[4] = rt7M_tl.a
[5] = shb_l.a

  305 730 bytes of readonly  code memory
  203 093 bytes of readonly  data memory
   88 937 bytes of readwrite data memory

Errors: none
Warnings: none
